2026-04-23 09:00:19.191 10908-11018 MeshRepository          com.scmessenger.android              I  BLE GATT identity beacon updated: 374d73eb... (313 bytes, listeners=0, external=0) p2p_id=12D3KooWDYF6HEnGo8fs4gbAhBth7HdJ2nQz7wKFXXUb6WBxNof9
2026-04-23 09:00:20.905 10908-11014 NetworkDetector         com.scmessenger.android              D  Network type: WIFI, blocked ports: []
2026-04-23 09:00:23.985 10908-11014 NetworkDetector         com.scmessenger.android              D  Network type: WIFI, blocked ports: []
2026-04-23 09:00:24.094 10908-11018 MeshRepository          com.scmessenger.android              D  Mesh Stats: 0 peers (Core), 0 full, 0 headless (Repo)
2026-04-23 09:00:24.102 10908-10977 MeshEventBus            com.scmessenger.android              D  StatusEvent emitted: StatsUpdated(stats=ServiceStats(peersDiscovered=0, messagesRelayed=0, bytesTransferred=0, uptimeSecs=10))
2026-04-23 09:00:24.135 10908-10908 BluetoothAdapter        com.scmessenger.android              D  isLeEnabled(): ON
2026-04-23 09:00:24.142 10908-10908 BleScanner              com.scmessenger.android              V  BLE scan window ended
2026-04-23 09:00:25.824 10908-11003 BleGattServer           com.scmessenger.android              D  BleGattServer: identity beacon set (313 bytes)
2026-04-23 09:00:25.825 10908-11003 MeshRepository          com.scmessenger.android              I  BLE GATT identity beacon updated: 374d73eb... (313 bytes, listeners=0, external=0) p2p_id=12D3KooWDYF6HEnGo8fs4gbAhBth7HdJ2nQz7wKFXXUb6WBxNof9
2026-04-23 09:00:25.826 10908-11003 MeshRepository          com.scmessenger.android              I  ✓ Internet transport (Swarm) initiated and bridge wired
2026-04-23 09:00:25.827 10908-11003 MeshRepository          com.scmessenger.android              I  Bootstrap: network=WIFI, cellular=false, priority=[QUIC, TCP, WEBSOCKET_WSS, WEBSOCKET_WS]
2026-04-23 09:00:25.830 10908-11003 NetworkFailureMetrics   com.scmessenger.android              D  Failure metric recorded: node=/ip4/34.135.34.73/udp/9001/quic-v1/p2p/12D3KooWETatHYo4xt9aufXEEDce719fyMEB7KmXJga1SYVUikaw reason=Unknown network error: NetworkException: Network error total=1
2026-04-23 09:00:25.831 10908-11003 MeshRepository          com.scmessenger.android              W  Bootstrap dial failed for /ip4/34.135.34.73/udp/9001/quic-v1/p2p/12D3KooWETatHYo4xt9aufXEEDce719fyMEB7KmXJga1SYVUikaw - Unknown network error: NetworkException: Network error
2026-04-23 09:00:25.832 10908-11003 NetworkFailureMetrics   com.scmessenger.android              D  Failure metric recorded: node=/ip4/34.135.34.73/udp/9001/quic-v1/p2p/12D3KooWETatHYo4xt9aufXEEDce719fyMEB7KmXJga1SYVUikaw reason=Unknown network error: NetworkException: Network error total=2
2026-04-23 09:00:25.834 10908-11003 NetworkFailureMetrics   com.scmessenger.android              D  Failure metric recorded: node=/ip4/34.135.34.73/tcp/9001/p2p/12D3KooWETatHYo4xt9aufXEEDce719fyMEB7KmXJga1SYVUikaw reason=Unknown network error: NetworkException: Network error total=1
2026-04-23 09:00:25.834 10908-11003 MeshRepository          com.scmessenger.android              W  Bootstrap dial failed for /ip4/34.135.34.73/tcp/9001/p2p/12D3KooWETatHYo4xt9aufXEEDce719fyMEB7KmXJga1SYVUikaw - Unknown network error: NetworkException: Network error
2026-04-23 09:00:25.835 10908-11003 NetworkFailureMetrics   com.scmessenger.android              D  Failure metric recorded: node=/ip4/34.135.34.73/tcp/9001/p2p/12D3KooWETatHYo4xt9aufXEEDce719fyMEB7KmXJga1SYVUikaw reason=Unknown network error: NetworkException: Network error total=2
2026-04-23 09:00:25.837 10908-11003 NetworkFailureMetrics   com.scmessenger.android              D  Failure metric recorded: node=/ip4/104.28.216.43/udp/9010/quic-v1/p2p/12D3KooWHpmuhytgzLcM4nj1hZvN5b4crB1wka3LCNfKRCd7yHj9 reason=Unknown network error: NetworkException: Network error total=1
2026-04-23 09:00:25.837 10908-11003 MeshRepository          com.scmessenger.android              W  Bootstrap dial failed for /ip4/104.28.216.43/udp/9010/quic-v1/p2p/12D3KooWHpmuhytgzLcM4nj1hZvN5b4crB1wka3LCNfKRCd7yHj9 - Unknown network error: NetworkException: Network error
2026-04-23 09:00:25.838 10908-11003 NetworkFailureMetrics   com.scmessenger.android              D  Failure metric recorded: node=/ip4/104.28.216.43/udp/9010/quic-v1/p2p/12D3KooWHpmuhytgzLcM4nj1hZvN5b4crB1wka3LCNfKRCd7yHj9 reason=Unknown network error: NetworkException: Network error total=2
2026-04-23 09:00:25.840 10908-11003 NetworkFailureMetrics   com.scmessenger.android              D  Failure metric recorded: node=/ip4/104.28.216.43/tcp/9010/p2p/12D3KooWHpmuhytgzLcM4nj1hZvN5b4crB1wka3LCNfKRCd7yHj9 reason=Unknown network error: NetworkException: Network error total=1
2026-04-23 09:00:25.841 10908-11003 MeshRepository          com.scmessenger.android              W  Bootstrap dial failed for /ip4/104.28.216.43/tcp/9010/p2p/12D3KooWHpmuhytgzLcM4nj1hZvN5b4crB1wka3LCNfKRCd7yHj9 - Unknown network error: NetworkException: Network error
2026-04-23 09:00:25.842 10908-11003 NetworkFailureMetrics   com.scmessenger.android              D  Failure metric recorded: node=/ip4/104.28.216.43/tcp/9010/p2p/12D3KooWHpmuhytgzLcM4nj1hZvN5b4crB1wka3LCNfKRCd7yHj9 reason=Unknown network error: NetworkException: Network error total=2
2026-04-23 09:00:25.843 10908-11003 NetworkFailureMetrics   com.scmessenger.android              D  Failure metric recorded: node=/dns4/bootstrap.scmessenger.net/tcp/443/ws/p2p/12D3KooWETatHYo4xt9aufXEEDce719fyMEB7KmXJga1SYVUikaw reason=Unknown network error: NetworkException: Network error total=1
2026-04-23 09:00:25.844 10908-11003 MeshRepository          com.scmessenger.android              W  Bootstrap dial failed for /dns4/bootstrap.scmessenger.net/tcp/443/ws/p2p/12D3KooWETatHYo4xt9aufXEEDce719fyMEB7KmXJga1SYVUikaw - Unknown network error: NetworkException: Network error
2026-04-23 09:00:25.845 10908-11003 NetworkFailureMetrics   com.scmessenger.android              D  Failure metric recorded: node=/dns4/bootstrap.scmessenger.net/tcp/443/ws/p2p/12D3KooWETatHYo4xt9aufXEEDce719fyMEB7KmXJga1SYVUikaw reason=Unknown network error: NetworkException: Network error total=2
2026-04-23 09:00:25.846 10908-11003 NetworkFailureMetrics   com.scmessenger.android              D  Failure metric recorded: node=/dns4/bootstrap.scmessenger.net/tcp/80/ws/p2p/12D3KooWETatHYo4xt9aufXEEDce719fyMEB7KmXJga1SYVUikaw reason=Unknown network error: NetworkException: Network error total=1
2026-04-23 09:00:25.847 10908-11003 MeshRepository          com.scmessenger.android              W  Bootstrap dial failed for /dns4/bootstrap.scmessenger.net/tcp/80/ws/p2p/12D3KooWETatHYo4xt9aufXEEDce719fyMEB7KmXJga1SYVUikaw - Unknown network error: NetworkException: Network error
2026-04-23 09:00:25.848 10908-11003 NetworkFailureMetrics   com.scmessenger.android              D  Failure metric recorded: node=/dns4/bootstrap.scmessenger.net/tcp/80/ws/p2p/12D3KooWETatHYo4xt9aufXEEDce719fyMEB7KmXJga1SYVUikaw reason=Unknown network error: NetworkException: Network error total=2
2026-04-23 09:00:25.849 10908-11003 MeshRepository          com.scmessenger.android              W  Bootstrap all-failed (consecutive=1), next attempt in 10000ms
2026-04-23 09:00:29.109 10908-11004 MeshRepository          com.scmessenger.android              D  Mesh Stats: 0 peers (Core), 0 full, 0 headless (Repo)
2026-04-23 09:00:29.113 10908-11004 MeshEventBus            com.scmessenger.android              D  StatusEvent emitted: StatsUpdated(stats=ServiceStats(peersDiscovered=0, messagesRelayed=0, bytesTransferred=0, uptimeSecs=15))
2026-04-23 09:00:30.173 10908-11014 NetworkDetector         com.scmessenger.android              D  Network type: WIFI, blocked ports: []
2026-04-23 09:00:30.899 10908-11004 BleGattServer           com.scmessenger.android              D  BleGattServer: identity beacon set (313 bytes)
2026-04-23 09:00:30.907 10908-11004 MeshRepository          com.scmessenger.android              I  BLE GATT identity beacon updated: 374d73eb... (313 bytes, listeners=0, external=0) p2p_id=12D3KooWDYF6HEnGo8fs4gbAhBth7HdJ2nQz7wKFXXUb6WBxNof9
2026-04-23 09:00:34.127 10908-11004 MeshRepository          com.scmessenger.android              D  Mesh Stats: 0 peers (Core), 0 full, 0 headless (Repo)
2026-04-23 09:00:34.136 10908-10908 BleScanner...d$Runnable com.scmessenger.android              W  BLE scan fallback enabled after 20015 ms without mesh advertisements; switching to unfiltered scan
2026-04-23 09:00:34.143 10908-11020 MeshEventBus            com.scmessenger.android              D  StatusEvent emitted: StatsUpdated(stats=ServiceStats(peersDiscovered=0, messagesRelayed=0, bytesTransferred=0, uptimeSecs=20))
2026-04-23 09:00:34.147 10908-10908 BluetoothAdapter        com.scmessenger.android              D  isLeEnabled(): ON
2026-04-23 09:00:34.147 10908-10908 BluetoothLeScanner      com.scmessenger.android              D  could not find callback wrapper
2026-04-23 09:00:34.147 10908-10908 BluetoothAdapter        com.scmessenger.android              D  isLeEnabled(): ON
2026-04-23 09:00:34.157 10908-10908 BleScanner              com.scmessenger.android              I  BLE scan restarted (background=false, fallback=true)
2026-04-23 09:00:34.159 10908-10938 BluetoothLeScanner      com.scmessenger.android              D  onScannerRegistered(status=0, scannerId=3): mScannerId=0
2026-04-23 09:00:36.446 10908-10908 SettingsViewModel       com.scmessenger.android              D  Loaded mesh settings: MeshSettings(relayEnabled=true, maxRelayBudget=200, batteryFloor=20, bleEnabled=true, wifiAwareEnabled=true, wifiDirectEnabled=true, internetEnabled=true, discoveryMode=NORMAL, onionRouting=false, coverTrafficEnabled=false, messagePaddingEnabled=false, timingObfuscationEnabled=false, notificationsEnabled=true, notifyDmEnabled=true, notifyDmRequestEnabled=true, notifyDmInForeground=false, notifyDmRequestInForeground=true, soundEnabled=true, badgeEnabled=true)
2026-04-23 09:00:39.145 10908-11020 MeshRepository          com.scmessenger.android              D  Mesh Stats: 0 peers (Core), 0 full, 0 headless (Repo)
2026-04-23 09:00:39.148 10908-11020 MeshEventBus            com.scmessenger.android              D  StatusEvent emitted: StatsUpdated(stats=ServiceStats(peersDiscovered=0, messagesRelayed=0, bytesTransferred=0, uptimeSecs=25))
2026-04-23 09:00:41.859 10908-11020 MeshRepository          com.scmessenger.android              I  Bootstrap: network=WIFI, cellular=false, priority=[QUIC, TCP, WEBSOCKET_WSS, WEBSOCKET_WS]
2026-04-23 09:00:41.869 10908-11020 NetworkFailureMetrics   com.scmessenger.android              D  Failure metric recorded: node=/ip4/34.135.34.73/udp/9001/quic-v1/p2p/12D3KooWETatHYo4xt9aufXEEDce719fyMEB7KmXJga1SYVUikaw reason=Unknown network error: NetworkException: Network error total=3
2026-04-23 09:00:41.874 10908-11020 MeshRepository          com.scmessenger.android              W  Bootstrap dial failed for /ip4/34.135.34.73/udp/9001/quic-v1/p2p/12D3KooWETatHYo4xt9aufXEEDce719fyMEB7KmXJga1SYVUikaw - Unknown network error: NetworkException: Network error
2026-04-23 09:00:41.880 10908-11020 NetworkFailureMetrics   com.scmessenger.android              D  Failure metric recorded: node=/ip4/34.135.34.73/udp/9001/quic-v1/p2p/12D3KooWETatHYo4xt9aufXEEDce719fyMEB7KmXJga1SYVUikaw reason=Unknown network error: NetworkException: Network error total=4
2026-04-23 09:00:41.887 10908-11020 NetworkFailureMetrics   com.scmessenger.android              D  Failure metric recorded: node=/ip4/34.135.34.73/tcp/9001/p2p/12D3KooWETatHYo4xt9aufXEEDce719fyMEB7KmXJga1SYVUikaw reason=Unknown network error: NetworkException: Network error total=3
2026-04-23 09:00:41.890 10908-11020 MeshRepository          com.scmessenger.android              W  Bootstrap dial failed for /ip4/34.135.34.73/tcp/9001/p2p/12D3KooWETatHYo4xt9aufXEEDce719fyMEB7KmXJga1SYVUikaw - Unknown network error: NetworkException: Network error
2026-04-23 09:00:41.893 10908-11020 NetworkFailureMetrics   com.scmessenger.android              D  Failure metric recorded: node=/ip4/34.135.34.73/tcp/9001/p2p/12D3KooWETatHYo4xt9aufXEEDce719fyMEB7KmXJga1SYVUikaw reason=Unknown network error: NetworkException: Network error total=4
2026-04-23 09:00:41.899 10908-11020 NetworkFailureMetrics   com.scmessenger.android              D  Failure metric recorded: node=/ip4/104.28.216.43/udp/9010/quic-v1/p2p/12D3KooWHpmuhytgzLcM4nj1hZvN5b4crB1wka3LCNfKRCd7yHj9 reason=Unknown network error: NetworkException: Network error total=3
2026-04-23 09:00:41.902 10908-11020 MeshRepository          com.scmessenger.android              W  Bootstrap dial failed for /ip4/104.28.216.43/udp/9010/quic-v1/p2p/12D3KooWHpmuhytgzLcM4nj1hZvN5b4crB1wka3LCNfKRCd7yHj9 - Unknown network error: NetworkException: Network error
2026-04-23 09:00:41.905 10908-11020 NetworkFailureMetrics   com.scmessenger.android              D  Failure metric recorded: node=/ip4/104.28.216.43/udp/9010/quic-v1/p2p/12D3KooWHpmuhytgzLcM4nj1hZvN5b4crB1wka3LCNfKRCd7yHj9 reason=Unknown network error: NetworkException: Network error total=4
2026-04-23 09:00:41.911 10908-11020 NetworkFailureMetrics   com.scmessenger.android              D  Failure metric recorded: node=/ip4/104.28.216.43/tcp/9010/p2p/12D3KooWHpmuhytgzLcM4nj1hZvN5b4crB1wka3LCNfKRCd7yHj9 reason=Unknown network error: NetworkException: Network error total=3
2026-04-23 09:00:41.913 10908-11020 MeshRepository          com.scmessenger.android              W  Bootstrap dial failed for /ip4/104.28.216.43/tcp/9010/p2p/12D3KooWHpmuhytgzLcM4nj1hZvN5b4crB1wka3LCNfKRCd7yHj9 - Unknown network error: NetworkException: Network error
2026-04-23 09:00:41.915 10908-11020 NetworkFailureMetrics   com.scmessenger.android              D  Failure metric recorded: node=/ip4/104.28.216.43/tcp/9010/p2p/12D3KooWHpmuhytgzLcM4nj1hZvN5b4crB1wka3LCNfKRCd7yHj9 reason=Unknown network error: NetworkException: Network error total=4
2026-04-23 09:00:41.920 10908-11020 NetworkFailureMetrics   com.scmessenger.android              D  Failure metric recorded: node=/dns4/bootstrap.scmessenger.net/tcp/443/ws/p2p/12D3KooWETatHYo4xt9aufXEEDce719fyMEB7KmXJga1SYVUikaw reason=Unknown network error: NetworkException: Network error total=3
2026-04-23 09:00:41.921 10908-11020 MeshRepository          com.scmessenger.android              W  Bootstrap dial failed for /dns4/bootstrap.scmessenger.net/tcp/443/ws/p2p/12D3KooWETatHYo4xt9aufXEEDce719fyMEB7KmXJga1SYVUikaw - Unknown network error: NetworkException: Network error
2026-04-23 09:00:41.923 10908-11020 NetworkFailureMetrics   com.scmessenger.android              D  Failure metric recorded: node=/dns4/bootstrap.scmessenger.net/tcp/443/ws/p2p/12D3KooWETatHYo4xt9aufXEEDce719fyMEB7KmXJga1SYVUikaw reason=Unknown network error: NetworkException: Network error total=4
2026-04-23 09:00:41.925 10908-11020 NetworkFailureMetrics   com.scmessenger.android              D  Failure metric recorded: node=/dns4/bootstrap.scmessenger.net/tcp/80/ws/p2p/12D3KooWETatHYo4xt9aufXEEDce719fyMEB7KmXJga1SYVUikaw reason=Unknown network error: NetworkException: Network error total=3
2026-04-23 09:00:41.926 10908-11020 MeshRepository          com.scmessenger.android              W  Bootstrap dial failed for /dns4/bootstrap.scmessenger.net/tcp/80/ws/p2p/12D3KooWETatHYo4xt9aufXEEDce719fyMEB7KmXJga1SYVUikaw - Unknown network error: NetworkException: Network error
2026-04-23 09:00:41.928 10908-11020 NetworkFailureMetrics   com.scmessenger.android              D  Failure metric recorded: node=/dns4/bootstrap.scmessenger.net/tcp/80/ws/p2p/12D3KooWETatHYo4xt9aufXEEDce719fyMEB7KmXJga1SYVUikaw reason=Unknown network error: NetworkException: Network error total=4
2026-04-23 09:00:41.929 10908-11020 MeshRepository          com.scmessenger.android              W  Bootstrap all-failed (consecutive=2), next attempt in 30000ms
2026-04-23 09:00:42.858 10908-10995 AnrWatchdog             com.scmessenger.android              W  Slow main thread: 5001ms (threshold: 10000ms)
2026-04-23 09:00:44.155 10908-11020 MeshRepository          com.scmessenger.android              D  Mesh Stats: 0 peers (Core), 0 full, 0 headless (Repo)
2026-04-23 09:00:44.158 10908-11020 MeshEventBus            com.scmessenger.android              D  StatusEvent emitted: StatsUpdated(stats=ServiceStats(peersDiscovered=0, messagesRelayed=0, bytesTransferred=0, uptimeSecs=30))
2026-04-23 09:00:45.593 10908-11014 NetworkDetector         com.scmessenger.android              D  Network type: WIFI, blocked ports: []
2026-04-23 09:00:47.154 10908-10908 MeshRepository          com.scmessenger.android              D  getIdentityInfo: result=caccf8657f8cf09f647503be0c6a51f27ee4ff616fd5b7153fdf2c41b6b55747, initialized=true, nickname=Luke
2026-04-23 09:00:47.159 10908-10908 MeshServiceViewModel    com.scmessenger.android              D  MeshServiceViewModel initialized
2026-04-23 09:00:47.289 10908-10908 WindowOnBackDispatcher  com.scmessenger.android              W  OnBackInvokedCallback is not enabled for the application.
                                                                                                    Set 'android:enableOnBackInvokedCallback="true"' in the application manifest.
2026-04-23 09:00:47.431 10908-10938 HWUI                    com.scmessenger.android              I  Davey! duration=10995ms; Flags=0, FrameTimelineVsyncId=75166958, IntendedVsync=282468309525668, Vsync=282468309525668, InputEventId=230028044, HandleInputStart=282468309865378, AnimationStart=282468309890728, PerformTraversalsStart=282479177897691, DrawStart=282479177957994, FrameDeadline=282475324773962, FrameStartTime=282468309862611, FrameInterval=16710050, WorkloadTarget=16600000, SyncQueued=282479303923001, SyncStart=282479303952867, IssueDrawCommandsStart=282479304056302, SwapBuffers=282479305026761, FrameCompleted=282479305448025, DequeueBufferDuration=9725, QueueBufferDuration=112711, GpuCompleted=282479305448025, SwapBuffersCompleted=282479305174181, DisplayPresentTime=282473337056868, CommandSubmissionCompleted=282479305026761, 
2026-04-23 09:00:49.166 10908-11020 MeshRepository          com.scmessenger.android              D  Mesh Stats: 0 peers (Core), 0 full, 0 headless (Repo)
2026-04-23 09:00:49.175 10908-11020 MeshEventBus            com.scmessenger.android              D  StatusEvent emitted: StatsUpdated(stats=ServiceStats(peersDiscovered=0, messagesRelayed=0, bytesTransferred=0, uptimeSecs=35))
2026-04-23 09:00:51.755 10908-11014 NetworkDetector         com.scmessenger.android              D  Network type: WIFI, blocked ports: []
2026-04-23 09:00:54.182 10908-11020 MeshRepository          com.scmessenger.android              D  Mesh Stats: 0 peers (Core), 0 full, 0 headless (Repo)
2026-04-23 09:00:54.193 10908-11004 MeshEventBus            com.scmessenger.android              D  StatusEvent emitted: StatsUpdated(stats=ServiceStats(peersDiscovered=0, messagesRelayed=0, bytesTransferred=0, uptimeSecs=40))
2026-04-23 09:00:57.870 10908-10995 AnrWatchdog             com.scmessenger.android              W  Slow main thread: 5001ms (threshold: 10000ms)
2026-04-23 09:00:58.116 10908-10908 MeshRepository          com.scmessenger.android              D  getIdentityInfo: result=caccf8657f8cf09f647503be0c6a51f27ee4ff616fd5b7153fdf2c41b6b55747, initialized=true, nickname=Luke
2026-04-23 09:00:58.175 10908-10908 Choreographer           com.scmessenger.android              I  Skipped 652 frames!  The application may be doing too much work on its main thread.
2026-04-23 09:00:58.224 10908-10938 HWUI                    com.scmessenger.android              I  Davey! duration=10955ms; Flags=0, FrameTimelineVsyncId=75171547, IntendedVsync=282479152100007, Vsync=282490059891791, InputEventId=0, HandleInputStart=282490064221631, AnimationStart=282490064222811, PerformTraversalsStart=282490094932690, DrawStart=282490094978751, FrameDeadline=282479354715285, FrameStartTime=282490063780713, FrameInterval=16666667, WorkloadTarget=16600000, SyncQueued=282490106010652, SyncStart=282490106115714, IssueDrawCommandsStart=282490106342236, SwapBuffers=282490107764193, FrameCompleted=282490108200472, DequeueBufferDuration=13143, QueueBufferDuration=173502, GpuCompleted=282490108200472, SwapBuffersCompleted=282490107984814, DisplayPresentTime=282473370623315, CommandSubmissionCompleted=282490107764193, 
2026-04-23 09:00:58.239 10908-10908 BluetoothAdapter        com.scmessenger.android              D  isLeEnabled(): ON
2026-04-23 09:00:58.240 10908-10908 BleScanner              com.scmessenger.android              V  BLE scan window ended
2026-04-23 09:00:59.197 10908-11004 MeshRepository          com.scmessenger.android              D  Mesh Stats: 0 peers (Core), 0 full, 0 headless (Repo)
2026-04-23 09:00:59.203 10908-11004 MeshEventBus            com.scmessenger.android              D  StatusEvent emitted: StatsUpdated(stats=ServiceStats(peersDiscovered=0, messagesRelayed=0, bytesTransferred=0, uptimeSecs=45))
2026-04-23 09:01:01.072 10908-11014 NetworkDetector         com.scmessenger.android              D  Network type: WIFI, blocked ports: []
2026-04-23 09:01:04.213 10908-11004 MeshRepository          com.scmessenger.android              D  Mesh Stats: 0 peers (Core), 0 full, 0 headless (Repo)
2026-04-23 09:01:04.221 10908-11004 MeshEventBus            com.scmessenger.android              D  StatusEvent emitted: StatsUpdated(stats=ServiceStats(peersDiscovered=0, messagesRelayed=0, bytesTransferred=0, uptimeSecs=50))
2026-04-23 09:01:07.274 10908-11014 NetworkDetector         com.scmessenger.android              D  Network type: WIFI, blocked ports: []
2026-04-23 09:01:09.237 10908-11004 MeshRepository          com.scmessenger.android              D  Mesh Stats: 0 peers (Core), 0 full, 0 headless (Repo)
2026-04-23 09:01:09.250 10908-11003 MeshEventBus            com.scmessenger.android              D  StatusEvent emitted: StatsUpdated(stats=ServiceStats(peersDiscovered=0, messagesRelayed=0, bytesTransferred=0, uptimeSecs=55))
2026-04-23 09:01:10.370 10908-11014 NetworkDetector         com.scmessenger.android              D  Network type: WIFI, blocked ports: []
2026-04-23 09:01:13.953 10908-11003 MeshRepository          com.scmessenger.android              I  Bootstrap: network=WIFI, cellular=false, priority=[QUIC, TCP, WEBSOCKET_WSS, WEBSOCKET_WS]
2026-04-23 09:01:13.999 10908-11003 NetworkFailureMetrics   com.scmessenger.android              D  Failure metric recorded: node=/ip4/34.135.34.73/udp/9001/quic-v1/p2p/12D3KooWETatHYo4xt9aufXEEDce719fyMEB7KmXJga1SYVUikaw reason=Unknown network error: NetworkException: Network error total=5
2026-04-23 09:01:14.009 10908-11003 MeshRepository          com.scmessenger.android              W  Bootstrap dial failed for /ip4/34.135.34.73/udp/9001/quic-v1/p2p/12D3KooWETatHYo4xt9aufXEEDce719fyMEB7KmXJga1SYVUikaw - Unknown network error: NetworkException: Network error
2026-04-23 09:01:14.017 10908-11003 CircuitBreaker          com.scmessenger.android              W  Circuit breaker OPENING for relay /ip4/34.135.34.73/udp/9001/quic-v1/p2p/12D3KooWETatHYo4xt9aufXEEDce719fyMEB7KmXJga1SYVUikaw after 3 failures: Unknown network error: NetworkException: Network error
2026-04-23 09:01:14.027 10908-11003 NetworkFailureMetrics   com.scmessenger.android              D  Failure metric recorded: node=/ip4/34.135.34.73/udp/9001/quic-v1/p2p/12D3KooWETatHYo4xt9aufXEEDce719fyMEB7KmXJga1SYVUikaw reason=Unknown network error: NetworkException: Network error total=6
2026-04-23 09:01:14.040 10908-11003 NetworkFailureMetrics   com.scmessenger.android              D  Failure metric recorded: node=/ip4/34.135.34.73/tcp/9001/p2p/12D3KooWETatHYo4xt9aufXEEDce719fyMEB7KmXJga1SYVUikaw reason=Unknown network error: NetworkException: Network error total=5
2026-04-23 09:01:14.045 10908-11003 MeshRepository          com.scmessenger.android              W  Bootstrap dial failed for /ip4/34.135.34.73/tcp/9001/p2p/12D3KooWETatHYo4xt9aufXEEDce719fyMEB7KmXJga1SYVUikaw - Unknown network error: NetworkException: Network error
2026-04-23 09:01:14.048 10908-11003 CircuitBreaker          com.scmessenger.android              W  Circuit breaker OPENING for relay /ip4/34.135.34.73/tcp/9001/p2p/12D3KooWETatHYo4xt9aufXEEDce719fyMEB7KmXJga1SYVUikaw after 3 failures: Unknown network error: NetworkException: Network error
2026-04-23 09:01:14.053 10908-11003 NetworkFailureMetrics   com.scmessenger.android              D  Failure metric recorded: node=/ip4/34.135.34.73/tcp/9001/p2p/12D3KooWETatHYo4xt9aufXEEDce719fyMEB7KmXJga1SYVUikaw reason=Unknown network error: NetworkException: Network error total=6
2026-04-23 09:01:14.061 10908-11003 NetworkFailureMetrics   com.scmessenger.android              D  Failure metric recorded: node=/ip4/104.28.216.43/udp/9010/quic-v1/p2p/12D3KooWHpmuhytgzLcM4nj1hZvN5b4crB1wka3LCNfKRCd7yHj9 reason=Unknown network error: NetworkException: Network error total=5
2026-04-23 09:01:14.064 10908-11003 MeshRepository          com.scmessenger.android              W  Bootstrap dial failed for /ip4/104.28.216.43/udp/9010/quic-v1/p2p/12D3KooWHpmuhytgzLcM4nj1hZvN5b4crB1wka3LCNfKRCd7yHj9 - Unknown network error: NetworkException: Network error
2026-04-23 09:01:14.066 10908-11003 CircuitBreaker          com.scmessenger.android              W  Circuit breaker OPENING for relay /ip4/104.28.216.43/udp/9010/quic-v1/p2p/12D3KooWHpmuhytgzLcM4nj1hZvN5b4crB1wka3LCNfKRCd7yHj9 after 3 failures: Unknown network error: NetworkException: Network error
2026-04-23 09:01:14.068 10908-11003 NetworkFailureMetrics   com.scmessenger.android              D  Failure metric recorded: node=/ip4/104.28.216.43/udp/9010/quic-v1/p2p/12D3KooWHpmuhytgzLcM4nj1hZvN5b4crB1wka3LCNfKRCd7yHj9 reason=Unknown network error: NetworkException: Network error total=6
2026-04-23 09:01:14.073 10908-11003 NetworkFailureMetrics   com.scmessenger.android              D  Failure metric recorded: node=/ip4/104.28.216.43/tcp/9010/p2p/12D3KooWHpmuhytgzLcM4nj1hZvN5b4crB1wka3LCNfKRCd7yHj9 reason=Unknown network error: NetworkException: Network error total=5
2026-04-23 09:01:14.075 10908-11003 MeshRepository          com.scmessenger.android              W  Bootstrap dial failed for /ip4/104.28.216.43/tcp/9010/p2p/12D3KooWHpmuhytgzLcM4nj1hZvN5b4crB1wka3LCNfKRCd7yHj9 - Unknown network error: NetworkException: Network error
2026-04-23 09:01:14.077 10908-11003 CircuitBreaker          com.scmessenger.android              W  Circuit breaker OPENING for relay /ip4/104.28.216.43/tcp/9010/p2p/12D3KooWHpmuhytgzLcM4nj1hZvN5b4crB1wka3LCNfKRCd7yHj9 after 3 failures: Unknown network error: NetworkException: Network error
2026-04-23 09:01:14.079 10908-11003 NetworkFailureMetrics   com.scmessenger.android              D  Failure metric recorded: node=/ip4/104.28.216.43/tcp/9010/p2p/12D3KooWHpmuhytgzLcM4nj1hZvN5b4crB1wka3LCNfKRCd7yHj9 reason=Unknown network error: NetworkException: Network error total=6
2026-04-23 09:01:14.084 10908-11003 NetworkFailureMetrics   com.scmessenger.android              D  Failure metric recorded: node=/dns4/bootstrap.scmessenger.net/tcp/443/ws/p2p/12D3KooWETatHYo4xt9aufXEEDce719fyMEB7KmXJga1SYVUikaw reason=Unknown network error: NetworkException: Network error total=5
2026-04-23 09:01:14.085 10908-11003 MeshRepository          com.scmessenger.android              W  Bootstrap dial failed for /dns4/bootstrap.scmessenger.net/tcp/443/ws/p2p/12D3KooWETatHYo4xt9aufXEEDce719fyMEB7KmXJga1SYVUikaw - Unknown network error: NetworkException: Network error
2026-04-23 09:01:14.087 10908-11003 CircuitBreaker          com.scmessenger.android              W  Circuit breaker OPENING for relay /dns4/bootstrap.scmessenger.net/tcp/443/ws/p2p/12D3KooWETatHYo4xt9aufXEEDce719fyMEB7KmXJga1SYVUikaw after 3 failures: Unknown network error: NetworkException: Network error
2026-04-23 09:01:14.089 10908-11003 NetworkFailureMetrics   com.scmessenger.android              D  Failure metric recorded: node=/dns4/bootstrap.scmessenger.net/tcp/443/ws/p2p/12D3KooWETatHYo4xt9aufXEEDce719fyMEB7KmXJga1SYVUikaw reason=Unknown network error: NetworkException: Network error total=6
2026-04-23 09:01:14.093 10908-11003 NetworkFailureMetrics   com.scmessenger.android              D  Failure metric recorded: node=/dns4/bootstrap.scmessenger.net/tcp/80/ws/p2p/12D3KooWETatHYo4xt9aufXEEDce719fyMEB7KmXJga1SYVUikaw reason=Unknown network error: NetworkException: Network error total=5
2026-04-23 09:01:14.094 10908-11003 MeshRepository          com.scmessenger.android              W  Bootstrap dial failed for /dns4/bootstrap.scmessenger.net/tcp/80/ws/p2p/12D3KooWETatHYo4xt9aufXEEDce719fyMEB7KmXJga1SYVUikaw - Unknown network error: NetworkException: Network error
2026-04-23 09:01:14.096 10908-11003 CircuitBreaker          com.scmessenger.android              W  Circuit breaker OPENING for relay /dns4/bootstrap.scmessenger.net/tcp/80/ws/p2p/12D3KooWETatHYo4xt9aufXEEDce719fyMEB7KmXJga1SYVUikaw after 3 failures: Unknown network error: NetworkException: Network error
2026-04-23 09:01:14.098 10908-11003 NetworkFailureMetrics   com.scmessenger.android              D  Failure metric recorded: node=/dns4/bootstrap.scmessenger.net/tcp/80/ws/p2p/12D3KooWETatHYo4xt9aufXEEDce719fyMEB7KmXJga1SYVUikaw reason=Unknown network error: NetworkException: Network error total=6
2026-04-23 09:01:14.103 10908-11003 MeshRepository          com.scmessenger.android              W  Bootstrap all-failed (consecutive=3), next attempt in 30000ms
2026-04-23 09:01:14.253 10908-11003 MeshRepository          com.scmessenger.android              D  Mesh Stats: 0 peers (Core), 0 full, 0 headless (Repo)
2026-04-23 09:01:14.257 10908-11003 MeshEventBus            com.scmessenger.android              D  StatusEvent emitted: StatsUpdated(stats=ServiceStats(peersDiscovered=0, messagesRelayed=0, bytesTransferred=0, uptimeSecs=60))
2026-04-23 09:01:19.265 10908-11003 MeshRepository          com.scmessenger.android              D  Mesh Stats: 0 peers (Core), 0 full, 0 headless (Repo)
2026-04-23 09:01:19.273 10908-11003 MeshEventBus            com.scmessenger.android              D  StatusEvent emitted: StatsUpdated(stats=ServiceStats(peersDiscovered=0, messagesRelayed=0, bytesTransferred=0, uptimeSecs=65))
2026-04-23 09:01:22.598 10908-10908 MeshServiceViewModel    com.scmessenger.android              D  MeshServiceViewModel initialized
2026-04-23 09:01:22.610 10908-11020 DashboardViewModel      com.scmessenger.android              D  Loaded 0 discovered peers (0 full)
2026-04-23 09:01:22.645 10908-11003 DashboardViewModel      com.scmessenger.android              D  Loaded 0 discovered peers (0 full)
2026-04-23 09:01:22.765 10908-11014 NetworkDetector         com.scmessenger.android              D  Network type: WIFI, blocked ports: []
2026-04-23 09:01:24.280 10908-11095 MeshRepository          com.scmessenger.android              D  Mesh Stats: 0 peers (Core), 0 full, 0 headless (Repo)
2026-04-23 09:01:24.287 10908-11095 MeshEventBus            com.scmessenger.android              D  StatusEvent emitted: StatsUpdated(stats=ServiceStats(peersDiscovered=0, messagesRelayed=0, bytesTransferred=0, uptimeSecs=70))
2026-04-23 09:01:25.840 10908-11014 NetworkDetector         com.scmessenger.android              D  Network type: WIFI, blocked ports: []
2026-04-23 09:01:28.250 10908-10908 BluetoothAdapter        com.scmessenger.android              D  isLeEnabled(): ON
2026-04-23 09:01:28.250 10908-10908 BluetoothLeScanner      com.scmessenger.android              D  could not find callback wrapper
2026-04-23 09:01:28.250 10908-10908 BleScanner              com.scmessenger.android              V  BLE scan window ended
2026-04-23 09:01:28.776 10908-10908 SettingsViewModel       com.scmessenger.android              D  Loaded mesh settings: MeshSettings(relayEnabled=true, maxRelayBudget=200, batteryFloor=20, bleEnabled=true, wifiAwareEnabled=true, wifiDirectEnabled=true, internetEnabled=true, discoveryMode=NORMAL, onionRouting=false, coverTrafficEnabled=false, messagePaddingEnabled=false, timingObfuscationEnabled=false, notificationsEnabled=true, notifyDmEnabled=true, notifyDmRequestEnabled=true, notifyDmInForeground=false, notifyDmRequestInForeground=true, soundEnabled=true, badgeEnabled=true)
2026-04-23 09:01:28.923 10908-11014 NetworkDetector         com.scmessenger.android              D  Network type: WIFI, blocked ports: []
2026-04-23 09:01:29.296 10908-11095 MeshRepository          com.scmessenger.android              D  Mesh Stats: 0 peers (Core), 0 full, 0 headless (Repo)
2026-04-23 09:01:29.305 10908-11018 MeshEventBus            com.scmessenger.android              D  StatusEvent emitted: StatsUpdated(stats=ServiceStats(peersDiscovered=0, messagesRelayed=0, bytesTransferred=0, uptimeSecs=75))
2026-04-23 09:01:32.010 10908-11014 NetworkDetector         com.scmessenger.android              D  Network type: WIFI, blocked ports: []
2026-04-23 09:01:34.316 10908-11018 MeshRepository          com.scmessenger.android              D  Mesh Stats: 0 peers (Core), 0 full, 0 headless (Repo)
2026-04-23 09:01:34.817 10908-11020 MeshRepository          com.scmessenger.android              D  getIdentityInfo: result=caccf8657f8cf09f647503be0c6a51f27ee4ff616fd5b7153fdf2c41b6b55747, initialized=true, nickname=Luke
2026-04-23 09:01:34.819 10908-11020 DashboardViewModel      com.scmessenger.android              D  Topology built: 1 nodes, 0 edges
2026-04-23 09:01:34.820 10908-11020 DashboardV...efreshData com.scmessenger.android              D  Dashboard data refreshed
2026-04-23 09:01:34.982 10908-10930 ssenger.android         com.scmessenger.android              I  Thread[2,tid=10930,WaitingInMainSignalCatcherLoop,Thread*=0xb4000076a7917f50,peer=0x2003c78,"Signal Catcher"]: reacting to signal 3
2026-04-23 09:01:34.982 10908-10930 ssenger.android         com.scmessenger.android              I  
2026-04-23 09:01:35.083 10908-11014 NetworkDetector         com.scmessenger.android              D  Network type: WIFI, blocked ports: []
2026-04-23 09:01:35.214 10908-11003 MeshRepository          com.scmessenger.android              D  getIdentityInfo: result=caccf8657f8cf09f647503be0c6a51f27ee4ff616fd5b7153fdf2c41b6b55747, initialized=true, nickname=Luke
2026-04-23 09:01:35.215 10908-11003 DashboardViewModel      com.scmessenger.android              D  Topology built: 1 nodes, 0 edges
2026-04-23 09:01:35.216 10908-11003 DashboardV...efreshData com.scmessenger.android              D  Dashboard data refreshed
2026-04-23 09:01:35.326 10908-10930 ssenger.android         com.scmessenger.android              I  Wrote stack traces to tombstoned
2026-04-23 09:01:37.889 10908-10995 AnrWatchdog             com.scmessenger.android              W  Slow main thread: 5001ms (threshold: 10000ms)
2026-04-23 09:01:38.184 10908-11014 NetworkDetector         com.scmessenger.android              D  Network type: WIFI, blocked ports: []
2026-04-23 09:01:39.330 10908-11020 MeshRepository          com.scmessenger.android              D  Mesh Stats: 0 peers (Core), 0 full, 0 headless (Repo)
2026-04-23 09:01:40.283 10908-10908 MeshRepository          com.scmessenger.android              D  getIdentityInfo: result=caccf8657f8cf09f647503be0c6a51f27ee4ff616fd5b7153fdf2c41b6b55747, initialized=true, nickname=Luke
2026-04-23 09:01:40.354 10908-10942 HWUI                    com.scmessenger.android              I  Davey! duration=11622ms; Flags=0, FrameTimelineVsyncId=75174163, IntendedVsync=282520613605796, Vsync=282520613605796, InputEventId=734910611, HandleInputStart=282520624180101, AnimationStart=282520624194505, PerformTraversalsStart=282532182325859, DrawStart=282532182372612, FrameDeadline=282520630205796, FrameStartTime=282520624177253, FrameInterval=16707034, WorkloadTarget=16600000, SyncQueued=282532233820528, SyncStart=282532233852999, IssueDrawCommandsStart=282532233955904, SwapBuffers=282532235630790, FrameCompleted=282532236376192, DequeueBufferDuration=9196, QueueBufferDuration=169718, GpuCompleted=282532236376192, SwapBuffersCompleted=282532235833793, DisplayPresentTime=282515718731856, CommandSubmissionCompleted=282532235630790, 
2026-04-23 09:01:40.374 10908-11095 MeshEventBus            com.scmessenger.android              D  StatusEvent emitted: StatsUpdated(stats=ServiceStats(peersDiscovered=0, messagesRelayed=0, bytesTransferred=0, uptimeSecs=80))
2026-04-23 09:01:40.374 10908-11020 MeshEventBus            com.scmessenger.android              D  StatusEvent emitted: StatsUpdated(stats=ServiceStats(peersDiscovered=0, messagesRelayed=0, bytesTransferred=0, uptimeSecs=85))
2026-04-23 09:01:44.335 10908-11020 MeshRepository          com.scmessenger.android              D  Mesh Stats: 0 peers (Core), 0 full, 0 headless (Repo)
2026-04-23 09:01:44.338 10908-11095 MeshEventBus            com.scmessenger.android              D  StatusEvent emitted: StatsUpdated(stats=ServiceStats(peersDiscovered=0, messagesRelayed=0, bytesTransferred=0, uptimeSecs=90))
2026-04-23 09:01:46.119 10908-11095 MeshRepository          com.scmessenger.android              I  Bootstrap: network=WIFI, cellular=false, priority=[QUIC, TCP, WEBSOCKET_WSS, WEBSOCKET_WS]
2026-04-23 09:01:46.125 10908-11095 CircuitBreaker          com.scmessenger.android              D  Circuit breaker OPEN for relay /ip4/34.135.34.73/udp/9001/quic-v1/p2p/12D3KooWETatHYo4xt9aufXEEDce719fyMEB7KmXJga1SYVUikaw, skipping
2026-04-23 09:01:46.129 10908-11095 MeshRepository          com.scmessenger.android              D  Circuit breaker blocked /ip4/34.135.34.73/udp/9001/quic-v1/p2p/12D3KooWETatHYo4xt9aufXEEDce719fyMEB7KmXJga1SYVUikaw, skipping
2026-04-23 09:01:46.133 10908-11095 CircuitBreaker          com.scmessenger.android              D  Circuit breaker OPEN for relay /ip4/34.135.34.73/tcp/9001/p2p/12D3KooWETatHYo4xt9aufXEEDce719fyMEB7KmXJga1SYVUikaw, skipping
2026-04-23 09:01:46.137 10908-11095 MeshRepository          com.scmessenger.android              D  Circuit breaker blocked /ip4/34.135.34.73/tcp/9001/p2p/12D3KooWETatHYo4xt9aufXEEDce719fyMEB7KmXJga1SYVUikaw, skipping
2026-04-23 09:01:46.142 10908-11095 CircuitBreaker          com.scmessenger.android              D  Circuit breaker OPEN for relay /ip4/104.28.216.43/udp/9010/quic-v1/p2p/12D3KooWHpmuhytgzLcM4nj1hZvN5b4crB1wka3LCNfKRCd7yHj9, skipping
2026-04-23 09:01:46.146 10908-11095 MeshRepository          com.scmessenger.android              D  Circuit breaker blocked /ip4/104.28.216.43/udp/9010/quic-v1/p2p/12D3KooWHpmuhytgzLcM4nj1hZvN5b4crB1wka3LCNfKRCd7yHj9, skipping
2026-04-23 09:01:46.151 10908-11095 CircuitBreaker          com.scmessenger.android              D  Circuit breaker OPEN for relay /ip4/104.28.216.43/tcp/9010/p2p/12D3KooWHpmuhytgzLcM4nj1hZvN5b4crB1wka3LCNfKRCd7yHj9, skipping
2026-04-23 09:01:46.155 10908-11095 MeshRepository          com.scmessenger.android              D  Circuit breaker blocked /ip4/104.28.216.43/tcp/9010/p2p/12D3KooWHpmuhytgzLcM4nj1hZvN5b4crB1wka3LCNfKRCd7yHj9, skipping
2026-04-23 09:01:46.156 10908-11095 CircuitBreaker          com.scmessenger.android              D  Circuit breaker OPEN for relay /dns4/bootstrap.scmessenger.net/tcp/443/ws/p2p/12D3KooWETatHYo4xt9aufXEEDce719fyMEB7KmXJga1SYVUikaw, skipping
2026-04-23 09:01:46.157 10908-11095 MeshRepository          com.scmessenger.android              D  Circuit breaker blocked /dns4/bootstrap.scmessenger.net/tcp/443/ws/p2p/12D3KooWETatHYo4xt9aufXEEDce719fyMEB7KmXJga1SYVUikaw, skipping
2026-04-23 09:01:46.158 10908-11095 CircuitBreaker          com.scmessenger.android              D  Circuit breaker OPEN for relay /dns4/bootstrap.scmessenger.net/tcp/80/ws/p2p/12D3KooWETatHYo4xt9aufXEEDce719fyMEB7KmXJga1SYVUikaw, skipping
2026-04-23 09:01:46.160 10908-11095 MeshRepository          com.scmessenger.android              D  Circuit breaker blocked /dns4/bootstrap.scmessenger.net/tcp/80/ws/p2p/12D3KooWETatHYo4xt9aufXEEDce719fyMEB7KmXJga1SYVUikaw, skipping
2026-04-23 09:01:46.160 10908-11095 MeshRepository          com.scmessenger.android              W  Bootstrap all-failed (consecutive=4), next attempt in 16000ms
2026-04-23 09:01:47.379 10908-11014 NetworkDetector         com.scmessenger.android              D  Network type: WIFI, blocked ports: []
2026-04-23 09:01:48.546  1619-11532 ActivityManager         system_server                        E  ANR in com.scmessenger.android (com.scmessenger.android/.ui.MainActivity)
                                                                                                    PID: 10908
                                                                                                    Reason: Input dispatching timed out (4916c72 com.scmessenger.android/com.scmessenger.android.ui.MainActivity is not responding. Waited 5003ms for MotionEvent).
                                                                                                    Parent: com.scmessenger.android/.ui.MainActivity
                                                                                                    ErrorId: b18281c1-d5d4-4561-a277-3332f00b6f46
                                                                                                    Frozen: false
                                                                                                    Load: 2.86 / 3.49 / 3.16
                                                                                                    ----- Output from /proc/pressure/memory -----
                                                                                                    some avg10=0.15 avg60=0.32 avg300=0.35 total=1516856552
                                                                                                    full avg10=0.15 avg60=0.24 avg300=0.24 total=877403549
                                                                                                    ----- End output from /proc/pressure/memory -----
                                                                                                    ----- Output from /proc/pressure/cpu -----
                                                                                                    some avg10=2.61 avg60=4.47 avg300=6.46 total=26856931058
                                                                                                    full avg10=0.00 avg60=0.00 avg300=0.00 total=0
                                                                                                    ----- End output from /proc/pressure/cpu -----
                                                                                                    ----- Output from /proc/pressure/io -----
                                                                                                    some avg10=0.02 avg60=1.40 avg300=1.81 total=4759760879
                                                                                                    full avg10=0.01 avg60=0.84 avg300=1.05 total=2476764073
                                                                                                    ----- End output from /proc/pressure/io -----
                                                                                                    
                                                                                                    CPU usage from 0ms to 13538ms later (2026-04-23 09:01:34.950 to 2026-04-23 09:01:48.488):
                                                                                                      70% 10908/com.scmessenger.android: 68% user + 2.5% kernel / faults: 10963 minor 127 major
                                                                                                      21% 1619/system_server: 10% user + 11% kernel / faults: 10041 minor 1138 major
                                                                                                      4.5% 546/surfaceflinger: 2.8% user + 1.6% kernel / faults: 27 minor
                                                                                                      4% 2639/com.android.phone: 2.7% user + 1.3% kernel / faults: 3479 minor 426 major
                                                                                                      3.1% 2261/com.android.systemui: 1.9% user + 1.1% kernel / faults: 2967 minor 2393 major
                                                                                                      2.9% 19870/com.life360.android.safetymapd: 1.8% user + 1.1% kernel / faults: 619 minor 542 major
                                                                                                      2.5% 8374/com.google.android.gms.persistent: 1.9% user + 0.5% kernel / faults: 1654 minor 192 major
                                                                                                      2.3% 10769/com.google.android.apps.messaging: 1.9% user + 0.4% kernel / faults: 1848 minor 2 major
                                                                                                      2.2% 11332/com.lemon.lvoverseas: 1% user + 1.2% kernel / faults: 621 minor 182 major
                                                                                                      2.1% 92/kswapd0: 0% user + 2.1% kernel
                                                                                                    20% TOTAL: 13% user + 5.8% kernel + 0.3% iowait + 0.8% irq + 0.4% softirq
                                                                                                    CPU usage from 48ms to 595ms later (2026-04-23 09:01:34.998 to 2026-04-23 09:01:35.544):
                                                                                                      111% 1619/system_server: 34% user + 77% kernel / faults: 3057 minor 777 major
                                                                                                        55% 11534/AnrAuxiliaryTas: 14% user + 40% kernel
                                                                                                        23% 1630/Signal Catcher: 12% user + 10% kernel
                                                                                                        12% 11532/AnrConsumer: 0% user + 12% kernel
                                                                                                        2.1% 1619/system_server: 2.1% user + 0% kernel
                                                                                                        2.1% 1676/android.ui: 2.1% user + 0% kernel
                                                                                                        2.1% 2453/MobileDataStats: 2.1% user + 0% kernel
                                                                                                        2.1% 3764/binder:1619_12: 2.1% user + 0% kernel
                                                                                                      116% 10908/com.scmessenger.android: 106% user + 9.7% kernel / faults: 505 minor 15 major
                                                                                                        100% 10908/ssenger.android: 100% user + 0% kernel
                                                                                                        16% 10930/Signal Catcher: 6.4% user + 9.7% kernel
                                                                                                      3.9% 546/surfaceflinger: 1.9% user + 1.9% kernel / faults: 9 minor
                                                                                                      1.8% 63/ksoftirqd/6: 0% user + 1.8% kernel
                                                                                                      1.8% 70/ksoftirqd/7: 0% user + 1.8% kernel
                                                                                                      1.8% 73/rcuop/7: 0% user + 1.8% kernel
                                                                                                      1.8% 92/kswapd0: 0% user + 1.8% kernel
                                                                                                      1.8% 275/decon0_kthread: 0% user + 1.8% kernel
                                                                                                      1.9% 487/sugov:0: 0% user + 1.9% kernel
                                                                                                      2% 1222/android.hardware.sensors-service.multihal: 2% user + 0% kernel
                                                                                                      2% 1254/audioserver: 2% user + 0% kernel
                                                                                                      2% 1307/kworker/7:2-events: 0% user + 2% kernel
                                                                                                      2.1% 1484/adbd: 0% user + 2.1% kernel
                                                                                                      3.3% 11332/com.lemon.lvoverseas: 0% user + 3.3% kernel / faults: 4 minor
                                                                                                        3.3% 11464/NPTH-AnrInfoPol: 0% user + 3.3% kernel
                                                                                                      3.3% 11462/kworker/u16:0-async_vote_wq: 0% user + 3.3% kernel
                                                                                                      3.9% 30178/kworker/4:0H-kblockd: 0% user + 3.9% kernel
                                                                                                    42% TOTAL: 24% user + 15% kernel + 0.9% iowait + 0.6% irq + 0.6% softirq
2026-04-23 09:01:49.342 10908-11095 MeshRepository          com.scmessenger.android              D  Mesh Stats: 0 peers (Core), 0 full, 0 headless (Repo)
