2026-04-22 18:24:08.373 16854-16854 Zygote                  com.scmessenger.android              I  Process 16854 created for com.scmessenger.android
2026-04-22 18:24:08.374 16854-16854 ssenger.android         com.scmessenger.android              I  Late-enabling -Xcheck:jni
2026-04-22 18:24:08.519 16854-16854 ssenger.android         com.scmessenger.android              I  Using CollectorTypeCMC GC.
2026-04-22 18:24:08.539 16854-16854 nativeloader            com.scmessenger.android              D  Load libframework-connectivity-tiramisu-jni.so using APEX ns com_android_tethering for caller /apex/com.android.tethering/javalib/framework-connectivity-t.jar: ok
2026-04-22 18:24:08.984 16854-16854 nativeloader            com.scmessenger.android              D  Configuring clns-9 for other apk /data/app/~~QJQEcjnTz3y6QvQ_IQchGQ==/com.scmessenger.android-ElusKu-MNcqLujoK4bkqeg==/base.apk. target_sdk_version=35, uses_libraries=, library_path=/data/app/~~QJQEcjnTz3y6QvQ_IQchGQ==/com.scmessenger.android-ElusKu-MNcqLujoK4bkqeg==/lib/arm64:/data/app/~~QJQEcjnTz3y6QvQ_IQchGQ==/com.scmessenger.android-ElusKu-MNcqLujoK4bkqeg==/base.apk!/lib/arm64-v8a, permitted_path=/data:/mnt/expand:/data/user/0/com.scmessenger.android
2026-04-22 18:24:08.987 16854-16854 CompatChangeReporter    com.scmessenger.android              D  Compat change id reported: 202956589; UID 10499; state: ENABLED
2026-04-22 18:24:08.991 16854-16854 GraphicsEnvironment     com.scmessenger.android              V  Currently set values for:
2026-04-22 18:24:08.991 16854-16854 GraphicsEnvironment     com.scmessenger.android              V    angle_gl_driver_selection_pkgs=[com.android.angle]
2026-04-22 18:24:08.991 16854-16854 GraphicsEnvironment     com.scmessenger.android              V    angle_gl_driver_selection_values=[angle]
2026-04-22 18:24:08.992 16854-16854 GraphicsEnvironment     com.scmessenger.android              V  com.scmessenger.android is not listed in per-application setting
2026-04-22 18:24:08.992 16854-16854 GraphicsEnvironment     com.scmessenger.android              V  No special selections for ANGLE, returning default driver choice
2026-04-22 18:24:08.992 16854-16854 GraphicsEnvironment     com.scmessenger.android              V  Neither updatable production driver nor prerelease driver is supported.
2026-04-22 18:24:09.018 16854-16854 WM-WrkMgrInitializer    com.scmessenger.android              D  Initializing WorkManager with default configuration.
2026-04-22 18:24:09.053 16854-16854 MeshApplication         com.scmessenger.android              I  SCMessenger application started
2026-04-22 18:24:09.056 16854-16941 StorageManager          com.scmessenger.android              D  Performing startup storage maintenance...
2026-04-22 18:24:09.063 16854-16941 StorageManager          com.scmessenger.android              D  Logs rotated successfully.
2026-04-22 18:24:09.071 16854-16941 StorageManager          com.scmessenger.android              D  Startup maintenance complete. Available storage: 17991 MB
2026-04-22 18:24:09.074 16854-16941 MeshApplic...n$onCreate com.scmessenger.android              I  Startup storage maintenance completed
2026-04-22 18:24:09.082 16854-16854 BootReceiver            com.scmessenger.android              I  Boot completed, checking auto-start preference
2026-04-22 18:24:09.087 16854-16948 DisplayManager          com.scmessenger.android              I  Choreographer implicitly registered for the refresh rate.
2026-04-22 18:24:09.093 16854-16948 vulkan                  com.scmessenger.android              D  searching for layers in '/data/app/~~QJQEcjnTz3y6QvQ_IQchGQ==/com.scmessenger.android-ElusKu-MNcqLujoK4bkqeg==/lib/arm64'
2026-04-22 18:24:09.097 16854-16948 vulkan                  com.scmessenger.android              D  searching for layers in '/data/app/~~QJQEcjnTz3y6QvQ_IQchGQ==/com.scmessenger.android-ElusKu-MNcqLujoK4bkqeg==/base.apk!/lib/arm64-v8a'
2026-04-22 18:24:09.150 16854-16854 DesktopExperienceFlags  com.scmessenger.android              D  Toggle override initialized to: false
2026-04-22 18:24:09.357 16854-16854 MeshRepository          com.scmessenger.android              D  MeshRepository initialized with storage: /data/user/0/com.scmessenger.android/files
2026-04-22 18:24:09.396 16854-16854 MeshRepository          com.scmessenger.android              D  AND-CONTACTS-WIPE-001: Reinstall check - hasIdentityBackup=true, contactsOnDisk=true, historyOnDisk=true
2026-04-22 18:24:09.401 16854-16854 MeshRepository          com.scmessenger.android              D  AND-CONTACTS-WIPE-001: Normal startup - all data present
2026-04-22 18:24:09.462 16854-16854 MeshRepository          com.scmessenger.android              D  Contacts migration already completed, skipping
2026-04-22 18:24:09.489 16854-16854 nativeloader            com.scmessenger.android              D  Load /data/app/~~QJQEcjnTz3y6QvQ_IQchGQ==/com.scmessenger.android-ElusKu-MNcqLujoK4bkqeg==/lib/arm64/libjnidispatch.so using class loader ns clns-9 (caller=/data/app/~~QJQEcjnTz3y6QvQ_IQchGQ==/com.scmessenger.android-ElusKu-MNcqLujoK4bkqeg==/base.apk!classes17.dex): ok
2026-04-22 18:24:12.557 16854-16854 MeshRepository          com.scmessenger.android              I  all_managers_init_success
2026-04-22 18:24:12.562 16854-16854 MeshRepository          com.scmessenger.android              I  All managers initialized successfully
2026-04-22 18:24:12.847 16854-16854 MeshRepository          com.scmessenger.android              D  AND-CONTACTS-WIPE-001: Contact data verification - Found 0 contacts
2026-04-22 18:24:12.849 16854-16854 MeshRepository          com.scmessenger.android              W  AND-CONTACTS-WIPE-001: WARNING - No contacts found. If this is unexpected, data recovery may be needed.
2026-04-22 18:24:12.859 16854-16854 MainActivity            com.scmessenger.android              D  MainActivity created
2026-04-22 18:24:12.865 16854-16854 AnrWatchdog             com.scmessenger.android              I  ANR watchdog started (check=5000ms, threshold=10000ms)
2026-04-22 18:24:12.867 16854-16854 MainActivity            com.scmessenger.android              I  ANR watchdog started for UI thread monitoring
2026-04-22 18:24:12.875 16854-16854 MainActivity            com.scmessenger.android              D  All permissions already granted
2026-04-22 18:24:12.898 16854-16941 MeshRepository          com.scmessenger.android              D  Corruption check: contacts=0, messages=0
2026-04-22 18:24:12.900 16854-16941 MeshRepository          com.scmessenger.android              D  Database integrity check passed
2026-04-22 18:24:13.054 16854-16854 CompatChangeReporter    com.scmessenger.android              D  Compat change id reported: 309578419; UID 10499; state: ENABLED
2026-04-22 18:24:13.054 16854-16854 DesktopModeFlags        com.scmessenger.android              D  Toggle override initialized to: OVERRIDE_UNSET
2026-04-22 18:24:13.260 16854-16941 MeshRepository          com.scmessenger.android              I  Repository background initialization completed
2026-04-22 18:24:13.264 16854-16945 MeshReposi...aintenance com.scmessenger.android              D  Storage maintenance check: free=17990MB / total=112912MB
2026-04-22 18:24:13.268 16854-16941 MainActivity            com.scmessenger.android              D  UI components initialization completed
2026-04-22 18:24:13.280 16854-16854 ContentCaptureHelper    com.scmessenger.android              I  Setting logging level to OFF
2026-04-22 18:24:13.308 16854-16854 MainActivity            com.scmessenger.android              D  MainActivity resumed
2026-04-22 18:24:13.309 16854-16854 MainActivity            com.scmessenger.android              D  All permissions already granted
2026-04-22 18:24:13.311 16854-16854 MeshRepository          com.scmessenger.android              D  Permission refresh skipped: mesh service is not running
2026-04-22 18:24:13.376 16854-16854 CompatChangeReporter    com.scmessenger.android              D  Compat change id reported: 349153669; UID 10499; state: ENABLED
2026-04-22 18:24:13.593 16854-16854 MainActivity            com.scmessenger.android              D  MainActivity paused
2026-04-22 18:24:14.279 16854-16854 MainViewModel           com.scmessenger.android              D  MainViewModel init
2026-04-22 18:24:14.283 16854-16945 MainViewMo...rageStatus com.scmessenger.android              D  Storage refreshed: 17990 MB available (Low=false)
2026-04-22 18:24:14.285 16854-16854 MainViewModel           com.scmessenger.android              D  Preference onboardingCompleted: true
2026-04-22 18:24:14.288 16854-16854 MainViewModel           com.scmessenger.android              D  Preference installChoiceCompleted: true
2026-04-22 18:24:14.292 16854-16854 MainViewModel           com.scmessenger.android              D  MeshRepository service state: STOPPED
2026-04-22 18:24:14.295 16854-16945 MainViewMo...ntityState com.scmessenger.android              D  refreshIdentityState() called
2026-04-22 18:24:14.297 16854-16945 MainViewMo...ntityState com.scmessenger.android              D  Identity initialized state: true
2026-04-22 18:24:14.301 16854-16874 ssenger.android         com.scmessenger.android              I  Compiler allocated 5049KB to compile void android.view.ViewRootImpl.performTraversals()
2026-04-22 18:24:14.515 16854-16854 ssenger.android         com.scmessenger.android              W  Verification of android.view.WindowInsetsAnimation$Bounds androidx.core.view.WindowInsetsAnimationCompat$Impl30.createPlatformBounds(androidx.core.view.WindowInsetsAnimationCompat$BoundsCompat) took 117.264ms (187.61 bytecodes/s) (0B arena alloc)
2026-04-22 18:24:14.522 16854-16854 VRI[MainActivity]       com.scmessenger.android              D  WindowInsets changed: 1080x2400 statusBars:[0,132,0,0] navigationBars:[0,0,0,63] mandatorySystemGestures:[0,164,0,84] 
2026-04-22 18:24:14.533 16854-16854 WindowOnBackDispatcher  com.scmessenger.android              D  setTopOnBackInvokedCallback (unwrapped): android.view.ViewRootImpl$$ExternalSyntheticLambda25@b2d27e1
2026-04-22 18:24:14.614 16854-16945 MainViewMo...ntityState com.scmessenger.android              D  refreshIdentityState() called
2026-04-22 18:24:14.618 16854-16945 MainViewMo...ntityState com.scmessenger.android              D  Identity initialized state: true
2026-04-22 18:24:14.634 16854-16854 BootReceiver$onReceive  com.scmessenger.android              D  Auto-start disabled, not starting service
2026-04-22 18:24:14.635 16854-16854 Choreographer           com.scmessenger.android              I  Skipped 51 frames!  The application may be doing too much work on its main thread.
2026-04-22 18:24:14.652 16854-17532 ProfileInstaller        com.scmessenger.android              D  Installing profile for com.scmessenger.android
2026-04-22 18:24:14.715 16854-17531 HWUI                    com.scmessenger.android              I  Using FreeType backend (prop=Auto)
2026-04-22 18:24:21.692 16854-16854 MainActivity            com.scmessenger.android              D  MainActivity resumed
2026-04-22 18:24:21.695 16854-16854 MainActivity            com.scmessenger.android              D  All permissions already granted
2026-04-22 18:24:21.696 16854-16854 MeshRepository          com.scmessenger.android              D  Permission refresh skipped: mesh service is not running
2026-04-22 18:24:21.738 16854-16875 ssenger.android         com.scmessenger.android              W  userfaultfd: MOVE ioctl seems unsupported: Connection timed out
2026-04-22 18:24:21.780 16854-16875 ssenger.android         com.scmessenger.android              I  Background concurrent mark compact GC freed 15MB AllocSpace bytes, 4(80KB) LOS objects, 84% free, 4495KB/28MB, paused 2.104ms,7.659ms total 88.742ms
2026-04-22 18:24:21.947 16854-16854 Conversati...adMessages com.scmessenger.android              D  Loaded 0 messages
2026-04-22 18:24:21.950 16854-16854 Conversati...$loadStats com.scmessenger.android              D  Loaded stats: HistoryStats(totalMessages=0, sentCount=0, receivedCount=0, undeliveredCount=0)
2026-04-22 18:24:21.951 16854-16854 MeshRepository          com.scmessenger.android              D  Lazy starting MeshService for Identity access...
2026-04-22 18:24:21.956 16854-16854 MeshRepository          com.scmessenger.android              I  service_start_requested
2026-04-22 18:24:21.957 16854-16854 MeshRepository          com.scmessenger.android              D  Starting MeshService...
2026-04-22 18:24:21.958 16854-16854 ssenger.android         com.scmessenger.android              W  type=1400 audit(0.0:181990): avc:  denied  { search } for  name="/" dev="cgroup2" ino=1 scontext=u:r:untrusted_app:s0:c243,c257,c512,c768 tcontext=u:object_r:cgroup_v2:s0 tclass=dir permissive=0 app=com.scmessenger.android
2026-04-22 18:24:21.958 16854-16854 ssenger.android         com.scmessenger.android              W  type=1400 audit(0.0:181991): avc:  denied  { search } for  name="/" dev="cgroup2" ino=1 scontext=u:r:untrusted_app:s0:c243,c257,c512,c768 tcontext=u:object_r:cgroup_v2:s0 tclass=dir permissive=0 app=com.scmessenger.android
2026-04-22 18:24:21.962 16854-16854 ssenger.android         com.scmessenger.android              W  type=1400 audit(0.0:181992): avc:  denied  { search } for  name="/" dev="cgroup" ino=1 scontext=u:r:untrusted_app:s0:c243,c257,c512,c768 tcontext=u:object_r:cgroup:s0 tclass=dir permissive=0 app=com.scmessenger.android
2026-04-22 18:24:21.962 16854-16854 ssenger.android         com.scmessenger.android              W  type=1400 audit(0.0:181993): avc:  denied  { search } for  name="/" dev="cgroup" ino=1 scontext=u:r:untrusted_app:s0:c243,c257,c512,c768 tcontext=u:object_r:cgroup:s0 tclass=dir permissive=0 app=com.scmessenger.android
2026-04-22 18:24:22.036 16854-16854 MeshRepository          com.scmessenger.android              I  SmartTransportRouter initialized for intelligent transport selection
2026-04-22 18:24:22.041 16854-16854 NetworkDetector         com.scmessenger.android              D  Network type: WIFI, blocked ports: []
2026-04-22 18:24:22.042 16854-16854 NetworkDetector         com.scmessenger.android              I  NetworkDetector monitoring started
2026-04-22 18:24:22.043 16854-16854 MeshRepository          com.scmessenger.android              I  NetworkDetector started — cellular-aware transport fallback active
2026-04-22 18:24:22.044 16854-17841 NetworkDetector         com.scmessenger.android              W  Cellular network detected (CELLULAR) — blocking ports: [9001, 9010, 4001, 5001]
2026-04-22 18:24:22.044 16854-17841 NetworkDetector         com.scmessenger.android              D  Network type: CELLULAR, blocked ports: [9001, 9010, 4001, 5001]
2026-04-22 18:24:22.051 16854-17841 NetworkDetector         com.scmessenger.android              W  Cellular network detected (CELLULAR) — blocking ports: [9001, 9010, 4001, 5001]
2026-04-22 18:24:22.053 16854-17841 NetworkDetector         com.scmessenger.android              D  Network type: CELLULAR, blocked ports: [9001, 9010, 4001, 5001]
2026-04-22 18:24:22.056 16854-17841 NetworkDetector         com.scmessenger.android              D  Network type: WIFI, blocked ports: []
2026-04-22 18:24:22.056 16854-16941 MeshReposi...hangeWatch com.scmessenger.android              I  Network type changed: CELLULAR → WIFI, resetting circuit breakers and re-bootstrapping
2026-04-22 18:24:22.060 16854-17841 NetworkDetector         com.scmessenger.android              D  Network type: WIFI, blocked ports: []
2026-04-22 18:24:22.064 16854-16941 CircuitBreaker          com.scmessenger.android              I  All circuit breakers reset
2026-04-22 18:24:22.072 16854-16941 MeshRepository          com.scmessenger.android              I  Racing bootstrap: network=WIFI, transports=quic→tcp→wss→ws
2026-04-22 18:24:22.077 16854-16941 CircuitBreaker          com.scmessenger.android              I  All circuit breakers reset
2026-04-22 18:24:22.249 16854-16941 MeshReposi...$Companion com.scmessenger.android              I  Using bootstrap source: StaticFallback with 4 nodes
2026-04-22 18:24:22.486 16854-17841 NetworkDetector         com.scmessenger.android              D  Network type: WIFI, blocked ports: []
2026-04-22 18:24:23.754 16854-17855 NetworkDet...probePorts com.scmessenger.android              D  Port probe: 104.28.216.43:443 = blocked
2026-04-22 18:24:23.755 16854-17850 NetworkDet...probePorts com.scmessenger.android              D  Port probe: 104.28.216.43:9010 = blocked
2026-04-22 18:24:23.755 16854-16945 NetworkDet...probePorts com.scmessenger.android              D  Port probe: 34.135.34.73:9001 = blocked
2026-04-22 18:24:23.755 16854-16943 NetworkDet...probePorts com.scmessenger.android              D  Port probe: 34.135.34.73:443 = blocked
2026-04-22 18:24:23.769 16854-16943 MeshRepository          com.scmessenger.android              W  All bootstrap addresses failed or timed out, falling back to mDNS
2026-04-22 18:24:23.771 16854-16943 MeshRepository          com.scmessenger.android              I  All relay bootstrap failed, attempting mDNS local discovery
2026-04-22 18:24:25.548 16854-17841 NetworkDetector         com.scmessenger.android              D  Network type: WIFI, blocked ports: []
2026-04-22 18:24:28.775 16854-17856 MeshRepository          com.scmessenger.android              E  mDNS fallback: no LAN peers discovered within timeout
2026-04-22 18:24:31.726 16854-17841 NetworkDetector         com.scmessenger.android              D  Network type: WIFI, blocked ports: []
2026-04-22 18:24:39.722 16854-16854 MeshRepository          com.scmessenger.android              D  Mesh Stats: 0 peers (Core), 0 full, 0 headless (Repo)
2026-04-22 18:24:39.747 16854-16943 MeshEventBus            com.scmessenger.android              D  StatusEvent emitted: StatsUpdated(stats=ServiceStats(peersDiscovered=0, messagesRelayed=0, bytesTransferred=0, uptimeSecs=0))
2026-04-22 18:24:39.752 16854-16854 MeshRepository          com.scmessenger.android              I  SC_IDENTITY_OWN p2p_id=12D3KooWDYF6HEnGo8fs4gbAhBth7HdJ2nQz7wKFXXUb6WBxNof9 pk=374d73ebc21d677f889b806d6065a7177a2c5748f368036bd073e949bba5a2d4
2026-04-22 18:24:39.754 16854-16854 MeshRepository          com.scmessenger.android              I  Mesh service started successfully
2026-04-22 18:24:39.756 16854-16854 MeshRepository          com.scmessenger.android              D  MeshService started lazily
2026-04-22 18:24:39.811 16854-16943 BluetoothAdapter        com.scmessenger.android              D  isLeEnabled(): ON
2026-04-22 18:24:39.811 16854-16943 BluetoothLeScanner      com.scmessenger.android              D  could not find callback wrapper
2026-04-22 18:24:39.812 16854-17856 AdvertiseSettings       com.scmessenger.android              D  setTxPowerLevel: 2
2026-04-22 18:24:39.812 16854-17856 BluetoothAdapter        com.scmessenger.android              D  isLeEnabled(): ON
2026-04-22 18:24:39.812 16854-16943 BluetoothAdapter        com.scmessenger.android              D  isLeEnabled(): ON
2026-04-22 18:24:39.813 16854-17856 BluetoothLeAdvertiser   com.scmessenger.android              D  TxPower == ADVERTISE_TX_POWER_MEDIUM
2026-04-22 18:24:39.813 16854-17856 BluetoothAdapter        com.scmessenger.android              D  isLeEnabled(): ON
2026-04-22 18:24:39.826 16854-16943 BackoffStrategy         com.scmessenger.android              D  Backoff strategy reset
2026-04-22 18:24:39.832 16854-16943 BleScanner              com.scmessenger.android              I  BLE Scanning started (background=false, fallback=false)
2026-04-22 18:24:39.835 16854-17856 BluetoothGattServer     com.scmessenger.android              D  registerCallback()
2026-04-22 18:24:39.836 16854-16943 BleScanner              com.scmessenger.android              D  Duty cycle started: 10000ms scan / 30000ms interval
2026-04-22 18:24:39.837 16854-17856 BluetoothGattServer     com.scmessenger.android              D  registerCallback() - UUID=7f4bb94e-20cb-4568-b3e2-910fa81dba0e
2026-04-22 18:24:39.852 16854-16893 BluetoothLeScanner      com.scmessenger.android              D  onScannerRegistered(status=0, scannerId=3): mScannerId=0
2026-04-22 18:24:39.858 16854-16893 BluetoothGattServer     com.scmessenger.android              D  onServerRegistered(0)
2026-04-22 18:24:39.858 16854-17856 BluetoothGattServer     com.scmessenger.android              D  addService() - service: 0000df01-0000-1000-8000-00805f9b34fb
2026-04-22 18:24:39.865 16854-17856 BleGattServer           com.scmessenger.android              I  GATT server started with SCMessenger service
2026-04-22 18:24:39.865 16854-16893 BluetoothGattServer     com.scmessenger.android              D  onServiceAdded() - handle=147 uuid=0000df01-0000-1000-8000-00805f9b34fb status=0
2026-04-22 18:24:39.877 16854-17856 BleGattServer           com.scmessenger.android              D  BleGattServer: identity beacon set (2 bytes)
2026-04-22 18:24:39.893 16854-17856 BleAdvertiser           com.scmessenger.android              D  Identity data set: 313 bytes
2026-04-22 18:24:39.901 16854-17856 BleGattServer           com.scmessenger.android              D  BleGattServer: identity beacon set (313 bytes)
2026-04-22 18:24:39.909 16854-17856 MeshRepository          com.scmessenger.android              I  BLE GATT identity beacon updated: 374d73eb... (313 bytes, listeners=0, external=0) p2p_id=12D3KooWDYF6HEnGo8fs4gbAhBth7HdJ2nQz7wKFXXUb6WBxNof9
2026-04-22 18:24:39.984 16854-17856 WifiTransportManager    com.scmessenger.android              D  WifiTransportManager initialized
2026-04-22 18:24:40.006 16854-17856 WifiDirectTransport     com.scmessenger.android              I  WiFi Direct started
2026-04-22 18:24:44.048 16854-17841 NetworkDetector         com.scmessenger.android              D  Network type: WIFI, blocked ports: []
2026-04-22 18:24:44.778 16854-17855 MeshRepository          com.scmessenger.android              D  Mesh Stats: 0 peers (Core), 0 full, 0 headless (Repo)
2026-04-22 18:24:44.815 16854-17855 MeshEventBus            com.scmessenger.android              D  StatusEvent emitted: StatsUpdated(stats=ServiceStats(peersDiscovered=0, messagesRelayed=0, bytesTransferred=0, uptimeSecs=5))
2026-04-22 18:24:44.937 16854-17855 BleGattServer           com.scmessenger.android              D  BleGattServer: identity beacon set (313 bytes)
2026-04-22 18:24:44.963 16854-17855 MeshRepository          com.scmessenger.android              I  BLE GATT identity beacon updated: 374d73eb... (313 bytes, listeners=0, external=0) p2p_id=12D3KooWDYF6HEnGo8fs4gbAhBth7HdJ2nQz7wKFXXUb6WBxNof9
2026-04-22 18:24:47.062 16854-17841 NetworkDetector         com.scmessenger.android              D  Network type: WIFI, blocked ports: []
2026-04-22 18:24:47.869 16854-17245 AnrWatchdog             com.scmessenger.android              W  Slow main thread: 5001ms (threshold: 10000ms)
2026-04-22 18:24:49.243 16854-17841 NetworkDetector         com.scmessenger.android              D  Network type: WIFI, blocked ports: []
2026-04-22 18:24:49.831 16854-17855 MeshRepository          com.scmessenger.android              D  Mesh Stats: 0 peers (Core), 0 full, 0 headless (Repo)
2026-04-22 18:24:49.851 16854-17857 MeshEventBus            com.scmessenger.android              D  StatusEvent emitted: StatsUpdated(stats=ServiceStats(peersDiscovered=0, messagesRelayed=0, bytesTransferred=0, uptimeSecs=10))
2026-04-22 18:24:52.239 16854-17841 NetworkDetector         com.scmessenger.android              D  Network type: WIFI, blocked ports: []
2026-04-22 18:24:54.859 16854-17857 MeshRepository          com.scmessenger.android              D  Mesh Stats: 0 peers (Core), 0 full, 0 headless (Repo)
2026-04-22 18:24:54.868 16854-17855 MeshEventBus            com.scmessenger.android              D  StatusEvent emitted: StatsUpdated(stats=ServiceStats(peersDiscovered=0, messagesRelayed=0, bytesTransferred=0, uptimeSecs=15))
2026-04-22 18:24:57.909 16854-17245 AnrWatchdog             com.scmessenger.android              W  Slow main thread: 5003ms (threshold: 10000ms)
2026-04-22 18:24:59.874 16854-17855 MeshRepository          com.scmessenger.android              D  Mesh Stats: 0 peers (Core), 0 full, 0 headless (Repo)
2026-04-22 18:24:59.880 16854-17855 MeshEventBus            com.scmessenger.android              D  StatusEvent emitted: StatsUpdated(stats=ServiceStats(peersDiscovered=0, messagesRelayed=0, bytesTransferred=0, uptimeSecs=20))
2026-04-22 18:25:02.963 16854-17245 AnrWatchdog             com.scmessenger.android              W  Slow main thread: 5009ms (threshold: 10000ms)
2026-04-22 18:25:04.190 16854-16854 Conversati...ockedPeers com.scmessenger.android              D  Loaded 0 blocked peers
2026-04-22 18:25:04.192 16854-16854 MainViewModel           com.scmessenger.android              D  MeshRepository service state: RUNNING
2026-04-22 18:25:04.194 16854-17855 MainViewMo...ntityState com.scmessenger.android              D  refreshIdentityState() called
2026-04-22 18:25:04.213 16854-17855 MainViewMo...ntityState com.scmessenger.android              D  Identity initialized state: true
2026-04-22 18:25:04.391 16854-16854 Choreographer           com.scmessenger.android              I  Skipped 2555 frames!  The application may be doing too much work on its main thread.
2026-04-22 18:25:04.398 16854-16882 HWUI                    com.scmessenger.android              I  Davey! duration=42656ms; Flags=1, FrameTimelineVsyncId=71489759, IntendedVsync=260610795383449, Vsync=260610795383449, InputEventId=0, HandleInputStart=260610808507416, AnimationStart=260610808508922, PerformTraversalsStart=260610811736013, DrawStart=260653411775259, FrameDeadline=260610811983449, FrameStartTime=260610808503022, FrameInterval=16702972, WorkloadTarget=16600000, SyncQueued=260653428666576, SyncStart=260653461956045, IssueDrawCommandsStart=260653462124787, SwapBuffers=260653483828929, FrameCompleted=260653484827261, DequeueBufferDuration=11556, QueueBufferDuration=840820, GpuCompleted=260653483828929, SwapBuffersCompleted=260653484827261, DisplayPresentTime=0, CommandSubmissionCompleted=260653483828929, 
2026-04-22 18:25:04.433 16854-16882 HWUI                    com.scmessenger.android              I  Davey! duration=42708ms; Flags=0, FrameTimelineVsyncId=71489796, IntendedVsync=260610812082201, Vsync=260653487097451, InputEventId=0, HandleInputStart=260653497564932, AnimationStart=260653497566397, PerformTraversalsStart=260653512948802, DrawStart=260653513590119, FrameDeadline=260653504779881, FrameStartTime=260653497176911, FrameInterval=16702550, WorkloadTarget=16600000, SyncQueued=260653515000845, SyncStart=260653515162222, IssueDrawCommandsStart=260653515601879, SwapBuffers=260653520431550, FrameCompleted=260653520862499, DequeueBufferDuration=25147, QueueBufferDuration=230469, GpuCompleted=260653520862499, SwapBuffersCompleted=260653520705516, DisplayPresentTime=0, CommandSubmissionCompleted=260653520431550, 
2026-04-22 18:25:04.453 16854-16854 MainActivity            com.scmessenger.android              D  MainActivity paused
2026-04-22 18:25:04.473 16854-16854 AnrWatchdog             com.scmessenger.android              I  ANR watchdog stopped (total ANR events=0)
2026-04-22 18:25:04.474 16854-16854 MainActivity            com.scmessenger.android              D  ANR watchdog stopped
2026-04-22 18:25:04.476 16854-16854 WindowOnBackDispatcher  com.scmessenger.android              D  setTopOnBackInvokedCallback (unwrapped): null
2026-04-22 18:25:04.482 16854-16854 ViewRootImpl            com.scmessenger.android              D  Skipping stats log for color mode
2026-04-22 18:25:04.490 16854-16854 MainActivity            com.scmessenger.android              D  MainActivity created
2026-04-22 18:25:04.492 16854-16854 AnrWatchdog             com.scmessenger.android              I  ANR watchdog started (check=5000ms, threshold=10000ms)
2026-04-22 18:25:04.493 16854-16854 MainActivity            com.scmessenger.android              I  ANR watchdog started for UI thread monitoring
2026-04-22 18:25:04.495 16854-16854 MainActivity            com.scmessenger.android              D  All permissions already granted
2026-04-22 18:25:04.496 16854-17841 NetworkDetector         com.scmessenger.android              D  Network type: WIFI, blocked ports: []
2026-04-22 18:25:04.502 16854-17855 MeshRepository          com.scmessenger.android              I  Repository background initialization completed
2026-04-22 18:25:04.503 16854-16854 ContentCaptureHelper    com.scmessenger.android              I  Setting logging level to OFF
2026-04-22 18:25:04.504 16854-17855 MainActivity            com.scmessenger.android              D  UI components initialization completed
2026-04-22 18:25:04.504 16854-16854 MainActivity            com.scmessenger.android              D  MainActivity resumed
2026-04-22 18:25:04.506 16854-16854 MainActivity            com.scmessenger.android              D  All permissions already granted
2026-04-22 18:25:04.513 16854-17855 AdvertiseSettings       com.scmessenger.android              D  setTxPowerLevel: 2
2026-04-22 18:25:04.513 16854-17855 BleAdvertiser           com.scmessenger.android              W  Identity data too large for advertising (313 bytes), using GATT
2026-04-22 18:25:04.514 16854-16945 BleScanner              com.scmessenger.android              D  BLE scan already in progress, reusing existing session
2026-04-22 18:25:04.518 16854-17855 BluetoothAdapter        com.scmessenger.android              D  isLeEnabled(): ON
2026-04-22 18:25:04.518 16854-16854 WifiDirect...2pReceiver com.scmessenger.android              D  WiFi P2P state changed: enabled=true
2026-04-22 18:25:04.519 16854-17855 BleGattServer           com.scmessenger.android              W  GATT server already running
2026-04-22 18:25:04.526 16854-16854 WifiDirect...2pReceiver com.scmessenger.android              D  Disconnected from WiFi P2P group
2026-04-22 18:25:04.527 16854-16943 WifiTransportManager    com.scmessenger.android              D  WifiTransportManager initialized
2026-04-22 18:25:04.530 16854-16854 WifiDirect...2pReceiver com.scmessenger.android              D  This device changed
2026-04-22 18:25:04.530 16854-17855 BleGattServer           com.scmessenger.android              D  BleGattServer: identity beacon set (313 bytes)
2026-04-22 18:25:04.533 16854-16943 WifiDirectTransport     com.scmessenger.android              W  WiFi Direct already running
2026-04-22 18:25:04.534 16854-16854 WifiP2pManager          com.scmessenger.android              D  Ignored { when=-24s213ms what=139313 target=android.net.wifi.p2p.WifiP2pManager$Channel$P2pHandler async=false heapIndex=-1 }
2026-04-22 18:25:04.535 16854-16854 WifiDirect...eDiscovery com.scmessenger.android              D  Service discovery request added
2026-04-22 18:25:04.548 16854-16854 WifiP2pManager          com.scmessenger.android              D  Ignored { when=-24s227ms what=139313 target=android.net.wifi.p2p.WifiP2pManager$Channel$P2pHandler async=false heapIndex=-1 }
2026-04-22 18:25:04.548 16854-16854 WifiP2pManager          com.scmessenger.android              D  Ignored { when=-24s225ms what=139313 target=android.net.wifi.p2p.WifiP2pManager$Channel$P2pHandler async=false heapIndex=-1 }
2026-04-22 18:25:04.548 16854-16854 WifiP2pManager          com.scmessenger.android              D  Ignored { when=-24s225ms what=139313 target=android.net.wifi.p2p.WifiP2pManager$Channel$P2pHandler async=false heapIndex=-1 }
2026-04-22 18:25:04.549 16854-16854 WifiDirect...terService com.scmessenger.android              D  WiFi Direct service registered: scmessenger
2026-04-22 18:25:04.550 16854-16854 WifiTransp...tDiscovery com.scmessenger.android              I  WiFi P2P Discovery started
2026-04-22 18:25:04.550 16854-17855 BleGattServer           com.scmessenger.android              D  BleGattServer: identity beacon set (313 bytes)
2026-04-22 18:25:04.553 16854-16854 MainActivity            com.scmessenger.android              D  MainActivity paused
2026-04-22 18:25:04.556 16854-17855 MeshRepository          com.scmessenger.android              I  BLE GATT identity beacon updated: 374d73eb... (313 bytes, listeners=0, external=0) p2p_id=12D3KooWDYF6HEnGo8fs4gbAhBth7HdJ2nQz7wKFXXUb6WBxNof9
2026-04-22 18:25:04.558 16854-16854 ViewRootImpl            com.scmessenger.android              D  Skipping stats log for color mode
2026-04-22 18:25:04.559 16854-16854 MainActivity            com.scmessenger.android              D  MainActivity resumed
2026-04-22 18:25:04.561 16854-16854 MainActivity            com.scmessenger.android              D  All permissions already granted
2026-04-22 18:25:04.564 16854-16854 BluetoothAdapter        com.scmessenger.android              D  isLeEnabled(): ON
2026-04-22 18:25:04.566 16854-16854 BleScanner              com.scmessenger.android              V  BLE scan window ended
2026-04-22 18:25:04.568 16854-16943 AdvertiseSettings       com.scmessenger.android              D  setTxPowerLevel: 2
2026-04-22 18:25:04.569 16854-16943 BleAdvertiser           com.scmessenger.android              W  Identity data too large for advertising (313 bytes), using GATT
2026-04-22 18:25:04.569 16854-16854 MainActivity            com.scmessenger.android              D  MainActivity paused
2026-04-22 18:25:04.570 16854-17854 BleScanner              com.scmessenger.android              D  BLE scan already in progress, reusing existing session
2026-04-22 18:25:04.570 16854-16943 BluetoothAdapter        com.scmessenger.android              D  isLeEnabled(): ON
2026-04-22 18:25:04.570 16854-16943 BleGattServer           com.scmessenger.android              W  GATT server already running
2026-04-22 18:25:04.572 16854-16854 ViewRootImpl            com.scmessenger.android              D  Skipping stats log for color mode
2026-04-22 18:25:04.573 16854-16854 ViewRootImpl            com.scmessenger.android              D  Skipping stats log for color mode
2026-04-22 18:25:04.573 16854-16854 MainActivity            com.scmessenger.android              D  MainActivity resumed
2026-04-22 18:25:04.574 16854-16943 BleGattServer           com.scmessenger.android              D  BleGattServer: identity beacon set (313 bytes)
2026-04-22 18:25:04.576 16854-16945 WifiTransportManager    com.scmessenger.android              D  WifiTransportManager initialized
2026-04-22 18:25:04.577 16854-16854 MainActivity            com.scmessenger.android              D  All permissions already granted
2026-04-22 18:25:04.584 16854-16945 WifiTransportManager    com.scmessenger.android              D  WiFi P2P discovery already active; skipping duplicate start
2026-04-22 18:25:04.587 16854-16854 BleScanner...d$Runnable com.scmessenger.android              W  BLE scan fallback enabled after 24777 ms without mesh advertisements; switching to unfiltered scan
2026-04-22 18:25:04.589 16854-17854 WifiTransportManager    com.scmessenger.android              D  WifiTransportManager initialized
2026-04-22 18:25:04.592 16854-16854 BluetoothAdapter        com.scmessenger.android              D  isLeEnabled(): ON
2026-04-22 18:25:04.592 16854-16854 BluetoothLeScanner      com.scmessenger.android              D  could not find callback wrapper
2026-04-22 18:25:04.592 16854-16854 BluetoothAdapter        com.scmessenger.android              D  isLeEnabled(): ON
2026-04-22 18:25:04.592 16854-16943 AdvertiseSettings       com.scmessenger.android              D  setTxPowerLevel: 2
2026-04-22 18:25:04.593 16854-16943 BleAdvertiser           com.scmessenger.android              W  Identity data too large for advertising (313 bytes), using GATT
2026-04-22 18:25:04.593 16854-16945 BleScanner              com.scmessenger.android              D  BLE scan already in progress, reusing existing session
2026-04-22 18:25:04.593 16854-16854 BleScanner              com.scmessenger.android              I  BLE scan restarted (background=false, fallback=true)
2026-04-22 18:25:04.594 16854-16888 BluetoothLeScanner      com.scmessenger.android              D  onScannerRegistered(status=0, scannerId=3): mScannerId=0
2026-04-22 18:25:04.602 16854-17854 WifiTransportManager    com.scmessenger.android              D  WiFi P2P discovery already active; skipping duplicate start
2026-04-22 18:25:04.608 16854-16943 BluetoothAdapter        com.scmessenger.android              D  isLeEnabled(): ON
2026-04-22 18:25:04.609 16854-16943 BleGattServer           com.scmessenger.android              W  GATT server already running
2026-04-22 18:25:04.629 16854-16854 VRI[MainActivity]       com.scmessenger.android              D  WindowInsets changed: 1080x2400 statusBars:[0,132,0,0] navigationBars:[0,0,0,63] mandatorySystemGestures:[0,164,0,84] 
2026-04-22 18:25:04.629 16854-16854 WindowOnBackDispatcher  com.scmessenger.android              D  setTopOnBackInvokedCallback (unwrapped): android.view.ViewRootImpl$$ExternalSyntheticLambda25@97ad366
2026-04-22 18:25:04.630 16854-16943 BleGattServer           com.scmessenger.android              D  BleGattServer: identity beacon set (313 bytes)
2026-04-22 18:25:04.766 16854-16854 BleAdverti...seCallback com.scmessenger.android              I  BLE Advertising started successfully
2026-04-22 18:25:04.767 16854-16854 BleAdverti...seCallback com.scmessenger.android              E  BLE Advertising failed with error: 3
2026-04-22 18:25:04.768 16854-16854 BleAdverti...seCallback com.scmessenger.android              W  BLE advertising failed: Already started, stopping first
2026-04-22 18:25:04.769 16854-16854 WifiDirect...rDiscovery com.scmessenger.android              D  Peer discovery started
2026-04-22 18:25:04.770 16854-16854 BleAdverti...seCallback com.scmessenger.android              E  BLE Advertising failed with error: 3
2026-04-22 18:25:04.771 16854-16854 BleAdverti...seCallback com.scmessenger.android              W  BLE advertising failed: Already started, stopping first
2026-04-22 18:25:04.772 16854-16854 WifiTransp...tDiscovery com.scmessenger.android              I  WiFi P2P Discovery started
2026-04-22 18:25:04.773 16854-16854 BleAdverti...seCallback com.scmessenger.android              E  BLE Advertising failed with error: 3
2026-04-22 18:25:04.775 16854-16854 BleAdverti...seCallback com.scmessenger.android              W  BLE advertising failed: Already started, stopping first
2026-04-22 18:25:04.778 16854-16943 MainViewMo...ntityState com.scmessenger.android              D  refreshIdentityState() called
2026-04-22 18:25:04.785 16854-16943 MainViewMo...ntityState com.scmessenger.android              D  Identity initialized state: true
2026-04-22 18:25:04.846 16854-16854 InsetsController        com.scmessenger.android              D  hide(ime())
2026-04-22 18:25:04.846 16854-16854 ImeTracker              com.scmessenger.android              I  com.scmessenger.android:cd03e772: onCancelled at PHASE_CLIENT_ALREADY_HIDDEN
2026-04-22 18:25:04.887 16854-16943 MeshRepository          com.scmessenger.android              D  Mesh Stats: 0 peers (Core), 0 full, 0 headless (Repo)
2026-04-22 18:25:04.903 16854-17854 MeshEventBus            com.scmessenger.android              D  StatusEvent emitted: StatsUpdated(stats=ServiceStats(peersDiscovered=0, messagesRelayed=0, bytesTransferred=0, uptimeSecs=25))
2026-04-22 18:25:05.112 16854-17856 MeshRepository          com.scmessenger.android              I  ✓ Internet transport (Swarm) initiated and bridge wired
2026-04-22 18:25:05.120 16854-16943 MeshRepository          com.scmessenger.android              I  Bootstrap: network=WIFI, cellular=false, priority=[QUIC, TCP, WEBSOCKET_WSS, WEBSOCKET_WS]
2026-04-22 18:25:05.150 16854-16943 NetworkFailureMetrics   com.scmessenger.android              D  Failure metric recorded: node=/ip4/34.135.34.73/udp/9001/quic-v1/p2p/12D3KooWETatHYo4xt9aufXEEDce719fyMEB7KmXJga1SYVUikaw reason=Unknown network error: NetworkException: Network error total=1
2026-04-22 18:25:05.161 16854-16943 MeshRepository          com.scmessenger.android              W  Bootstrap dial failed for /ip4/34.135.34.73/udp/9001/quic-v1/p2p/12D3KooWETatHYo4xt9aufXEEDce719fyMEB7KmXJga1SYVUikaw - Unknown network error: NetworkException: Network error
2026-04-22 18:25:05.174 16854-16943 NetworkFailureMetrics   com.scmessenger.android              D  Failure metric recorded: node=/ip4/34.135.34.73/udp/9001/quic-v1/p2p/12D3KooWETatHYo4xt9aufXEEDce719fyMEB7KmXJga1SYVUikaw reason=Unknown network error: NetworkException: Network error total=2
2026-04-22 18:25:05.194 16854-16943 NetworkFailureMetrics   com.scmessenger.android              D  Failure metric recorded: node=/ip4/34.135.34.73/tcp/9001/p2p/12D3KooWETatHYo4xt9aufXEEDce719fyMEB7KmXJga1SYVUikaw reason=Unknown network error: NetworkException: Network error total=1
2026-04-22 18:25:05.202 16854-16943 MeshRepository          com.scmessenger.android              W  Bootstrap dial failed for /ip4/34.135.34.73/tcp/9001/p2p/12D3KooWETatHYo4xt9aufXEEDce719fyMEB7KmXJga1SYVUikaw - Unknown network error: NetworkException: Network error
2026-04-22 18:25:05.213 16854-16943 NetworkFailureMetrics   com.scmessenger.android              D  Failure metric recorded: node=/ip4/34.135.34.73/tcp/9001/p2p/12D3KooWETatHYo4xt9aufXEEDce719fyMEB7KmXJga1SYVUikaw reason=Unknown network error: NetworkException: Network error total=2
2026-04-22 18:25:05.233 16854-16943 NetworkFailureMetrics   com.scmessenger.android              D  Failure metric recorded: node=/ip4/104.28.216.43/udp/9010/quic-v1/p2p/12D3KooWHpmuhytgzLcM4nj1hZvN5b4crB1wka3LCNfKRCd7yHj9 reason=Unknown network error: NetworkException: Network error total=1
2026-04-22 18:25:05.242 16854-16943 MeshRepository          com.scmessenger.android              W  Bootstrap dial failed for /ip4/104.28.216.43/udp/9010/quic-v1/p2p/12D3KooWHpmuhytgzLcM4nj1hZvN5b4crB1wka3LCNfKRCd7yHj9 - Unknown network error: NetworkException: Network error
2026-04-22 18:25:05.255 16854-16943 NetworkFailureMetrics   com.scmessenger.android              D  Failure metric recorded: node=/ip4/104.28.216.43/udp/9010/quic-v1/p2p/12D3KooWHpmuhytgzLcM4nj1hZvN5b4crB1wka3LCNfKRCd7yHj9 reason=Unknown network error: NetworkException: Network error total=2
2026-04-22 18:25:05.275 16854-16943 NetworkFailureMetrics   com.scmessenger.android              D  Failure metric recorded: node=/ip4/104.28.216.43/tcp/9010/p2p/12D3KooWHpmuhytgzLcM4nj1hZvN5b4crB1wka3LCNfKRCd7yHj9 reason=Unknown network error: NetworkException: Network error total=1
2026-04-22 18:25:05.283 16854-16943 MeshRepository          com.scmessenger.android              W  Bootstrap dial failed for /ip4/104.28.216.43/tcp/9010/p2p/12D3KooWHpmuhytgzLcM4nj1hZvN5b4crB1wka3LCNfKRCd7yHj9 - Unknown network error: NetworkException: Network error
2026-04-22 18:25:05.296 16854-16943 NetworkFailureMetrics   com.scmessenger.android              D  Failure metric recorded: node=/ip4/104.28.216.43/tcp/9010/p2p/12D3KooWHpmuhytgzLcM4nj1hZvN5b4crB1wka3LCNfKRCd7yHj9 reason=Unknown network error: NetworkException: Network error total=2
2026-04-22 18:25:05.316 16854-16943 NetworkFailureMetrics   com.scmessenger.android              D  Failure metric recorded: node=/dns4/bootstrap.scmessenger.net/tcp/443/ws/p2p/12D3KooWETatHYo4xt9aufXEEDce719fyMEB7KmXJga1SYVUikaw reason=Unknown network error: NetworkException: Network error total=1
2026-04-22 18:25:05.324 16854-16943 MeshRepository          com.scmessenger.android              W  Bootstrap dial failed for /dns4/bootstrap.scmessenger.net/tcp/443/ws/p2p/12D3KooWETatHYo4xt9aufXEEDce719fyMEB7KmXJga1SYVUikaw - Unknown network error: NetworkException: Network error
2026-04-22 18:25:05.337 16854-16943 NetworkFailureMetrics   com.scmessenger.android              D  Failure metric recorded: node=/dns4/bootstrap.scmessenger.net/tcp/443/ws/p2p/12D3KooWETatHYo4xt9aufXEEDce719fyMEB7KmXJga1SYVUikaw reason=Unknown network error: NetworkException: Network error total=2
2026-04-22 18:25:05.357 16854-16943 NetworkFailureMetrics   com.scmessenger.android              D  Failure metric recorded: node=/dns4/bootstrap.scmessenger.net/tcp/80/ws/p2p/12D3KooWETatHYo4xt9aufXEEDce719fyMEB7KmXJga1SYVUikaw reason=Unknown network error: NetworkException: Network error total=1
2026-04-22 18:25:05.365 16854-16943 MeshRepository          com.scmessenger.android              W  Bootstrap dial failed for /dns4/bootstrap.scmessenger.net/tcp/80/ws/p2p/12D3KooWETatHYo4xt9aufXEEDce719fyMEB7KmXJga1SYVUikaw - Unknown network error: NetworkException: Network error
2026-04-22 18:25:05.377 16854-16943 NetworkFailureMetrics   com.scmessenger.android              D  Failure metric recorded: node=/dns4/bootstrap.scmessenger.net/tcp/80/ws/p2p/12D3KooWETatHYo4xt9aufXEEDce719fyMEB7KmXJga1SYVUikaw reason=Unknown network error: NetworkException: Network error total=2
2026-04-22 18:25:05.386 16854-16943 MeshRepository          com.scmessenger.android              W  Bootstrap all-failed (consecutive=1), next attempt in 10000ms
2026-04-22 18:25:06.962 16854-16854 ContactsVi...adContacts com.scmessenger.android              D  Loaded 0 contacts, filtered nearby peers to 0
2026-04-22 18:25:06.979 16854-16854 WindowOnBackDispatcher  com.scmessenger.android              W  OnBackInvokedCallback is not enabled for the application.
                                                                                                    Set 'android:enableOnBackInvokedCallback="true"' in the application manifest.
2026-04-22 18:25:08.621 16854-16854 MeshServiceViewModel    com.scmessenger.android              D  MeshServiceViewModel initialized
2026-04-22 18:25:08.635 16854-17854 DashboardViewModel      com.scmessenger.android              D  Loaded 0 discovered peers (0 full)
2026-04-22 18:25:08.635 16854-16945 DashboardViewModel      com.scmessenger.android              D  Loaded 0 discovered peers (0 full)
2026-04-22 18:25:09.656 16854-17856 BleGattServer           com.scmessenger.android              D  BleGattServer: identity beacon set (313 bytes)
2026-04-22 18:25:09.660 16854-17856 MeshRepository          com.scmessenger.android              I  BLE GATT identity beacon updated: 374d73eb... (313 bytes, listeners=0, external=0) p2p_id=12D3KooWDYF6HEnGo8fs4gbAhBth7HdJ2nQz7wKFXXUb6WBxNof9
2026-04-22 18:25:09.917 16854-17856 MeshRepository          com.scmessenger.android              D  Mesh Stats: 0 peers (Core), 0 full, 0 headless (Repo)
2026-04-22 18:25:09.936 16854-17851 MeshEventBus            com.scmessenger.android              D  StatusEvent emitted: StatsUpdated(stats=ServiceStats(peersDiscovered=0, messagesRelayed=0, bytesTransferred=0, uptimeSecs=30))
2026-04-22 18:25:14.945 16854-17851 MeshRepository          com.scmessenger.android              D  Mesh Stats: 0 peers (Core), 0 full, 0 headless (Repo)
2026-04-22 18:25:14.960 16854-17851 MeshEventBus            com.scmessenger.android              D  StatusEvent emitted: StatsUpdated(stats=ServiceStats(peersDiscovered=0, messagesRelayed=0, bytesTransferred=0, uptimeSecs=35))
2026-04-22 18:25:17.395 16854-16854 SettingsVi...adSettings com.scmessenger.android              D  Loaded mesh settings: MeshSettings(relayEnabled=true, maxRelayBudget=200, batteryFloor=20, bleEnabled=true, wifiAwareEnabled=true, wifiDirectEnabled=true, internetEnabled=true, discoveryMode=NORMAL, onionRouting=false, coverTrafficEnabled=false, messagePaddingEnabled=false, timingObfuscationEnabled=false, notificationsEnabled=true, notifyDmEnabled=true, notifyDmRequestEnabled=true, notifyDmInForeground=false, notifyDmRequestInForeground=true, soundEnabled=true, badgeEnabled=true)
2026-04-22 18:25:19.961 16854-17851 MeshRepository          com.scmessenger.android              D  Mesh Stats: 0 peers (Core), 0 full, 0 headless (Repo)
2026-04-22 18:25:19.967 16854-17851 MeshEventBus            com.scmessenger.android              D  StatusEvent emitted: StatsUpdated(stats=ServiceStats(peersDiscovered=0, messagesRelayed=0, bytesTransferred=0, uptimeSecs=40))
2026-04-22 18:25:21.400 16854-17851 MeshRepository          com.scmessenger.android              I  Bootstrap: network=WIFI, cellular=false, priority=[QUIC, TCP, WEBSOCKET_WSS, WEBSOCKET_WS]
2026-04-22 18:25:21.434 16854-17851 NetworkFailureMetrics   com.scmessenger.android              D  Failure metric recorded: node=/ip4/34.135.34.73/udp/9001/quic-v1/p2p/12D3KooWETatHYo4xt9aufXEEDce719fyMEB7KmXJga1SYVUikaw reason=Unknown network error: NetworkException: Network error total=3
2026-04-22 18:25:21.443 16854-17851 MeshRepository          com.scmessenger.android              W  Bootstrap dial failed for /ip4/34.135.34.73/udp/9001/quic-v1/p2p/12D3KooWETatHYo4xt9aufXEEDce719fyMEB7KmXJga1SYVUikaw - Unknown network error: NetworkException: Network error
2026-04-22 18:25:21.459 16854-17851 NetworkFailureMetrics   com.scmessenger.android              D  Failure metric recorded: node=/ip4/34.135.34.73/udp/9001/quic-v1/p2p/12D3KooWETatHYo4xt9aufXEEDce719fyMEB7KmXJga1SYVUikaw reason=Unknown network error: NetworkException: Network error total=4
2026-04-22 18:25:21.484 16854-17851 NetworkFailureMetrics   com.scmessenger.android              D  Failure metric recorded: node=/ip4/34.135.34.73/tcp/9001/p2p/12D3KooWETatHYo4xt9aufXEEDce719fyMEB7KmXJga1SYVUikaw reason=Unknown network error: NetworkException: Network error total=3
2026-04-22 18:25:21.487 16854-17851 MeshRepository          com.scmessenger.android              W  Bootstrap dial failed for /ip4/34.135.34.73/tcp/9001/p2p/12D3KooWETatHYo4xt9aufXEEDce719fyMEB7KmXJga1SYVUikaw - Unknown network error: NetworkException: Network error
2026-04-22 18:25:21.490 16854-17851 NetworkFailureMetrics   com.scmessenger.android              D  Failure metric recorded: node=/ip4/34.135.34.73/tcp/9001/p2p/12D3KooWETatHYo4xt9aufXEEDce719fyMEB7KmXJga1SYVUikaw reason=Unknown network error: NetworkException: Network error total=4
