2026-04-23 09:11:00.225 12114-12179 MeshRepository          com.scmessenger.android              I  BLE GATT identity beacon updated: 374d73eb... (313 bytes, listeners=0, external=0) p2p_id=12D3KooWDYF6HEnGo8fs4gbAhBth7HdJ2nQz7wKFXXUb6WBxNof9
2026-04-23 09:11:01.631 12114-12196 NetworkDetector         com.scmessenger.android              D  Network type: WIFI, blocked ports: []
2026-04-23 09:11:03.276 12114-12116 ssenger.android         com.scmessenger.android              I  Thread[2,tid=12116,WaitingInMainSignalCatcherLoop,Thread*=0xb4000076a7917f50,peer=0x20039a8,"Signal Catcher"]: reacting to signal 3
2026-04-23 09:11:03.276 12114-12116 ssenger.android         com.scmessenger.android              I  
2026-04-23 09:11:03.623 12114-12116 ssenger.android         com.scmessenger.android              I  Wrote stack traces to tombstoned
2026-04-23 09:11:04.705 12114-12196 NetworkDetector         com.scmessenger.android              D  Network type: WIFI, blocked ports: []
2026-04-23 09:11:05.169 12114-12179 MeshRepository          com.scmessenger.android              D  Mesh Stats: 0 peers (Core), 0 full, 0 headless (Repo)
2026-04-23 09:11:05.175 12114-12210 MeshEventBus            com.scmessenger.android              D  StatusEvent emitted: StatsUpdated(stats=ServiceStats(peersDiscovered=0, messagesRelayed=0, bytesTransferred=0, uptimeSecs=397))
2026-04-23 09:11:06.201 12114-12139 BleGattServer           com.scmessenger.android              D  BleGattServer: identity beacon set (313 bytes)
2026-04-23 09:11:06.202 12114-12139 MeshRepository          com.scmessenger.android              I  BLE GATT identity beacon updated: 374d73eb... (313 bytes, listeners=0, external=0) p2p_id=12D3KooWDYF6HEnGo8fs4gbAhBth7HdJ2nQz7wKFXXUb6WBxNof9
2026-04-23 09:11:06.203 12114-12139 MeshRepository          com.scmessenger.android              I  ✓ Internet transport (Swarm) initiated and bridge wired
2026-04-23 09:11:07.975 12114-12114 MeshRepository          com.scmessenger.android              D  getIdentityInfo: result=caccf8657f8cf09f647503be0c6a51f27ee4ff616fd5b7153fdf2c41b6b55747, initialized=true, nickname=Luke
2026-04-23 09:11:08.097 12114-12789 HWUI                    com.scmessenger.android              I  Davey! duration=11448ms; Flags=0, FrameTimelineVsyncId=75261042, IntendedVsync=283088526140740, Vsync=283088526140740, InputEventId=380876690, HandleInputStart=283088531188801, AnimationStart=283088531210448, PerformTraversalsStart=283099891812952, DrawStart=283099891849329, FrameDeadline=283088542740740, FrameStartTime=283088531184732, FrameInterval=16709782, WorkloadTarget=16600000, SyncQueued=283099971936935, SyncStart=283099971975102, IssueDrawCommandsStart=283099972118047, SwapBuffers=283099973757410, FrameCompleted=283099974670740, DequeueBufferDuration=11434, QueueBufferDuration=300171, GpuCompleted=283099974670740, SwapBuffersCompleted=283099974107549, DisplayPresentTime=283093487204469, CommandSubmissionCompleted=283099973757410, 
2026-04-23 09:11:10.126 12114-12170 AnrWatchdog             com.scmessenger.android              W  Slow main thread: 5001ms (threshold: 10000ms)
2026-04-23 09:11:10.179 12114-12210 MeshRepository          com.scmessenger.android              D  Mesh Stats: 0 peers (Core), 0 full, 0 headless (Repo)
2026-04-23 09:11:10.185 12114-12210 MeshEventBus            com.scmessenger.android              D  StatusEvent emitted: StatsUpdated(stats=ServiceStats(peersDiscovered=0, messagesRelayed=0, bytesTransferred=0, uptimeSecs=402))
2026-04-23 09:11:10.879 12114-12196 NetworkDetector         com.scmessenger.android              D  Network type: WIFI, blocked ports: []
2026-04-23 09:11:11.258 12114-12210 BleGattServer           com.scmessenger.android              D  BleGattServer: identity beacon set (313 bytes)
2026-04-23 09:11:11.262 12114-12210 MeshRepository          com.scmessenger.android              I  BLE GATT identity beacon updated: 374d73eb... (313 bytes, listeners=0, external=0) p2p_id=12D3KooWDYF6HEnGo8fs4gbAhBth7HdJ2nQz7wKFXXUb6WBxNof9
2026-04-23 09:11:14.027 12114-12196 NetworkDetector         com.scmessenger.android              D  Network type: WIFI, blocked ports: []
2026-04-23 09:11:15.193 12114-12210 MeshRepository          com.scmessenger.android              D  Mesh Stats: 0 peers (Core), 0 full, 0 headless (Repo)
2026-04-23 09:11:15.204 12114-12209 MeshEventBus            com.scmessenger.android              D  StatusEvent emitted: StatsUpdated(stats=ServiceStats(peersDiscovered=0, messagesRelayed=0, bytesTransferred=0, uptimeSecs=407))
2026-04-23 09:11:16.735  1619-13949 ActivityManager         system_server                        E  ANR in com.scmessenger.android (com.scmessenger.android/.ui.MainActivity)
                                                                                                    PID: 12114
                                                                                                    Reason: Input dispatching timed out (1e0d494 com.scmessenger.android/com.scmessenger.android.ui.MainActivity is not responding. Waited 5001ms for MotionEvent).
                                                                                                    Parent: com.scmessenger.android/.ui.MainActivity
                                                                                                    ErrorId: a479ad12-5fd1-4972-99c7-a8e88d1adffd
                                                                                                    Frozen: false
                                                                                                    Load: 1.55 / 2.02 / 2.49
                                                                                                    ----- Output from /proc/pressure/memory -----
                                                                                                    some avg10=0.09 avg60=0.41 avg300=0.50 total=1519667840
                                                                                                    full avg10=0.09 avg60=0.26 avg300=0.32 total=879441298
                                                                                                    ----- End output from /proc/pressure/memory -----
                                                                                                    ----- Output from /proc/pressure/cpu -----
                                                                                                    some avg10=3.88 avg60=5.35 avg300=5.42 total=26887560321
                                                                                                    full avg10=0.00 avg60=0.00 avg300=0.00 total=0
                                                                                                    ----- End output from /proc/pressure/cpu -----
                                                                                                    ----- Output from /proc/pressure/io -----
                                                                                                    some avg10=0.10 avg60=1.12 avg300=1.56 total=4767801658
                                                                                                    full avg10=0.00 avg60=0.57 avg300=0.88 total=2481787221
                                                                                                    ----- End output from /proc/pressure/io -----
                                                                                                    
                                                                                                    CPU usage from 2ms to 13443ms later (2026-04-23 09:11:03.239 to 2026-04-23 09:11:16.680) with 99% awake:
                                                                                                      124% 12114/com.scmessenger.android: 123% user + 1.2% kernel / faults: 7131 minor 1879 major
                                                                                                      16% 1619/system_server: 7.2% user + 9.1% kernel / faults: 7949 minor 1550 major
                                                                                                      2.5% 21975/com.google.android.inputmethod.latin: 1.4% user + 1.1% kernel / faults: 2624 minor 561 major
                                                                                                      2.2% 2261/com.android.systemui: 1.4% user + 0.8% kernel / faults: 2319 minor 351 major
                                                                                                      1.6% 11332/com.lemon.lvoverseas: 0.6% user + 0.9% kernel / faults: 538 minor 115 major
                                                                                                      1.3% 546/surfaceflinger: 0.8% user + 0.5% kernel / faults: 10 minor
                                                                                                      1.2% 2476/com.android.hbmsvmanager: 1% user + 0.2% kernel / faults: 1471 minor 110 major
                                                                                                      1.1% 365/ueventd: 1.1% user + 0% kernel
                                                                                                      1.1% 148/sched_pmu_wq: 0% user + 1.1% kernel
                                                                                                      1% 1484/adbd: 0.3% user + 0.6% kernel / faults: 6 minor
                                                                                                    22% TOTAL: 18% user + 3.2% kernel + 0.2% iowait + 0.4% irq + 0.2% softirq
                                                                                                    CPU usage from 50ms to 596ms later (2026-04-23 09:11:03.287 to 2026-04-23 09:11:03.833):
                                                                                                      224% 12114/com.scmessenger.android: 217% user + 6.4% kernel / faults: 536 minor 10 major
                                                                                                        99% 12114/ssenger.android: 99% user + 0% kernel
                                                                                                        96% 12139/DefaultDispatch: 96% user + 0% kernel
                                                                                                        19% 12116/Signal Catcher: 16% user + 3.2% kernel
                                                                                                      112% 1619/system_server: 50% user + 61% kernel / faults: 3872 minor 1349 major
                                                                                                        55% 13950/AnrAuxiliaryTas: 21% user + 33% kernel
                                                                                                        27% 1630/Signal Catcher: 14% user + 12% kernel
                                                                                                        8.4% 13949/AnrConsumer: 0% user + 8.4% kernel
                                                                                                        4.2% 1728/PowerManagerSer: 4.2% user + 0% kernel
                                                                                                        2.1% 2161/NetworkPolicy: 0% user + 2.1% kernel
                                                                                                        2.1% 2230/ClipboardServic: 0% user + 2.1% kernel
                                                                                                        2.1% 2233/PhotonicModulat: 0% user + 2.1% kernel
                                                                                                        2.1% 2453/MobileDataStats: 2.1% user + 0% kernel
                                                                                                        2.1% 26345/SurfaceSyncGrou: 0% user + 2.1% kernel
                                                                                                      9.5% 365/ueventd: 9.5% user + 0% kernel
                                                                                                      9.7% 546/surfaceflinger: 7.7% user + 1.9% kernel
                                                                                                        3.8% 546/surfaceflinger: 3.8% user + 0% kernel
                                                                                                        1.9% 596/RenderEngine: 1.9% user + 0% kernel
                                                                                                        1.9% 648/app: 1.9% user + 0% kernel
                                                                                                        1.9% 1732/binder:546_3: 1.9% user + 0% kernel
                                                                                                      8.1% 1223/android.hardware.usb-service.gs101: 8.1% user + 0% kernel
                                                                                                        4% 1233/android.hardwar: 4% user + 0% kernel
                                                                                                        2% 2200/android.hardwar: 2% user + 0% kernel
                                                                                                      5.5% 92/kswapd0: 0% user + 5.5% kernel
                                                                                                      5.8% 548/android.hardware.graphics.composer@2.4-service: 1.9% user + 3.8% kernel
                                                                                                        5.8% 597/HwBinder:548_1: 1.9% user + 3.8% kernel
                                                                                                      4.6% 3010/pixelstats-vendor: 2.3% user + 2.3% kernel
                                                                                                        2.3% 3027/pixelstats-vend: 0% user + 2.3% kernel
                                                                                                      1.8% 51/rcuog/4: 0% user + 1.8% kernel
                                                                                                      1.8% 59/rcuop/5: 0% user + 1.8% kernel
                                                                                                      1.8% 148/sched_pmu_wq: 0% user + 1.8% kernel
                                                                                                      1.8% 157/eh_comp_thread: 0% user + 1.8% kernel
                                                                                                      1.8% 181/thermal_BIG: 0% user + 1.8% kernel
                                                                                                      1.8% 218/thermal_LITTLE: 0% user + 1.8% kernel
                                                                                                      1.8% 275/decon0_kthread: 0% user + 1.8% kernel
                                                                                                      1.9% 481/logd: 0% user + 1.9% kernel
                                                                                                        1.9% 496/logd.writer: 0% user + 1.9% kernel
                                                                                                        1.9% 9180/logd.reader.per: 0% user + 1.9% kernel
2026-04-23 09:11:18.617 12114-12114 MeshRepository          com.scmessenger.android              D  getIdentityInfo: result=caccf8657f8cf09f647503be0c6a51f27ee4ff616fd5b7153fdf2c41b6b55747, initialized=true, nickname=Luke
2026-04-23 09:11:18.626 12114-12114 Choreographer           com.scmessenger.android              I  Skipped 1312 frames!  The application may be doing too much work on its main thread.
2026-04-23 09:11:18.697 12114-13924 HWUI                    com.scmessenger.android              I  Davey! duration=21976ms; Flags=0, FrameTimelineVsyncId=75261130, IntendedVsync=283088593170353, Vsync=283110511736241, InputEventId=1062720610, HandleInputStart=283110516668548, AnimationStart=283110516669728, PerformTraversalsStart=283110543933441, DrawStart=283110543971934, FrameDeadline=283100022317859, FrameStartTime=283110514955698, FrameInterval=16666667, WorkloadTarget=16600000, SyncQueued=283110566546356, SyncStart=283110567052297, IssueDrawCommandsStart=283110567199066, SwapBuffers=283110570027842, FrameCompleted=283110570417653, DequeueBufferDuration=10173, QueueBufferDuration=192098, GpuCompleted=283110570417653, SwapBuffersCompleted=283110570260386, DisplayPresentTime=283093520628338, CommandSubmissionCompleted=283110570027842, 
2026-04-23 09:11:20.224 12114-12209 MeshRepository          com.scmessenger.android              D  Mesh Stats: 0 peers (Core), 0 full, 0 headless (Repo)
2026-04-23 09:11:20.249 12114-12139 MeshEventBus            com.scmessenger.android              D  StatusEvent emitted: StatsUpdated(stats=ServiceStats(peersDiscovered=0, messagesRelayed=0, bytesTransferred=0, uptimeSecs=412))
2026-04-23 09:11:25.145 12114-12114 BluetoothAdapter        com.scmessenger.android              D  isLeEnabled(): ON
2026-04-23 09:11:25.146 12114-12114 BluetoothLeScanner      com.scmessenger.android              D  could not find callback wrapper
2026-04-23 09:11:25.147 12114-12114 BleScanner              com.scmessenger.android              V  BLE scan window ended
2026-04-23 09:11:25.255 12114-12139 MeshRepository          com.scmessenger.android              D  Mesh Stats: 0 peers (Core), 0 full, 0 headless (Repo)
2026-04-23 09:11:25.264 12114-12139 MeshEventBus            com.scmessenger.android              D  StatusEvent emitted: StatsUpdated(stats=ServiceStats(peersDiscovered=0, messagesRelayed=0, bytesTransferred=0, uptimeSecs=417))
2026-04-23 09:11:30.278 12114-12139 MeshRepository          com.scmessenger.android              D  Mesh Stats: 0 peers (Core), 0 full, 0 headless (Repo)
2026-04-23 09:11:30.294 12114-12209 MeshEventBus            com.scmessenger.android              D  StatusEvent emitted: StatsUpdated(stats=ServiceStats(peersDiscovered=0, messagesRelayed=0, bytesTransferred=0, uptimeSecs=422))
2026-04-23 09:11:34.892 12114-12114 InsetsController        com.scmessenger.android              D  hide(ime())
2026-04-23 09:11:34.892 12114-12114 ImeTracker              com.scmessenger.android              I  com.scmessenger.android:438b5fa8: onCancelled at PHASE_CLIENT_ALREADY_HIDDEN
2026-04-23 09:11:35.299 12114-12209 MeshRepository          com.scmessenger.android              D  Mesh Stats: 0 peers (Core), 0 full, 0 headless (Repo)
2026-04-23 09:11:35.308 12114-12209 MeshEventBus            com.scmessenger.android              D  StatusEvent emitted: StatsUpdated(stats=ServiceStats(peersDiscovered=0, messagesRelayed=0, bytesTransferred=0, uptimeSecs=427))
2026-04-23 09:11:35.820 12114-12196 NetworkDetector         com.scmessenger.android              D  Network type: WIFI, blocked ports: []
2026-04-23 09:11:40.316 12114-12209 MeshRepository          com.scmessenger.android              D  Mesh Stats: 0 peers (Core), 0 full, 0 headless (Repo)
2026-04-23 09:11:40.325 12114-12209 MeshEventBus            com.scmessenger.android              D  StatusEvent emitted: StatsUpdated(stats=ServiceStats(peersDiscovered=0, messagesRelayed=0, bytesTransferred=0, uptimeSecs=432))
2026-04-23 09:11:45.339 12114-12209 MeshRepository          com.scmessenger.android              D  Mesh Stats: 0 peers (Core), 0 full, 0 headless (Repo)
2026-04-23 09:11:45.353 12114-12210 MeshEventBus            com.scmessenger.android              D  StatusEvent emitted: StatsUpdated(stats=ServiceStats(peersDiscovered=0, messagesRelayed=0, bytesTransferred=0, uptimeSecs=437))
2026-04-23 09:11:50.370 12114-12210 MeshRepository          com.scmessenger.android              D  Mesh Stats: 0 peers (Core), 0 full, 0 headless (Repo)
2026-04-23 09:11:50.393 12114-12210 MeshEventBus            com.scmessenger.android              D  StatusEvent emitted: StatsUpdated(stats=ServiceStats(peersDiscovered=0, messagesRelayed=0, bytesTransferred=0, uptimeSecs=442))
2026-04-23 09:11:51.293 12114-12196 NetworkDetector         com.scmessenger.android              D  Network type: WIFI, blocked ports: []
2026-04-23 09:11:54.380 12114-12196 NetworkDetector         com.scmessenger.android              D  Network type: WIFI, blocked ports: []
2026-04-23 09:11:55.160 12114-12114 BluetoothAdapter        com.scmessenger.android              D  isLeEnabled(): ON
2026-04-23 09:11:55.160 12114-12114 BluetoothLeScanner      com.scmessenger.android              D  could not find callback wrapper
2026-04-23 09:11:55.162 12114-12114 BleScanner              com.scmessenger.android              V  BLE scan window ended
2026-04-23 09:11:55.402 12114-12210 MeshRepository          com.scmessenger.android              D  Mesh Stats: 0 peers (Core), 0 full, 0 headless (Repo)
2026-04-23 09:11:55.414 12114-12139 MeshEventBus            com.scmessenger.android              D  StatusEvent emitted: StatsUpdated(stats=ServiceStats(peersDiscovered=0, messagesRelayed=0, bytesTransferred=0, uptimeSecs=447))
2026-04-23 09:11:57.462 12114-12196 NetworkDetector         com.scmessenger.android              D  Network type: WIFI, blocked ports: []
2026-04-23 09:11:59.243 12114-12139 MeshRepository          com.scmessenger.android              I  Bootstrap: network=WIFI, cellular=false, priority=[QUIC, TCP, WEBSOCKET_WSS, WEBSOCKET_WS]
2026-04-23 09:11:59.270 12114-12139 CircuitBreaker          com.scmessenger.android              D  Circuit breaker OPEN for relay /ip4/34.135.34.73/udp/9001/quic-v1/p2p/12D3KooWETatHYo4xt9aufXEEDce719fyMEB7KmXJga1SYVUikaw, skipping
2026-04-23 09:11:59.286 12114-12139 MeshRepository          com.scmessenger.android              D  Circuit breaker blocked /ip4/34.135.34.73/udp/9001/quic-v1/p2p/12D3KooWETatHYo4xt9aufXEEDce719fyMEB7KmXJga1SYVUikaw, skipping
2026-04-23 09:11:59.305 12114-12139 CircuitBreaker          com.scmessenger.android              D  Circuit breaker OPEN for relay /ip4/34.135.34.73/tcp/9001/p2p/12D3KooWETatHYo4xt9aufXEEDce719fyMEB7KmXJga1SYVUikaw, skipping
2026-04-23 09:11:59.316 12114-12139 MeshRepository          com.scmessenger.android              D  Circuit breaker blocked /ip4/34.135.34.73/tcp/9001/p2p/12D3KooWETatHYo4xt9aufXEEDce719fyMEB7KmXJga1SYVUikaw, skipping
2026-04-23 09:11:59.324 12114-12139 CircuitBreaker          com.scmessenger.android              D  Circuit breaker OPEN for relay /ip4/104.28.216.43/udp/9010/quic-v1/p2p/12D3KooWHpmuhytgzLcM4nj1hZvN5b4crB1wka3LCNfKRCd7yHj9, skipping
2026-04-23 09:11:59.332 12114-12139 MeshRepository          com.scmessenger.android              D  Circuit breaker blocked /ip4/104.28.216.43/udp/9010/quic-v1/p2p/12D3KooWHpmuhytgzLcM4nj1hZvN5b4crB1wka3LCNfKRCd7yHj9, skipping
2026-04-23 09:11:59.338 12114-12139 CircuitBreaker          com.scmessenger.android              D  Circuit breaker OPEN for relay /ip4/104.28.216.43/tcp/9010/p2p/12D3KooWHpmuhytgzLcM4nj1hZvN5b4crB1wka3LCNfKRCd7yHj9, skipping
2026-04-23 09:11:59.343 12114-12139 MeshRepository          com.scmessenger.android              D  Circuit breaker blocked /ip4/104.28.216.43/tcp/9010/p2p/12D3KooWHpmuhytgzLcM4nj1hZvN5b4crB1wka3LCNfKRCd7yHj9, skipping
2026-04-23 09:11:59.348 12114-12139 CircuitBreaker          com.scmessenger.android              D  Circuit breaker OPEN for relay /dns4/bootstrap.scmessenger.net/tcp/443/ws/p2p/12D3KooWETatHYo4xt9aufXEEDce719fyMEB7KmXJga1SYVUikaw, skipping
2026-04-23 09:11:59.352 12114-12139 MeshRepository          com.scmessenger.android              D  Circuit breaker blocked /dns4/bootstrap.scmessenger.net/tcp/443/ws/p2p/12D3KooWETatHYo4xt9aufXEEDce719fyMEB7KmXJga1SYVUikaw, skipping
2026-04-23 09:11:59.356 12114-12139 CircuitBreaker          com.scmessenger.android              D  Circuit breaker OPEN for relay /dns4/bootstrap.scmessenger.net/tcp/80/ws/p2p/12D3KooWETatHYo4xt9aufXEEDce719fyMEB7KmXJga1SYVUikaw, skipping
2026-04-23 09:11:59.360 12114-12139 MeshRepository          com.scmessenger.android              D  Circuit breaker blocked /dns4/bootstrap.scmessenger.net/tcp/80/ws/p2p/12D3KooWETatHYo4xt9aufXEEDce719fyMEB7KmXJga1SYVUikaw, skipping
2026-04-23 09:11:59.363 12114-12139 MeshRepository          com.scmessenger.android              W  Bootstrap all-failed (consecutive=10), next attempt in 60000ms
2026-04-23 09:12:00.420 12114-12139 MeshRepository          com.scmessenger.android              D  Mesh Stats: 0 peers (Core), 0 full, 0 headless (Repo)
2026-04-23 09:12:00.428 12114-12139 MeshEventBus            com.scmessenger.android              D  StatusEvent emitted: StatsUpdated(stats=ServiceStats(peersDiscovered=0, messagesRelayed=0, bytesTransferred=0, uptimeSecs=452))
2026-04-23 09:12:00.555 12114-12196 NetworkDetector         com.scmessenger.android              D  Network type: WIFI, blocked ports: []
2026-04-23 09:12:05.434 12114-12139 MeshRepository          com.scmessenger.android              D  Mesh Stats: 0 peers (Core), 0 full, 0 headless (Repo)
2026-04-23 09:12:05.441 12114-12139 MeshEventBus            com.scmessenger.android              D  StatusEvent emitted: StatsUpdated(stats=ServiceStats(peersDiscovered=0, messagesRelayed=0, bytesTransferred=0, uptimeSecs=457))
2026-04-23 09:12:06.786 12114-12196 NetworkDetector         com.scmessenger.android              D  Network type: WIFI, blocked ports: []
2026-04-23 09:12:09.897 12114-12196 NetworkDetector         com.scmessenger.android              D  Network type: WIFI, blocked ports: []
2026-04-23 09:12:10.452 12114-12139 MeshRepository          com.scmessenger.android              D  Mesh Stats: 0 peers (Core), 0 full, 0 headless (Repo)
2026-04-23 09:12:10.462 12114-12209 MeshEventBus            com.scmessenger.android              D  StatusEvent emitted: StatsUpdated(stats=ServiceStats(peersDiscovered=0, messagesRelayed=0, bytesTransferred=0, uptimeSecs=462))
2026-04-23 09:12:12.996 12114-12196 NetworkDetector         com.scmessenger.android              D  Network type: WIFI, blocked ports: []
2026-04-23 09:12:15.480 12114-12209 MeshRepository          com.scmessenger.android              D  Mesh Stats: 0 peers (Core), 0 full, 0 headless (Repo)
2026-04-23 09:12:15.506 12114-12139 MeshEventBus            com.scmessenger.android              D  StatusEvent emitted: StatsUpdated(stats=ServiceStats(peersDiscovered=0, messagesRelayed=0, bytesTransferred=0, uptimeSecs=467))
2026-04-23 09:12:20.519 12114-12139 MeshRepository          com.scmessenger.android              D  Mesh Stats: 0 peers (Core), 0 full, 0 headless (Repo)
2026-04-23 09:12:20.534 12114-12210 MeshEventBus            com.scmessenger.android              D  StatusEvent emitted: StatsUpdated(stats=ServiceStats(peersDiscovered=0, messagesRelayed=0, bytesTransferred=0, uptimeSecs=472))
2026-04-23 09:12:24.966 12114-12114 InsetsController        com.scmessenger.android              D  hide(ime())
2026-04-23 09:12:24.966 12114-12114 ImeTracker              com.scmessenger.android              I  com.scmessenger.android:bd65e96f: onCancelled at PHASE_CLIENT_ALREADY_HIDDEN
2026-04-23 09:12:25.178 12114-12114 BluetoothAdapter        com.scmessenger.android              D  isLeEnabled(): ON
2026-04-23 09:12:25.179 12114-12114 BluetoothLeScanner      com.scmessenger.android              D  could not find callback wrapper
2026-04-23 09:12:25.180 12114-12114 BleScanner              com.scmessenger.android              V  BLE scan window ended
2026-04-23 09:12:25.383 12114-12196 NetworkDetector         com.scmessenger.android              D  Network type: WIFI, blocked ports: []
2026-04-23 09:12:25.553 12114-12210 MeshRepository          com.scmessenger.android              D  Mesh Stats: 0 peers (Core), 0 full, 0 headless (Repo)
2026-04-23 09:12:25.578 12114-12209 MeshEventBus            com.scmessenger.android              D  StatusEvent emitted: StatsUpdated(stats=ServiceStats(peersDiscovered=0, messagesRelayed=0, bytesTransferred=0, uptimeSecs=477))
2026-04-23 09:12:30.598 12114-12209 MeshRepository          com.scmessenger.android              D  Mesh Stats: 0 peers (Core), 0 full, 0 headless (Repo)
2026-04-23 09:12:30.624 12114-12139 MeshEventBus            com.scmessenger.android              D  StatusEvent emitted: StatsUpdated(stats=ServiceStats(peersDiscovered=0, messagesRelayed=0, bytesTransferred=0, uptimeSecs=482))
2026-04-23 09:12:34.189 12114-12114 InsetsController        com.scmessenger.android              D  hide(ime())
2026-04-23 09:12:34.189 12114-12114 ImeTracker              com.scmessenger.android              I  com.scmessenger.android:cc2f82ff: onCancelled at PHASE_CLIENT_ALREADY_HIDDEN
2026-04-23 09:12:35.409 12114-12114 WindowOnBackDispatcher  com.scmessenger.android              W  OnBackInvokedCallback is not enabled for the application.
                                                                                                    Set 'android:enableOnBackInvokedCallback="true"' in the application manifest.
2026-04-23 09:12:35.627 12114-12139 MeshRepository          com.scmessenger.android              D  Mesh Stats: 0 peers (Core), 0 full, 0 headless (Repo)
2026-04-23 09:12:35.634 12114-12210 MeshEventBus            com.scmessenger.android              D  StatusEvent emitted: StatsUpdated(stats=ServiceStats(peersDiscovered=0, messagesRelayed=0, bytesTransferred=0, uptimeSecs=487))
2026-04-23 09:12:37.752 12114-12196 NetworkDetector         com.scmessenger.android              D  Network type: WIFI, blocked ports: []
2026-04-23 09:12:37.807 12114-12114 MainActivity            com.scmessenger.android              D  MainActivity paused
2026-04-23 09:12:38.025 12114-12114 AnrWatchdog             com.scmessenger.android              I  ANR watchdog stopped (total ANR events=0)
2026-04-23 09:12:38.031 12114-12114 MainActivity            com.scmessenger.android              D  ANR watchdog stopped
2026-04-23 09:12:38.036 12114-12114 WindowOnBackDispatcher  com.scmessenger.android              D  setTopOnBackInvokedCallback (unwrapped): null
2026-04-23 09:12:38.049 12114-12114 ViewRootImpl            com.scmessenger.android              D  Skipping stats log for color mode
---------------------------- PROCESS ENDED (12114) for package com.scmessenger.android ----------------------------
---------------------------- PROCESS STARTED (14251) for package com.scmessenger.android ----------------------------
2026-04-23 09:12:45.300 14251-14251 ssenger.android         com.scmessenger.android              I  Using CollectorTypeCMC GC.
2026-04-23 09:12:45.306 14251-14251 nativeloader            com.scmessenger.android              D  Load libframework-connectivity-tiramisu-jni.so using APEX ns com_android_tethering for caller /apex/com.android.tethering/javalib/framework-connectivity-t.jar: ok
2026-04-23 09:12:45.649 14251-14251 nativeloader            com.scmessenger.android              D  Configuring clns-9 for other apk /data/app/~~Jyv3LdX7F9rx3EGbdGQkag==/com.scmessenger.android-c8nrovuS6FUlALg6bLXB5w==/base.apk. target_sdk_version=35, uses_libraries=, library_path=/data/app/~~Jyv3LdX7F9rx3EGbdGQkag==/com.scmessenger.android-c8nrovuS6FUlALg6bLXB5w==/lib/arm64:/data/app/~~Jyv3LdX7F9rx3EGbdGQkag==/com.scmessenger.android-c8nrovuS6FUlALg6bLXB5w==/base.apk!/lib/arm64-v8a, permitted_path=/data:/mnt/expand:/data/user/0/com.scmessenger.android
2026-04-23 09:12:45.650 14251-14251 CompatChangeReporter    com.scmessenger.android              D  Compat change id reported: 202956589; UID 10499; state: ENABLED
2026-04-23 09:12:45.655 14251-14251 GraphicsEnvironment     com.scmessenger.android              V  Currently set values for:
2026-04-23 09:12:45.655 14251-14251 GraphicsEnvironment     com.scmessenger.android              V    angle_gl_driver_selection_pkgs=[com.android.angle]
2026-04-23 09:12:45.655 14251-14251 GraphicsEnvironment     com.scmessenger.android              V    angle_gl_driver_selection_values=[angle]
2026-04-23 09:12:45.655 14251-14251 GraphicsEnvironment     com.scmessenger.android              V  com.scmessenger.android is not listed in per-application setting
2026-04-23 09:12:45.655 14251-14251 GraphicsEnvironment     com.scmessenger.android              V  No special selections for ANGLE, returning default driver choice
2026-04-23 09:12:45.655 14251-14251 GraphicsEnvironment     com.scmessenger.android              V  Neither updatable production driver nor prerelease driver is supported.
2026-04-23 09:12:45.672 14251-14251 WM-WrkMgrInitializer    com.scmessenger.android              D  Initializing WorkManager with default configuration.
2026-04-23 09:12:45.691 14251-14278 CompatChangeReporter    com.scmessenger.android              D  Compat change id reported: 312399441; UID 10499; state: ENABLED
2026-04-23 09:12:45.700 14251-14251 MeshApplication         com.scmessenger.android              I  SCMessenger application started
2026-04-23 09:12:45.704 14251-14280 StorageManager          com.scmessenger.android              D  Performing startup storage maintenance...
2026-04-23 09:12:45.706 14251-14282 DisplayManager          com.scmessenger.android              I  Choreographer implicitly registered for the refresh rate.
2026-04-23 09:12:45.707 14251-14280 StorageManager          com.scmessenger.android              D  Logs rotated successfully.
2026-04-23 09:12:45.708 14251-14282 vulkan                  com.scmessenger.android              D  searching for layers in '/data/app/~~Jyv3LdX7F9rx3EGbdGQkag==/com.scmessenger.android-c8nrovuS6FUlALg6bLXB5w==/lib/arm64'
2026-04-23 09:12:45.708 14251-14282 vulkan                  com.scmessenger.android              D  searching for layers in '/data/app/~~Jyv3LdX7F9rx3EGbdGQkag==/com.scmessenger.android-c8nrovuS6FUlALg6bLXB5w==/base.apk!/lib/arm64-v8a'
2026-04-23 09:12:45.712 14251-14280 StorageManager          com.scmessenger.android              D  Startup maintenance complete. Available storage: 17857 MB
2026-04-23 09:12:45.712 14251-14251 DesktopExperienceFlags  com.scmessenger.android              D  Toggle override initialized to: false
2026-04-23 09:12:45.713 14251-14280 MeshApplic...n$onCreate com.scmessenger.android              I  Startup storage maintenance completed
2026-04-23 09:12:45.733 14251-14251 MeshRepository          com.scmessenger.android              D  MeshRepository initialized with storage: /data/user/0/com.scmessenger.android/files
2026-04-23 09:12:45.736 14251-14251 MeshRepository          com.scmessenger.android              D  AND-CONTACTS-WIPE-001: Reinstall check - hasIdentityBackup=true, contactsOnDisk=true, historyOnDisk=true
2026-04-23 09:12:45.736 14251-14251 MeshRepository          com.scmessenger.android              D  AND-CONTACTS-WIPE-001: Normal startup - all data present
2026-04-23 09:12:45.740 14251-14251 MeshRepository          com.scmessenger.android              D  Contacts migration already completed, skipping
2026-04-23 09:12:45.744 14251-14251 nativeloader            com.scmessenger.android              D  Load /data/app/~~Jyv3LdX7F9rx3EGbdGQkag==/com.scmessenger.android-c8nrovuS6FUlALg6bLXB5w==/lib/arm64/libjnidispatch.so using class loader ns clns-9 (caller=/data/app/~~Jyv3LdX7F9rx3EGbdGQkag==/com.scmessenger.android-c8nrovuS6FUlALg6bLXB5w==/base.apk!classes17.dex): ok
2026-04-23 09:12:45.863 14251-14251 MeshRepository          com.scmessenger.android              I  all_managers_init_success
2026-04-23 09:12:45.864 14251-14251 MeshRepository          com.scmessenger.android              I  All managers initialized successfully
2026-04-23 09:12:45.865 14251-14251 MeshRepository          com.scmessenger.android              D  AND-CONTACTS-WIPE-001: Contact data verification - Found 0 contacts
2026-04-23 09:12:45.865 14251-14251 MeshRepository          com.scmessenger.android              W  AND-CONTACTS-WIPE-001: WARNING - No contacts found. If this is unexpected, data recovery may be needed.
2026-04-23 09:12:45.867 14251-14251 MainActivity            com.scmessenger.android              D  MainActivity created
2026-04-23 09:12:45.868 14251-14251 AnrWatchdog             com.scmessenger.android              I  ANR watchdog started (check=5000ms, threshold=10000ms)
2026-04-23 09:12:45.868 14251-14251 MainActivity            com.scmessenger.android              I  ANR watchdog started for UI thread monitoring
2026-04-23 09:12:45.868 14251-14280 MeshRepository          com.scmessenger.android              D  Corruption check: contacts=0, messages=0
2026-04-23 09:12:45.869 14251-14280 MeshRepository          com.scmessenger.android              D  Database integrity check passed
2026-04-23 09:12:45.870 14251-14251 MainActivity            com.scmessenger.android              D  All permissions already granted
2026-04-23 09:12:45.875 14251-14251 CompatChangeReporter    com.scmessenger.android              D  Compat change id reported: 309578419; UID 10499; state: ENABLED
2026-04-23 09:12:45.875 14251-14251 DesktopModeFlags        com.scmessenger.android              D  Toggle override initialized to: OVERRIDE_UNSET
2026-04-23 09:12:45.886 14251-14280 MeshRepository          com.scmessenger.android              I  Repository background initialization completed
2026-04-23 09:12:45.887 14251-14279 MeshReposi...aintenance com.scmessenger.android              D  Storage maintenance check: free=17857MB / total=112912MB
2026-04-23 09:12:45.887 14251-14280 MainActivity            com.scmessenger.android              D  UI components initialization completed
2026-04-23 09:12:45.887 14251-14251 ContentCaptureHelper    com.scmessenger.android              I  Setting logging level to OFF
2026-04-23 09:12:45.892 14251-14251 MainActivity            com.scmessenger.android              D  MainActivity resumed
2026-04-23 09:12:45.893 14251-14251 MainActivity            com.scmessenger.android              D  All permissions already granted
2026-04-23 09:12:45.893 14251-14251 MeshRepository          com.scmessenger.android              D  Permission refresh skipped: mesh service is not running
2026-04-23 09:12:45.898 14251-14251 CompatChangeReporter    com.scmessenger.android              D  Compat change id reported: 349153669; UID 10499; state: ENABLED
2026-04-23 09:12:45.988 14251-14251 MainViewModel           com.scmessenger.android              D  MainViewModel init
2026-04-23 09:12:45.989 14251-14279 MainViewMo...rageStatus com.scmessenger.android              D  Storage refreshed: 17857 MB available (Low=false)
2026-04-23 09:12:45.990 14251-14251 MainViewModel           com.scmessenger.android              D  MeshRepository service state: STOPPED
2026-04-23 09:12:45.990 14251-14332 MainViewMo...ntityState com.scmessenger.android              D  refreshIdentityState() called
2026-04-23 09:12:45.991 14251-14332 MainViewMo...ntityState com.scmessenger.android              D  Identity initialized state: true
2026-04-23 09:12:45.993 14251-14332 MainViewMo...ntityState com.scmessenger.android              D  Identity is initialized but install choice not completed, fixing preference...
2026-04-23 09:12:46.008 14251-14251 VRI[MainActivity]       com.scmessenger.android              D  WindowInsets changed: 1080x2400 statusBars:[0,132,0,0] navigationBars:[0,0,0,63] mandatorySystemGestures:[0,164,0,84] 
2026-04-23 09:12:46.009 14251-14251 WindowOnBackDispatcher  com.scmessenger.android              D  setTopOnBackInvokedCallback (unwrapped): android.view.ViewRootImpl$$ExternalSyntheticLambda25@1f45d63
2026-04-23 09:12:46.010 14251-14332 PreferencesRepository   com.scmessenger.android              I  Install choice completed: true
2026-04-23 09:12:46.011 14251-14332 MainViewMo...ntityState com.scmessenger.android              D  Identity is initialized but onboarding not completed, fixing preference...
2026-04-23 09:12:46.012 14251-14281 PreferencesRepository   com.scmessenger.android              I  Onboarding completed: true
2026-04-23 09:12:46.039 14251-14261 ssenger.android         com.scmessenger.android              I  Compiler allocated 5049KB to compile void android.view.ViewRootImpl.performTraversals()
2026-04-23 09:12:46.048 14251-14251 HWUI                    com.scmessenger.android              I  Using FreeType backend (prop=Auto)
2026-04-23 09:12:46.079 14251-14251 MeshServiceViewModel    com.scmessenger.android              D  MeshServiceViewModel initialized
2026-04-23 09:12:46.085 14251-14281 DashboardViewModel      com.scmessenger.android              D  Loaded 0 discovered peers (0 full)
2026-04-23 09:12:46.086 14251-14281 MeshRepository          com.scmessenger.android              D  getIdentityInfo: result=null, initialized=null, nickname=null
2026-04-23 09:12:46.086 14251-14334 MeshReposi...edDeferred com.scmessenger.android              D  Lazy starting MeshService for Identity access...
2026-04-23 09:12:46.086 14251-14281 DashboardViewModel      com.scmessenger.android              D  Topology built: 0 nodes, 0 edges
2026-04-23 09:12:46.087 14251-14281 DashboardV...efreshData com.scmessenger.android              D  Dashboard data refreshed
2026-04-23 09:12:46.087 14251-14332 DashboardViewModel      com.scmessenger.android              D  Loaded 0 discovered peers (0 full)
2026-04-23 09:12:46.088 14251-14281 MeshReposi...edDeferred com.scmessenger.android              D  MeshService is already starting, skipping redundant init
2026-04-23 09:12:46.089 14251-14332 MeshRepository          com.scmessenger.android              D  getIdentityInfo: result=null, initialized=null, nickname=null
2026-04-23 09:12:46.089 14251-14332 DashboardViewModel      com.scmessenger.android              D  Topology built: 0 nodes, 0 edges
2026-04-23 09:12:46.090 14251-14332 DashboardV...efreshData com.scmessenger.android              D  Dashboard data refreshed
2026-04-23 09:12:46.091 14251-14334 MeshRepository          com.scmessenger.android              I  service_start_requested
2026-04-23 09:12:46.091 14251-14334 MeshRepository          com.scmessenger.android              D  Starting MeshService...
2026-04-23 09:12:46.091 14251-14251 DefaultDispatch         com.scmessenger.android              W  type=1400 audit(0.0:196068): avc:  denied  { search } for  name="/" dev="cgroup2" ino=1 scontext=u:r:untrusted_app:s0:c243,c257,c512,c768 tcontext=u:object_r:cgroup_v2:s0 tclass=dir permissive=0 app=com.scmessenger.android
2026-04-23 09:12:46.091 14251-14251 DefaultDispatch         com.scmessenger.android              W  type=1400 audit(0.0:196069): avc:  denied  { search } for  name="/" dev="cgroup2" ino=1 scontext=u:r:untrusted_app:s0:c243,c257,c512,c768 tcontext=u:object_r:cgroup_v2:s0 tclass=dir permissive=0 app=com.scmessenger.android
2026-04-23 09:12:46.091 14251-14251 DefaultDispatch         com.scmessenger.android              W  type=1400 audit(0.0:196070): avc:  denied  { search } for  name="/" dev="cgroup" ino=1 scontext=u:r:untrusted_app:s0:c243,c257,c512,c768 tcontext=u:object_r:cgroup:s0 tclass=dir permissive=0 app=com.scmessenger.android
2026-04-23 09:12:46.091 14251-14251 DefaultDispatch         com.scmessenger.android              W  type=1400 audit(0.0:196071): avc:  denied  { search } for  name="/" dev="cgroup" ino=1 scontext=u:r:untrusted_app:s0:c243,c257,c512,c768 tcontext=u:object_r:cgroup:s0 tclass=dir permissive=0 app=com.scmessenger.android
2026-04-23 09:12:46.129 14251-14334 MeshRepository          com.scmessenger.android              I  SmartTransportRouter initialized for intelligent transport selection
2026-04-23 09:12:46.133 14251-14334 NetworkDetector         com.scmessenger.android              D  Network type: WIFI, blocked ports: []
2026-04-23 09:12:46.133 14251-14334 NetworkDetector         com.scmessenger.android              I  NetworkDetector monitoring started
2026-04-23 09:12:46.133 14251-14344 NetworkDetector         com.scmessenger.android              D  Network type: WIFI, blocked ports: []
2026-04-23 09:12:46.134 14251-14334 MeshRepository          com.scmessenger.android              I  NetworkDetector started — cellular-aware transport fallback active
2026-04-23 09:12:46.134 14251-14344 NetworkDetector         com.scmessenger.android              D  Network type: WIFI, blocked ports: []
2026-04-23 09:12:46.136 14251-14344 NetworkDetector         com.scmessenger.android              W  Cellular network detected (CELLULAR) — blocking ports: [9001, 9010, 4001, 5001]
2026-04-23 09:12:46.136 14251-14332 MeshReposi...hangeWatch com.scmessenger.android              I  Network type changed: WIFI → CELLULAR, resetting circuit breakers and re-bootstrapping
2026-04-23 09:12:46.139 14251-14344 NetworkDetector         com.scmessenger.android              D  Network type: CELLULAR, blocked ports: [9001, 9010, 4001, 5001]
2026-04-23 09:12:46.140 14251-14332 CircuitBreaker          com.scmessenger.android              I  All circuit breakers reset
2026-04-23 09:12:46.142 14251-14344 NetworkDetector         com.scmessenger.android              W  Cellular network detected (CELLULAR) — blocking ports: [9001, 9010, 4001, 5001]
2026-04-23 09:12:46.144 14251-14332 MeshRepository          com.scmessenger.android              I  Racing bootstrap: network=CELLULAR, transports=wss→tcp→quic→tcp→ws
2026-04-23 09:12:46.144 14251-14344 NetworkDetector         com.scmessenger.android              D  Network type: CELLULAR, blocked ports: [9001, 9010, 4001, 5001]
2026-04-23 09:12:46.145 14251-14332 CircuitBreaker          com.scmessenger.android              I  All circuit breakers reset
2026-04-23 09:12:46.158 14251-14332 MeshReposi...$Companion com.scmessenger.android              I  Using bootstrap source: StaticFallback with 4 nodes
2026-04-23 09:12:46.222 14251-14353 MainViewMo...ntityState com.scmessenger.android              D  refreshIdentityState() called
2026-04-23 09:12:46.225 14251-14353 MainViewMo...ntityState com.scmessenger.android              D  Identity initialized state: true
2026-04-23 09:12:46.226 14251-14353 MainViewMo...ntityState com.scmessenger.android              D  Identity is initialized but install choice not completed, fixing preference...
2026-04-23 09:12:46.229 14251-14332 PreferencesRepository   com.scmessenger.android              I  Install choice completed: true
2026-04-23 09:12:46.231 14251-14332 MainViewMo...ntityState com.scmessenger.android              D  Identity is initialized but onboarding not completed, fixing preference...
2026-04-23 09:12:46.233 14251-14353 PreferencesRepository   com.scmessenger.android              I  Onboarding completed: true
2026-04-23 09:12:46.275 14251-14251 MainViewModel           com.scmessenger.android              D  Preference onboardingCompleted: true
2026-04-23 09:12:46.276 14251-14251 MainViewModel           com.scmessenger.android              D  Preference installChoiceCompleted: true
2026-04-23 09:12:46.334 14251-14251 Conversati...adMessages com.scmessenger.android              D  Loaded 0 messages
2026-04-23 09:12:46.336 14251-14251 Conversati...$loadStats com.scmessenger.android              D  Loaded stats: HistoryStats(totalMessages=0, sentCount=0, receivedCount=0, undeliveredCount=0)
2026-04-23 09:12:46.339 14251-14251 Conversati...ockedPeers com.scmessenger.android              D  Loaded 0 blocked peers
2026-04-23 09:12:46.986 14251-14344 NetworkDetector         com.scmessenger.android              D  Network type: WIFI, blocked ports: []
2026-04-23 09:12:46.995 14251-14251 InsetsController        com.scmessenger.android              D  hide(ime())
2026-04-23 09:12:46.995 14251-14251 ImeTracker              com.scmessenger.android              I  com.scmessenger.android:9ba99732: onCancelled at PHASE_CLIENT_ALREADY_HIDDEN
2026-04-23 09:12:47.665 14251-14280 NetworkDet...probePorts com.scmessenger.android              D  Port probe: 34.135.34.73:443 = blocked
2026-04-23 09:12:47.665 14251-14333 NetworkDet...probePorts com.scmessenger.android              D  Port probe: 104.28.216.43:9010 = blocked
2026-04-23 09:12:47.666 14251-14281 NetworkDet...probePorts com.scmessenger.android              D  Port probe: 34.135.34.73:9001 = blocked
2026-04-23 09:12:47.666 14251-14279 NetworkDet...probePorts com.scmessenger.android              D  Port probe: 104.28.216.43:443 = blocked
2026-04-23 09:12:47.694 14251-14279 MeshRepository          com.scmessenger.android              W  All bootstrap addresses failed or timed out, falling back to mDNS
2026-04-23 09:12:47.698 14251-14279 MeshRepository          com.scmessenger.android              I  All relay bootstrap failed, attempting mDNS local discovery
2026-04-23 09:12:50.059 14251-14344 NetworkDetector         com.scmessenger.android              D  Network type: WIFI, blocked ports: []
2026-04-23 09:12:51.202 14251-14408 ProfileInstaller        com.scmessenger.android              D  Installing profile for com.scmessenger.android
2026-04-23 09:12:52.706 14251-14279 MeshRepository          com.scmessenger.android              E  mDNS fallback: no LAN peers discovered within timeout
2026-04-23 09:12:52.709 14251-14279 MeshReposi...hangeWatch com.scmessenger.android              I  Network type changed: CELLULAR → WIFI, resetting circuit breakers and re-bootstrapping
2026-04-23 09:12:52.710 14251-14279 CircuitBreaker          com.scmessenger.android              I  All circuit breakers reset
2026-04-23 09:12:52.714 14251-14279 MeshRepository          com.scmessenger.android              I  Racing bootstrap: network=WIFI, transports=quic→tcp→wss→ws
2026-04-23 09:12:52.715 14251-14279 CircuitBreaker          com.scmessenger.android              I  All circuit breakers reset
