2026-04-23 09:21:19.264 14251-14280 MeshRepository          com.scmessenger.android              D  Circuit breaker blocked /dns4/bootstrap.scmessenger.net/tcp/80/ws/p2p/12D3KooWETatHYo4xt9aufXEEDce719fyMEB7KmXJga1SYVUikaw, skipping
2026-04-23 09:21:19.268 14251-14280 MeshRepository          com.scmessenger.android              W  Bootstrap all-failed (consecutive=9), next attempt in 60000ms
2026-04-23 09:21:20.769 14251-14280 MeshRepository          com.scmessenger.android              D  Mesh Stats: 0 peers (Core), 0 full, 0 headless (Repo)
2026-04-23 09:21:20.777 14251-14280 MeshEventBus            com.scmessenger.android              D  StatusEvent emitted: StatsUpdated(stats=ServiceStats(peersDiscovered=0, messagesRelayed=0, bytesTransferred=0, uptimeSecs=504))
2026-04-23 09:21:25.786 14251-14280 MeshRepository          com.scmessenger.android              D  Mesh Stats: 0 peers (Core), 0 full, 0 headless (Repo)
2026-04-23 09:21:25.794 14251-14280 MeshEventBus            com.scmessenger.android              D  StatusEvent emitted: StatsUpdated(stats=ServiceStats(peersDiscovered=0, messagesRelayed=0, bytesTransferred=0, uptimeSecs=509))
2026-04-23 09:21:30.801 14251-14280 MeshRepository          com.scmessenger.android              D  Mesh Stats: 0 peers (Core), 0 full, 0 headless (Repo)
2026-04-23 09:21:30.810 14251-14280 MeshEventBus            com.scmessenger.android              D  StatusEvent emitted: StatsUpdated(stats=ServiceStats(peersDiscovered=0, messagesRelayed=0, bytesTransferred=0, uptimeSecs=514))
2026-04-23 09:21:32.667 14251-14344 NetworkDetector         com.scmessenger.android              D  Network type: WIFI, blocked ports: []
2026-04-23 09:21:35.783 14251-14344 NetworkDetector         com.scmessenger.android              D  Network type: WIFI, blocked ports: []
2026-04-23 09:21:35.812 14251-14280 MeshRepository          com.scmessenger.android              D  Mesh Stats: 0 peers (Core), 0 full, 0 headless (Repo)
2026-04-23 09:21:35.817 14251-14281 MeshEventBus            com.scmessenger.android              D  StatusEvent emitted: StatsUpdated(stats=ServiceStats(peersDiscovered=0, messagesRelayed=0, bytesTransferred=0, uptimeSecs=519))
2026-04-23 09:21:38.691 14251-14251 BluetoothAdapter        com.scmessenger.android              D  isLeEnabled(): ON
2026-04-23 09:21:38.691 14251-14251 BluetoothLeScanner      com.scmessenger.android              D  could not find callback wrapper
2026-04-23 09:21:38.693 14251-14251 BleScanner              com.scmessenger.android              V  BLE scan window ended
2026-04-23 09:21:40.833 14251-14281 MeshRepository          com.scmessenger.android              D  Mesh Stats: 0 peers (Core), 0 full, 0 headless (Repo)
2026-04-23 09:21:40.856 14251-14281 MeshEventBus            com.scmessenger.android              D  StatusEvent emitted: StatsUpdated(stats=ServiceStats(peersDiscovered=0, messagesRelayed=0, bytesTransferred=0, uptimeSecs=524))
2026-04-23 09:21:41.973 14251-14344 NetworkDetector         com.scmessenger.android              D  Network type: WIFI, blocked ports: []
2026-04-23 09:21:45.870 14251-14281 MeshRepository          com.scmessenger.android              D  Mesh Stats: 0 peers (Core), 0 full, 0 headless (Repo)
2026-04-23 09:21:45.885 14251-14280 MeshEventBus            com.scmessenger.android              D  StatusEvent emitted: StatsUpdated(stats=ServiceStats(peersDiscovered=0, messagesRelayed=0, bytesTransferred=0, uptimeSecs=529))
2026-04-23 09:21:48.207 14251-14344 NetworkDetector         com.scmessenger.android              D  Network type: WIFI, blocked ports: []
2026-04-23 09:21:50.905 14251-14280 MeshRepository          com.scmessenger.android              D  Mesh Stats: 0 peers (Core), 0 full, 0 headless (Repo)
2026-04-23 09:21:50.929 14251-14333 MeshEventBus            com.scmessenger.android              D  StatusEvent emitted: StatsUpdated(stats=ServiceStats(peersDiscovered=0, messagesRelayed=0, bytesTransferred=0, uptimeSecs=534))
2026-04-23 09:21:54.414 14251-14344 NetworkDetector         com.scmessenger.android              D  Network type: WIFI, blocked ports: []
2026-04-23 09:21:55.947 14251-14333 MeshRepository          com.scmessenger.android              D  Mesh Stats: 0 peers (Core), 0 full, 0 headless (Repo)
2026-04-23 09:21:55.970 14251-14281 MeshEventBus            com.scmessenger.android              D  StatusEvent emitted: StatsUpdated(stats=ServiceStats(peersDiscovered=0, messagesRelayed=0, bytesTransferred=0, uptimeSecs=539))
2026-04-23 09:22:00.984 14251-14281 MeshRepository          com.scmessenger.android              D  Mesh Stats: 0 peers (Core), 0 full, 0 headless (Repo)
2026-04-23 09:22:00.999 14251-14280 MeshEventBus            com.scmessenger.android              D  StatusEvent emitted: StatsUpdated(stats=ServiceStats(peersDiscovered=0, messagesRelayed=0, bytesTransferred=0, uptimeSecs=544))
2026-04-23 09:22:06.005 14251-14280 MeshRepository          com.scmessenger.android              D  Mesh Stats: 0 peers (Core), 0 full, 0 headless (Repo)
2026-04-23 09:22:06.013 14251-14333 MeshEventBus            com.scmessenger.android              D  StatusEvent emitted: StatsUpdated(stats=ServiceStats(peersDiscovered=0, messagesRelayed=0, bytesTransferred=0, uptimeSecs=550))
2026-04-23 09:22:06.860 14251-14344 NetworkDetector         com.scmessenger.android              D  Network type: WIFI, blocked ports: []
2026-04-23 09:22:08.700 14251-14251 BluetoothAdapter        com.scmessenger.android              D  isLeEnabled(): ON
2026-04-23 09:22:08.700 14251-14251 BluetoothLeScanner      com.scmessenger.android              D  could not find callback wrapper
2026-04-23 09:22:08.701 14251-14251 BleScanner              com.scmessenger.android              V  BLE scan window ended
2026-04-23 09:22:09.006 14251-14251 WindowOnBackDispatcher  com.scmessenger.android              W  OnBackInvokedCallback is not enabled for the application.
                                                                                                    Set 'android:enableOnBackInvokedCallback="true"' in the application manifest.
2026-04-23 09:22:11.032 14251-14333 MeshRepository          com.scmessenger.android              D  Mesh Stats: 0 peers (Core), 0 full, 0 headless (Repo)
2026-04-23 09:22:11.054 14251-14281 MeshEventBus            com.scmessenger.android              D  StatusEvent emitted: StatsUpdated(stats=ServiceStats(peersDiscovered=0, messagesRelayed=0, bytesTransferred=0, uptimeSecs=555))
2026-04-23 09:22:13.049 14251-14344 NetworkDetector         com.scmessenger.android              D  Network type: WIFI, blocked ports: []
2026-04-23 09:22:16.059 14251-14281 MeshRepository          com.scmessenger.android              D  Mesh Stats: 0 peers (Core), 0 full, 0 headless (Repo)
2026-04-23 09:22:16.068 14251-14280 MeshEventBus            com.scmessenger.android              D  StatusEvent emitted: StatsUpdated(stats=ServiceStats(peersDiscovered=0, messagesRelayed=0, bytesTransferred=0, uptimeSecs=560))
2026-04-23 09:22:19.320 14251-14344 NetworkDetector         com.scmessenger.android              D  Network type: WIFI, blocked ports: []
2026-04-23 09:22:21.084 14251-14280 MeshRepository          com.scmessenger.android              D  Mesh Stats: 0 peers (Core), 0 full, 0 headless (Repo)
2026-04-23 09:22:21.109 14251-14281 MeshEventBus            com.scmessenger.android              D  StatusEvent emitted: StatsUpdated(stats=ServiceStats(peersDiscovered=0, messagesRelayed=0, bytesTransferred=0, uptimeSecs=565))
2026-04-23 09:22:22.406 14251-14344 NetworkDetector         com.scmessenger.android              D  Network type: WIFI, blocked ports: []
2026-04-23 09:22:23.329 14251-14281 MeshRepository          com.scmessenger.android              I  Bootstrap: network=WIFI, cellular=false, priority=[QUIC, TCP, WEBSOCKET_WSS, WEBSOCKET_WS]
2026-04-23 09:22:23.333 14251-14281 CircuitBreaker          com.scmessenger.android              D  Circuit breaker OPEN for relay /ip4/34.135.34.73/udp/9001/quic-v1/p2p/12D3KooWETatHYo4xt9aufXEEDce719fyMEB7KmXJga1SYVUikaw, skipping
2026-04-23 09:22:23.335 14251-14281 MeshRepository          com.scmessenger.android              D  Circuit breaker blocked /ip4/34.135.34.73/udp/9001/quic-v1/p2p/12D3KooWETatHYo4xt9aufXEEDce719fyMEB7KmXJga1SYVUikaw, skipping
2026-04-23 09:22:23.337 14251-14281 CircuitBreaker          com.scmessenger.android              D  Circuit breaker OPEN for relay /ip4/34.135.34.73/tcp/9001/p2p/12D3KooWETatHYo4xt9aufXEEDce719fyMEB7KmXJga1SYVUikaw, skipping
2026-04-23 09:22:23.339 14251-14281 MeshRepository          com.scmessenger.android              D  Circuit breaker blocked /ip4/34.135.34.73/tcp/9001/p2p/12D3KooWETatHYo4xt9aufXEEDce719fyMEB7KmXJga1SYVUikaw, skipping
2026-04-23 09:22:23.341 14251-14281 CircuitBreaker          com.scmessenger.android              D  Circuit breaker OPEN for relay /ip4/104.28.216.43/udp/9010/quic-v1/p2p/12D3KooWHpmuhytgzLcM4nj1hZvN5b4crB1wka3LCNfKRCd7yHj9, skipping
2026-04-23 09:22:23.343 14251-14281 MeshRepository          com.scmessenger.android              D  Circuit breaker blocked /ip4/104.28.216.43/udp/9010/quic-v1/p2p/12D3KooWHpmuhytgzLcM4nj1hZvN5b4crB1wka3LCNfKRCd7yHj9, skipping
2026-04-23 09:22:23.345 14251-14281 CircuitBreaker          com.scmessenger.android              D  Circuit breaker OPEN for relay /ip4/104.28.216.43/tcp/9010/p2p/12D3KooWHpmuhytgzLcM4nj1hZvN5b4crB1wka3LCNfKRCd7yHj9, skipping
2026-04-23 09:22:23.346 14251-14281 MeshRepository          com.scmessenger.android              D  Circuit breaker blocked /ip4/104.28.216.43/tcp/9010/p2p/12D3KooWHpmuhytgzLcM4nj1hZvN5b4crB1wka3LCNfKRCd7yHj9, skipping
2026-04-23 09:22:23.348 14251-14281 CircuitBreaker          com.scmessenger.android              D  Circuit breaker OPEN for relay /dns4/bootstrap.scmessenger.net/tcp/443/ws/p2p/12D3KooWETatHYo4xt9aufXEEDce719fyMEB7KmXJga1SYVUikaw, skipping
2026-04-23 09:22:23.349 14251-14281 MeshRepository          com.scmessenger.android              D  Circuit breaker blocked /dns4/bootstrap.scmessenger.net/tcp/443/ws/p2p/12D3KooWETatHYo4xt9aufXEEDce719fyMEB7KmXJga1SYVUikaw, skipping
2026-04-23 09:22:23.350 14251-14281 CircuitBreaker          com.scmessenger.android              D  Circuit breaker OPEN for relay /dns4/bootstrap.scmessenger.net/tcp/80/ws/p2p/12D3KooWETatHYo4xt9aufXEEDce719fyMEB7KmXJga1SYVUikaw, skipping
2026-04-23 09:22:23.352 14251-14281 MeshRepository          com.scmessenger.android              D  Circuit breaker blocked /dns4/bootstrap.scmessenger.net/tcp/80/ws/p2p/12D3KooWETatHYo4xt9aufXEEDce719fyMEB7KmXJga1SYVUikaw, skipping
2026-04-23 09:22:23.353 14251-14281 MeshRepository          com.scmessenger.android              W  Bootstrap all-failed (consecutive=10), next attempt in 60000ms
2026-04-23 09:22:25.457 14251-14344 NetworkDetector         com.scmessenger.android              D  Network type: WIFI, blocked ports: []
2026-04-23 09:22:26.107 14251-14281 MeshRepository          com.scmessenger.android              D  Mesh Stats: 0 peers (Core), 0 full, 0 headless (Repo)
2026-04-23 09:22:26.110 14251-14333 MeshEventBus            com.scmessenger.android              D  StatusEvent emitted: StatsUpdated(stats=ServiceStats(peersDiscovered=0, messagesRelayed=0, bytesTransferred=0, uptimeSecs=570))
2026-04-23 09:22:28.559 14251-14344 NetworkDetector         com.scmessenger.android              D  Network type: WIFI, blocked ports: []
2026-04-23 09:22:28.765 14251-14251 MainActivity            com.scmessenger.android              D  MainActivity paused
2026-04-23 09:22:29.340 14251-14251 VRI[MainActivity]       com.scmessenger.android              D  visibilityChanged oldVisibility=true newVisibility=false
2026-04-23 09:22:31.132 14251-14333 MeshRepository          com.scmessenger.android              D  Mesh Stats: 0 peers (Core), 0 full, 0 headless (Repo)
2026-04-23 09:22:31.152 14251-14280 MeshEventBus            com.scmessenger.android              D  StatusEvent emitted: StatsUpdated(stats=ServiceStats(peersDiscovered=0, messagesRelayed=0, bytesTransferred=0, uptimeSecs=575))
2026-04-23 09:22:31.648 14251-14344 NetworkDetector         com.scmessenger.android              D  Network type: WIFI, blocked ports: []
2026-04-23 09:22:34.720 14251-14344 NetworkDetector         com.scmessenger.android              D  Network type: WIFI, blocked ports: []
2026-04-23 09:22:36.175 14251-14280 MeshRepository          com.scmessenger.android              D  Mesh Stats: 0 peers (Core), 0 full, 0 headless (Repo)
2026-04-23 09:22:36.204 14251-14280 MeshEventBus            com.scmessenger.android              D  StatusEvent emitted: StatsUpdated(stats=ServiceStats(peersDiscovered=0, messagesRelayed=0, bytesTransferred=0, uptimeSecs=580))
2026-04-23 09:22:37.809 14251-14344 NetworkDetector         com.scmessenger.android              D  Network type: WIFI, blocked ports: []
2026-04-23 09:22:38.706 14251-14251 BluetoothAdapter        com.scmessenger.android              D  isLeEnabled(): ON
2026-04-23 09:22:38.706 14251-14251 BluetoothLeScanner      com.scmessenger.android              D  could not find callback wrapper
2026-04-23 09:22:38.708 14251-14251 BleScanner              com.scmessenger.android              V  BLE scan window ended
2026-04-23 09:22:41.211 14251-14280 MeshRepository          com.scmessenger.android              D  Mesh Stats: 0 peers (Core), 0 full, 0 headless (Repo)
2026-04-23 09:22:41.223 14251-14333 MeshEventBus            com.scmessenger.android              D  StatusEvent emitted: StatsUpdated(stats=ServiceStats(peersDiscovered=0, messagesRelayed=0, bytesTransferred=0, uptimeSecs=585))
2026-04-23 09:22:46.228 14251-14333 MeshRepository          com.scmessenger.android              D  Mesh Stats: 0 peers (Core), 0 full, 0 headless (Repo)
2026-04-23 09:22:46.237 14251-14333 MeshEventBus            com.scmessenger.android              D  StatusEvent emitted: StatsUpdated(stats=ServiceStats(peersDiscovered=0, messagesRelayed=0, bytesTransferred=0, uptimeSecs=590))
2026-04-23 09:22:51.256 14251-14280 MeshRepository          com.scmessenger.android              D  Mesh Stats: 0 peers (Core), 0 full, 0 headless (Repo)
2026-04-23 09:22:51.284 14251-14333 MeshEventBus            com.scmessenger.android              D  StatusEvent emitted: StatsUpdated(stats=ServiceStats(peersDiscovered=0, messagesRelayed=0, bytesTransferred=0, uptimeSecs=595))
2026-04-23 09:22:56.285 14251-14333 MeshRepository          com.scmessenger.android              D  Mesh Stats: 0 peers (Core), 0 full, 0 headless (Repo)
2026-04-23 09:22:56.295 14251-14281 MeshEventBus            com.scmessenger.android              D  StatusEvent emitted: StatsUpdated(stats=ServiceStats(peersDiscovered=0, messagesRelayed=0, bytesTransferred=0, uptimeSecs=600))
2026-04-23 09:23:01.305 14251-14281 MeshRepository          com.scmessenger.android              D  Mesh Stats: 0 peers (Core), 0 full, 0 headless (Repo)
2026-04-23 09:23:01.319 14251-14281 MeshEventBus            com.scmessenger.android              D  StatusEvent emitted: StatsUpdated(stats=ServiceStats(peersDiscovered=0, messagesRelayed=0, bytesTransferred=0, uptimeSecs=605))
2026-04-23 09:23:06.329 14251-14281 MeshRepository          com.scmessenger.android              D  Mesh Stats: 0 peers (Core), 0 full, 0 headless (Repo)
2026-04-23 09:23:06.346 14251-14333 MeshEventBus            com.scmessenger.android              D  StatusEvent emitted: StatsUpdated(stats=ServiceStats(peersDiscovered=0, messagesRelayed=0, bytesTransferred=0, uptimeSecs=610))
2026-04-23 09:23:08.723 14251-14251 BluetoothAdapter        com.scmessenger.android              D  isLeEnabled(): ON
2026-04-23 09:23:08.724 14251-14251 BluetoothLeScanner      com.scmessenger.android              D  could not find callback wrapper
2026-04-23 09:23:08.727 14251-14251 BleScanner              com.scmessenger.android              V  BLE scan window ended
2026-04-23 09:23:11.360 14251-14333 MeshRepository          com.scmessenger.android              D  Mesh Stats: 0 peers (Core), 0 full, 0 headless (Repo)
2026-04-23 09:23:11.375 14251-14280 MeshEventBus            com.scmessenger.android              D  StatusEvent emitted: StatsUpdated(stats=ServiceStats(peersDiscovered=0, messagesRelayed=0, bytesTransferred=0, uptimeSecs=615))
2026-04-23 09:23:16.397 14251-14333 MeshRepository          com.scmessenger.android              D  Mesh Stats: 0 peers (Core), 0 full, 0 headless (Repo)
2026-04-23 09:23:16.424 14251-14333 MeshEventBus            com.scmessenger.android              D  StatusEvent emitted: StatsUpdated(stats=ServiceStats(peersDiscovered=0, messagesRelayed=0, bytesTransferred=0, uptimeSecs=620))
2026-04-23 09:23:21.434 14251-14333 MeshRepository          com.scmessenger.android              D  Mesh Stats: 0 peers (Core), 0 full, 0 headless (Repo)
2026-04-23 09:23:21.449 14251-14333 MeshEventBus            com.scmessenger.android              D  StatusEvent emitted: StatsUpdated(stats=ServiceStats(peersDiscovered=0, messagesRelayed=0, bytesTransferred=0, uptimeSecs=625))
2026-04-23 09:23:24.033 14251-14344 NetworkDetector         com.scmessenger.android              D  Network type: WIFI, blocked ports: []
2026-04-23 09:23:26.463 14251-14333 MeshRepository          com.scmessenger.android              D  Mesh Stats: 0 peers (Core), 0 full, 0 headless (Repo)
2026-04-23 09:23:26.479 14251-14281 MeshEventBus            com.scmessenger.android              D  StatusEvent emitted: StatsUpdated(stats=ServiceStats(peersDiscovered=0, messagesRelayed=0, bytesTransferred=0, uptimeSecs=630))
2026-04-23 09:23:27.409 14251-14281 MeshRepository          com.scmessenger.android              I  Bootstrap: network=WIFI, cellular=false, priority=[QUIC, TCP, WEBSOCKET_WSS, WEBSOCKET_WS]
2026-04-23 09:23:27.434 14251-14281 CircuitBreaker          com.scmessenger.android              D  Circuit breaker OPEN for relay /ip4/34.135.34.73/udp/9001/quic-v1/p2p/12D3KooWETatHYo4xt9aufXEEDce719fyMEB7KmXJga1SYVUikaw, skipping
2026-04-23 09:23:27.443 14251-14281 MeshRepository          com.scmessenger.android              D  Circuit breaker blocked /ip4/34.135.34.73/udp/9001/quic-v1/p2p/12D3KooWETatHYo4xt9aufXEEDce719fyMEB7KmXJga1SYVUikaw, skipping
2026-04-23 09:23:27.452 14251-14281 CircuitBreaker          com.scmessenger.android              D  Circuit breaker OPEN for relay /ip4/34.135.34.73/tcp/9001/p2p/12D3KooWETatHYo4xt9aufXEEDce719fyMEB7KmXJga1SYVUikaw, skipping
2026-04-23 09:23:27.460 14251-14281 MeshRepository          com.scmessenger.android              D  Circuit breaker blocked /ip4/34.135.34.73/tcp/9001/p2p/12D3KooWETatHYo4xt9aufXEEDce719fyMEB7KmXJga1SYVUikaw, skipping
2026-04-23 09:23:27.468 14251-14281 CircuitBreaker          com.scmessenger.android              D  Circuit breaker OPEN for relay /ip4/104.28.216.43/udp/9010/quic-v1/p2p/12D3KooWHpmuhytgzLcM4nj1hZvN5b4crB1wka3LCNfKRCd7yHj9, skipping
2026-04-23 09:23:27.476 14251-14281 MeshRepository          com.scmessenger.android              D  Circuit breaker blocked /ip4/104.28.216.43/udp/9010/quic-v1/p2p/12D3KooWHpmuhytgzLcM4nj1hZvN5b4crB1wka3LCNfKRCd7yHj9, skipping
2026-04-23 09:23:27.484 14251-14281 CircuitBreaker          com.scmessenger.android              D  Circuit breaker OPEN for relay /ip4/104.28.216.43/tcp/9010/p2p/12D3KooWHpmuhytgzLcM4nj1hZvN5b4crB1wka3LCNfKRCd7yHj9, skipping
2026-04-23 09:23:27.490 14251-14281 MeshRepository          com.scmessenger.android              D  Circuit breaker blocked /ip4/104.28.216.43/tcp/9010/p2p/12D3KooWHpmuhytgzLcM4nj1hZvN5b4crB1wka3LCNfKRCd7yHj9, skipping
2026-04-23 09:23:27.497 14251-14281 CircuitBreaker          com.scmessenger.android              D  Circuit breaker OPEN for relay /dns4/bootstrap.scmessenger.net/tcp/443/ws/p2p/12D3KooWETatHYo4xt9aufXEEDce719fyMEB7KmXJga1SYVUikaw, skipping
2026-04-23 09:23:27.503 14251-14281 MeshRepository          com.scmessenger.android              D  Circuit breaker blocked /dns4/bootstrap.scmessenger.net/tcp/443/ws/p2p/12D3KooWETatHYo4xt9aufXEEDce719fyMEB7KmXJga1SYVUikaw, skipping
2026-04-23 09:23:27.510 14251-14281 CircuitBreaker          com.scmessenger.android              D  Circuit breaker OPEN for relay /dns4/bootstrap.scmessenger.net/tcp/80/ws/p2p/12D3KooWETatHYo4xt9aufXEEDce719fyMEB7KmXJga1SYVUikaw, skipping
2026-04-23 09:23:27.517 14251-14281 MeshRepository          com.scmessenger.android              D  Circuit breaker blocked /dns4/bootstrap.scmessenger.net/tcp/80/ws/p2p/12D3KooWETatHYo4xt9aufXEEDce719fyMEB7KmXJga1SYVUikaw, skipping
2026-04-23 09:23:27.521 14251-14281 MeshRepository          com.scmessenger.android              W  Bootstrap all-failed (consecutive=11), next attempt in 60000ms
2026-04-23 09:23:31.493 14251-14281 MeshRepository          com.scmessenger.android              D  Mesh Stats: 0 peers (Core), 0 full, 0 headless (Repo)
2026-04-23 09:23:31.504 14251-14280 MeshEventBus            com.scmessenger.android              D  StatusEvent emitted: StatsUpdated(stats=ServiceStats(peersDiscovered=0, messagesRelayed=0, bytesTransferred=0, uptimeSecs=635))
2026-04-23 09:23:36.526 14251-14280 MeshRepository          com.scmessenger.android              D  Mesh Stats: 0 peers (Core), 0 full, 0 headless (Repo)
2026-04-23 09:23:36.554 14251-14333 MeshEventBus            com.scmessenger.android              D  StatusEvent emitted: StatsUpdated(stats=ServiceStats(peersDiscovered=0, messagesRelayed=0, bytesTransferred=0, uptimeSecs=640))
2026-04-23 09:23:38.755 14251-14251 BluetoothAdapter        com.scmessenger.android              D  isLeEnabled(): ON
2026-04-23 09:23:38.756 14251-14251 BluetoothLeScanner      com.scmessenger.android              D  could not find callback wrapper
2026-04-23 09:23:38.758 14251-14251 BleScanner              com.scmessenger.android              V  BLE scan window ended
2026-04-23 09:32:22.682 14251-14251 BluetoothAdapter        com.scmessenger.android              D  isLeEnabled(): ON
2026-04-23 09:32:22.682 14251-14251 BluetoothLeScanner      com.scmessenger.android              D  could not find callback wrapper
2026-04-23 09:32:22.683 14251-14251 BleScanner              com.scmessenger.android              V  BLE scan window ended
2026-04-23 09:32:22.685 14251-14344 NetworkDetector         com.scmessenger.android              D  Network type: WIFI, blocked ports: []
2026-04-23 09:32:22.686 14251-14280 MeshRepository          com.scmessenger.android              I  Bootstrap: network=WIFI, cellular=false, priority=[QUIC, TCP, WEBSOCKET_WSS, WEBSOCKET_WS]
2026-04-23 09:32:22.702 14251-14333 MeshRepository          com.scmessenger.android              D  Mesh Stats: 0 peers (Core), 0 full, 0 headless (Repo)
2026-04-23 09:32:22.717 14251-14280 CircuitBreaker          com.scmessenger.android              D  Circuit breaker HALF-OPEN for relay /ip4/34.135.34.73/udp/9001/quic-v1/p2p/12D3KooWETatHYo4xt9aufXEEDce719fyMEB7KmXJga1SYVUikaw
2026-04-23 09:32:22.719 14251-14251 ViewRootImpl            com.scmessenger.android              D  Skipping stats log for color mode
2026-04-23 09:32:22.722 14251-14281 MeshEventBus            com.scmessenger.android              D  StatusEvent emitted: StatsUpdated(stats=ServiceStats(peersDiscovered=0, messagesRelayed=0, bytesTransferred=0, uptimeSecs=1166))
2026-04-23 09:32:22.724 14251-14280 NetworkFailureMetrics   com.scmessenger.android              D  Failure metric recorded: node=/ip4/34.135.34.73/udp/9001/quic-v1/p2p/12D3KooWETatHYo4xt9aufXEEDce719fyMEB7KmXJga1SYVUikaw reason=Unknown network error: NetworkException: Network error total=9
2026-04-23 09:32:22.725 14251-14280 MeshRepository          com.scmessenger.android              W  Bootstrap dial failed for /ip4/34.135.34.73/udp/9001/quic-v1/p2p/12D3KooWETatHYo4xt9aufXEEDce719fyMEB7KmXJga1SYVUikaw - Unknown network error: NetworkException: Network error
2026-04-23 09:32:22.726 14251-14280 CircuitBreaker          com.scmessenger.android              W  Circuit breaker RE-OPENING for relay /ip4/34.135.34.73/udp/9001/quic-v1/p2p/12D3KooWETatHYo4xt9aufXEEDce719fyMEB7KmXJga1SYVUikaw after failed probe: Unknown network error: NetworkException: Network error
2026-04-23 09:32:22.727 14251-14280 NetworkFailureMetrics   com.scmessenger.android              D  Failure metric recorded: node=/ip4/34.135.34.73/udp/9001/quic-v1/p2p/12D3KooWETatHYo4xt9aufXEEDce719fyMEB7KmXJga1SYVUikaw reason=Unknown network error: NetworkException: Network error total=10
2026-04-23 09:32:22.728 14251-14280 CircuitBreaker          com.scmessenger.android              D  Circuit breaker HALF-OPEN for relay /ip4/34.135.34.73/tcp/9001/p2p/12D3KooWETatHYo4xt9aufXEEDce719fyMEB7KmXJga1SYVUikaw
2026-04-23 09:32:22.731 14251-14280 NetworkFailureMetrics   com.scmessenger.android              D  Failure metric recorded: node=/ip4/34.135.34.73/tcp/9001/p2p/12D3KooWETatHYo4xt9aufXEEDce719fyMEB7KmXJga1SYVUikaw reason=Unknown network error: NetworkException: Network error total=9
2026-04-23 09:32:22.732 14251-14334 MeshReposi...aintenance com.scmessenger.android              D  Storage maintenance check: free=17765MB / total=112912MB
2026-04-23 09:32:22.732 14251-14280 MeshRepository          com.scmessenger.android              W  Bootstrap dial failed for /ip4/34.135.34.73/tcp/9001/p2p/12D3KooWETatHYo4xt9aufXEEDce719fyMEB7KmXJga1SYVUikaw - Unknown network error: NetworkException: Network error
2026-04-23 09:32:22.733 14251-14280 CircuitBreaker          com.scmessenger.android              W  Circuit breaker RE-OPENING for relay /ip4/34.135.34.73/tcp/9001/p2p/12D3KooWETatHYo4xt9aufXEEDce719fyMEB7KmXJga1SYVUikaw after failed probe: Unknown network error: NetworkException: Network error
2026-04-23 09:32:22.734 14251-14280 NetworkFailureMetrics   com.scmessenger.android              D  Failure metric recorded: node=/ip4/34.135.34.73/tcp/9001/p2p/12D3KooWETatHYo4xt9aufXEEDce719fyMEB7KmXJga1SYVUikaw reason=Unknown network error: NetworkException: Network error total=10
2026-04-23 09:32:22.735 14251-14280 CircuitBreaker          com.scmessenger.android              D  Circuit breaker HALF-OPEN for relay /ip4/104.28.216.43/udp/9010/quic-v1/p2p/12D3KooWHpmuhytgzLcM4nj1hZvN5b4crB1wka3LCNfKRCd7yHj9
2026-04-23 09:32:22.737 14251-14251 MainActivity            com.scmessenger.android              D  MainActivity resumed
2026-04-23 09:32:22.738 14251-14280 NetworkFailureMetrics   com.scmessenger.android              D  Failure metric recorded: node=/ip4/104.28.216.43/udp/9010/quic-v1/p2p/12D3KooWHpmuhytgzLcM4nj1hZvN5b4crB1wka3LCNfKRCd7yHj9 reason=Unknown network error: NetworkException: Network error total=9
2026-04-23 09:32:22.738 14251-14251 MainActivity            com.scmessenger.android              D  All permissions already granted
2026-04-23 09:32:22.739 14251-14280 MeshRepository          com.scmessenger.android              W  Bootstrap dial failed for /ip4/104.28.216.43/udp/9010/quic-v1/p2p/12D3KooWHpmuhytgzLcM4nj1hZvN5b4crB1wka3LCNfKRCd7yHj9 - Unknown network error: NetworkException: Network error
2026-04-23 09:32:22.740 14251-14280 CircuitBreaker          com.scmessenger.android              W  Circuit breaker RE-OPENING for relay /ip4/104.28.216.43/udp/9010/quic-v1/p2p/12D3KooWHpmuhytgzLcM4nj1hZvN5b4crB1wka3LCNfKRCd7yHj9 after failed probe: Unknown network error: NetworkException: Network error
2026-04-23 09:32:22.741 14251-14334 BleGattServer           com.scmessenger.android              W  GATT server already running
2026-04-23 09:32:22.742 14251-14352 BleScanner              com.scmessenger.android              D  BLE scan already in progress, reusing existing session
2026-04-23 09:32:22.742 14251-14280 NetworkFailureMetrics   com.scmessenger.android              D  Failure metric recorded: node=/ip4/104.28.216.43/udp/9010/quic-v1/p2p/12D3KooWHpmuhytgzLcM4nj1hZvN5b4crB1wka3LCNfKRCd7yHj9 reason=Unknown network error: NetworkException: Network error total=10
2026-04-23 09:32:22.742 14251-14334 BleGattServer           com.scmessenger.android              D  BleGattServer: identity beacon set (313 bytes)
2026-04-23 09:32:22.743 14251-14280 CircuitBreaker          com.scmessenger.android              D  Circuit breaker HALF-OPEN for relay /ip4/104.28.216.43/tcp/9010/p2p/12D3KooWHpmuhytgzLcM4nj1hZvN5b4crB1wka3LCNfKRCd7yHj9
2026-04-23 09:32:22.749 14251-14334 BleGattServer           com.scmessenger.android              D  BleGattServer: identity beacon set (313 bytes)
2026-04-23 09:32:22.751 14251-14333 WifiTransportManager    com.scmessenger.android              D  WifiTransportManager initialized
2026-04-23 09:32:22.755 14251-14334 MeshRepository          com.scmessenger.android              I  BLE GATT identity beacon updated: 374d73eb... (313 bytes, listeners=0, external=0) p2p_id=12D3KooWDYF6HEnGo8fs4gbAhBth7HdJ2nQz7wKFXXUb6WBxNof9
2026-04-23 09:32:22.755 14251-14333 WifiTransportManager    com.scmessenger.android              D  WiFi P2P discovery already active; skipping duplicate start
2026-04-23 09:32:22.756 14251-14280 NetworkFailureMetrics   com.scmessenger.android              D  Failure metric recorded: node=/ip4/104.28.216.43/tcp/9010/p2p/12D3KooWHpmuhytgzLcM4nj1hZvN5b4crB1wka3LCNfKRCd7yHj9 reason=Unknown network error: NetworkException: Network error total=9
2026-04-23 09:32:22.759 14251-14280 MeshRepository          com.scmessenger.android              W  Bootstrap dial failed for /ip4/104.28.216.43/tcp/9010/p2p/12D3KooWHpmuhytgzLcM4nj1hZvN5b4crB1wka3LCNfKRCd7yHj9 - Unknown network error: NetworkException: Network error
2026-04-23 09:32:22.760 14251-14280 CircuitBreaker          com.scmessenger.android              W  Circuit breaker RE-OPENING for relay /ip4/104.28.216.43/tcp/9010/p2p/12D3KooWHpmuhytgzLcM4nj1hZvN5b4crB1wka3LCNfKRCd7yHj9 after failed probe: Unknown network error: NetworkException: Network error
2026-04-23 09:32:22.762 14251-14280 NetworkFailureMetrics   com.scmessenger.android              D  Failure metric recorded: node=/ip4/104.28.216.43/tcp/9010/p2p/12D3KooWHpmuhytgzLcM4nj1hZvN5b4crB1wka3LCNfKRCd7yHj9 reason=Unknown network error: NetworkException: Network error total=10
2026-04-23 09:32:22.763 14251-14280 CircuitBreaker          com.scmessenger.android              D  Circuit breaker HALF-OPEN for relay /dns4/bootstrap.scmessenger.net/tcp/443/ws/p2p/12D3KooWETatHYo4xt9aufXEEDce719fyMEB7KmXJga1SYVUikaw
2026-04-23 09:32:22.766 14251-14280 NetworkFailureMetrics   com.scmessenger.android              D  Failure metric recorded: node=/dns4/bootstrap.scmessenger.net/tcp/443/ws/p2p/12D3KooWETatHYo4xt9aufXEEDce719fyMEB7KmXJga1SYVUikaw reason=Unknown network error: NetworkException: Network error total=9
2026-04-23 09:32:22.767 14251-14280 MeshRepository          com.scmessenger.android              W  Bootstrap dial failed for /dns4/bootstrap.scmessenger.net/tcp/443/ws/p2p/12D3KooWETatHYo4xt9aufXEEDce719fyMEB7KmXJga1SYVUikaw - Unknown network error: NetworkException: Network error
2026-04-23 09:32:22.768 14251-14280 CircuitBreaker          com.scmessenger.android              W  Circuit breaker RE-OPENING for relay /dns4/bootstrap.scmessenger.net/tcp/443/ws/p2p/12D3KooWETatHYo4xt9aufXEEDce719fyMEB7KmXJga1SYVUikaw after failed probe: Unknown network error: NetworkException: Network error
2026-04-23 09:32:22.769 14251-14280 NetworkFailureMetrics   com.scmessenger.android              D  Failure metric recorded: node=/dns4/bootstrap.scmessenger.net/tcp/443/ws/p2p/12D3KooWETatHYo4xt9aufXEEDce719fyMEB7KmXJga1SYVUikaw reason=Unknown network error: NetworkException: Network error total=10
2026-04-23 09:32:22.771 14251-14280 CircuitBreaker          com.scmessenger.android              D  Circuit breaker HALF-OPEN for relay /dns4/bootstrap.scmessenger.net/tcp/80/ws/p2p/12D3KooWETatHYo4xt9aufXEEDce719fyMEB7KmXJga1SYVUikaw
2026-04-23 09:32:22.774 14251-14280 NetworkFailureMetrics   com.scmessenger.android              D  Failure metric recorded: node=/dns4/bootstrap.scmessenger.net/tcp/80/ws/p2p/12D3KooWETatHYo4xt9aufXEEDce719fyMEB7KmXJga1SYVUikaw reason=Unknown network error: NetworkException: Network error total=9
2026-04-23 09:32:22.775 14251-14280 MeshRepository          com.scmessenger.android              W  Bootstrap dial failed for /dns4/bootstrap.scmessenger.net/tcp/80/ws/p2p/12D3KooWETatHYo4xt9aufXEEDce719fyMEB7KmXJga1SYVUikaw - Unknown network error: NetworkException: Network error
2026-04-23 09:32:22.776 14251-14280 CircuitBreaker          com.scmessenger.android              W  Circuit breaker RE-OPENING for relay /dns4/bootstrap.scmessenger.net/tcp/80/ws/p2p/12D3KooWETatHYo4xt9aufXEEDce719fyMEB7KmXJga1SYVUikaw after failed probe: Unknown network error: NetworkException: Network error
2026-04-23 09:32:22.778 14251-14280 NetworkFailureMetrics   com.scmessenger.android              D  Failure metric recorded: node=/dns4/bootstrap.scmessenger.net/tcp/80/ws/p2p/12D3KooWETatHYo4xt9aufXEEDce719fyMEB7KmXJga1SYVUikaw reason=Unknown network error: NetworkException: Network error total=10
2026-04-23 09:32:22.779 14251-14280 MeshRepository          com.scmessenger.android              W  Bootstrap all-failed (consecutive=12), next attempt in 60000ms
2026-04-23 09:32:22.829 14251-14251 InsetsController        com.scmessenger.android              D  hide(ime())
2026-04-23 09:32:22.829 14251-14251 ImeTracker              com.scmessenger.android              I  com.scmessenger.android:aa79ca7c: onCancelled at PHASE_CLIENT_ALREADY_HIDDEN
2026-04-23 09:32:23.798 14251-14344 NetworkDetector         com.scmessenger.android              D  Network type: WIFI, blocked ports: []
2026-04-23 09:32:26.873 14251-14344 NetworkDetector         com.scmessenger.android              D  Network type: WIFI, blocked ports: []
2026-04-23 09:32:27.723 14251-14280 MeshRepository          com.scmessenger.android              D  Mesh Stats: 0 peers (Core), 0 full, 0 headless (Repo)
2026-04-23 09:32:27.725 14251-14280 MeshEventBus            com.scmessenger.android              D  StatusEvent emitted: StatsUpdated(stats=ServiceStats(peersDiscovered=0, messagesRelayed=0, bytesTransferred=0, uptimeSecs=1171))
2026-04-23 09:32:27.779 14251-14280 BleGattServer           com.scmessenger.android              D  BleGattServer: identity beacon set (313 bytes)
2026-04-23 09:32:27.783 14251-14280 MeshRepository          com.scmessenger.android              I  BLE GATT identity beacon updated: 374d73eb... (313 bytes, listeners=0, external=0) p2p_id=12D3KooWDYF6HEnGo8fs4gbAhBth7HdJ2nQz7wKFXXUb6WBxNof9
2026-04-23 09:32:29.951 14251-14344 NetworkDetector         com.scmessenger.android              D  Network type: WIFI, blocked ports: []
2026-04-23 09:32:32.728 14251-14280 MeshRepository          com.scmessenger.android              D  Mesh Stats: 0 peers (Core), 0 full, 0 headless (Repo)
2026-04-23 09:32:32.733 14251-14334 MeshEventBus            com.scmessenger.android              D  StatusEvent emitted: StatsUpdated(stats=ServiceStats(peersDiscovered=0, messagesRelayed=0, bytesTransferred=0, uptimeSecs=1176))
2026-04-23 09:32:33.034 14251-14344 NetworkDetector         com.scmessenger.android              D  Network type: WIFI, blocked ports: []
2026-04-23 09:32:33.892 14251-14281 BleGattServer           com.scmessenger.android              D  BleGattServer: identity beacon set (313 bytes)
2026-04-23 09:32:33.893 14251-14281 MeshRepository          com.scmessenger.android              I  BLE GATT identity beacon updated: 374d73eb... (313 bytes, listeners=0, external=0) p2p_id=12D3KooWDYF6HEnGo8fs4gbAhBth7HdJ2nQz7wKFXXUb6WBxNof9
2026-04-23 09:32:33.894 14251-14281 MeshRepository          com.scmessenger.android              I  ✓ Internet transport (Swarm) initiated and bridge wired
2026-04-23 09:32:36.112 14251-14344 NetworkDetector         com.scmessenger.android              D  Network type: WIFI, blocked ports: []
2026-04-23 09:32:37.736 14251-14334 MeshRepository          com.scmessenger.android              D  Mesh Stats: 0 peers (Core), 0 full, 0 headless (Repo)
2026-04-23 09:32:37.741 14251-14334 MeshEventBus            com.scmessenger.android              D  StatusEvent emitted: StatsUpdated(stats=ServiceStats(peersDiscovered=0, messagesRelayed=0, bytesTransferred=0, uptimeSecs=1181))
2026-04-23 09:32:38.932 14251-14334 BleGattServer           com.scmessenger.android              D  BleGattServer: identity beacon set (313 bytes)
2026-04-23 09:32:38.937 14251-14334 MeshRepository          com.scmessenger.android              I  BLE GATT identity beacon updated: 374d73eb... (313 bytes, listeners=0, external=0) p2p_id=12D3KooWDYF6HEnGo8fs4gbAhBth7HdJ2nQz7wKFXXUb6WBxNof9
2026-04-23 09:32:39.204 14251-14344 NetworkDetector         com.scmessenger.android              D  Network type: WIFI, blocked ports: []
2026-04-23 09:32:42.275 14251-14344 NetworkDetector         com.scmessenger.android              D  Network type: WIFI, blocked ports: []
2026-04-23 09:32:42.744 14251-14334 MeshRepository          com.scmessenger.android              D  Mesh Stats: 0 peers (Core), 0 full, 0 headless (Repo)
2026-04-23 09:32:42.747 14251-14280 MeshEventBus            com.scmessenger.android              D  StatusEvent emitted: StatsUpdated(stats=ServiceStats(peersDiscovered=0, messagesRelayed=0, bytesTransferred=0, uptimeSecs=1186))
2026-04-23 09:32:47.763 14251-14280 MeshRepository          com.scmessenger.android              D  Mesh Stats: 0 peers (Core), 0 full, 0 headless (Repo)
2026-04-23 09:32:47.786 14251-14281 MeshEventBus            com.scmessenger.android              D  StatusEvent emitted: StatsUpdated(stats=ServiceStats(peersDiscovered=0, messagesRelayed=0, bytesTransferred=0, uptimeSecs=1191))
2026-04-23 09:32:52.715 14251-14251 BluetoothAdapter        com.scmessenger.android              D  isLeEnabled(): ON
2026-04-23 09:32:52.716 14251-14251 BluetoothLeScanner      com.scmessenger.android              D  could not find callback wrapper
2026-04-23 09:32:52.717 14251-14251 BleScanner              com.scmessenger.android              V  BLE scan window ended
2026-04-23 09:32:52.792 14251-14281 MeshRepository          com.scmessenger.android              D  Mesh Stats: 0 peers (Core), 0 full, 0 headless (Repo)
2026-04-23 09:32:52.802 14251-14334 MeshEventBus            com.scmessenger.android              D  StatusEvent emitted: StatsUpdated(stats=ServiceStats(peersDiscovered=0, messagesRelayed=0, bytesTransferred=0, uptimeSecs=1196))
2026-04-23 09:32:54.668 14251-14344 NetworkDetector         com.scmessenger.android              D  Network type: WIFI, blocked ports: []
2026-04-23 09:32:57.769 14251-14344 NetworkDetector         com.scmessenger.android              D  Network type: WIFI, blocked ports: []
2026-04-23 09:32:57.806 14251-14334 MeshRepository          com.scmessenger.android              D  Mesh Stats: 0 peers (Core), 0 full, 0 headless (Repo)
2026-04-23 09:32:57.814 14251-14280 MeshEventBus            com.scmessenger.android              D  StatusEvent emitted: StatsUpdated(stats=ServiceStats(peersDiscovered=0, messagesRelayed=0, bytesTransferred=0, uptimeSecs=1201))
2026-04-23 09:33:00.852 14251-14344 NetworkDetector         com.scmessenger.android              D  Network type: WIFI, blocked ports: []
2026-04-23 09:33:02.819 14251-14280 MeshRepository          com.scmessenger.android              D  Mesh Stats: 0 peers (Core), 0 full, 0 headless (Repo)
2026-04-23 09:33:02.823 14251-14280 MeshEventBus            com.scmessenger.android              D  StatusEvent emitted: StatsUpdated(stats=ServiceStats(peersDiscovered=0, messagesRelayed=0, bytesTransferred=0, uptimeSecs=1206))
2026-04-23 09:33:04.018 14251-14344 NetworkDetector         com.scmessenger.android              D  Network type: WIFI, blocked ports: []
2026-04-23 09:33:07.838 14251-14280 MeshRepository          com.scmessenger.android              D  Mesh Stats: 0 peers (Core), 0 full, 0 headless (Repo)
2026-04-23 09:33:07.851 14251-14281 MeshEventBus            com.scmessenger.android              D  StatusEvent emitted: StatsUpdated(stats=ServiceStats(peersDiscovered=0, messagesRelayed=0, bytesTransferred=0, uptimeSecs=1211))
2026-04-23 09:33:10.209 14251-14344 NetworkDetector         com.scmessenger.android              D  Network type: WIFI, blocked ports: []
2026-04-23 09:33:12.868 14251-14281 MeshRepository          com.scmessenger.android              D  Mesh Stats: 0 peers (Core), 0 full, 0 headless (Repo)
2026-04-23 09:33:12.888 14251-14334 MeshEventBus            com.scmessenger.android              D  StatusEvent emitted: StatsUpdated(stats=ServiceStats(peersDiscovered=0, messagesRelayed=0, bytesTransferred=0, uptimeSecs=1216))
2026-04-23 09:33:17.899 14251-14334 MeshRepository          com.scmessenger.android              D  Mesh Stats: 0 peers (Core), 0 full, 0 headless (Repo)
2026-04-23 09:33:17.921 14251-14280 MeshEventBus            com.scmessenger.android              D  StatusEvent emitted: StatsUpdated(stats=ServiceStats(peersDiscovered=0, messagesRelayed=0, bytesTransferred=0, uptimeSecs=1221))
2026-04-23 09:33:22.550 14251-14344 NetworkDetector         com.scmessenger.android              D  Network type: WIFI, blocked ports: []
2026-04-23 09:33:22.729 14251-14251 BluetoothAdapter        com.scmessenger.android              D  isLeEnabled(): ON
2026-04-23 09:33:22.729 14251-14251 BluetoothLeScanner      com.scmessenger.android              D  could not find callback wrapper
2026-04-23 09:33:22.729 14251-14251 BleScanner              com.scmessenger.android              V  BLE scan window ended
2026-04-23 09:33:22.927 14251-14280 MeshRepository          com.scmessenger.android              D  Mesh Stats: 0 peers (Core), 0 full, 0 headless (Repo)
2026-04-23 09:33:22.938 14251-14280 MeshEventBus            com.scmessenger.android              D  StatusEvent emitted: StatsUpdated(stats=ServiceStats(peersDiscovered=0, messagesRelayed=0, bytesTransferred=0, uptimeSecs=1226))
2026-04-23 09:33:25.628 14251-14344 NetworkDetector         com.scmessenger.android              D  Network type: WIFI, blocked ports: []
2026-04-23 09:33:26.816 14251-14280 MeshRepository          com.scmessenger.android              I  Bootstrap: network=WIFI, cellular=false, priority=[QUIC, TCP, WEBSOCKET_WSS, WEBSOCKET_WS]
2026-04-23 09:33:26.821 14251-14280 CircuitBreaker          com.scmessenger.android              D  Circuit breaker OPEN for relay /ip4/34.135.34.73/udp/9001/quic-v1/p2p/12D3KooWETatHYo4xt9aufXEEDce719fyMEB7KmXJga1SYVUikaw, skipping
2026-04-23 09:33:26.826 14251-14280 MeshRepository          com.scmessenger.android              D  Circuit breaker blocked /ip4/34.135.34.73/udp/9001/quic-v1/p2p/12D3KooWETatHYo4xt9aufXEEDce719fyMEB7KmXJga1SYVUikaw, skipping
2026-04-23 09:33:26.830 14251-14280 CircuitBreaker          com.scmessenger.android              D  Circuit breaker OPEN for relay /ip4/34.135.34.73/tcp/9001/p2p/12D3KooWETatHYo4xt9aufXEEDce719fyMEB7KmXJga1SYVUikaw, skipping
2026-04-23 09:33:26.834 14251-14280 MeshRepository          com.scmessenger.android              D  Circuit breaker blocked /ip4/34.135.34.73/tcp/9001/p2p/12D3KooWETatHYo4xt9aufXEEDce719fyMEB7KmXJga1SYVUikaw, skipping
2026-04-23 09:33:26.838 14251-14280 CircuitBreaker          com.scmessenger.android              D  Circuit breaker OPEN for relay /ip4/104.28.216.43/udp/9010/quic-v1/p2p/12D3KooWHpmuhytgzLcM4nj1hZvN5b4crB1wka3LCNfKRCd7yHj9, skipping
2026-04-23 09:33:26.842 14251-14280 MeshRepository          com.scmessenger.android              D  Circuit breaker blocked /ip4/104.28.216.43/udp/9010/quic-v1/p2p/12D3KooWHpmuhytgzLcM4nj1hZvN5b4crB1wka3LCNfKRCd7yHj9, skipping
2026-04-23 09:33:26.845 14251-14280 CircuitBreaker          com.scmessenger.android              D  Circuit breaker OPEN for relay /ip4/104.28.216.43/tcp/9010/p2p/12D3KooWHpmuhytgzLcM4nj1hZvN5b4crB1wka3LCNfKRCd7yHj9, skipping
2026-04-23 09:33:26.848 14251-14280 MeshRepository          com.scmessenger.android              D  Circuit breaker blocked /ip4/104.28.216.43/tcp/9010/p2p/12D3KooWHpmuhytgzLcM4nj1hZvN5b4crB1wka3LCNfKRCd7yHj9, skipping
2026-04-23 09:33:26.851 14251-14280 CircuitBreaker          com.scmessenger.android              D  Circuit breaker OPEN for relay /dns4/bootstrap.scmessenger.net/tcp/443/ws/p2p/12D3KooWETatHYo4xt9aufXEEDce719fyMEB7KmXJga1SYVUikaw, skipping
2026-04-23 09:33:26.854 14251-14280 MeshRepository          com.scmessenger.android              D  Circuit breaker blocked /dns4/bootstrap.scmessenger.net/tcp/443/ws/p2p/12D3KooWETatHYo4xt9aufXEEDce719fyMEB7KmXJga1SYVUikaw, skipping
2026-04-23 09:33:26.858 14251-14280 CircuitBreaker          com.scmessenger.android              D  Circuit breaker OPEN for relay /dns4/bootstrap.scmessenger.net/tcp/80/ws/p2p/12D3KooWETatHYo4xt9aufXEEDce719fyMEB7KmXJga1SYVUikaw, skipping
2026-04-23 09:33:26.860 14251-14280 MeshRepository          com.scmessenger.android              D  Circuit breaker blocked /dns4/bootstrap.scmessenger.net/tcp/80/ws/p2p/12D3KooWETatHYo4xt9aufXEEDce719fyMEB7KmXJga1SYVUikaw, skipping
2026-04-23 09:33:26.863 14251-14280 MeshRepository          com.scmessenger.android              W  Bootstrap all-failed (consecutive=13), next attempt in 60000ms
2026-04-23 09:33:27.944 14251-14280 MeshRepository          com.scmessenger.android              D  Mesh Stats: 0 peers (Core), 0 full, 0 headless (Repo)
2026-04-23 09:33:27.951 14251-14280 MeshEventBus            com.scmessenger.android              D  StatusEvent emitted: StatsUpdated(stats=ServiceStats(peersDiscovered=0, messagesRelayed=0, bytesTransferred=0, uptimeSecs=1231))
2026-04-23 09:33:28.725 14251-14344 NetworkDetector         com.scmessenger.android              D  Network type: WIFI, blocked ports: []
2026-04-23 09:33:31.822 14251-14344 NetworkDetector         com.scmessenger.android              D  Network type: WIFI, blocked ports: []
2026-04-23 09:33:32.955 14251-14280 MeshRepository          com.scmessenger.android              D  Mesh Stats: 0 peers (Core), 0 full, 0 headless (Repo)
2026-04-23 09:33:32.961 14251-14334 MeshEventBus            com.scmessenger.android              D  StatusEvent emitted: StatsUpdated(stats=ServiceStats(peersDiscovered=0, messagesRelayed=0, bytesTransferred=0, uptimeSecs=1236))
2026-04-23 09:33:37.970 14251-14334 MeshRepository          com.scmessenger.android              D  Mesh Stats: 0 peers (Core), 0 full, 0 headless (Repo)
2026-04-23 09:33:37.991 14251-14344 NetworkDetector         com.scmessenger.android              D  Network type: WIFI, blocked ports: []
2026-04-23 09:33:37.991 14251-14334 MeshEventBus            com.scmessenger.android              D  StatusEvent emitted: StatsUpdated(stats=ServiceStats(peersDiscovered=0, messagesRelayed=0, bytesTransferred=0, uptimeSecs=1241))
2026-04-23 09:33:41.114 14251-14344 NetworkDetector         com.scmessenger.android              D  Network type: WIFI, blocked ports: []
2026-04-23 09:33:43.007 14251-14334 MeshRepository          com.scmessenger.android              D  Mesh Stats: 0 peers (Core), 0 full, 0 headless (Repo)
2026-04-23 09:33:43.029 14251-14280 MeshEventBus            com.scmessenger.android              D  StatusEvent emitted: StatsUpdated(stats=ServiceStats(peersDiscovered=0, messagesRelayed=0, bytesTransferred=0, uptimeSecs=1247))
2026-04-23 09:33:46.788 14251-14251 MainActivity            com.scmessenger.android              D  MainActivity paused
2026-04-23 09:33:46.789 14251-14251 VRI[MainActivity]       com.scmessenger.android              D  visibilityChanged oldVisibility=true newVisibility=false
2026-04-23 09:33:47.267 14251-14344 NetworkDetector         com.scmessenger.android              D  Network type: WIFI, blocked ports: []
2026-04-23 09:33:48.042 14251-14280 MeshRepository          com.scmessenger.android              D  Mesh Stats: 0 peers (Core), 0 full, 0 headless (Repo)
2026-04-23 09:33:48.055 14251-14281 MeshEventBus            com.scmessenger.android              D  StatusEvent emitted: StatsUpdated(stats=ServiceStats(peersDiscovered=0, messagesRelayed=0, bytesTransferred=0, uptimeSecs=1252))
2026-04-23 09:33:50.379 14251-14344 NetworkDetector         com.scmessenger.android              D  Network type: WIFI, blocked ports: []
2026-04-23 09:33:52.734 14251-14251 BluetoothAdapter        com.scmessenger.android              D  isLeEnabled(): ON
2026-04-23 09:33:52.734 1