2026-04-22 18:31:30.310 19933-20069 MeshRepository          com.scmessenger.android              I  BLE GATT identity beacon updated: 374d73eb... (313 bytes, listeners=0, external=0) p2p_id=12D3KooWDYF6HEnGo8fs4gbAhBth7HdJ2nQz7wKFXXUb6WBxNof9
2026-04-22 18:31:30.591 19933-19933 BleScanner...d$Runnable com.scmessenger.android              W  BLE scan fallback enabled after 20010 ms without mesh advertisements; switching to unfiltered scan
2026-04-22 18:31:30.592 19933-20069 MeshRepository          com.scmessenger.android              D  Mesh Stats: 0 peers (Core), 0 full, 0 headless (Repo)
2026-04-22 18:31:30.598 19933-19933 BluetoothAdapter        com.scmessenger.android              D  isLeEnabled(): ON
2026-04-22 18:31:30.598 19933-19933 BluetoothLeScanner      com.scmessenger.android              D  could not find callback wrapper
2026-04-22 18:31:30.598 19933-19933 BluetoothAdapter        com.scmessenger.android              D  isLeEnabled(): ON
2026-04-22 18:31:30.603 19933-19933 BleScanner              com.scmessenger.android              I  BLE scan restarted (background=false, fallback=true)
2026-04-22 18:31:30.605 19933-19950 BluetoothLeScanner      com.scmessenger.android              D  onScannerRegistered(status=0, scannerId=3): mScannerId=0
2026-04-22 18:31:30.606 19933-20072 MeshEventBus            com.scmessenger.android              D  StatusEvent emitted: StatsUpdated(stats=ServiceStats(peersDiscovered=0, messagesRelayed=0, bytesTransferred=0, uptimeSecs=20))
2026-04-22 18:31:35.376 19933-19985 MeshRepository          com.scmessenger.android              D  getIdentityInfo: result=caccf8657f8cf09f647503be0c6a51f27ee4ff616fd5b7153fdf2c41b6b55747, initialized=true, nickname=Luke
2026-04-22 18:31:35.378 19933-19985 DashboardViewModel      com.scmessenger.android              D  Topology built: 1 nodes, 0 edges
2026-04-22 18:31:35.379 19933-19985 DashboardV...efreshData com.scmessenger.android              D  Dashboard data refreshed
2026-04-22 18:31:35.609 19933-19985 MeshRepository          com.scmessenger.android              D  Mesh Stats: 0 peers (Core), 0 full, 0 headless (Repo)
2026-04-22 18:31:35.612 19933-19985 MeshEventBus            com.scmessenger.android              D  StatusEvent emitted: StatsUpdated(stats=ServiceStats(peersDiscovered=0, messagesRelayed=0, bytesTransferred=0, uptimeSecs=25))
2026-04-22 18:31:36.119 19933-19986 MeshRepository          com.scmessenger.android              D  getIdentityInfo: result=caccf8657f8cf09f647503be0c6a51f27ee4ff616fd5b7153fdf2c41b6b55747, initialized=true, nickname=Luke
2026-04-22 18:31:36.120 19933-19986 DashboardViewModel      com.scmessenger.android              D  Topology built: 1 nodes, 0 edges
2026-04-22 18:31:36.121 19933-19986 DashboardV...efreshData com.scmessenger.android              D  Dashboard data refreshed
2026-04-22 18:31:40.616 19933-19986 MeshRepository          com.scmessenger.android              D  Mesh Stats: 0 peers (Core), 0 full, 0 headless (Repo)
2026-04-22 18:31:40.620 19933-19986 MeshEventBus            com.scmessenger.android              D  StatusEvent emitted: StatsUpdated(stats=ServiceStats(peersDiscovered=0, messagesRelayed=0, bytesTransferred=0, uptimeSecs=30))
2026-04-22 18:31:41.286 19933-19986 MeshRepository          com.scmessenger.android              I  Bootstrap: network=WIFI, cellular=false, priority=[QUIC, TCP, WEBSOCKET_WSS, WEBSOCKET_WS]
2026-04-22 18:31:41.294 19933-19986 NetworkFailureMetrics   com.scmessenger.android              D  Failure metric recorded: node=/ip4/34.135.34.73/udp/9001/quic-v1/p2p/12D3KooWETatHYo4xt9aufXEEDce719fyMEB7KmXJga1SYVUikaw reason=Unknown network error: NetworkException: Network error total=3
2026-04-22 18:31:41.296 19933-19986 MeshRepository          com.scmessenger.android              W  Bootstrap dial failed for /ip4/34.135.34.73/udp/9001/quic-v1/p2p/12D3KooWETatHYo4xt9aufXEEDce719fyMEB7KmXJga1SYVUikaw - Unknown network error: NetworkException: Network error
2026-04-22 18:31:41.298 19933-19986 NetworkFailureMetrics   com.scmessenger.android              D  Failure metric recorded: node=/ip4/34.135.34.73/udp/9001/quic-v1/p2p/12D3KooWETatHYo4xt9aufXEEDce719fyMEB7KmXJga1SYVUikaw reason=Unknown network error: NetworkException: Network error total=4
2026-04-22 18:31:41.301 19933-19986 NetworkFailureMetrics   com.scmessenger.android              D  Failure metric recorded: node=/ip4/34.135.34.73/tcp/9001/p2p/12D3KooWETatHYo4xt9aufXEEDce719fyMEB7KmXJga1SYVUikaw reason=Unknown network error: NetworkException: Network error total=3
2026-04-22 18:31:41.303 19933-19986 MeshRepository          com.scmessenger.android              W  Bootstrap dial failed for /ip4/34.135.34.73/tcp/9001/p2p/12D3KooWETatHYo4xt9aufXEEDce719fyMEB7KmXJga1SYVUikaw - Unknown network error: NetworkException: Network error
2026-04-22 18:31:41.304 19933-19986 NetworkFailureMetrics   com.scmessenger.android              D  Failure metric recorded: node=/ip4/34.135.34.73/tcp/9001/p2p/12D3KooWETatHYo4xt9aufXEEDce719fyMEB7KmXJga1SYVUikaw reason=Unknown network error: NetworkException: Network error total=4
2026-04-22 18:31:41.307 19933-19986 NetworkFailureMetrics   com.scmessenger.android              D  Failure metric recorded: node=/ip4/104.28.216.43/udp/9010/quic-v1/p2p/12D3KooWHpmuhytgzLcM4nj1hZvN5b4crB1wka3LCNfKRCd7yHj9 reason=Unknown network error: NetworkException: Network error total=3
2026-04-22 18:31:41.309 19933-19986 MeshRepository          com.scmessenger.android              W  Bootstrap dial failed for /ip4/104.28.216.43/udp/9010/quic-v1/p2p/12D3KooWHpmuhytgzLcM4nj1hZvN5b4crB1wka3LCNfKRCd7yHj9 - Unknown network error: NetworkException: Network error
2026-04-22 18:31:41.311 19933-19986 NetworkFailureMetrics   com.scmessenger.android              D  Failure metric recorded: node=/ip4/104.28.216.43/udp/9010/quic-v1/p2p/12D3KooWHpmuhytgzLcM4nj1hZvN5b4crB1wka3LCNfKRCd7yHj9 reason=Unknown network error: NetworkException: Network error total=4
2026-04-22 18:31:41.315 19933-19986 NetworkFailureMetrics   com.scmessenger.android              D  Failure metric recorded: node=/ip4/104.28.216.43/tcp/9010/p2p/12D3KooWHpmuhytgzLcM4nj1hZvN5b4crB1wka3LCNfKRCd7yHj9 reason=Unknown network error: NetworkException: Network error total=3
2026-04-22 18:31:41.316 19933-19986 MeshRepository          com.scmessenger.android              W  Bootstrap dial failed for /ip4/104.28.216.43/tcp/9010/p2p/12D3KooWHpmuhytgzLcM4nj1hZvN5b4crB1wka3LCNfKRCd7yHj9 - Unknown network error: NetworkException: Network error
2026-04-22 18:31:41.319 19933-19986 NetworkFailureMetrics   com.scmessenger.android              D  Failure metric recorded: node=/ip4/104.28.216.43/tcp/9010/p2p/12D3KooWHpmuhytgzLcM4nj1hZvN5b4crB1wka3LCNfKRCd7yHj9 reason=Unknown network error: NetworkException: Network error total=4
2026-04-22 18:31:41.323 19933-19986 NetworkFailureMetrics   com.scmessenger.android              D  Failure metric recorded: node=/dns4/bootstrap.scmessenger.net/tcp/443/ws/p2p/12D3KooWETatHYo4xt9aufXEEDce719fyMEB7KmXJga1SYVUikaw reason=Unknown network error: NetworkException: Network error total=3
2026-04-22 18:31:41.325 19933-19986 MeshRepository          com.scmessenger.android              W  Bootstrap dial failed for /dns4/bootstrap.scmessenger.net/tcp/443/ws/p2p/12D3KooWETatHYo4xt9aufXEEDce719fyMEB7KmXJga1SYVUikaw - Unknown network error: NetworkException: Network error
2026-04-22 18:31:41.327 19933-19986 NetworkFailureMetrics   com.scmessenger.android              D  Failure metric recorded: node=/dns4/bootstrap.scmessenger.net/tcp/443/ws/p2p/12D3KooWETatHYo4xt9aufXEEDce719fyMEB7KmXJga1SYVUikaw reason=Unknown network error: NetworkException: Network error total=4
2026-04-22 18:31:41.331 19933-19986 NetworkFailureMetrics   com.scmessenger.android              D  Failure metric recorded: node=/dns4/bootstrap.scmessenger.net/tcp/80/ws/p2p/12D3KooWETatHYo4xt9aufXEEDce719fyMEB7KmXJga1SYVUikaw reason=Unknown network error: NetworkException: Network error total=3
2026-04-22 18:31:41.333 19933-19986 MeshRepository          com.scmessenger.android              W  Bootstrap dial failed for /dns4/bootstrap.scmessenger.net/tcp/80/ws/p2p/12D3KooWETatHYo4xt9aufXEEDce719fyMEB7KmXJga1SYVUikaw - Unknown network error: NetworkException: Network error
2026-04-22 18:31:41.335 19933-19986 NetworkFailureMetrics   com.scmessenger.android              D  Failure metric recorded: node=/dns4/bootstrap.scmessenger.net/tcp/80/ws/p2p/12D3KooWETatHYo4xt9aufXEEDce719fyMEB7KmXJga1SYVUikaw reason=Unknown network error: NetworkException: Network error total=4
2026-04-22 18:31:41.336 19933-19986 MeshRepository          com.scmessenger.android              W  Bootstrap all-failed (consecutive=2), next attempt in 30000ms
2026-04-22 18:31:45.628 19933-19986 MeshRepository          com.scmessenger.android              D  Mesh Stats: 0 peers (Core), 0 full, 0 headless (Repo)
2026-04-22 18:31:45.632 19933-19986 MeshEventBus            com.scmessenger.android              D  StatusEvent emitted: StatsUpdated(stats=ServiceStats(peersDiscovered=0, messagesRelayed=0, bytesTransferred=0, uptimeSecs=35))
2026-04-22 18:31:50.596 19933-19933 BluetoothAdapter        com.scmessenger.android              D  isLeEnabled(): ON
2026-04-22 18:31:50.607 19933-19933 BleScanner              com.scmessenger.android              V  BLE scan window ended
2026-04-22 18:31:50.639 19933-19986 MeshRepository          com.scmessenger.android              D  Mesh Stats: 0 peers (Core), 0 full, 0 headless (Repo)
2026-04-22 18:31:50.643 19933-19986 MeshEventBus            com.scmessenger.android              D  StatusEvent emitted: StatsUpdated(stats=ServiceStats(peersDiscovered=0, messagesRelayed=0, bytesTransferred=0, uptimeSecs=40))
2026-04-22 18:31:50.937 19933-19933 ContactsVi...adContacts com.scmessenger.android              D  Loaded 0 contacts, filtered nearby peers to 0
2026-04-22 18:31:50.957 19933-19933 WindowOnBackDispatcher  com.scmessenger.android              W  OnBackInvokedCallback is not enabled for the application.
                                                                                                    Set 'android:enableOnBackInvokedCallback="true"' in the application manifest.
2026-04-22 18:31:52.184 19933-19933 MeshServiceViewModel    com.scmessenger.android              D  MeshServiceViewModel initialized
2026-04-22 18:31:52.193 19933-19990 DashboardViewModel      com.scmessenger.android              D  Loaded 0 discovered peers (0 full)
2026-04-22 18:31:52.196 19933-20069 DashboardViewModel      com.scmessenger.android              D  Loaded 0 discovered peers (0 full)
2026-04-22 18:31:53.490 19933-19933 SettingsVi...adSettings com.scmessenger.android              D  Loaded mesh settings: MeshSettings(relayEnabled=true, maxRelayBudget=200, batteryFloor=20, bleEnabled=true, wifiAwareEnabled=true, wifiDirectEnabled=true, internetEnabled=true, discoveryMode=NORMAL, onionRouting=false, coverTrafficEnabled=false, messagePaddingEnabled=false, timingObfuscationEnabled=false, notificationsEnabled=true, notifyDmEnabled=true, notifyDmRequestEnabled=true, notifyDmInForeground=false, notifyDmRequestInForeground=true, soundEnabled=true, badgeEnabled=true)
2026-04-22 18:31:55.644 19933-20073 MeshRepository          com.scmessenger.android              D  Mesh Stats: 0 peers (Core), 0 full, 0 headless (Repo)
2026-04-22 18:31:55.647 19933-20073 MeshEventBus            com.scmessenger.android              D  StatusEvent emitted: StatsUpdated(stats=ServiceStats(peersDiscovered=0, messagesRelayed=0, bytesTransferred=0, uptimeSecs=45))
2026-04-22 18:31:56.128 19933-20049 NetworkDetector         com.scmessenger.android              D  Network type: WIFI, blocked ports: []
2026-04-22 18:31:59.148 19933-20049 NetworkDetector         com.scmessenger.android              D  Network type: WIFI, blocked ports: []
2026-04-22 18:32:00.652 19933-20073 MeshRepository          com.scmessenger.android              D  Mesh Stats: 0 peers (Core), 0 full, 0 headless (Repo)
2026-04-22 18:32:05.658 19933-20073 MeshRepository          com.scmessenger.android              D  Mesh Stats: 0 peers (Core), 0 full, 0 headless (Repo)
2026-04-22 18:32:06.452 19933-20069 MeshRepository          com.scmessenger.android              D  getIdentityInfo: result=caccf8657f8cf09f647503be0c6a51f27ee4ff616fd5b7153fdf2c41b6b55747, initialized=true, nickname=Luke
2026-04-22 18:32:06.453 19933-20069 DashboardViewModel      com.scmessenger.android              D  Topology built: 1 nodes, 0 edges
2026-04-22 18:32:06.455 19933-20069 DashboardV...efreshData com.scmessenger.android              D  Dashboard data refreshed
2026-04-22 18:32:06.479 19933-19933 MeshRepository          com.scmessenger.android              D  getIdentityInfo: result=caccf8657f8cf09f647503be0c6a51f27ee4ff616fd5b7153fdf2c41b6b55747, initialized=true, nickname=Luke
2026-04-22 18:32:06.484 19933-19933 MeshServiceViewModel    com.scmessenger.android              D  MeshServiceViewModel initialized
2026-04-22 18:32:06.542 19933-19990 MeshRepository          com.scmessenger.android              D  getIdentityInfo: result=caccf8657f8cf09f647503be0c6a51f27ee4ff616fd5b7153fdf2c41b6b55747, initialized=true, nickname=Luke
2026-04-22 18:32:06.543 19933-19990 DashboardViewModel      com.scmessenger.android              D  Topology built: 1 nodes, 0 edges
2026-04-22 18:32:06.544 19933-19990 DashboardV...efreshData com.scmessenger.android              D  Dashboard data refreshed
2026-04-22 18:32:06.805 19933-19990 MeshEventBus            com.scmessenger.android              D  StatusEvent emitted: StatsUpdated(stats=ServiceStats(peersDiscovered=0, messagesRelayed=0, bytesTransferred=0, uptimeSecs=50))
2026-04-22 18:32:06.806 19933-20069 MeshEventBus            com.scmessenger.android              D  StatusEvent emitted: StatsUpdated(stats=ServiceStats(peersDiscovered=0, messagesRelayed=0, bytesTransferred=0, uptimeSecs=55))
2026-04-22 18:32:06.807 19933-19933 MainActivity            com.scmessenger.android              D  MainActivity paused
2026-04-22 18:32:06.863 19933-19933 AnrWatchdog             com.scmessenger.android              I  ANR watchdog stopped (total ANR events=0)
2026-04-22 18:32:06.865 19933-19933 MainActivity            com.scmessenger.android              D  ANR watchdog stopped
2026-04-22 18:32:06.866 19933-19933 WindowOnBackDispatcher  com.scmessenger.android              D  setTopOnBackInvokedCallback (unwrapped): null
2026-04-22 18:32:06.870 19933-19993 HWUI                    com.scmessenger.android              D  endAllActiveAnimators on 0xb40000765795c1e0 (UnprojectedRipple) with handle 0xb400007617ef64c0
2026-04-22 18:32:06.870 19933-19933 ViewRootImpl            com.scmessenger.android              D  Skipping stats log for color mode
2026-04-22 18:32:06.875 19933-19933 MainActivity            com.scmessenger.android              D  MainActivity created
2026-04-22 18:32:06.877 19933-19933 AnrWatchdog             com.scmessenger.android              I  ANR watchdog started (check=5000ms, threshold=10000ms)
2026-04-22 18:32:06.878 19933-19933 MainActivity            com.scmessenger.android              I  ANR watchdog started for UI thread monitoring
2026-04-22 18:32:06.879 19933-19933 MainActivity            com.scmessenger.android              D  All permissions already granted
2026-04-22 18:32:06.884 19933-20069 MeshRepository          com.scmessenger.android              I  Repository background initialization completed
2026-04-22 18:32:06.885 19933-19933 ContentCaptureHelper    com.scmessenger.android              I  Setting logging level to OFF
2026-04-22 18:32:06.885 19933-20069 MainActivity            com.scmessenger.android              D  UI components initialization completed
2026-04-22 18:32:06.886 19933-19933 MainActivity            com.scmessenger.android              D  MainActivity resumed
2026-04-22 18:32:06.887 19933-19933 MainActivity            com.scmessenger.android              D  All permissions already granted
2026-04-22 18:32:06.892 19933-20069 BleGattServer           com.scmessenger.android              W  GATT server already running
2026-04-22 18:32:06.893 19933-20073 BleScanner              com.scmessenger.android              D  BLE scan already in progress, reusing existing session
2026-04-22 18:32:06.894 19933-20069 BleGattServer           com.scmessenger.android              D  BleGattServer: identity beacon set (313 bytes)
2026-04-22 18:32:06.894 19933-19990 WifiTransportManager    com.scmessenger.android              D  WifiTransportManager initialized
2026-04-22 18:32:06.910 19933-20069 BleGattServer           com.scmessenger.android              D  BleGattServer: identity beacon set (313 bytes)
2026-04-22 18:32:06.911 19933-19990 WifiTransportManager    com.scmessenger.android              D  WiFi P2P discovery already active; skipping duplicate start
2026-04-22 18:32:06.912 19933-20069 MeshRepository          com.scmessenger.android              I  BLE GATT identity beacon updated: 374d73eb... (313 bytes, listeners=0, external=0) p2p_id=12D3KooWDYF6HEnGo8fs4gbAhBth7HdJ2nQz7wKFXXUb6WBxNof9
2026-04-22 18:32:06.931 19933-19933 VRI[MainActivity]       com.scmessenger.android              D  WindowInsets changed: 2400x1080 statusBars:[0,74,0,0] navigationBars:[0,0,0,63] mandatorySystemGestures:[0,74,0,84] 
2026-04-22 18:32:06.932 19933-19933 WindowOnBackDispatcher  com.scmessenger.android              D  setTopOnBackInvokedCallback (unwrapped): android.view.ViewRootImpl$$ExternalSyntheticLambda25@75e0e49
2026-04-22 18:32:07.080 19933-19933 WindowOnBackDispatcher  com.scmessenger.android              W  OnBackInvokedCallback is not enabled for the application.
                                                                                                    Set 'android:enableOnBackInvokedCallback="true"' in the application manifest.
2026-04-22 18:32:07.214 19933-20069 MainViewMo...ntityState com.scmessenger.android              D  refreshIdentityState() called
2026-04-22 18:32:07.219 19933-20069 MainViewMo...ntityState com.scmessenger.android              D  Identity initialized state: true
2026-04-22 18:32:10.668 19933-20069 MeshRepository          com.scmessenger.android              D  Mesh Stats: 0 peers (Core), 0 full, 0 headless (Repo)
2026-04-22 18:32:10.680 19933-20073 MeshEventBus            com.scmessenger.android              D  StatusEvent emitted: StatsUpdated(stats=ServiceStats(peersDiscovered=0, messagesRelayed=0, bytesTransferred=0, uptimeSecs=60))
2026-04-22 18:32:11.986 19933-20073 BleGattServer           com.scmessenger.android              D  BleGattServer: identity beacon set (313 bytes)
2026-04-22 18:32:11.995 19933-20073 MeshRepository          com.scmessenger.android              I  BLE GATT identity beacon updated: 374d73eb... (313 bytes, listeners=0, external=0) p2p_id=12D3KooWDYF6HEnGo8fs4gbAhBth7HdJ2nQz7wKFXXUb6WBxNof9
2026-04-22 18:32:13.354 19933-20073 MeshRepository          com.scmessenger.android              I  Bootstrap: network=WIFI, cellular=false, priority=[QUIC, TCP, WEBSOCKET_WSS, WEBSOCKET_WS]
2026-04-22 18:32:13.373 19933-20073 NetworkFailureMetrics   com.scmessenger.android              D  Failure metric recorded: node=/ip4/34.135.34.73/udp/9001/quic-v1/p2p/12D3KooWETatHYo4xt9aufXEEDce719fyMEB7KmXJga1SYVUikaw reason=Unknown network error: NetworkException: Network error total=5
2026-04-22 18:32:13.380 19933-20073 MeshRepository          com.scmessenger.android              W  Bootstrap dial failed for /ip4/34.135.34.73/udp/9001/quic-v1/p2p/12D3KooWETatHYo4xt9aufXEEDce719fyMEB7KmXJga1SYVUikaw - Unknown network error: NetworkException: Network error
2026-04-22 18:32:13.386 19933-20073 CircuitBreaker          com.scmessenger.android              W  Circuit breaker OPENING for relay /ip4/34.135.34.73/udp/9001/quic-v1/p2p/12D3KooWETatHYo4xt9aufXEEDce719fyMEB7KmXJga1SYVUikaw after 3 failures: Unknown network error: NetworkException: Network error
2026-04-22 18:32:13.396 19933-20073 NetworkFailureMetrics   com.scmessenger.android              D  Failure metric recorded: node=/ip4/34.135.34.73/udp/9001/quic-v1/p2p/12D3KooWETatHYo4xt9aufXEEDce719fyMEB7KmXJga1SYVUikaw reason=Unknown network error: NetworkException: Network error total=6
2026-04-22 18:32:13.407 19933-20073 NetworkFailureMetrics   com.scmessenger.android              D  Failure metric recorded: node=/ip4/34.135.34.73/tcp/9001/p2p/12D3KooWETatHYo4xt9aufXEEDce719fyMEB7KmXJga1SYVUikaw reason=Unknown network error: NetworkException: Network error total=5
2026-04-22 18:32:13.412 19933-20073 MeshRepository          com.scmessenger.android              W  Bootstrap dial failed for /ip4/34.135.34.73/tcp/9001/p2p/12D3KooWETatHYo4xt9aufXEEDce719fyMEB7KmXJga1SYVUikaw - Unknown network error: NetworkException: Network error
2026-04-22 18:32:13.417 19933-20073 CircuitBreaker          com.scmessenger.android              W  Circuit breaker OPENING for relay /ip4/34.135.34.73/tcp/9001/p2p/12D3KooWETatHYo4xt9aufXEEDce719fyMEB7KmXJga1SYVUikaw after 3 failures: Unknown network error: NetworkException: Network error
2026-04-22 18:32:13.422 19933-20073 NetworkFailureMetrics   com.scmessenger.android              D  Failure metric recorded: node=/ip4/34.135.34.73/tcp/9001/p2p/12D3KooWETatHYo4xt9aufXEEDce719fyMEB7KmXJga1SYVUikaw reason=Unknown network error: NetworkException: Network error total=6
2026-04-22 18:32:13.430 19933-20073 NetworkFailureMetrics   com.scmessenger.android              D  Failure metric recorded: node=/ip4/104.28.216.43/udp/9010/quic-v1/p2p/12D3KooWHpmuhytgzLcM4nj1hZvN5b4crB1wka3LCNfKRCd7yHj9 reason=Unknown network error: NetworkException: Network error total=5
2026-04-22 18:32:13.432 19933-20073 MeshRepository          com.scmessenger.android              W  Bootstrap dial failed for /ip4/104.28.216.43/udp/9010/quic-v1/p2p/12D3KooWHpmuhytgzLcM4nj1hZvN5b4crB1wka3LCNfKRCd7yHj9 - Unknown network error: NetworkException: Network error
2026-04-22 18:32:13.435 19933-20073 CircuitBreaker          com.scmessenger.android              W  Circuit breaker OPENING for relay /ip4/104.28.216.43/udp/9010/quic-v1/p2p/12D3KooWHpmuhytgzLcM4nj1hZvN5b4crB1wka3LCNfKRCd7yHj9 after 3 failures: Unknown network error: NetworkException: Network error
2026-04-22 18:32:13.439 19933-20073 NetworkFailureMetrics   com.scmessenger.android              D  Failure metric recorded: node=/ip4/104.28.216.43/udp/9010/quic-v1/p2p/12D3KooWHpmuhytgzLcM4nj1hZvN5b4crB1wka3LCNfKRCd7yHj9 reason=Unknown network error: NetworkException: Network error total=6
2026-04-22 18:32:13.444 19933-20073 NetworkFailureMetrics   com.scmessenger.android              D  Failure metric recorded: node=/ip4/104.28.216.43/tcp/9010/p2p/12D3KooWHpmuhytgzLcM4nj1hZvN5b4crB1wka3LCNfKRCd7yHj9 reason=Unknown network error: NetworkException: Network error total=5
2026-04-22 18:32:13.447 19933-20073 MeshRepository          com.scmessenger.android              W  Bootstrap dial failed for /ip4/104.28.216.43/tcp/9010/p2p/12D3KooWHpmuhytgzLcM4nj1hZvN5b4crB1wka3LCNfKRCd7yHj9 - Unknown network error: NetworkException: Network error
2026-04-22 18:32:13.448 19933-20073 CircuitBreaker          com.scmessenger.android              W  Circuit breaker OPENING for relay /ip4/104.28.216.43/tcp/9010/p2p/12D3KooWHpmuhytgzLcM4nj1hZvN5b4crB1wka3LCNfKRCd7yHj9 after 3 failures: Unknown network error: NetworkException: Network error
2026-04-22 18:32:13.451 19933-20073 NetworkFailureMetrics   com.scmessenger.android              D  Failure metric recorded: node=/ip4/104.28.216.43/tcp/9010/p2p/12D3KooWHpmuhytgzLcM4nj1hZvN5b4crB1wka3LCNfKRCd7yHj9 reason=Unknown network error: NetworkException: Network error total=6
2026-04-22 18:32:13.455 19933-20073 NetworkFailureMetrics   com.scmessenger.android              D  Failure metric recorded: node=/dns4/bootstrap.scmessenger.net/tcp/443/ws/p2p/12D3KooWETatHYo4xt9aufXEEDce719fyMEB7KmXJga1SYVUikaw reason=Unknown network error: NetworkException: Network error total=5
2026-04-22 18:32:13.457 19933-20073 MeshRepository          com.scmessenger.android              W  Bootstrap dial failed for /dns4/bootstrap.scmessenger.net/tcp/443/ws/p2p/12D3KooWETatHYo4xt9aufXEEDce719fyMEB7KmXJga1SYVUikaw - Unknown network error: NetworkException: Network error
2026-04-22 18:32:13.459 19933-20073 CircuitBreaker          com.scmessenger.android              W  Circuit breaker OPENING for relay /dns4/bootstrap.scmessenger.net/tcp/443/ws/p2p/12D3KooWETatHYo4xt9aufXEEDce719fyMEB7KmXJga1SYVUikaw after 3 failures: Unknown network error: NetworkException: Network error
2026-04-22 18:32:13.461 19933-20073 NetworkFailureMetrics   com.scmessenger.android              D  Failure metric recorded: node=/dns4/bootstrap.scmessenger.net/tcp/443/ws/p2p/12D3KooWETatHYo4xt9aufXEEDce719fyMEB7KmXJga1SYVUikaw reason=Unknown network error: NetworkException: Network error total=6
2026-04-22 18:32:13.465 19933-20073 NetworkFailureMetrics   com.scmessenger.android              D  Failure metric recorded: node=/dns4/bootstrap.scmessenger.net/tcp/80/ws/p2p/12D3KooWETatHYo4xt9aufXEEDce719fyMEB7KmXJga1SYVUikaw reason=Unknown network error: NetworkException: Network error total=5
2026-04-22 18:32:13.466 19933-20073 MeshRepository          com.scmessenger.android              W  Bootstrap dial failed for /dns4/bootstrap.scmessenger.net/tcp/80/ws/p2p/12D3KooWETatHYo4xt9aufXEEDce719fyMEB7KmXJga1SYVUikaw - Unknown network error: NetworkException: Network error
2026-04-22 18:32:13.468 19933-20073 CircuitBreaker          com.scmessenger.android              W  Circuit breaker OPENING for relay /dns4/bootstrap.scmessenger.net/tcp/80/ws/p2p/12D3KooWETatHYo4xt9aufXEEDce719fyMEB7KmXJga1SYVUikaw after 3 failures: Unknown network error: NetworkException: Network error
2026-04-22 18:32:13.470 19933-20073 NetworkFailureMetrics   com.scmessenger.android              D  Failure metric recorded: node=/dns4/bootstrap.scmessenger.net/tcp/80/ws/p2p/12D3KooWETatHYo4xt9aufXEEDce719fyMEB7KmXJga1SYVUikaw reason=Unknown network error: NetworkException: Network error total=6
2026-04-22 18:32:13.471 19933-20073 MeshRepository          com.scmessenger.android              W  Bootstrap all-failed (consecutive=3), next attempt in 30000ms
2026-04-22 18:32:15.685 19933-20073 MeshRepository          com.scmessenger.android              D  Mesh Stats: 0 peers (Core), 0 full, 0 headless (Repo)
2026-04-22 18:32:16.881 19933-20268 AnrWatchdog             com.scmessenger.android              W  Slow main thread: 5001ms (threshold: 10000ms)
2026-04-22 18:32:19.626 19933-19985 BleGattServer           com.scmessenger.android              D  BleGattServer: identity beacon set (313 bytes)
2026-04-22 18:32:19.627 19933-19985 MeshRepository          com.scmessenger.android              I  BLE GATT identity beacon updated: 374d73eb... (313 bytes, listeners=0, external=0) p2p_id=12D3KooWDYF6HEnGo8fs4gbAhBth7HdJ2nQz7wKFXXUb6WBxNof9
2026-04-22 18:32:19.628 19933-19985 MeshRepository          com.scmessenger.android              I  ✓ Internet transport (Swarm) initiated and bridge wired
2026-04-22 18:32:19.949 19933-19933 MeshRepository          com.scmessenger.android              D  getIdentityInfo: result=caccf8657f8cf09f647503be0c6a51f27ee4ff616fd5b7153fdf2c41b6b55747, initialized=true, nickname=Luke
2026-04-22 18:32:19.957 19933-19933 Choreographer           com.scmessenger.android              I  Skipped 780 frames!  The application may be doing too much work on its main thread.
2026-04-22 18:32:20.043 19933-20171 HWUI                    com.scmessenger.android              I  Davey! duration=13098ms; Flags=0, FrameTimelineVsyncId=71528203, IntendedVsync=261076028578914, Vsync=261089060239374, InputEventId=0, HandleInputStart=261089063880574, AnimationStart=261089063883911, PerformTraversalsStart=261089106547363, DrawStart=261089106771037, FrameDeadline=261076336719076, FrameStartTime=261089063028402, FrameInterval=16707257, WorkloadTarget=16600000, SyncQueued=261089123934082, SyncStart=261089124140950, IssueDrawCommandsStart=261089124263061, SwapBuffers=261089126874349, FrameCompleted=261089127361328, DequeueBufferDuration=13061, QueueBufferDuration=153198, GpuCompleted=261089127361328, SwapBuffersCompleted=261089127068400, DisplayPresentTime=0, CommandSubmissionCompleted=261089126874349, 
2026-04-22 18:32:20.075 19933-20069 MeshEventBus            com.scmessenger.android              D  StatusEvent emitted: StatsUpdated(stats=ServiceStats(peersDiscovered=0, messagesRelayed=0, bytesTransferred=0, uptimeSecs=65))
2026-04-22 18:32:20.118 19933-19933 InsetsController        com.scmessenger.android              D  hide(ime())
2026-04-22 18:32:20.119 19933-19933 ImeTracker              com.scmessenger.android              I  com.scmessenger.android:b43ead05: onCancelled at PHASE_CLIENT_ALREADY_HIDDEN
2026-04-22 18:32:20.635 19933-19933 BluetoothAdapter        com.scmessenger.android              D  isLeEnabled(): ON
2026-04-22 18:32:20.635 19933-19933 BluetoothLeScanner      com.scmessenger.android              D  could not find callback wrapper
2026-04-22 18:32:20.636 19933-19933 BleScanner              com.scmessenger.android              V  BLE scan window ended
2026-04-22 18:32:20.703 19933-20069 MeshRepository          com.scmessenger.android              D  Mesh Stats: 0 peers (Core), 0 full, 0 headless (Repo)
2026-04-22 18:32:20.721 19933-20069 MeshEventBus            com.scmessenger.android              D  StatusEvent emitted: StatsUpdated(stats=ServiceStats(peersDiscovered=0, messagesRelayed=0, bytesTransferred=0, uptimeSecs=70))
2026-04-22 18:32:24.783 19933-20069 BleGattServer           com.scmessenger.android              D  BleGattServer: identity beacon set (313 bytes)
2026-04-22 18:32:24.792 19933-20069 MeshRepository          com.scmessenger.android              I  BLE GATT identity beacon updated: 374d73eb... (313 bytes, listeners=0, external=0) p2p_id=12D3KooWDYF6HEnGo8fs4gbAhBth7HdJ2nQz7wKFXXUb6WBxNof9
2026-04-22 18:32:25.732 19933-20069 MeshRepository          com.scmessenger.android              D  Mesh Stats: 0 peers (Core), 0 full, 0 headless (Repo)
2026-04-22 18:32:25.743 19933-20069 MeshEventBus            com.scmessenger.android              D  StatusEvent emitted: StatsUpdated(stats=ServiceStats(peersDiscovered=0, messagesRelayed=0, bytesTransferred=0, uptimeSecs=75))
2026-04-22 18:32:26.859 19933-20049 NetworkDetector         com.scmessenger.android              D  Network type: WIFI, blocked ports: []
2026-04-22 18:32:30.754 19933-20069 MeshRepository          com.scmessenger.android              D  Mesh Stats: 0 peers (Core), 0 full, 0 headless (Repo)
2026-04-22 18:32:30.766 19933-20069 MeshEventBus            com.scmessenger.android              D  StatusEvent emitted: StatsUpdated(stats=ServiceStats(peersDiscovered=0, messagesRelayed=0, bytesTransferred=0, uptimeSecs=80))
2026-04-22 18:32:35.777 19933-20069 MeshRepository          com.scmessenger.android              D  Mesh Stats: 0 peers (Core), 0 full, 0 headless (Repo)
2026-04-22 18:32:35.790 19933-20069 MeshEventBus            com.scmessenger.android              D  StatusEvent emitted: StatsUpdated(stats=ServiceStats(peersDiscovered=0, messagesRelayed=0, bytesTransferred=0, uptimeSecs=85))
2026-04-22 18:32:40.806 19933-20069 MeshRepository          com.scmessenger.android              D  Mesh Stats: 0 peers (Core), 0 full, 0 headless (Repo)
2026-04-22 18:32:40.822 19933-20073 MeshEventBus            com.scmessenger.android              D  StatusEvent emitted: StatsUpdated(stats=ServiceStats(peersDiscovered=0, messagesRelayed=0, bytesTransferred=0, uptimeSecs=90))
2026-04-22 18:32:45.505 19933-20073 MeshRepository          com.scmessenger.android              I  Bootstrap: network=WIFI, cellular=false, priority=[QUIC, TCP, WEBSOCKET_WSS, WEBSOCKET_WS]
2026-04-22 18:32:45.539 19933-20073 CircuitBreaker          com.scmessenger.android              D  Circuit breaker OPEN for relay /ip4/34.135.34.73/udp/9001/quic-v1/p2p/12D3KooWETatHYo4xt9aufXEEDce719fyMEB7KmXJga1SYVUikaw, skipping
2026-04-22 18:32:45.559 19933-20073 MeshRepository          com.scmessenger.android              D  Circuit breaker blocked /ip4/34.135.34.73/udp/9001/quic-v1/p2p/12D3KooWETatHYo4xt9aufXEEDce719fyMEB7KmXJga1SYVUikaw, skipping
2026-04-22 18:32:45.571 19933-20073 CircuitBreaker          com.scmessenger.android              D  Circuit breaker OPEN for relay /ip4/34.135.34.73/tcp/9001/p2p/12D3KooWETatHYo4xt9aufXEEDce719fyMEB7KmXJga1SYVUikaw, skipping
2026-04-22 18:32:45.582 19933-20073 MeshRepository          com.scmessenger.android              D  Circuit breaker blocked /ip4/34.135.34.73/tcp/9001/p2p/12D3KooWETatHYo4xt9aufXEEDce719fyMEB7KmXJga1SYVUikaw, skipping
2026-04-22 18:32:45.591 19933-20073 CircuitBreaker          com.scmessenger.android              D  Circuit breaker OPEN for relay /ip4/104.28.216.43/udp/9010/quic-v1/p2p/12D3KooWHpmuhytgzLcM4nj1hZvN5b4crB1wka3LCNfKRCd7yHj9, skipping
2026-04-22 18:32:45.598 19933-20073 MeshRepository          com.scmessenger.android              D  Circuit breaker blocked /ip4/104.28.216.43/udp/9010/quic-v1/p2p/12D3KooWHpmuhytgzLcM4nj1hZvN5b4crB1wka3LCNfKRCd7yHj9, skipping
2026-04-22 18:32:45.604 19933-20073 CircuitBreaker          com.scmessenger.android              D  Circuit breaker OPEN for relay /ip4/104.28.216.43/tcp/9010/p2p/12D3KooWHpmuhytgzLcM4nj1hZvN5b4crB1wka3LCNfKRCd7yHj9, skipping
2026-04-22 18:32:45.610 19933-20073 MeshRepository          com.scmessenger.android              D  Circuit breaker blocked /ip4/104.28.216.43/tcp/9010/p2p/12D3KooWHpmuhytgzLcM4nj1hZvN5b4crB1wka3LCNfKRCd7yHj9, skipping
2026-04-22 18:32:45.615 19933-20073 CircuitBreaker          com.scmessenger.android              D  Circuit breaker OPEN for relay /dns4/bootstrap.scmessenger.net/tcp/443/ws/p2p/12D3KooWETatHYo4xt9aufXEEDce719fyMEB7KmXJga1SYVUikaw, skipping
2026-04-22 18:32:45.620 19933-20073 MeshRepository          com.scmessenger.android              D  Circuit breaker blocked /dns4/bootstrap.scmessenger.net/tcp/443/ws/p2p/12D3KooWETatHYo4xt9aufXEEDce719fyMEB7KmXJga1SYVUikaw, skipping
2026-04-22 18:32:45.624 19933-20073 CircuitBreaker          com.scmessenger.android              D  Circuit breaker OPEN for relay /dns4/bootstrap.scmessenger.net/tcp/80/ws/p2p/12D3KooWETatHYo4xt9aufXEEDce719fyMEB7KmXJga1SYVUikaw, skipping
2026-04-22 18:32:45.628 19933-20073 MeshRepository          com.scmessenger.android              D  Circuit breaker blocked /dns4/bootstrap.scmessenger.net/tcp/80/ws/p2p/12D3KooWETatHYo4xt9aufXEEDce719fyMEB7KmXJga1SYVUikaw, skipping
2026-04-22 18:32:45.632 19933-20073 MeshRepository          com.scmessenger.android              W  Bootstrap all-failed (consecutive=4), next attempt in 16000ms
2026-04-22 18:32:45.826 19933-20073 MeshRepository          com.scmessenger.android              D  Mesh Stats: 0 peers (Core), 0 full, 0 headless (Repo)
2026-04-22 18:32:45.831 19933-20073 MeshEventBus            com.scmessenger.android              D  StatusEvent emitted: StatsUpdated(stats=ServiceStats(peersDiscovered=0, messagesRelayed=0, bytesTransferred=0, uptimeSecs=95))
2026-04-22 18:32:50.645 19933-19933 BluetoothAdapter        com.scmessenger.android              D  isLeEnabled(): ON
2026-04-22 18:32:50.645 19933-19933 BluetoothLeScanner      com.scmessenger.android              D  could not find callback wrapper
2026-04-22 18:32:50.646 19933-19933 BleScanner              com.scmessenger.android              V  BLE scan window ended
2026-04-22 18:32:50.839 19933-20073 MeshRepository          com.scmessenger.android              D  Mesh Stats: 0 peers (Core), 0 full, 0 headless (Repo)
2026-04-22 18:32:50.846 19933-20073 MeshEventBus            com.scmessenger.android              D  StatusEvent emitted: StatsUpdated(stats=ServiceStats(peersDiscovered=0, messagesRelayed=0, bytesTransferred=0, uptimeSecs=100))
2026-04-22 18:32:55.855 19933-20073 MeshRepository          com.scmessenger.android              D  Mesh Stats: 0 peers (Core), 0 full, 0 headless (Repo)
2026-04-22 18:32:55.864 19933-20073 MeshEventBus            com.scmessenger.android              D  StatusEvent emitted: StatsUpdated(stats=ServiceStats(peersDiscovered=0, messagesRelayed=0, bytesTransferred=0, uptimeSecs=105))
2026-04-22 18:33:00.318 19933-19933 MainActivity            com.scmessenger.android              D  MainActivity paused
2026-04-22 18:33:00.663 19933-19933 VRI[MainActivity]       com.scmessenger.android              D  visibilityChanged oldVisibility=true newVisibility=false
2026-04-22 18:33:00.844 19933-19942 ssenger.android         com.scmessenger.android              W  Cleared Reference was only reachable from finalizer (only reported once)
2026-04-22 18:33:00.873 19933-20073 MeshRepository          com.scmessenger.android              D  Mesh Stats: 0 peers (Core), 0 full, 0 headless (Repo)
2026-04-22 18:33:00.884 19933-20073 MeshEventBus            com.scmessenger.android              D  StatusEvent emitted: StatsUpdated(stats=ServiceStats(peersDiscovered=0, messagesRelayed=0, bytesTransferred=0, uptimeSecs=110))
2026-04-22 18:33:01.644 19933-20073 MeshRepository          com.scmessenger.android              I  Bootstrap: network=WIFI, cellular=false, priority=[QUIC, TCP, WEBSOCKET_WSS, WEBSOCKET_WS]
2026-04-22 18:33:01.652 19933-20073 CircuitBreaker          com.scmessenger.android              D  Circuit breaker OPEN for relay /ip4/34.135.34.73/udp/9001/quic-v1/p2p/12D3KooWETatHYo4xt9aufXEEDce719fyMEB7KmXJga1SYVUikaw, skipping
2026-04-22 18:33:01.661 19933-20073 MeshRepository          com.scmessenger.android              D  Circuit breaker blocked /ip4/34.135.34.73/udp/9001/quic-v1/p2p/12D3KooWETatHYo4xt9aufXEEDce719fyMEB7KmXJga1SYVUikaw, skipping
2026-04-22 18:33:01.670 19933-20073 CircuitBreaker          com.scmessenger.android              D  Circuit breaker OPEN for relay /ip4/34.135.34.73/tcp/9001/p2p/12D3KooWETatHYo4xt9aufXEEDce719fyMEB7KmXJga1SYVUikaw, skipping
2026-04-22 18:33:01.680 19933-20073 MeshRepository          com.scmessenger.android              D  Circuit breaker blocked /ip4/34.135.34.73/tcp/9001/p2p/12D3KooWETatHYo4xt9aufXEEDce719fyMEB7KmXJga1SYVUikaw, skipping
2026-04-22 18:33:01.690 19933-20073 CircuitBreaker          com.scmessenger.android              D  Circuit breaker OPEN for relay /ip4/104.28.216.43/udp/9010/quic-v1/p2p/12D3KooWHpmuhytgzLcM4nj1hZvN5b4crB1wka3LCNfKRCd7yHj9, skipping
2026-04-22 18:33:01.696 19933-20073 MeshRepository          com.scmessenger.android              D  Circuit breaker blocked /ip4/104.28.216.43/udp/9010/quic-v1/p2p/12D3KooWHpmuhytgzLcM4nj1hZvN5b4crB1wka3LCNfKRCd7yHj9, skipping
2026-04-22 18:33:01.701 19933-20073 CircuitBreaker          com.scmessenger.android              D  Circuit breaker OPEN for relay /ip4/104.28.216.43/tcp/9010/p2p/12D3KooWHpmuhytgzLcM4nj1hZvN5b4crB1wka3LCNfKRCd7yHj9, skipping
2026-04-22 18:33:01.705 19933-20073 MeshRepository          com.scmessenger.android              D  Circuit breaker blocked /ip4/104.28.216.43/tcp/9010/p2p/12D3KooWHpmuhytgzLcM4nj1hZvN5b4crB1wka3LCNfKRCd7yHj9, skipping
2026-04-22 18:33:01.711 19933-20073 CircuitBreaker          com.scmessenger.android              D  Circuit breaker OPEN for relay /dns4/bootstrap.scmessenger.net/tcp/443/ws/p2p/12D3KooWETatHYo4xt9aufXEEDce719fyMEB7KmXJga1SYVUikaw, skipping
2026-04-22 18:33:01.717 19933-20073 MeshRepository          com.scmessenger.android              D  Circuit breaker blocked /dns4/bootstrap.scmessenger.net/tcp/443/ws/p2p/12D3KooWETatHYo4xt9aufXEEDce719fyMEB7KmXJga1SYVUikaw, skipping
2026-04-22 18:33:01.723 19933-20073 CircuitBreaker          com.scmessenger.android              D  Circuit breaker OPEN for relay /dns4/bootstrap.scmessenger.net/tcp/80/ws/p2p/12D3KooWETatHYo4xt9aufXEEDce719fyMEB7KmXJga1SYVUikaw, skipping
2026-04-22 18:33:01.729 19933-20073 MeshRepository          com.scmessenger.android              D  Circuit breaker blocked /dns4/bootstrap.scmessenger.net/tcp/80/ws/p2p/12D3KooWETatHYo4xt9aufXEEDce719fyMEB7KmXJga1SYVUikaw, skipping
2026-04-22 18:33:01.734 19933-20073 MeshRepository          com.scmessenger.android              W  Bootstrap all-failed (consecutive=5), next attempt in 32000ms
2026-04-22 18:33:05.900 19933-20073 MeshRepository          com.scmessenger.android              D  Mesh Stats: 0 peers (Core), 0 full, 0 headless (Repo)
2026-04-22 18:33:05.916 19933-20069 MeshEventBus            com.scmessenger.android              D  StatusEvent emitted: StatsUpdated(stats=ServiceStats(peersDiscovered=0, messagesRelayed=0, bytesTransferred=0, uptimeSecs=115))
2026-04-22 18:33:10.923 19933-20069 MeshRepository          com.scmessenger.android              D  Mesh Stats: 0 peers (Core), 0 full, 0 headless (Repo)
2026-04-22 18:33:10.933 19933-19985 MeshEventBus            com.scmessenger.android              D  StatusEvent emitted: StatsUpdated(stats=ServiceStats(peersDiscovered=0, messagesRelayed=0, bytesTransferred=0, uptimeSecs=120))
2026-04-22 18:33:15.951 19933-19985 MeshRepository          com.scmessenger.android              D  Mesh Stats: 0 peers (Core), 0 full, 0 headless (Repo)
2026-04-22 18:33:15.968 19933-19985 MeshEventBus            com.scmessenger.android              D  StatusEvent emitted: StatsUpdated(stats=ServiceStats(peersDiscovered=0, messagesRelayed=0, bytesTransferred=0, uptimeSecs=125))
2026-04-22 18:33:20.659 19933-19933 BluetoothAdapter        com.scmessenger.android              D  isLeEnabled(): ON
2026-04-22 18:33:20.659 19933-19933 BluetoothLeScanner      com.scmessenger.android              D  could not find callback wrapper
2026-04-22 18:33:20.660 19933-19933 BleScanner              com.scmessenger.android              V  BLE scan window ended
2026-04-22 18:33:20.983 19933-19985 MeshRepository          com.scmessenger.android              D  Mesh Stats: 0 peers (Core), 0 full, 0 headless (Repo)
2026-04-22 18:33:21.003 19933-19985 MeshEventBus            com.scmessenger.android              D  StatusEvent emitted: StatsUpdated(stats=ServiceStats(peersDiscovered=0, messagesRelayed=0, bytesTransferred=0, uptimeSecs=130))
2026-04-22 18:33:26.015 19933-19985 MeshRepository          com.scmessenger.android              D  Mesh Stats: 0 peers (Core), 0 full, 0 headless (Repo)
2026-04-22 18:33:26.035 19933-20069 MeshEventBus            com.scmessenger.android              D  StatusEvent emitted: StatsUpdated(stats=ServiceStats(peersDiscovered=0, messagesRelayed=0, bytesTransferred=0, uptimeSecs=136))
2026-04-22 18:33:31.061 19933-20069 MeshRepository          com.scmessenger.android              D  Mesh Stats: 0 peers (Core), 0 full, 0 headless (Repo)
2026-04-22 18:33:31.099 19933-20069 MeshEventBus            com.scmessenger.android              D  StatusEvent emitted: StatsUpdated(stats=ServiceStats(peersDiscovered=0, messagesRelayed=0, bytesTransferred=0, uptimeSecs=141))
2026-04-22 18:33:33.779 19933-20069 MeshRepository          com.scmessenger.android              I  Bootstrap: network=WIFI, cellular=false, priority=[QUIC, TCP, WEBSOCKET_WSS, WEBSOCKET_WS]
2026-04-22 18:33:33.797 19933-20069 CircuitBreaker          com.scmessenger.android              D  Circuit breaker OPEN for relay /ip4/34.135.34.73/udp/9001/quic-v1/p2p/12D3KooWETatHYo4xt9aufXEEDce719fyMEB7KmXJga1SYVUikaw, skipping
2026-04-22 18:33:33.809 19933-20069 MeshRepository          com.scmessenger.android              D  Circuit breaker blocked /ip4/34.135.34.73/udp/9001/quic-v1/p2p/12D3KooWETatHYo4xt9aufXEEDce719fyMEB7KmXJga1SYVUikaw, skipping
2026-04-22 18:33:33.820 19933-20069 CircuitBreaker          com.scmessenger.android              D  Circuit breaker OPEN for relay /ip4/34.135.34.73/tcp/9001/p2p/12D3KooWETatHYo4xt9aufXEEDce719fyMEB7KmXJga1SYVUikaw, skipping
2026-04-22 18:33:33.828 19933-20069 MeshRepository          com.scmessenger.android              D  Circuit breaker blocked /ip4/34.135.34.73/tcp/9001/p2p/12D3KooWETatHYo4xt9aufXEEDce719fyMEB7KmXJga1SYVUikaw, skipping
2026-04-22 18:33:33.837 19933-20069 CircuitBreaker          com.scmessenger.android              D  Circuit breaker OPEN for relay /ip4/104.28.216.43/udp/9010/quic-v1/p2p/12D3KooWHpmuhytgzLcM4nj1hZvN5b4crB1wka3LCNfKRCd7yHj9, skipping
2026-04-22 18:33:33.844 19933-20069 MeshRepository          com.scmessenger.android              D  Circuit breaker blocked /ip4/104.28.216.43/udp/9010/quic-v1/p2p/12D3KooWHpmuhytgzLcM4nj1hZvN5b4crB1wka3LCNfKRCd7yHj9, skipping
2026-04-22 18:33:33.852 19933-20069 CircuitBreaker          com.scmessenger.android              D  Circuit breaker OPEN for relay /ip4/104.28.216.43/tcp/9010/p2p/12D3KooWHpmuhytgzLcM4nj1hZvN5b4crB1wka3LCNfKRCd7yHj9, skipping
2026-04-22 18:33:33.860 19933-20069 MeshRepository          com.scmessenger.android              D  Circuit breaker blocked /ip4/104.28.216.43/tcp/9010/p2p/12D3KooWHpmuhytgzLcM4nj1hZvN5b4crB1wka3LCNfKRCd7yHj9, skipping
2026-04-22 18:33:33.868 19933-20069 CircuitBreaker          com.scmessenger.android              D  Circuit breaker OPEN for relay /dns4/bootstrap.scmessenger.net/tcp/443/ws/p2p/12D3KooWETatHYo4xt9aufXEEDce719fyMEB7KmXJga1SYVUikaw, skipping
2026-04-22 18:33:33.874 19933-20069 MeshRepository          com.scmessenger.android              D  Circuit breaker blocked /dns4/bootstrap.scmessenger.net/tcp/443/ws/p2p/12D3KooWETatHYo4xt9aufXEEDce719fyMEB7KmXJga1SYVUikaw, skipping
2026-04-22 18:33:33.883 19933-20069 CircuitBreaker          com.scmessenger.android              D  Circuit breaker OPEN for relay /dns4/bootstrap.scmessenger.net/tcp/80/ws/p2p/12D3KooWETatHYo4xt9aufXEEDce719fyMEB7KmXJga1SYVUikaw, skipping
2026-04-22 18:33:33.890 19933-20069 MeshRepository          com.scmessenger.android              D  Circuit breaker blocked /dns4/bootstrap.scmessenger.net/tcp/80/ws/p2p/12D3KooWETatHYo4xt9aufXEEDce719fyMEB7KmXJga1SYVUikaw, skipping
2026-04-22 18:33:33.899 19933-20069 MeshRepository          com.scmessenger.android              W  Bootstrap all-failed (consecutive=6), next attempt in 60000ms
2026-04-22 18:33:35.080 19933-20049 NetworkDetector         com.scmessenger.android              D  Network type: WIFI, blocked ports: []
2026-04-22 18:33:36.111 19933-20069 MeshRepository          com.scmessenger.android              D  Mesh Stats: 0 peers (Core), 0 full, 0 headless (Repo)
2026-04-22 18:33:36.128 19933-19985 MeshEventBus            com.scmessenger.android              D  StatusEvent emitted: StatsUpdated(stats=ServiceStats(peersDiscovered=0, messagesRelayed=0, bytesTransferred=0, uptimeSecs=146))
2026-04-22 18:33:41.144 19933-19985 MeshRepository          com.scmessenger.android              D  Mesh Stats: 0 peers (Core), 0 full, 0 headless (Repo)
2026-04-22 18:33:41.165 19933-20073 MeshEventBus            com.scmessenger.android              D  StatusEvent emitted: StatsUpdated(stats=ServiceStats(peersDiscovered=0, messagesRelayed=0, bytesTransferred=0, uptimeSecs=151))
2026-04-22 18:33:46.167 19933-20073 MeshRepository          com.scmessenger.android              D  Mesh Stats: 0 peers (Core), 0 full, 0 headless (Repo)
2026-04-22 18:33:46.173 19933-19985 MeshEventBus            com.scmessenger.android              D  StatusEvent emitted: StatsUpdated(stats=ServiceStats(peersDiscovered=0, messagesRelayed=0, bytesTransferred=0, uptimeSecs=156))
2026-04-22 18:33:50.680 19933-19933 BluetoothAdapter        com.scmessenger.android              D  isLeEnabled(): ON
2026-04-22 18:33:50.680 19933-19933 BluetoothLeScanner      com.scmessenger.android              D  could not find callback wrapper
2026-04-22 18:33:50.682 19933-19933 BleScanner              com.scmessenger.android              V  BLE scan window ended
2026-04-22 18:33:51.193 19933-19985 MeshRepository          com.scmessenger.android              D  Mesh Stats: 0 peers (Core), 0 full, 0 headless (Repo)
2026-04-22 18:33:51.226 19933-19985 MeshEventBus            com.scmessenger.android              D  StatusEvent emitted: StatsUpdated(stats=ServiceStats(peersDiscovered=0, messagesRelayed=0, bytesTransferred=0, uptimeSecs=161))
2026-04-22 18:33:56.233 19933-19985 MeshRepository          com.scmessenger.android              D  Mesh Stats: 0 peers (Core), 0 full, 0 headless (Repo)
2026-04-22 18:33:56.255 19933-20073 MeshEventBus            com.scmessenger.android              D  StatusEvent emitted: StatsUpdated(stats=ServiceStats(peersDiscovered=0, messagesRelayed=0, bytesTransferred=0, uptimeSecs=166))
2026-04-22 18:34:01.276 19933-20073 MeshRepository          com.scmessenger.android              D  Mesh Stats: 0 peers (Core), 0 full, 0 headless (Repo)
2026-04-22 18:34:01.299 19933-20069 MeshEventBus            com.scmessenger.android              D  StatusEvent emitted: StatsUpdated(stats=ServiceStats(peersDiscovered=0, messagesRelayed=0, bytesTransferred=0, uptimeSecs=171))
2026-04-22 18:34:06.314 19933-20069 MeshRepository          com.scmessenger.android              D  Mesh Stats: 0 peers (Core), 0 full, 0 headless (Repo)
2026-04-22 18:34:06.333 19933-19985 MeshEventBus            com.scmessenger.android              D  StatusEvent emitted: StatsUpdated(stats=ServiceStats(peersDiscovered=0, messagesRelayed=0, bytesTransferred=0, uptimeSecs=176))
