2026-04-22 18:28:50.594 16854-17856 MeshRepository          com.scmessenger.android              D  Mesh Stats: 0 peers (Core), 0 full, 0 headless (Repo)
2026-04-22 18:28:50.605 16854-17856 MeshEventBus            com.scmessenger.android              D  StatusEvent emitted: StatsUpdated(stats=ServiceStats(peersDiscovered=0, messagesRelayed=0, bytesTransferred=0, uptimeSecs=251))
2026-04-22 18:28:55.615 16854-17856 MeshRepository          com.scmessenger.android              D  Mesh Stats: 0 peers (Core), 0 full, 0 headless (Repo)
2026-04-22 18:28:55.627 16854-17856 MeshEventBus            com.scmessenger.android              D  StatusEvent emitted: StatsUpdated(stats=ServiceStats(peersDiscovered=0, messagesRelayed=0, bytesTransferred=0, uptimeSecs=256))
2026-04-22 18:29:00.639 16854-17856 MeshRepository          com.scmessenger.android              D  Mesh Stats: 0 peers (Core), 0 full, 0 headless (Repo)
2026-04-22 18:29:00.654 16854-17855 MeshEventBus            com.scmessenger.android              D  StatusEvent emitted: StatsUpdated(stats=ServiceStats(peersDiscovered=0, messagesRelayed=0, bytesTransferred=0, uptimeSecs=261))
2026-04-22 18:29:05.670 16854-17855 MeshRepository          com.scmessenger.android              D  Mesh Stats: 0 peers (Core), 0 full, 0 headless (Repo)
2026-04-22 18:29:05.693 16854-17855 MeshEventBus            com.scmessenger.android              D  StatusEvent emitted: StatsUpdated(stats=ServiceStats(peersDiscovered=0, messagesRelayed=0, bytesTransferred=0, uptimeSecs=266))
2026-04-22 18:29:07.619 16854-16854 BluetoothAdapter        com.scmessenger.android              D  isLeEnabled(): ON
2026-04-22 18:29:07.619 16854-16854 BluetoothLeScanner      com.scmessenger.android              D  could not find callback wrapper
2026-04-22 18:29:07.620 16854-16854 BleScanner              com.scmessenger.android              V  BLE scan window ended
2026-04-22 18:29:10.707 16854-17855 MeshRepository          com.scmessenger.android              D  Mesh Stats: 0 peers (Core), 0 full, 0 headless (Repo)
2026-04-22 18:29:10.736 16854-17855 MeshEventBus            com.scmessenger.android              D  StatusEvent emitted: StatsUpdated(stats=ServiceStats(peersDiscovered=0, messagesRelayed=0, bytesTransferred=0, uptimeSecs=271))
2026-04-22 18:29:15.749 16854-17855 MeshRepository          com.scmessenger.android              D  Mesh Stats: 0 peers (Core), 0 full, 0 headless (Repo)
2026-04-22 18:29:15.777 16854-17854 MeshEventBus            com.scmessenger.android              D  StatusEvent emitted: StatsUpdated(stats=ServiceStats(peersDiscovered=0, messagesRelayed=0, bytesTransferred=0, uptimeSecs=276))
2026-04-22 18:29:20.788 16854-17854 MeshRepository          com.scmessenger.android              D  Mesh Stats: 0 peers (Core), 0 full, 0 headless (Repo)
2026-04-22 18:29:20.798 16854-17854 MeshEventBus            com.scmessenger.android              D  StatusEvent emitted: StatsUpdated(stats=ServiceStats(peersDiscovered=0, messagesRelayed=0, bytesTransferred=0, uptimeSecs=281))
2026-04-22 18:29:21.854 16854-17854 MeshRepository          com.scmessenger.android              I  Bootstrap: network=WIFI, cellular=false, priority=[QUIC, TCP, WEBSOCKET_WSS, WEBSOCKET_WS]
2026-04-22 18:29:21.870 16854-17854 CircuitBreaker          com.scmessenger.android              D  Circuit breaker OPEN for relay /ip4/34.135.34.73/udp/9001/quic-v1/p2p/12D3KooWETatHYo4xt9aufXEEDce719fyMEB7KmXJga1SYVUikaw, skipping
2026-04-22 18:29:21.879 16854-17854 MeshRepository          com.scmessenger.android              D  Circuit breaker blocked /ip4/34.135.34.73/udp/9001/quic-v1/p2p/12D3KooWETatHYo4xt9aufXEEDce719fyMEB7KmXJga1SYVUikaw, skipping
2026-04-22 18:29:21.888 16854-17854 CircuitBreaker          com.scmessenger.android              D  Circuit breaker OPEN for relay /ip4/34.135.34.73/tcp/9001/p2p/12D3KooWETatHYo4xt9aufXEEDce719fyMEB7KmXJga1SYVUikaw, skipping
2026-04-22 18:29:21.897 16854-17854 MeshRepository          com.scmessenger.android              D  Circuit breaker blocked /ip4/34.135.34.73/tcp/9001/p2p/12D3KooWETatHYo4xt9aufXEEDce719fyMEB7KmXJga1SYVUikaw, skipping
2026-04-22 18:29:21.903 16854-17854 CircuitBreaker          com.scmessenger.android              D  Circuit breaker OPEN for relay /ip4/104.28.216.43/udp/9010/quic-v1/p2p/12D3KooWHpmuhytgzLcM4nj1hZvN5b4crB1wka3LCNfKRCd7yHj9, skipping
2026-04-22 18:29:21.910 16854-17854 MeshRepository          com.scmessenger.android              D  Circuit breaker blocked /ip4/104.28.216.43/udp/9010/quic-v1/p2p/12D3KooWHpmuhytgzLcM4nj1hZvN5b4crB1wka3LCNfKRCd7yHj9, skipping
2026-04-22 18:29:21.916 16854-17854 CircuitBreaker          com.scmessenger.android              D  Circuit breaker OPEN for relay /ip4/104.28.216.43/tcp/9010/p2p/12D3KooWHpmuhytgzLcM4nj1hZvN5b4crB1wka3LCNfKRCd7yHj9, skipping
2026-04-22 18:29:21.920 16854-17854 MeshRepository          com.scmessenger.android              D  Circuit breaker blocked /ip4/104.28.216.43/tcp/9010/p2p/12D3KooWHpmuhytgzLcM4nj1hZvN5b4crB1wka3LCNfKRCd7yHj9, skipping
2026-04-22 18:29:21.925 16854-17854 CircuitBreaker          com.scmessenger.android              D  Circuit breaker OPEN for relay /dns4/bootstrap.scmessenger.net/tcp/443/ws/p2p/12D3KooWETatHYo4xt9aufXEEDce719fyMEB7KmXJga1SYVUikaw, skipping
2026-04-22 18:29:21.929 16854-17854 MeshRepository          com.scmessenger.android              D  Circuit breaker blocked /dns4/bootstrap.scmessenger.net/tcp/443/ws/p2p/12D3KooWETatHYo4xt9aufXEEDce719fyMEB7KmXJga1SYVUikaw, skipping
2026-04-22 18:29:21.931 16854-17854 CircuitBreaker          com.scmessenger.android              D  Circuit breaker OPEN for relay /dns4/bootstrap.scmessenger.net/tcp/80/ws/p2p/12D3KooWETatHYo4xt9aufXEEDce719fyMEB7KmXJga1SYVUikaw, skipping
2026-04-22 18:29:21.934 16854-17854 MeshRepository          com.scmessenger.android              D  Circuit breaker blocked /dns4/bootstrap.scmessenger.net/tcp/80/ws/p2p/12D3KooWETatHYo4xt9aufXEEDce719fyMEB7KmXJga1SYVUikaw, skipping
2026-04-22 18:29:21.937 16854-17854 MeshRepository          com.scmessenger.android              W  Bootstrap all-failed (consecutive=8), next attempt in 60000ms
2026-04-22 18:29:25.806 16854-17854 MeshRepository          com.scmessenger.android              D  Mesh Stats: 0 peers (Core), 0 full, 0 headless (Repo)
2026-04-22 18:29:25.812 16854-17854 MeshEventBus            com.scmessenger.android              D  StatusEvent emitted: StatsUpdated(stats=ServiceStats(peersDiscovered=0, messagesRelayed=0, bytesTransferred=0, uptimeSecs=286))
2026-04-22 18:29:30.822 16854-17854 MeshRepository          com.scmessenger.android              D  Mesh Stats: 0 peers (Core), 0 full, 0 headless (Repo)
2026-04-22 18:29:30.829 16854-17854 MeshEventBus            com.scmessenger.android              D  StatusEvent emitted: StatsUpdated(stats=ServiceStats(peersDiscovered=0, messagesRelayed=0, bytesTransferred=0, uptimeSecs=291))
2026-04-22 18:29:35.844 16854-17854 MeshRepository          com.scmessenger.android              D  Mesh Stats: 0 peers (Core), 0 full, 0 headless (Repo)
2026-04-22 18:29:35.856 16854-17856 MeshEventBus            com.scmessenger.android              D  StatusEvent emitted: StatsUpdated(stats=ServiceStats(peersDiscovered=0, messagesRelayed=0, bytesTransferred=0, uptimeSecs=296))
2026-04-22 18:29:37.629 16854-16854 BluetoothAdapter        com.scmessenger.android              D  isLeEnabled(): ON
2026-04-22 18:29:37.629 16854-16854 BluetoothLeScanner      com.scmessenger.android              D  could not find callback wrapper
2026-04-22 18:29:37.631 16854-16854 BleScanner              com.scmessenger.android              V  BLE scan window ended
2026-04-22 18:29:40.859 16854-17856 MeshRepository          com.scmessenger.android              D  Mesh Stats: 0 peers (Core), 0 full, 0 headless (Repo)
2026-04-22 18:29:40.868 16854-17855 MeshEventBus            com.scmessenger.android              D  StatusEvent emitted: StatsUpdated(stats=ServiceStats(peersDiscovered=0, messagesRelayed=0, bytesTransferred=0, uptimeSecs=301))
2026-04-22 18:29:45.887 16854-17855 MeshRepository          com.scmessenger.android              D  Mesh Stats: 0 peers (Core), 0 full, 0 headless (Repo)
2026-04-22 18:29:45.912 16854-17854 MeshEventBus            com.scmessenger.android              D  StatusEvent emitted: StatsUpdated(stats=ServiceStats(peersDiscovered=0, messagesRelayed=0, bytesTransferred=0, uptimeSecs=306))
2026-04-22 18:29:50.926 16854-17854 MeshRepository          com.scmessenger.android              D  Mesh Stats: 0 peers (Core), 0 full, 0 headless (Repo)
2026-04-22 18:29:50.949 16854-17854 MeshEventBus            com.scmessenger.android              D  StatusEvent emitted: StatsUpdated(stats=ServiceStats(peersDiscovered=0, messagesRelayed=0, bytesTransferred=0, uptimeSecs=311))
2026-04-22 18:29:55.966 16854-17854 MeshRepository          com.scmessenger.android              D  Mesh Stats: 0 peers (Core), 0 full, 0 headless (Repo)
2026-04-22 18:29:55.989 16854-17855 MeshEventBus            com.scmessenger.android              D  StatusEvent emitted: StatsUpdated(stats=ServiceStats(peersDiscovered=0, messagesRelayed=0, bytesTransferred=0, uptimeSecs=316))
2026-04-22 18:30:01.007 16854-17855 MeshRepository          com.scmessenger.android              D  Mesh Stats: 0 peers (Core), 0 full, 0 headless (Repo)
2026-04-22 18:30:01.029 16854-17856 MeshEventBus            com.scmessenger.android              D  StatusEvent emitted: StatsUpdated(stats=ServiceStats(peersDiscovered=0, messagesRelayed=0, bytesTransferred=0, uptimeSecs=322))
2026-04-22 18:30:06.045 16854-17856 MeshRepository          com.scmessenger.android              D  Mesh Stats: 0 peers (Core), 0 full, 0 headless (Repo)
2026-04-22 18:30:06.072 16854-17854 MeshEventBus            com.scmessenger.android              D  StatusEvent emitted: StatsUpdated(stats=ServiceStats(peersDiscovered=0, messagesRelayed=0, bytesTransferred=0, uptimeSecs=327))
2026-04-22 18:30:07.639 16854-16854 BluetoothAdapter        com.scmessenger.android              D  isLeEnabled(): ON
2026-04-22 18:30:07.639 16854-16854 BluetoothLeScanner      com.scmessenger.android              D  could not find callback wrapper
2026-04-22 18:30:07.640 16854-16854 BleScanner              com.scmessenger.android              V  BLE scan window ended
2026-04-22 18:30:11.091 16854-17854 MeshRepository          com.scmessenger.android              D  Mesh Stats: 0 peers (Core), 0 full, 0 headless (Repo)
2026-04-22 18:30:11.121 16854-17854 MeshEventBus            com.scmessenger.android              D  StatusEvent emitted: StatsUpdated(stats=ServiceStats(peersDiscovered=0, messagesRelayed=0, bytesTransferred=0, uptimeSecs=332))
2026-04-22 18:30:16.138 16854-17854 MeshRepository          com.scmessenger.android              D  Mesh Stats: 0 peers (Core), 0 full, 0 headless (Repo)
2026-04-22 18:30:16.163 16854-17856 MeshEventBus            com.scmessenger.android              D  StatusEvent emitted: StatsUpdated(stats=ServiceStats(peersDiscovered=0, messagesRelayed=0, bytesTransferred=0, uptimeSecs=337))
2026-04-22 18:30:21.184 16854-17856 MeshRepository          com.scmessenger.android              D  Mesh Stats: 0 peers (Core), 0 full, 0 headless (Repo)
2026-04-22 18:30:21.207 16854-17854 MeshEventBus            com.scmessenger.android              D  StatusEvent emitted: StatsUpdated(stats=ServiceStats(peersDiscovered=0, messagesRelayed=0, bytesTransferred=0, uptimeSecs=342))
2026-04-22 18:30:25.996 16854-17854 MeshRepository          com.scmessenger.android              I  Bootstrap: network=WIFI, cellular=false, priority=[QUIC, TCP, WEBSOCKET_WSS, WEBSOCKET_WS]
2026-04-22 18:30:26.020 16854-17854 CircuitBreaker          com.scmessenger.android              D  Circuit breaker OPEN for relay /ip4/34.135.34.73/udp/9001/quic-v1/p2p/12D3KooWETatHYo4xt9aufXEEDce719fyMEB7KmXJga1SYVUikaw, skipping
2026-04-22 18:30:26.038 16854-17854 MeshRepository          com.scmessenger.android              D  Circuit breaker blocked /ip4/34.135.34.73/udp/9001/quic-v1/p2p/12D3KooWETatHYo4xt9aufXEEDce719fyMEB7KmXJga1SYVUikaw, skipping
2026-04-22 18:30:26.053 16854-17854 CircuitBreaker          com.scmessenger.android              D  Circuit breaker OPEN for relay /ip4/34.135.34.73/tcp/9001/p2p/12D3KooWETatHYo4xt9aufXEEDce719fyMEB7KmXJga1SYVUikaw, skipping
2026-04-22 18:30:26.059 16854-17854 MeshRepository          com.scmessenger.android              D  Circuit breaker blocked /ip4/34.135.34.73/tcp/9001/p2p/12D3KooWETatHYo4xt9aufXEEDce719fyMEB7KmXJga1SYVUikaw, skipping
2026-04-22 18:30:26.064 16854-17854 CircuitBreaker          com.scmessenger.android              D  Circuit breaker OPEN for relay /ip4/104.28.216.43/udp/9010/quic-v1/p2p/12D3KooWHpmuhytgzLcM4nj1hZvN5b4crB1wka3LCNfKRCd7yHj9, skipping
2026-04-22 18:30:26.071 16854-17854 MeshRepository          com.scmessenger.android              D  Circuit breaker blocked /ip4/104.28.216.43/udp/9010/quic-v1/p2p/12D3KooWHpmuhytgzLcM4nj1hZvN5b4crB1wka3LCNfKRCd7yHj9, skipping
2026-04-22 18:30:26.078 16854-17854 CircuitBreaker          com.scmessenger.android              D  Circuit breaker OPEN for relay /ip4/104.28.216.43/tcp/9010/p2p/12D3KooWHpmuhytgzLcM4nj1hZvN5b4crB1wka3LCNfKRCd7yHj9, skipping
2026-04-22 18:30:26.085 16854-17854 MeshRepository          com.scmessenger.android              D  Circuit breaker blocked /ip4/104.28.216.43/tcp/9010/p2p/12D3KooWHpmuhytgzLcM4nj1hZvN5b4crB1wka3LCNfKRCd7yHj9, skipping
2026-04-22 18:30:26.089 16854-17854 CircuitBreaker          com.scmessenger.android              D  Circuit breaker OPEN for relay /dns4/bootstrap.scmessenger.net/tcp/443/ws/p2p/12D3KooWETatHYo4xt9aufXEEDce719fyMEB7KmXJga1SYVUikaw, skipping
2026-04-22 18:30:26.093 16854-17854 MeshRepository          com.scmessenger.android              D  Circuit breaker blocked /dns4/bootstrap.scmessenger.net/tcp/443/ws/p2p/12D3KooWETatHYo4xt9aufXEEDce719fyMEB7KmXJga1SYVUikaw, skipping
2026-04-22 18:30:26.097 16854-17854 CircuitBreaker          com.scmessenger.android              D  Circuit breaker OPEN for relay /dns4/bootstrap.scmessenger.net/tcp/80/ws/p2p/12D3KooWETatHYo4xt9aufXEEDce719fyMEB7KmXJga1SYVUikaw, skipping
2026-04-22 18:30:26.101 16854-17854 MeshRepository          com.scmessenger.android              D  Circuit breaker blocked /dns4/bootstrap.scmessenger.net/tcp/80/ws/p2p/12D3KooWETatHYo4xt9aufXEEDce719fyMEB7KmXJga1SYVUikaw, skipping
2026-04-22 18:30:26.105 16854-17854 MeshRepository          com.scmessenger.android              W  Bootstrap all-failed (consecutive=9), next attempt in 60000ms
2026-04-22 18:30:26.212 16854-17854 MeshRepository          com.scmessenger.android              D  Mesh Stats: 0 peers (Core), 0 full, 0 headless (Repo)
2026-04-22 18:30:26.218 16854-17854 MeshEventBus            com.scmessenger.android              D  StatusEvent emitted: StatsUpdated(stats=ServiceStats(peersDiscovered=0, messagesRelayed=0, bytesTransferred=0, uptimeSecs=347))
2026-04-22 18:30:31.227 16854-17854 MeshRepository          com.scmessenger.android              D  Mesh Stats: 0 peers (Core), 0 full, 0 headless (Repo)
2026-04-22 18:30:31.233 16854-17854 MeshEventBus            com.scmessenger.android              D  StatusEvent emitted: StatsUpdated(stats=ServiceStats(peersDiscovered=0, messagesRelayed=0, bytesTransferred=0, uptimeSecs=352))
2026-04-22 18:30:36.248 16854-17854 MeshRepository          com.scmessenger.android              D  Mesh Stats: 0 peers (Core), 0 full, 0 headless (Repo)
2026-04-22 18:30:36.261 16854-17855 MeshEventBus            com.scmessenger.android              D  StatusEvent emitted: StatsUpdated(stats=ServiceStats(peersDiscovered=0, messagesRelayed=0, bytesTransferred=0, uptimeSecs=357))
2026-04-22 18:30:37.649 16854-16854 BluetoothAdapter        com.scmessenger.android              D  isLeEnabled(): ON
2026-04-22 18:30:37.649 16854-16854 BluetoothLeScanner      com.scmessenger.android              D  could not find callback wrapper
2026-04-22 18:30:37.651 16854-16854 BleScanner              com.scmessenger.android              V  BLE scan window ended
2026-04-22 18:30:41.268 16854-17855 MeshRepository          com.scmessenger.android              D  Mesh Stats: 0 peers (Core), 0 full, 0 headless (Repo)
2026-04-22 18:30:41.296 16854-17856 MeshEventBus            com.scmessenger.android              D  StatusEvent emitted: StatsUpdated(stats=ServiceStats(peersDiscovered=0, messagesRelayed=0, bytesTransferred=0, uptimeSecs=362))
2026-04-22 18:30:46.306 16854-17856 MeshRepository          com.scmessenger.android              D  Mesh Stats: 0 peers (Core), 0 full, 0 headless (Repo)
2026-04-22 18:30:46.320 16854-17854 MeshEventBus            com.scmessenger.android              D  StatusEvent emitted: StatsUpdated(stats=ServiceStats(peersDiscovered=0, messagesRelayed=0, bytesTransferred=0, uptimeSecs=367))
2026-04-22 18:30:51.342 16854-17854 MeshRepository          com.scmessenger.android              D  Mesh Stats: 0 peers (Core), 0 full, 0 headless (Repo)
2026-04-22 18:30:51.362 16854-17856 MeshEventBus            com.scmessenger.android              D  StatusEvent emitted: StatsUpdated(stats=ServiceStats(peersDiscovered=0, messagesRelayed=0, bytesTransferred=0, uptimeSecs=372))
2026-04-22 18:30:56.364 16854-17856 MeshRepository          com.scmessenger.android              D  Mesh Stats: 0 peers (Core), 0 full, 0 headless (Repo)
2026-04-22 18:30:56.366 16854-17856 MeshEventBus            com.scmessenger.android              D  StatusEvent emitted: StatsUpdated(stats=ServiceStats(peersDiscovered=0, messagesRelayed=0, bytesTransferred=0, uptimeSecs=377))
---------------------------- PROCESS STARTED (19933) for package com.scmessenger.android ----------------------------
2026-04-22 18:30:57.322 19933-19933 nativeloader            com.scmessenger.android              D  Load libframework-connectivity-tiramisu-jni.so using APEX ns com_android_tethering for caller /apex/com.android.tethering/javalib/framework-connectivity-t.jar: ok
2026-04-22 18:30:57.334 19933-19933 re-initialized>         com.scmessenger.android              W  type=1400 audit(0.0:182461): avc:  granted  { execute } for  path="/data/data/com.scmessenger.android/code_cache/startup_agents/be2db1e1-agent.so" dev="dm-58" ino=2362528 scontext=u:r:untrusted_app:s0:c243,c257,c512,c768 tcontext=u:object_r:app_data_file:s0:c243,c257,c512,c768 tclass=file app=com.scmessenger.android
2026-04-22 18:30:57.341 19933-19933 nativeloader            com.scmessenger.android              D  Load /data/user/0/com.scmessenger.android/code_cache/startup_agents/be2db1e1-agent.so using system ns (caller=<unknown>): ok
2026-04-22 18:30:57.345 19933-19933 ssenger.android         com.scmessenger.android              W  hiddenapi: DexFile /data/data/com.scmessenger.android/code_cache/.studio/instruments-0c0ed4d1.jar is in boot class path but is not in a known location
2026-04-22 18:30:57.410 19933-19933 ssenger.android         com.scmessenger.android              W  Redefining intrinsic method java.lang.Thread java.lang.Thread.currentThread(). This may cause the unexpected use of the original definition of java.lang.Thread java.lang.Thread.currentThread()in methods that have already been compiled.
2026-04-22 18:30:57.410 19933-19933 ssenger.android         com.scmessenger.android              W  Redefining intrinsic method boolean java.lang.Thread.interrupted(). This may cause the unexpected use of the original definition of boolean java.lang.Thread.interrupted()in methods that have already been compiled.
2026-04-22 18:30:57.759 19933-19933 nativeloader            com.scmessenger.android              D  Configuring clns-9 for other apk /data/app/~~QJQEcjnTz3y6QvQ_IQchGQ==/com.scmessenger.android-ElusKu-MNcqLujoK4bkqeg==/base.apk. target_sdk_version=35, uses_libraries=, library_path=/data/app/~~QJQEcjnTz3y6QvQ_IQchGQ==/com.scmessenger.android-ElusKu-MNcqLujoK4bkqeg==/lib/arm64:/data/app/~~QJQEcjnTz3y6QvQ_IQchGQ==/com.scmessenger.android-ElusKu-MNcqLujoK4bkqeg==/base.apk!/lib/arm64-v8a, permitted_path=/data:/mnt/expand:/data/user/0/com.scmessenger.android
2026-04-22 18:30:57.760 19933-19933 CompatChangeReporter    com.scmessenger.android              D  Compat change id reported: 202956589; UID 10499; state: ENABLED
2026-04-22 18:30:57.766 19933-19933 GraphicsEnvironment     com.scmessenger.android              V  Currently set values for:
2026-04-22 18:30:57.766 19933-19933 GraphicsEnvironment     com.scmessenger.android              V    angle_gl_driver_selection_pkgs=[com.android.angle]
2026-04-22 18:30:57.766 19933-19933 GraphicsEnvironment     com.scmessenger.android              V    angle_gl_driver_selection_values=[angle]
2026-04-22 18:30:57.766 19933-19933 GraphicsEnvironment     com.scmessenger.android              V  com.scmessenger.android is not listed in per-application setting
2026-04-22 18:30:57.766 19933-19933 GraphicsEnvironment     com.scmessenger.android              V  No special selections for ANGLE, returning default driver choice
2026-04-22 18:30:57.766 19933-19933 GraphicsEnvironment     com.scmessenger.android              V  Neither updatable production driver nor prerelease driver is supported.
2026-04-22 18:30:57.767 19933-19933 ActivityThread          com.scmessenger.android              W  Application com.scmessenger.android is suspending. Debugger needs to resume to continue.
2026-04-22 18:30:57.767 19933-19933 System.out              com.scmessenger.android              I  Sending WAIT chunk
2026-04-22 18:30:57.767 19933-19933 System.out              com.scmessenger.android              I  Waiting for debugger first packet
2026-04-22 18:30:58.050 19933-19940 nativeloader            com.scmessenger.android              D  Load libjdwp.so using system ns (caller=<unknown>): ok
2026-04-22 18:30:58.174 19933-19933 System.out              com.scmessenger.android              I  Debug.suspendAllAndSentVmStart
2026-04-22 18:30:58.843 19933-19933 System.out              com.scmessenger.android              I  Debug.suspendAllAndSendVmStart, resumed
2026-04-22 18:30:58.880 19933-19933 WM-WrkMgrInitializer    com.scmessenger.android              D  Initializing WorkManager with default configuration.
2026-04-22 18:30:58.923 19933-19933 MeshApplication         com.scmessenger.android              I  SCMessenger application started
2026-04-22 18:30:58.925 19933-19985 StorageManager          com.scmessenger.android              D  Performing startup storage maintenance...
2026-04-22 18:30:58.929 19933-19985 StorageManager          com.scmessenger.android              D  Logs rotated successfully.
2026-04-22 18:30:58.936 19933-19985 StorageManager          com.scmessenger.android              D  Startup maintenance complete. Available storage: 17973 MB
2026-04-22 18:30:58.938 19933-19985 MeshApplic...n$onCreate com.scmessenger.android              I  Startup storage maintenance completed
2026-04-22 18:30:58.944 19933-19933 BootReceiver            com.scmessenger.android              I  Boot completed, checking auto-start preference
2026-04-22 18:30:58.947 19933-19993 DisplayManager          com.scmessenger.android              I  Choreographer implicitly registered for the refresh rate.
2026-04-22 18:30:58.948 19933-19993 vulkan                  com.scmessenger.android              D  searching for layers in '/data/app/~~QJQEcjnTz3y6QvQ_IQchGQ==/com.scmessenger.android-ElusKu-MNcqLujoK4bkqeg==/lib/arm64'
2026-04-22 18:30:58.949 19933-19993 vulkan                  com.scmessenger.android              D  searching for layers in '/data/app/~~QJQEcjnTz3y6QvQ_IQchGQ==/com.scmessenger.android-ElusKu-MNcqLujoK4bkqeg==/base.apk!/lib/arm64-v8a'
2026-04-22 18:30:58.958 19933-19933 DesktopExperienceFlags  com.scmessenger.android              D  Toggle override initialized to: false
2026-04-22 18:30:58.982 19933-19933 MeshRepository          com.scmessenger.android              D  MeshRepository initialized with storage: /data/user/0/com.scmessenger.android/files
2026-04-22 18:30:58.990 19933-19933 MeshRepository          com.scmessenger.android              D  AND-CONTACTS-WIPE-001: Reinstall check - hasIdentityBackup=true, contactsOnDisk=true, historyOnDisk=true
2026-04-22 18:30:58.990 19933-19933 MeshRepository          com.scmessenger.android              D  AND-CONTACTS-WIPE-001: Normal startup - all data present
2026-04-22 18:30:58.993 19933-19933 MeshRepository          com.scmessenger.android              D  Contacts migration already completed, skipping
2026-04-22 18:30:59.001 19933-19933 nativeloader            com.scmessenger.android              D  Load /data/app/~~QJQEcjnTz3y6QvQ_IQchGQ==/com.scmessenger.android-ElusKu-MNcqLujoK4bkqeg==/lib/arm64/libjnidispatch.so using class loader ns clns-9 (caller=/data/app/~~QJQEcjnTz3y6QvQ_IQchGQ==/com.scmessenger.android-ElusKu-MNcqLujoK4bkqeg==/base.apk!classes17.dex): ok
2026-04-22 18:30:59.148 19933-19933 MeshRepository          com.scmessenger.android              I  all_managers_init_success
2026-04-22 18:30:59.148 19933-19933 MeshRepository          com.scmessenger.android              I  All managers initialized successfully
2026-04-22 18:30:59.151 19933-19933 MeshRepository          com.scmessenger.android              D  AND-CONTACTS-WIPE-001: Contact data verification - Found 0 contacts
2026-04-22 18:30:59.151 19933-19933 MeshRepository          com.scmessenger.android              W  AND-CONTACTS-WIPE-001: WARNING - No contacts found. If this is unexpected, data recovery may be needed.
2026-04-22 18:30:59.154 19933-19933 MainActivity            com.scmessenger.android              D  MainActivity created
2026-04-22 18:30:59.154 19933-19985 MeshRepository          com.scmessenger.android              D  Corruption check: contacts=0, messages=0
2026-04-22 18:30:59.155 19933-19985 MeshRepository          com.scmessenger.android              D  Database integrity check passed
2026-04-22 18:30:59.156 19933-19933 AnrWatchdog             com.scmessenger.android              I  ANR watchdog started (check=5000ms, threshold=10000ms)
2026-04-22 18:30:59.156 19933-19933 MainActivity            com.scmessenger.android              I  ANR watchdog started for UI thread monitoring
2026-04-22 18:30:59.158 19933-19933 MainActivity            com.scmessenger.android              D  All permissions already granted
2026-04-22 18:30:59.165 19933-19933 CompatChangeReporter    com.scmessenger.android              D  Compat change id reported: 309578419; UID 10499; state: ENABLED
2026-04-22 18:30:59.165 19933-19933 DesktopModeFlags        com.scmessenger.android              D  Toggle override initialized to: OVERRIDE_UNSET
2026-04-22 18:30:59.178 19933-19985 MeshRepository          com.scmessenger.android              I  Repository background initialization completed
2026-04-22 18:30:59.179 19933-19990 MeshReposi...aintenance com.scmessenger.android              D  Storage maintenance check: free=17973MB / total=112912MB
2026-04-22 18:30:59.179 19933-19985 MainActivity            com.scmessenger.android              D  UI components initialization completed
2026-04-22 18:30:59.180 19933-19933 ContentCaptureHelper    com.scmessenger.android              I  Setting logging level to OFF
2026-04-22 18:30:59.188 19933-19933 MainActivity            com.scmessenger.android              D  MainActivity resumed
2026-04-22 18:30:59.189 19933-19933 MainActivity            com.scmessenger.android              D  All permissions already granted
2026-04-22 18:30:59.189 19933-19933 MeshRepository          com.scmessenger.android              D  Permission refresh skipped: mesh service is not running
2026-04-22 18:30:59.197 19933-19933 CompatChangeReporter    com.scmessenger.android              D  Compat change id reported: 349153669; UID 10499; state: ENABLED
2026-04-22 18:30:59.333 19933-19933 MainViewModel           com.scmessenger.android              D  MainViewModel init
2026-04-22 18:30:59.334 19933-19990 MainViewMo...rageStatus com.scmessenger.android              D  Storage refreshed: 17973 MB available (Low=false)
2026-04-22 18:30:59.334 19933-19933 MainViewModel           com.scmessenger.android              D  Preference onboardingCompleted: true
2026-04-22 18:30:59.335 19933-19933 MainViewModel           com.scmessenger.android              D  Preference installChoiceCompleted: true
2026-04-22 18:30:59.335 19933-19933 MainViewModel           com.scmessenger.android              D  MeshRepository service state: STOPPED
2026-04-22 18:30:59.336 19933-19990 MainViewMo...ntityState com.scmessenger.android              D  refreshIdentityState() called
2026-04-22 18:30:59.337 19933-19990 MainViewMo...ntityState com.scmessenger.android              D  Identity initialized state: true
2026-04-22 18:30:59.360 19933-19933 VRI[MainActivity]       com.scmessenger.android              D  WindowInsets changed: 1080x2400 statusBars:[0,132,0,0] navigationBars:[0,0,0,63] mandatorySystemGestures:[0,164,0,84] 
2026-04-22 18:30:59.363 19933-19933 WindowOnBackDispatcher  com.scmessenger.android              D  setTopOnBackInvokedCallback (unwrapped): android.view.ViewRootImpl$$ExternalSyntheticLambda25@66e15db
2026-04-22 18:30:59.367 19933-19941 ssenger.android         com.scmessenger.android              I  Compiler allocated 5049KB to compile void android.view.ViewRootImpl.performTraversals()
2026-04-22 18:30:59.419 19933-19933 HWUI                    com.scmessenger.android              I  Using FreeType backend (prop=Auto)
2026-04-22 18:30:59.464 19933-19933 MeshServiceViewModel    com.scmessenger.android              D  MeshServiceViewModel initialized
2026-04-22 18:30:59.474 19933-19985 DashboardViewModel      com.scmessenger.android              D  Loaded 0 discovered peers (0 full)
2026-04-22 18:30:59.474 19933-19986 DashboardViewModel      com.scmessenger.android              D  Loaded 0 discovered peers (0 full)
2026-04-22 18:30:59.474 19933-19985 MeshRepository          com.scmessenger.android              D  Lazy starting MeshService for Identity access...
2026-04-22 18:30:59.475 19933-19986 MeshRepository          com.scmessenger.android              D  Lazy starting MeshService for Identity access...
2026-04-22 18:30:59.477 19933-19986 MeshRepository          com.scmessenger.android              I  service_start_requested
2026-04-22 18:30:59.478 19933-19986 MeshRepository          com.scmessenger.android              D  Starting MeshService...
2026-04-22 18:30:59.482 19933-19933 DefaultDispatch         com.scmessenger.android              W  type=1400 audit(0.0:182463): avc:  denied  { search } for  name="/" dev="cgroup2" ino=1 scontext=u:r:untrusted_app:s0:c243,c257,c512,c768 tcontext=u:object_r:cgroup_v2:s0 tclass=dir permissive=0 app=com.scmessenger.android
2026-04-22 18:30:59.482 19933-19933 DefaultDispatch         com.scmessenger.android              W  type=1400 audit(0.0:182464): avc:  denied  { search } for  name="/" dev="cgroup2" ino=1 scontext=u:r:untrusted_app:s0:c243,c257,c512,c768 tcontext=u:object_r:cgroup_v2:s0 tclass=dir permissive=0 app=com.scmessenger.android
2026-04-22 18:30:59.482 19933-19933 DefaultDispatch         com.scmessenger.android              W  type=1400 audit(0.0:182465): avc:  denied  { search } for  name="/" dev="cgroup" ino=1 scontext=u:r:untrusted_app:s0:c243,c257,c512,c768 tcontext=u:object_r:cgroup:s0 tclass=dir permissive=0 app=com.scmessenger.android
2026-04-22 18:30:59.482 19933-19933 DefaultDispatch         com.scmessenger.android              W  type=1400 audit(0.0:182466): avc:  denied  { search } for  name="/" dev="cgroup" ino=1 scontext=u:r:untrusted_app:s0:c243,c257,c512,c768 tcontext=u:object_r:cgroup:s0 tclass=dir permissive=0 app=com.scmessenger.android
2026-04-22 18:30:59.543 19933-19986 MeshRepository          com.scmessenger.android              I  SmartTransportRouter initialized for intelligent transport selection
2026-04-22 18:30:59.550 19933-20049 NetworkDetector         com.scmessenger.android              W  Cellular network detected (CELLULAR) — blocking ports: [9001, 9010, 4001, 5001]
2026-04-22 18:30:59.550 19933-20049 NetworkDetector         com.scmessenger.android              D  Network type: CELLULAR, blocked ports: [9001, 9010, 4001, 5001]
2026-04-22 18:30:59.551 19933-20049 NetworkDetector         com.scmessenger.android              W  Cellular network detected (CELLULAR) — blocking ports: [9001, 9010, 4001, 5001]
2026-04-22 18:30:59.551 19933-19986 NetworkDetector         com.scmessenger.android              D  Network type: WIFI, blocked ports: []
2026-04-22 18:30:59.551 19933-20049 NetworkDetector         com.scmessenger.android              D  Network type: CELLULAR, blocked ports: []
2026-04-22 18:30:59.552 19933-19986 NetworkDetector         com.scmessenger.android              I  NetworkDetector monitoring started
2026-04-22 18:30:59.552 19933-19986 MeshRepository          com.scmessenger.android              I  NetworkDetector started — cellular-aware transport fallback active
2026-04-22 18:30:59.554 19933-20049 NetworkDetector         com.scmessenger.android              D  Network type: WIFI, blocked ports: []
2026-04-22 18:30:59.558 19933-20049 NetworkDetector         com.scmessenger.android              D  Network type: WIFI, blocked ports: []
2026-04-22 18:30:59.651 19933-19933 BootReceiver$onReceive  com.scmessenger.android              D  Auto-start disabled, not starting service
2026-04-22 18:30:59.657 19933-20031 MainViewMo...ntityState com.scmessenger.android              D  refreshIdentityState() called
2026-04-22 18:30:59.664 19933-20031 MainViewMo...ntityState com.scmessenger.android              D  Identity initialized state: true
2026-04-22 18:30:59.813 19933-19933 Conversati...adMessages com.scmessenger.android              D  Loaded 0 messages
2026-04-22 18:30:59.815 19933-19933 Conversati...$loadStats com.scmessenger.android              D  Loaded stats: HistoryStats(totalMessages=0, sentCount=0, receivedCount=0, undeliveredCount=0)
2026-04-22 18:30:59.819 19933-19933 Conversati...ockedPeers com.scmessenger.android              D  Loaded 0 blocked peers
2026-04-22 18:31:00.011 19933-19933 InsetsController        com.scmessenger.android              D  hide(ime())
2026-04-22 18:31:00.011 19933-19933 ImeTracker              com.scmessenger.android              I  com.scmessenger.android:95f22322: onCancelled at PHASE_CLIENT_ALREADY_HIDDEN
2026-04-22 18:31:04.831 19933-20063 ProfileInstaller        com.scmessenger.android              D  Installing profile for com.scmessenger.android
2026-04-22 18:31:10.522 19933-19933 MainViewModel           com.scmessenger.android              D  MeshRepository service state: RUNNING
2026-04-22 18:31:10.522 19933-19986 MeshRepository          com.scmessenger.android              D  Mesh Stats: 0 peers (Core), 0 full, 0 headless (Repo)
2026-04-22 18:31:10.524 19933-19990 MainViewMo...ntityState com.scmessenger.android              D  refreshIdentityState() called
2026-04-22 18:31:10.526 19933-19986 MeshRepository          com.scmessenger.android              I  SC_IDENTITY_OWN p2p_id=12D3KooWDYF6HEnGo8fs4gbAhBth7HdJ2nQz7wKFXXUb6WBxNof9 pk=374d73ebc21d677f889b806d6065a7177a2c5748f368036bd073e949bba5a2d4
2026-04-22 18:31:10.526 19933-20068 MeshEventBus            com.scmessenger.android              D  StatusEvent emitted: StatsUpdated(stats=ServiceStats(peersDiscovered=0, messagesRelayed=0, bytesTransferred=0, uptimeSecs=0))
2026-04-22 18:31:10.528 19933-19986 MeshRepository          com.scmessenger.android              I  Mesh service started successfully
2026-04-22 18:31:10.529 19933-19990 MainViewMo...ntityState com.scmessenger.android              D  Identity initialized state: true
2026-04-22 18:31:10.531 19933-19986 MeshRepository          com.scmessenger.android              D  MeshService started lazily
2026-04-22 18:31:10.531 19933-19985 MeshRepository          com.scmessenger.android              I  service_start_requested
2026-04-22 18:31:10.549 19933-19985 MeshRepository          com.scmessenger.android              D  MeshService is already running
2026-04-22 18:31:10.549 19933-19942 ssenger.android         com.scmessenger.android              W  userfaultfd: MOVE ioctl seems unsupported: Try again
2026-04-22 18:31:10.567 19933-19985 MeshRepository          com.scmessenger.android              D  MeshService started lazily
2026-04-22 18:31:10.578 19933-19942 ssenger.android         com.scmessenger.android              I  Background concurrent mark compact GC freed 18MB AllocSpace bytes, 6(184KB) LOS objects, 79% free, 6224KB/30MB, paused 418us,14.253ms total 63.292ms
2026-04-22 18:31:10.579 19933-19990 BluetoothAdapter        com.scmessenger.android              D  isLeEnabled(): ON
2026-04-22 18:31:10.579 19933-19990 BluetoothLeScanner      com.scmessenger.android              D  could not find callback wrapper
2026-04-22 18:31:10.579 19933-19990 BluetoothAdapter        com.scmessenger.android              D  isLeEnabled(): ON
2026-04-22 18:31:10.579 19933-20031 AdvertiseSettings       com.scmessenger.android              D  setTxPowerLevel: 2
2026-04-22 18:31:10.579 19933-20031 BluetoothAdapter        com.scmessenger.android              D  isLeEnabled(): ON
2026-04-22 18:31:10.580 19933-20031 BluetoothLeAdvertiser   com.scmessenger.android              D  TxPower == ADVERTISE_TX_POWER_MEDIUM
2026-04-22 18:31:10.581 19933-20031 BluetoothAdapter        com.scmessenger.android              D  isLeEnabled(): ON
2026-04-22 18:31:10.585 19933-19990 BackoffStrategy         com.scmessenger.android              D  Backoff strategy reset
2026-04-22 18:31:10.586 19933-20031 BluetoothGattServer     com.scmessenger.android              D  registerCallback()
2026-04-22 18:31:10.586 19933-19950 BluetoothLeScanner      com.scmessenger.android              D  onScannerRegistered(status=0, scannerId=3): mScannerId=0
2026-04-22 18:31:10.587 19933-19990 BleScanner              com.scmessenger.android              I  BLE Scanning started (background=false, fallback=false)
2026-04-22 18:31:10.587 19933-20031 BluetoothGattServer     com.scmessenger.android              D  registerCallback() - UUID=9fdf40d8-f832-421d-b587-fbc3eac33d70
2026-04-22 18:31:10.588 19933-19990 BleScanner              com.scmessenger.android              D  Duty cycle started: 10000ms scan / 30000ms interval
2026-04-22 18:31:10.592 19933-19950 BluetoothGattServer     com.scmessenger.android              D  onServerRegistered(0)
2026-04-22 18:31:10.592 19933-20031 BluetoothGattServer     com.scmessenger.android              D  addService() - service: 0000df01-0000-1000-8000-00805f9b34fb
2026-04-22 18:31:10.593 19933-20031 BleGattServer           com.scmessenger.android              I  GATT server started with SCMessenger service
2026-04-22 18:31:10.595 19933-20031 BleGattServer           com.scmessenger.android              D  BleGattServer: identity beacon set (2 bytes)
2026-04-22 18:31:10.596 19933-19950 BluetoothGattServer     com.scmessenger.android              D  onServiceAdded() - handle=147 uuid=0000df01-0000-1000-8000-00805f9b34fb status=0
2026-04-22 18:31:10.598 19933-20031 BleAdvertiser           com.scmessenger.android              D  Identity data set: 313 bytes
2026-04-22 18:31:10.600 19933-20031 BleGattServer           com.scmessenger.android              D  BleGattServer: identity beacon set (313 bytes)
2026-04-22 18:31:10.601 19933-20031 MeshRepository          com.scmessenger.android              I  BLE GATT identity beacon updated: 374d73eb... (313 bytes, listeners=0, external=0) p2p_id=12D3KooWDYF6HEnGo8fs4gbAhBth7HdJ2nQz7wKFXXUb6WBxNof9
2026-04-22 18:31:10.612 19933-19933 BleAdverti...seCallback com.scmessenger.android              I  BLE Advertising started successfully
2026-04-22 18:31:10.614 19933-20031 WifiTransportManager    com.scmessenger.android              D  WifiTransportManager initialized
2026-04-22 18:31:10.619 19933-19933 WifiDirect...2pReceiver com.scmessenger.android              D  WiFi P2P state changed: enabled=true
2026-04-22 18:31:10.620 19933-20031 WifiDirectTransport     com.scmessenger.android              I  WiFi Direct started
2026-04-22 18:31:10.822 19933-19933 WifiDirect...2pReceiver com.scmessenger.android              D  Disconnected from WiFi P2P group
2026-04-22 18:31:10.829 19933-19933 WifiDirect...2pReceiver com.scmessenger.android              D  This device changed
2026-04-22 18:31:10.834 19933-19933 WifiP2pManager          com.scmessenger.android              D  Ignored { when=0 what=139313 target=android.net.wifi.p2p.WifiP2pManager$Channel$P2pHandler async=false heapIndex=-1 }
2026-04-22 18:31:10.835 19933-19933 WifiP2pManager          com.scmessenger.android              D  Ignored { when=0 what=139313 target=android.net.wifi.p2p.WifiP2pManager$Channel$P2pHandler async=false heapIndex=-1 }
2026-04-22 18:31:10.835 19933-19933 WifiDirect...eDiscovery com.scmessenger.android              D  Service discovery request added
2026-04-22 18:31:10.839 19933-19933 WifiP2pManager          com.scmessenger.android              D  Ignored { when=0 what=139313 target=android.net.wifi.p2p.WifiP2pManager$Channel$P2pHandler async=false heapIndex=-1 }
2026-04-22 18:31:10.839 19933-19933 WifiP2pManager          com.scmessenger.android              D  Ignored { when=0 what=139313 target=android.net.wifi.p2p.WifiP2pManager$Channel$P2pHandler async=false heapIndex=-1 }
2026-04-22 18:31:10.840 19933-19933 WifiDirect...terService com.scmessenger.android              D  WiFi Direct service registered: scmessenger
2026-04-22 18:31:10.846 19933-19933 WifiTransp...tDiscovery com.scmessenger.android              I  WiFi P2P Discovery started
2026-04-22 18:31:10.860 19933-19933 WifiDirect...rDiscovery com.scmessenger.android              D  Peer discovery started
2026-04-22 18:31:15.536 19933-19990 MeshRepository          com.scmessenger.android              D  Mesh Stats: 0 peers (Core), 0 full, 0 headless (Repo)
2026-04-22 18:31:15.550 19933-20068 MeshEventBus            com.scmessenger.android              D  StatusEvent emitted: StatsUpdated(stats=ServiceStats(peersDiscovered=0, messagesRelayed=0, bytesTransferred=0, uptimeSecs=5))
2026-04-22 18:31:15.632 19933-20068 BleGattServer           com.scmessenger.android              D  BleGattServer: identity beacon set (313 bytes)
2026-04-22 18:31:15.638 19933-20068 MeshRepository          com.scmessenger.android              I  BLE GATT identity beacon updated: 374d73eb... (313 bytes, listeners=0, external=0) p2p_id=12D3KooWDYF6HEnGo8fs4gbAhBth7HdJ2nQz7wKFXXUb6WBxNof9
2026-04-22 18:31:20.562 19933-20068 MeshRepository          com.scmessenger.android              D  Mesh Stats: 0 peers (Core), 0 full, 0 headless (Repo)
2026-04-22 18:31:20.572 19933-20069 MeshEventBus            com.scmessenger.android              D  StatusEvent emitted: StatsUpdated(stats=ServiceStats(peersDiscovered=0, messagesRelayed=0, bytesTransferred=0, uptimeSecs=10))
2026-04-22 18:31:20.590 19933-19933 BluetoothAdapter        com.scmessenger.android              D  isLeEnabled(): ON
2026-04-22 18:31:20.594 19933-19933 BleScanner              com.scmessenger.android              V  BLE scan window ended
2026-04-22 18:31:25.223 19933-20031 BleGattServer           com.scmessenger.android              D  BleGattServer: identity beacon set (313 bytes)
2026-04-22 18:31:25.225 19933-20031 MeshRepository          com.scmessenger.android              I  BLE GATT identity beacon updated: 374d73eb... (313 bytes, listeners=0, external=0) p2p_id=12D3KooWDYF6HEnGo8fs4gbAhBth7HdJ2nQz7wKFXXUb6WBxNof9
2026-04-22 18:31:25.227 19933-20031 MeshRepository          com.scmessenger.android              I  ✓ Internet transport (Swarm) initiated and bridge wired
2026-04-22 18:31:25.229 19933-20069 MeshRepository          com.scmessenger.android              I  Bootstrap: network=WIFI, cellular=false, priority=[QUIC, TCP, WEBSOCKET_WSS, WEBSOCKET_WS]
2026-04-22 18:31:25.236 19933-20069 NetworkFailureMetrics   com.scmessenger.android              D  Failure metric recorded: node=/ip4/34.135.34.73/udp/9001/quic-v1/p2p/12D3KooWETatHYo4xt9aufXEEDce719fyMEB7KmXJga1SYVUikaw reason=Unknown network error: NetworkException: Network error total=1
2026-04-22 18:31:25.237 19933-20069 MeshRepository          com.scmessenger.android              W  Bootstrap dial failed for /ip4/34.135.34.73/udp/9001/quic-v1/p2p/12D3KooWETatHYo4xt9aufXEEDce719fyMEB7KmXJga1SYVUikaw - Unknown network error: NetworkException: Network error
2026-04-22 18:31:25.240 19933-20069 NetworkFailureMetrics   com.scmessenger.android              D  Failure metric recorded: node=/ip4/34.135.34.73/udp/9001/quic-v1/p2p/12D3KooWETatHYo4xt9aufXEEDce719fyMEB7KmXJga1SYVUikaw reason=Unknown network error: NetworkException: Network error total=2
2026-04-22 18:31:25.243 19933-20069 NetworkFailureMetrics   com.scmessenger.android              D  Failure metric recorded: node=/ip4/34.135.34.73/tcp/9001/p2p/12D3KooWETatHYo4xt9aufXEEDce719fyMEB7KmXJga1SYVUikaw reason=Unknown network error: NetworkException: Network error total=1
2026-04-22 18:31:25.245 19933-20069 MeshRepository          com.scmessenger.android              W  Bootstrap dial failed for /ip4/34.135.34.73/tcp/9001/p2p/12D3KooWETatHYo4xt9aufXEEDce719fyMEB7KmXJga1SYVUikaw - Unknown network error: NetworkException: Network error
2026-04-22 18:31:25.247 19933-20069 NetworkFailureMetrics   com.scmessenger.android              D  Failure metric recorded: node=/ip4/34.135.34.73/tcp/9001/p2p/12D3KooWETatHYo4xt9aufXEEDce719fyMEB7KmXJga1SYVUikaw reason=Unknown network error: NetworkException: Network error total=2
2026-04-22 18:31:25.251 19933-20069 NetworkFailureMetrics   com.scmessenger.android              D  Failure metric recorded: node=/ip4/104.28.216.43/udp/9010/quic-v1/p2p/12D3KooWHpmuhytgzLcM4nj1hZvN5b4crB1wka3LCNfKRCd7yHj9 reason=Unknown network error: NetworkException: Network error total=1
2026-04-22 18:31:25.252 19933-20069 MeshRepository          com.scmessenger.android              W  Bootstrap dial failed for /ip4/104.28.216.43/udp/9010/quic-v1/p2p/12D3KooWHpmuhytgzLcM4nj1hZvN5b4crB1wka3LCNfKRCd7yHj9 - Unknown network error: NetworkException: Network error
2026-04-22 18:31:25.254 19933-20069 NetworkFailureMetrics   com.scmessenger.android              D  Failure metric recorded: node=/ip4/104.28.216.43/udp/9010/quic-v1/p2p/12D3KooWHpmuhytgzLcM4nj1hZvN5b4crB1wka3LCNfKRCd7yHj9 reason=Unknown network error: NetworkException: Network error total=2
2026-04-22 18:31:25.258 19933-20069 NetworkFailureMetrics   com.scmessenger.android              D  Failure metric recorded: node=/ip4/104.28.216.43/tcp/9010/p2p/12D3KooWHpmuhytgzLcM4nj1hZvN5b4crB1wka3LCNfKRCd7yHj9 reason=Unknown network error: NetworkException: Network error total=1
2026-04-22 18:31:25.259 19933-20069 MeshRepository          com.scmessenger.android              W  Bootstrap dial failed for /ip4/104.28.216.43/tcp/9010/p2p/12D3KooWHpmuhytgzLcM4nj1hZvN5b4crB1wka3LCNfKRCd7yHj9 - Unknown network error: NetworkException: Network error
2026-04-22 18:31:25.261 19933-20069 NetworkFailureMetrics   com.scmessenger.android              D  Failure metric recorded: node=/ip4/104.28.216.43/tcp/9010/p2p/12D3KooWHpmuhytgzLcM4nj1hZvN5b4crB1wka3LCNfKRCd7yHj9 reason=Unknown network error: NetworkException: Network error total=2
2026-04-22 18:31:25.265 19933-20069 NetworkFailureMetrics   com.scmessenger.android              D  Failure metric recorded: node=/dns4/bootstrap.scmessenger.net/tcp/443/ws/p2p/12D3KooWETatHYo4xt9aufXEEDce719fyMEB7KmXJga1SYVUikaw reason=Unknown network error: NetworkException: Network error total=1
2026-04-22 18:31:25.266 19933-20069 MeshRepository          com.scmessenger.android              W  Bootstrap dial failed for /dns4/bootstrap.scmessenger.net/tcp/443/ws/p2p/12D3KooWETatHYo4xt9aufXEEDce719fyMEB7KmXJga1SYVUikaw - Unknown network error: NetworkException: Network error
2026-04-22 18:31:25.268 19933-20069 NetworkFailureMetrics   com.scmessenger.android              D  Failure metric recorded: node=/dns4/bootstrap.scmessenger.net/tcp/443/ws/p2p/12D3KooWETatHYo4xt9aufXEEDce719fyMEB7KmXJga1SYVUikaw reason=Unknown network error: NetworkException: Network error total=2
2026-04-22 18:31:25.272 19933-20069 NetworkFailureMetrics   com.scmessenger.android              D  Failure metric recorded: node=/dns4/bootstrap.scmessenger.net/tcp/80/ws/p2p/12D3KooWETatHYo4xt9aufXEEDce719fyMEB7KmXJga1SYVUikaw reason=Unknown network error: NetworkException: Network error total=1
2026-04-22 18:31:25.273 19933-20069 MeshRepository          com.scmessenger.android              W  Bootstrap dial failed for /dns4/bootstrap.scmessenger.net/tcp/80/ws/p2p/12D3KooWETatHYo4xt9aufXEEDce719fyMEB7KmXJga1SYVUikaw - Unknown network error: NetworkException: Network error
2026-04-22 18:31:25.275 19933-20069 NetworkFailureMetrics   com.scmessenger.android              D  Failure metric recorded: node=/dns4/bootstrap.scmessenger.net/tcp/80/ws/p2p/12D3KooWETatHYo4xt9aufXEEDce719fyMEB7KmXJga1SYVUikaw reason=Unknown network error: NetworkException: Network error total=2
2026-04-22 18:31:25.277 19933-20069 MeshRepository          com.scmessenger.android              W  Bootstrap all-failed (consecutive=1), next attempt in 10000ms
2026-04-22 18:31:25.579 19933-20069 MeshRepository          com.scmessenger.android              D  Mesh Stats: 0 peers (Core), 0 full, 0 headless (Repo)
2026-04-22 18:31:25.586 19933-20069 MeshEventBus            com.scmessenger.android              D  StatusEvent emitted: StatsUpdated(stats=ServiceStats(peersDiscovered=0, messagesRelayed=0, bytesTransferred=0, uptimeSecs=15))
2026-04-22 18:31:30.301 19933-20069 BleGattServer           com.scmessenger.android              D  BleGattServer: identity beacon set (313 bytes)
