2026-04-22 18:25:21.498 16854-17851 NetworkFailureMetrics   com.scmessenger.android              D  Failure metric recorded: node=/ip4/104.28.216.43/udp/9010/quic-v1/p2p/12D3KooWHpmuhytgzLcM4nj1hZvN5b4crB1wka3LCNfKRCd7yHj9 reason=Unknown network error: NetworkException: Network error total=3
2026-04-22 18:25:21.500 16854-17851 MeshRepository          com.scmessenger.android              W  Bootstrap dial failed for /ip4/104.28.216.43/udp/9010/quic-v1/p2p/12D3KooWHpmuhytgzLcM4nj1hZvN5b4crB1wka3LCNfKRCd7yHj9 - Unknown network error: NetworkException: Network error
2026-04-22 18:25:21.504 16854-17851 NetworkFailureMetrics   com.scmessenger.android              D  Failure metric recorded: node=/ip4/104.28.216.43/udp/9010/quic-v1/p2p/12D3KooWHpmuhytgzLcM4nj1hZvN5b4crB1wka3LCNfKRCd7yHj9 reason=Unknown network error: NetworkException: Network error total=4
2026-04-22 18:25:21.509 16854-17851 NetworkFailureMetrics   com.scmessenger.android              D  Failure metric recorded: node=/ip4/104.28.216.43/tcp/9010/p2p/12D3KooWHpmuhytgzLcM4nj1hZvN5b4crB1wka3LCNfKRCd7yHj9 reason=Unknown network error: NetworkException: Network error total=3
2026-04-22 18:25:21.512 16854-17851 MeshRepository          com.scmessenger.android              W  Bootstrap dial failed for /ip4/104.28.216.43/tcp/9010/p2p/12D3KooWHpmuhytgzLcM4nj1hZvN5b4crB1wka3LCNfKRCd7yHj9 - Unknown network error: NetworkException: Network error
2026-04-22 18:25:21.514 16854-17851 NetworkFailureMetrics   com.scmessenger.android              D  Failure metric recorded: node=/ip4/104.28.216.43/tcp/9010/p2p/12D3KooWHpmuhytgzLcM4nj1hZvN5b4crB1wka3LCNfKRCd7yHj9 reason=Unknown network error: NetworkException: Network error total=4
2026-04-22 18:25:21.519 16854-17851 NetworkFailureMetrics   com.scmessenger.android              D  Failure metric recorded: node=/dns4/bootstrap.scmessenger.net/tcp/443/ws/p2p/12D3KooWETatHYo4xt9aufXEEDce719fyMEB7KmXJga1SYVUikaw reason=Unknown network error: NetworkException: Network error total=3
2026-04-22 18:25:21.521 16854-17851 MeshRepository          com.scmessenger.android              W  Bootstrap dial failed for /dns4/bootstrap.scmessenger.net/tcp/443/ws/p2p/12D3KooWETatHYo4xt9aufXEEDce719fyMEB7KmXJga1SYVUikaw - Unknown network error: NetworkException: Network error
2026-04-22 18:25:21.524 16854-17851 NetworkFailureMetrics   com.scmessenger.android              D  Failure metric recorded: node=/dns4/bootstrap.scmessenger.net/tcp/443/ws/p2p/12D3KooWETatHYo4xt9aufXEEDce719fyMEB7KmXJga1SYVUikaw reason=Unknown network error: NetworkException: Network error total=4
2026-04-22 18:25:21.528 16854-17851 NetworkFailureMetrics   com.scmessenger.android              D  Failure metric recorded: node=/dns4/bootstrap.scmessenger.net/tcp/80/ws/p2p/12D3KooWETatHYo4xt9aufXEEDce719fyMEB7KmXJga1SYVUikaw reason=Unknown network error: NetworkException: Network error total=3
2026-04-22 18:25:21.530 16854-17851 MeshRepository          com.scmessenger.android              W  Bootstrap dial failed for /dns4/bootstrap.scmessenger.net/tcp/80/ws/p2p/12D3KooWETatHYo4xt9aufXEEDce719fyMEB7KmXJga1SYVUikaw - Unknown network error: NetworkException: Network error
2026-04-22 18:25:21.533 16854-17851 NetworkFailureMetrics   com.scmessenger.android              D  Failure metric recorded: node=/dns4/bootstrap.scmessenger.net/tcp/80/ws/p2p/12D3KooWETatHYo4xt9aufXEEDce719fyMEB7KmXJga1SYVUikaw reason=Unknown network error: NetworkException: Network error total=4
2026-04-22 18:25:21.536 16854-17851 MeshRepository          com.scmessenger.android              W  Bootstrap all-failed (consecutive=2), next attempt in 30000ms
2026-04-22 18:25:24.969 16854-17851 MeshRepository          com.scmessenger.android              D  Mesh Stats: 0 peers (Core), 0 full, 0 headless (Repo)
2026-04-22 18:25:29.107 16854-17841 NetworkDetector         com.scmessenger.android              D  Network type: WIFI, blocked ports: []
2026-04-22 18:25:29.498 16854-19136 AnrWatchdog             com.scmessenger.android              W  Slow main thread: 5001ms (threshold: 10000ms)
2026-04-22 18:25:29.866 16854-17850 BleGattServer           com.scmessenger.android              D  BleGattServer: identity beacon set (313 bytes)
2026-04-22 18:25:29.878 16854-17850 MeshRepository          com.scmessenger.android              I  BLE GATT identity beacon updated: 374d73eb... (313 bytes, listeners=0, external=0) p2p_id=12D3KooWDYF6HEnGo8fs4gbAhBth7HdJ2nQz7wKFXXUb6WBxNof9
2026-04-22 18:25:29.887 16854-17850 MeshRepository          com.scmessenger.android              I  ✓ Internet transport (Swarm) initiated and bridge wired
2026-04-22 18:25:29.983 16854-17851 MeshRepository          com.scmessenger.android              D  Mesh Stats: 0 peers (Core), 0 full, 0 headless (Repo)
2026-04-22 18:25:35.015 16854-17850 MeshRepository          com.scmessenger.android              D  Mesh Stats: 0 peers (Core), 0 full, 0 headless (Repo)
2026-04-22 18:25:35.028 16854-16943 BleGattServer           com.scmessenger.android              D  BleGattServer: identity beacon set (313 bytes)
2026-04-22 18:25:35.037 16854-16943 MeshRepository          com.scmessenger.android              I  BLE GATT identity beacon updated: 374d73eb... (313 bytes, listeners=0, external=0) p2p_id=12D3KooWDYF6HEnGo8fs4gbAhBth7HdJ2nQz7wKFXXUb6WBxNof9
2026-04-22 18:25:35.269 16854-17841 NetworkDetector         com.scmessenger.android              D  Network type: WIFI, blocked ports: []
2026-04-22 18:25:36.428 16854-17853 MeshRepository          com.scmessenger.android              I  ✓ Internet transport (Swarm) initiated and bridge wired
2026-04-22 18:25:36.876 16854-16854 MeshRepository          com.scmessenger.android              D  getIdentityInfo: result=caccf8657f8cf09f647503be0c6a51f27ee4ff616fd5b7153fdf2c41b6b55747, initialized=true, nickname=Luke
2026-04-22 18:25:36.884 16854-16854 MeshServiceViewModel    com.scmessenger.android              D  MeshServiceViewModel initialized
2026-04-22 18:25:37.057 16854-16854 WindowOnBackDispatcher  com.scmessenger.android              W  OnBackInvokedCallback is not enabled for the application.
                                                                                                    Set 'android:enableOnBackInvokedCallback="true"' in the application manifest.
2026-04-22 18:25:37.459 16854-16883 HWUI                    com.scmessenger.android              I  Davey! duration=20066ms; Flags=0, FrameTimelineVsyncId=71509468, IntendedVsync=260666480745335, Vsync=260666480745335, InputEventId=39394944, HandleInputStart=260666481570757, AnimationStart=260666481599403, PerformTraversalsStart=260686164332485, DrawStart=260686164460944, FrameDeadline=260666497345335, FrameStartTime=260666481566688, FrameInterval=16706289, WorkloadTarget=16600000, SyncQueued=260686536884813, SyncStart=260686537112596, IssueDrawCommandsStart=260686537995002, SwapBuffers=260686546334113, FrameCompleted=260686547205939, DequeueBufferDuration=36011, QueueBufferDuration=678792, GpuCompleted=260686546645596, SwapBuffersCompleted=260686547205939, DisplayPresentTime=260671475626057, CommandSubmissionCompleted=260686546334113, 
2026-04-22 18:25:37.470 16854-17850 MeshEventBus            com.scmessenger.android              D  StatusEvent emitted: StatsUpdated(stats=ServiceStats(peersDiscovered=0, messagesRelayed=0, bytesTransferred=0, uptimeSecs=50))
2026-04-22 18:25:37.472 16854-17853 MeshEventBus            com.scmessenger.android              D  StatusEvent emitted: StatsUpdated(stats=ServiceStats(peersDiscovered=0, messagesRelayed=0, bytesTransferred=0, uptimeSecs=45))
2026-04-22 18:25:37.472 16854-16943 MeshEventBus            com.scmessenger.android              D  StatusEvent emitted: StatsUpdated(stats=ServiceStats(peersDiscovered=0, messagesRelayed=0, bytesTransferred=0, uptimeSecs=56))
2026-04-22 18:25:37.568 16854-16854 BluetoothAdapter        com.scmessenger.android              D  isLeEnabled(): ON
2026-04-22 18:25:37.569 16854-16854 BleScanner              com.scmessenger.android              V  BLE scan window ended
2026-04-22 18:25:38.143 16854-17855 MeshRepository          com.scmessenger.android              I  ✓ Internet transport (Swarm) initiated and bridge wired
2026-04-22 18:25:38.731 16854-17854 MeshRepository          com.scmessenger.android              D  getIdentityInfo: result=caccf8657f8cf09f647503be0c6a51f27ee4ff616fd5b7153fdf2c41b6b55747, initialized=true, nickname=Luke
2026-04-22 18:25:38.734 16854-17854 DashboardViewModel      com.scmessenger.android              D  Topology built: 1 nodes, 0 edges
2026-04-22 18:25:38.736 16854-17854 DashboardV...efreshData com.scmessenger.android              D  Dashboard data refreshed
2026-04-22 18:25:39.936 16854-16945 MeshRepository          com.scmessenger.android              D  getIdentityInfo: result=caccf8657f8cf09f647503be0c6a51f27ee4ff616fd5b7153fdf2c41b6b55747, initialized=true, nickname=Luke
2026-04-22 18:25:39.938 16854-16945 DashboardViewModel      com.scmessenger.android              D  Topology built: 1 nodes, 0 edges
2026-04-22 18:25:39.939 16854-16945 DashboardV...efreshData com.scmessenger.android              D  Dashboard data refreshed
2026-04-22 18:25:40.033 16854-16945 MeshRepository          com.scmessenger.android              D  Mesh Stats: 0 peers (Core), 0 full, 0 headless (Repo)
2026-04-22 18:25:40.035 16854-16945 MeshEventBus            com.scmessenger.android              D  StatusEvent emitted: StatsUpdated(stats=ServiceStats(peersDiscovered=0, messagesRelayed=0, bytesTransferred=0, uptimeSecs=61))
2026-04-22 18:25:41.491 16854-16945 BleGattServer           com.scmessenger.android              D  BleGattServer: identity beacon set (313 bytes)
2026-04-22 18:25:41.493 16854-16945 MeshRepository          com.scmessenger.android              I  BLE GATT identity beacon updated: 374d73eb... (313 bytes, listeners=0, external=0) p2p_id=12D3KooWDYF6HEnGo8fs4gbAhBth7HdJ2nQz7wKFXXUb6WBxNof9
2026-04-22 18:25:44.526 16854-19136 AnrWatchdog             com.scmessenger.android              W  Slow main thread: 5001ms (threshold: 10000ms)
2026-04-22 18:25:45.038 16854-16945 MeshRepository          com.scmessenger.android              D  Mesh Stats: 0 peers (Core), 0 full, 0 headless (Repo)
2026-04-22 18:25:50.043 16854-17854 MeshRepository          com.scmessenger.android              D  Mesh Stats: 0 peers (Core), 0 full, 0 headless (Repo)
2026-04-22 18:25:53.548 16854-16945 MeshRepository          com.scmessenger.android              I  Bootstrap: network=WIFI, cellular=false, priority=[QUIC, TCP, WEBSOCKET_WSS, WEBSOCKET_WS]
2026-04-22 18:25:53.552 16854-16945 NetworkFailureMetrics   com.scmessenger.android              D  Failure metric recorded: node=/ip4/34.135.34.73/udp/9001/quic-v1/p2p/12D3KooWETatHYo4xt9aufXEEDce719fyMEB7KmXJga1SYVUikaw reason=Unknown network error: NetworkException: Network error total=5
2026-04-22 18:25:53.554 16854-16945 MeshRepository          com.scmessenger.android              W  Bootstrap dial failed for /ip4/34.135.34.73/udp/9001/quic-v1/p2p/12D3KooWETatHYo4xt9aufXEEDce719fyMEB7KmXJga1SYVUikaw - Unknown network error: NetworkException: Network error
2026-04-22 18:25:53.556 16854-16945 CircuitBreaker          com.scmessenger.android              W  Circuit breaker OPENING for relay /ip4/34.135.34.73/udp/9001/quic-v1/p2p/12D3KooWETatHYo4xt9aufXEEDce719fyMEB7KmXJga1SYVUikaw after 3 failures: Unknown network error: NetworkException: Network error
2026-04-22 18:25:53.558 16854-16945 NetworkFailureMetrics   com.scmessenger.android              D  Failure metric recorded: node=/ip4/34.135.34.73/udp/9001/quic-v1/p2p/12D3KooWETatHYo4xt9aufXEEDce719fyMEB7KmXJga1SYVUikaw reason=Unknown network error: NetworkException: Network error total=6
2026-04-22 18:25:53.561 16854-16945 NetworkFailureMetrics   com.scmessenger.android              D  Failure metric recorded: node=/ip4/34.135.34.73/tcp/9001/p2p/12D3KooWETatHYo4xt9aufXEEDce719fyMEB7KmXJga1SYVUikaw reason=Unknown network error: NetworkException: Network error total=5
2026-04-22 18:25:53.563 16854-16945 MeshRepository          com.scmessenger.android              W  Bootstrap dial failed for /ip4/34.135.34.73/tcp/9001/p2p/12D3KooWETatHYo4xt9aufXEEDce719fyMEB7KmXJga1SYVUikaw - Unknown network error: NetworkException: Network error
2026-04-22 18:25:53.565 16854-16945 CircuitBreaker          com.scmessenger.android              W  Circuit breaker OPENING for relay /ip4/34.135.34.73/tcp/9001/p2p/12D3KooWETatHYo4xt9aufXEEDce719fyMEB7KmXJga1SYVUikaw after 3 failures: Unknown network error: NetworkException: Network error
2026-04-22 18:25:53.567 16854-16945 NetworkFailureMetrics   com.scmessenger.android              D  Failure metric recorded: node=/ip4/34.135.34.73/tcp/9001/p2p/12D3KooWETatHYo4xt9aufXEEDce719fyMEB7KmXJga1SYVUikaw reason=Unknown network error: NetworkException: Network error total=6
2026-04-22 18:25:53.570 16854-16945 NetworkFailureMetrics   com.scmessenger.android              D  Failure metric recorded: node=/ip4/104.28.216.43/udp/9010/quic-v1/p2p/12D3KooWHpmuhytgzLcM4nj1hZvN5b4crB1wka3LCNfKRCd7yHj9 reason=Unknown network error: NetworkException: Network error total=5
2026-04-22 18:25:53.572 16854-16945 MeshRepository          com.scmessenger.android              W  Bootstrap dial failed for /ip4/104.28.216.43/udp/9010/quic-v1/p2p/12D3KooWHpmuhytgzLcM4nj1hZvN5b4crB1wka3LCNfKRCd7yHj9 - Unknown network error: NetworkException: Network error
2026-04-22 18:25:53.573 16854-16945 CircuitBreaker          com.scmessenger.android              W  Circuit breaker OPENING for relay /ip4/104.28.216.43/udp/9010/quic-v1/p2p/12D3KooWHpmuhytgzLcM4nj1hZvN5b4crB1wka3LCNfKRCd7yHj9 after 3 failures: Unknown network error: NetworkException: Network error
2026-04-22 18:25:53.576 16854-16945 NetworkFailureMetrics   com.scmessenger.android              D  Failure metric recorded: node=/ip4/104.28.216.43/udp/9010/quic-v1/p2p/12D3KooWHpmuhytgzLcM4nj1hZvN5b4crB1wka3LCNfKRCd7yHj9 reason=Unknown network error: NetworkException: Network error total=6
2026-04-22 18:25:53.579 16854-16945 NetworkFailureMetrics   com.scmessenger.android              D  Failure metric recorded: node=/ip4/104.28.216.43/tcp/9010/p2p/12D3KooWHpmuhytgzLcM4nj1hZvN5b4crB1wka3LCNfKRCd7yHj9 reason=Unknown network error: NetworkException: Network error total=5
2026-04-22 18:25:53.580 16854-16945 MeshRepository          com.scmessenger.android              W  Bootstrap dial failed for /ip4/104.28.216.43/tcp/9010/p2p/12D3KooWHpmuhytgzLcM4nj1hZvN5b4crB1wka3LCNfKRCd7yHj9 - Unknown network error: NetworkException: Network error
2026-04-22 18:25:53.582 16854-16945 CircuitBreaker          com.scmessenger.android              W  Circuit breaker OPENING for relay /ip4/104.28.216.43/tcp/9010/p2p/12D3KooWHpmuhytgzLcM4nj1hZvN5b4crB1wka3LCNfKRCd7yHj9 after 3 failures: Unknown network error: NetworkException: Network error
2026-04-22 18:25:53.584 16854-16945 NetworkFailureMetrics   com.scmessenger.android              D  Failure metric recorded: node=/ip4/104.28.216.43/tcp/9010/p2p/12D3KooWHpmuhytgzLcM4nj1hZvN5b4crB1wka3LCNfKRCd7yHj9 reason=Unknown network error: NetworkException: Network error total=6
2026-04-22 18:25:53.587 16854-16945 NetworkFailureMetrics   com.scmessenger.android              D  Failure metric recorded: node=/dns4/bootstrap.scmessenger.net/tcp/443/ws/p2p/12D3KooWETatHYo4xt9aufXEEDce719fyMEB7KmXJga1SYVUikaw reason=Unknown network error: NetworkException: Network error total=5
2026-04-22 18:25:53.588 16854-16945 MeshRepository          com.scmessenger.android              W  Bootstrap dial failed for /dns4/bootstrap.scmessenger.net/tcp/443/ws/p2p/12D3KooWETatHYo4xt9aufXEEDce719fyMEB7KmXJga1SYVUikaw - Unknown network error: NetworkException: Network error
2026-04-22 18:25:53.589 16854-16945 CircuitBreaker          com.scmessenger.android              W  Circuit breaker OPENING for relay /dns4/bootstrap.scmessenger.net/tcp/443/ws/p2p/12D3KooWETatHYo4xt9aufXEEDce719fyMEB7KmXJga1SYVUikaw after 3 failures: Unknown network error: NetworkException: Network error
2026-04-22 18:25:53.591 16854-16945 NetworkFailureMetrics   com.scmessenger.android              D  Failure metric recorded: node=/dns4/bootstrap.scmessenger.net/tcp/443/ws/p2p/12D3KooWETatHYo4xt9aufXEEDce719fyMEB7KmXJga1SYVUikaw reason=Unknown network error: NetworkException: Network error total=6
2026-04-22 18:25:53.595 16854-16945 NetworkFailureMetrics   com.scmessenger.android              D  Failure metric recorded: node=/dns4/bootstrap.scmessenger.net/tcp/80/ws/p2p/12D3KooWETatHYo4xt9aufXEEDce719fyMEB7KmXJga1SYVUikaw reason=Unknown network error: NetworkException: Network error total=5
2026-04-22 18:25:53.596 16854-16945 MeshRepository          com.scmessenger.android              W  Bootstrap dial failed for /dns4/bootstrap.scmessenger.net/tcp/80/ws/p2p/12D3KooWETatHYo4xt9aufXEEDce719fyMEB7KmXJga1SYVUikaw - Unknown network error: NetworkException: Network error
2026-04-22 18:25:53.598 16854-16945 CircuitBreaker          com.scmessenger.android              W  Circuit breaker OPENING for relay /dns4/bootstrap.scmessenger.net/tcp/80/ws/p2p/12D3KooWETatHYo4xt9aufXEEDce719fyMEB7KmXJga1SYVUikaw after 3 failures: Unknown network error: NetworkException: Network error
2026-04-22 18:25:53.600 16854-16945 NetworkFailureMetrics   com.scmessenger.android              D  Failure metric recorded: node=/dns4/bootstrap.scmessenger.net/tcp/80/ws/p2p/12D3KooWETatHYo4xt9aufXEEDce719fyMEB7KmXJga1SYVUikaw reason=Unknown network error: NetworkException: Network error total=6
2026-04-22 18:25:53.601 16854-16945 MeshRepository          com.scmessenger.android              W  Bootstrap all-failed (consecutive=3), next attempt in 30000ms
2026-04-22 18:25:54.530 16854-19136 AnrWatchdog             com.scmessenger.android              W  Slow main thread: 5001ms (threshold: 10000ms)
2026-04-22 18:25:55.048 16854-16945 MeshRepository          com.scmessenger.android              D  Mesh Stats: 0 peers (Core), 0 full, 0 headless (Repo)
2026-04-22 18:26:00.052 16854-17854 MeshRepository          com.scmessenger.android              D  Mesh Stats: 0 peers (Core), 0 full, 0 headless (Repo)
2026-04-22 18:26:02.561 16854-16854 MeshRepository          com.scmessenger.android              D  getIdentityInfo: result=caccf8657f8cf09f647503be0c6a51f27ee4ff616fd5b7153fdf2c41b6b55747, initialized=true, nickname=Luke
2026-04-22 18:26:02.572 16854-16854 Choreographer           com.scmessenger.android              I  Skipped 1534 frames!  The application may be doing too much work on its main thread.
2026-04-22 18:26:02.664 16854-16883 HWUI                    com.scmessenger.android              I  Davey! duration=25653ms; Flags=0, FrameTimelineVsyncId=71512438, IntendedVsync=260686098653423, Vsync=260711665320601, InputEventId=0, HandleInputStart=260711678950947, AnimationStart=260711678952778, PerformTraversalsStart=260711727522602, DrawStart=260711727581440, FrameDeadline=260686594971380, FrameStartTime=260711678384093, FrameInterval=16666667, WorkloadTarget=16600000, SyncQueued=260711748718118, SyncStart=260711748805236, IssueDrawCommandsStart=260711748978128, SwapBuffers=260711751673725, FrameCompleted=260711752143370, DequeueBufferDuration=15096, QueueBufferDuration=219604, GpuCompleted=260711752143370, SwapBuffersCompleted=260711751956440, DisplayPresentTime=260671509037556, CommandSubmissionCompleted=260711751673725, 
2026-04-22 18:26:02.725 16854-17855 MeshEventBus            com.scmessenger.android              D  StatusEvent emitted: StatsUpdated(stats=ServiceStats(peersDiscovered=0, messagesRelayed=0, bytesTransferred=0, uptimeSecs=66))
2026-04-22 18:26:02.725 16854-16945 MeshEventBus            com.scmessenger.android              D  StatusEvent emitted: StatsUpdated(stats=ServiceStats(peersDiscovered=0, messagesRelayed=0, bytesTransferred=0, uptimeSecs=71))
2026-04-22 18:26:02.725 16854-17850 MeshEventBus            com.scmessenger.android              D  StatusEvent emitted: StatsUpdated(stats=ServiceStats(peersDiscovered=0, messagesRelayed=0, bytesTransferred=0, uptimeSecs=81))
2026-04-22 18:26:02.726 16854-17854 MeshEventBus            com.scmessenger.android              D  StatusEvent emitted: StatsUpdated(stats=ServiceStats(peersDiscovered=0, messagesRelayed=0, bytesTransferred=0, uptimeSecs=76))
2026-04-22 18:26:02.765 16854-16875 ssenger.android         com.scmessenger.android              W  Cleared Reference was only reachable from finalizer (only reported once)
2026-04-22 18:26:05.059 16854-17854 MeshRepository          com.scmessenger.android              D  Mesh Stats: 0 peers (Core), 0 full, 0 headless (Repo)
2026-04-22 18:26:05.064 16854-17854 MeshEventBus            com.scmessenger.android              D  StatusEvent emitted: StatsUpdated(stats=ServiceStats(peersDiscovered=0, messagesRelayed=0, bytesTransferred=0, uptimeSecs=86))
2026-04-22 18:26:07.574 16854-16854 BluetoothAdapter        com.scmessenger.android              D  isLeEnabled(): ON
2026-04-22 18:26:07.574 16854-16854 BluetoothLeScanner      com.scmessenger.android              D  could not find callback wrapper
2026-04-22 18:26:07.574 16854-16854 BleScanner              com.scmessenger.android              V  BLE scan window ended
2026-04-22 18:26:10.068 16854-17854 MeshRepository          com.scmessenger.android              D  Mesh Stats: 0 peers (Core), 0 full, 0 headless (Repo)
2026-04-22 18:26:10.073 16854-17854 MeshEventBus            com.scmessenger.android              D  StatusEvent emitted: StatsUpdated(stats=ServiceStats(peersDiscovered=0, messagesRelayed=0, bytesTransferred=0, uptimeSecs=91))
2026-04-22 18:26:15.077 16854-17854 MeshRepository          com.scmessenger.android              D  Mesh Stats: 0 peers (Core), 0 full, 0 headless (Repo)
2026-04-22 18:26:15.079 16854-17854 MeshEventBus            com.scmessenger.android              D  StatusEvent emitted: StatsUpdated(stats=ServiceStats(peersDiscovered=0, messagesRelayed=0, bytesTransferred=0, uptimeSecs=96))
2026-04-22 18:26:20.081 16854-17854 MeshRepository          com.scmessenger.android              D  Mesh Stats: 0 peers (Core), 0 full, 0 headless (Repo)
2026-04-22 18:26:20.083 16854-17850 MeshEventBus            com.scmessenger.android              D  StatusEvent emitted: StatsUpdated(stats=ServiceStats(peersDiscovered=0, messagesRelayed=0, bytesTransferred=0, uptimeSecs=101))
2026-04-22 18:26:24.535 16854-19136 AnrWatchdog             com.scmessenger.android              W  Slow main thread: 5001ms (threshold: 10000ms)
2026-04-22 18:26:25.086 16854-17850 MeshRepository          com.scmessenger.android              D  Mesh Stats: 0 peers (Core), 0 full, 0 headless (Repo)
2026-04-22 18:26:25.610 16854-17854 MeshRepository          com.scmessenger.android              I  Bootstrap: network=WIFI, cellular=false, priority=[QUIC, TCP, WEBSOCKET_WSS, WEBSOCKET_WS]
2026-04-22 18:26:25.612 16854-17854 CircuitBreaker          com.scmessenger.android              D  Circuit breaker OPEN for relay /ip4/34.135.34.73/udp/9001/quic-v1/p2p/12D3KooWETatHYo4xt9aufXEEDce719fyMEB7KmXJga1SYVUikaw, skipping
2026-04-22 18:26:25.614 16854-17854 MeshRepository          com.scmessenger.android              D  Circuit breaker blocked /ip4/34.135.34.73/udp/9001/quic-v1/p2p/12D3KooWETatHYo4xt9aufXEEDce719fyMEB7KmXJga1SYVUikaw, skipping
2026-04-22 18:26:25.616 16854-17854 CircuitBreaker          com.scmessenger.android              D  Circuit breaker OPEN for relay /ip4/34.135.34.73/tcp/9001/p2p/12D3KooWETatHYo4xt9aufXEEDce719fyMEB7KmXJga1SYVUikaw, skipping
2026-04-22 18:26:25.617 16854-17854 MeshRepository          com.scmessenger.android              D  Circuit breaker blocked /ip4/34.135.34.73/tcp/9001/p2p/12D3KooWETatHYo4xt9aufXEEDce719fyMEB7KmXJga1SYVUikaw, skipping
2026-04-22 18:26:25.619 16854-17854 CircuitBreaker          com.scmessenger.android              D  Circuit breaker OPEN for relay /ip4/104.28.216.43/udp/9010/quic-v1/p2p/12D3KooWHpmuhytgzLcM4nj1hZvN5b4crB1wka3LCNfKRCd7yHj9, skipping
2026-04-22 18:26:25.620 16854-17854 MeshRepository          com.scmessenger.android              D  Circuit breaker blocked /ip4/104.28.216.43/udp/9010/quic-v1/p2p/12D3KooWHpmuhytgzLcM4nj1hZvN5b4crB1wka3LCNfKRCd7yHj9, skipping
2026-04-22 18:26:25.622 16854-17854 CircuitBreaker          com.scmessenger.android              D  Circuit breaker OPEN for relay /ip4/104.28.216.43/tcp/9010/p2p/12D3KooWHpmuhytgzLcM4nj1hZvN5b4crB1wka3LCNfKRCd7yHj9, skipping
2026-04-22 18:26:25.624 16854-17854 MeshRepository          com.scmessenger.android              D  Circuit breaker blocked /ip4/104.28.216.43/tcp/9010/p2p/12D3KooWHpmuhytgzLcM4nj1hZvN5b4crB1wka3LCNfKRCd7yHj9, skipping
2026-04-22 18:26:25.625 16854-17854 CircuitBreaker          com.scmessenger.android              D  Circuit breaker OPEN for relay /dns4/bootstrap.scmessenger.net/tcp/443/ws/p2p/12D3KooWETatHYo4xt9aufXEEDce719fyMEB7KmXJga1SYVUikaw, skipping
2026-04-22 18:26:25.627 16854-17854 MeshRepository          com.scmessenger.android              D  Circuit breaker blocked /dns4/bootstrap.scmessenger.net/tcp/443/ws/p2p/12D3KooWETatHYo4xt9aufXEEDce719fyMEB7KmXJga1SYVUikaw, skipping
2026-04-22 18:26:25.628 16854-17854 CircuitBreaker          com.scmessenger.android              D  Circuit breaker OPEN for relay /dns4/bootstrap.scmessenger.net/tcp/80/ws/p2p/12D3KooWETatHYo4xt9aufXEEDce719fyMEB7KmXJga1SYVUikaw, skipping
2026-04-22 18:26:25.630 16854-17854 MeshRepository          com.scmessenger.android              D  Circuit breaker blocked /dns4/bootstrap.scmessenger.net/tcp/80/ws/p2p/12D3KooWETatHYo4xt9aufXEEDce719fyMEB7KmXJga1SYVUikaw, skipping
2026-04-22 18:26:25.631 16854-17854 MeshRepository          com.scmessenger.android              W  Bootstrap all-failed (consecutive=4), next attempt in 16000ms
2026-04-22 18:26:27.107 16854-17841 NetworkDetector         com.scmessenger.android              D  Network type: WIFI, blocked ports: []
2026-04-22 18:26:30.090 16854-17854 MeshRepository          com.scmessenger.android              D  Mesh Stats: 0 peers (Core), 0 full, 0 headless (Repo)
2026-04-22 18:26:34.538 16854-19136 AnrWatchdog             com.scmessenger.android              W  Slow main thread: 5001ms (threshold: 10000ms)
2026-04-22 18:26:35.095 16854-17854 MeshRepository          com.scmessenger.android              D  Mesh Stats: 0 peers (Core), 0 full, 0 headless (Repo)
2026-04-22 18:26:35.545 16854-16854 MeshRepository          com.scmessenger.android              D  getIdentityInfo: result=caccf8657f8cf09f647503be0c6a51f27ee4ff616fd5b7153fdf2c41b6b55747, initialized=true, nickname=Luke
2026-04-22 18:26:35.593 16854-17855 MeshEventBus            com.scmessenger.android              D  StatusEvent emitted: StatsUpdated(stats=ServiceStats(peersDiscovered=0, messagesRelayed=0, bytesTransferred=0, uptimeSecs=106))
2026-04-22 18:26:35.594 16854-17854 MeshEventBus            com.scmessenger.android              D  StatusEvent emitted: StatsUpdated(stats=ServiceStats(peersDiscovered=0, messagesRelayed=0, bytesTransferred=0, uptimeSecs=111))
2026-04-22 18:26:35.594 16854-17856 MeshEventBus            com.scmessenger.android              D  StatusEvent emitted: StatsUpdated(stats=ServiceStats(peersDiscovered=0, messagesRelayed=0, bytesTransferred=0, uptimeSecs=116))
2026-04-22 18:26:35.604 16854-19158 HWUI                    com.scmessenger.android              I  Davey! duration=20435ms; Flags=0, FrameTimelineVsyncId=71513489, IntendedVsync=260724260903935, Vsync=260724544828840, InputEventId=0, HandleInputStart=260724550295029, AnimationStart=260724550296371, PerformTraversalsStart=260744690775833, DrawStart=260744690835525, FrameDeadline=260724277503935, FrameStartTime=260724550065740, FrameInterval=16707163, WorkloadTarget=16600000, SyncQueued=260744693333165, SyncStart=260744693641881, IssueDrawCommandsStart=260744693830520, SwapBuffers=260744695574213, FrameCompleted=260744696225743, DequeueBufferDuration=15015, QueueBufferDuration=260986, GpuCompleted=260744696225743, SwapBuffersCompleted=260744695897048, DisplayPresentTime=260729238062121, CommandSubmissionCompleted=260744695574213, 
2026-04-22 18:26:37.578 16854-16854 BluetoothAdapter        com.scmessenger.android              D  isLeEnabled(): ON
2026-04-22 18:26:37.579 16854-16854 BluetoothLeScanner      com.scmessenger.android              D  could not find callback wrapper
2026-04-22 18:26:37.579 16854-16854 BleScanner              com.scmessenger.android              V  BLE scan window ended
2026-04-22 18:26:40.106 16854-17856 MeshRepository          com.scmessenger.android              D  Mesh Stats: 0 peers (Core), 0 full, 0 headless (Repo)
2026-04-22 18:26:40.118 16854-17854 MeshEventBus            com.scmessenger.android              D  StatusEvent emitted: StatsUpdated(stats=ServiceStats(peersDiscovered=0, messagesRelayed=0, bytesTransferred=0, uptimeSecs=121))
2026-04-22 18:26:41.637 16854-17854 MeshRepository          com.scmessenger.android              I  Bootstrap: network=WIFI, cellular=false, priority=[QUIC, TCP, WEBSOCKET_WSS, WEBSOCKET_WS]
2026-04-22 18:26:41.642 16854-17854 CircuitBreaker          com.scmessenger.android              D  Circuit breaker OPEN for relay /ip4/34.135.34.73/udp/9001/quic-v1/p2p/12D3KooWETatHYo4xt9aufXEEDce719fyMEB7KmXJga1SYVUikaw, skipping
2026-04-22 18:26:41.645 16854-17854 MeshRepository          com.scmessenger.android              D  Circuit breaker blocked /ip4/34.135.34.73/udp/9001/quic-v1/p2p/12D3KooWETatHYo4xt9aufXEEDce719fyMEB7KmXJga1SYVUikaw, skipping
2026-04-22 18:26:41.649 16854-17854 CircuitBreaker          com.scmessenger.android              D  Circuit breaker OPEN for relay /ip4/34.135.34.73/tcp/9001/p2p/12D3KooWETatHYo4xt9aufXEEDce719fyMEB7KmXJga1SYVUikaw, skipping
2026-04-22 18:26:41.652 16854-17854 MeshRepository          com.scmessenger.android              D  Circuit breaker blocked /ip4/34.135.34.73/tcp/9001/p2p/12D3KooWETatHYo4xt9aufXEEDce719fyMEB7KmXJga1SYVUikaw, skipping
2026-04-22 18:26:41.655 16854-17854 CircuitBreaker          com.scmessenger.android              D  Circuit breaker OPEN for relay /ip4/104.28.216.43/udp/9010/quic-v1/p2p/12D3KooWHpmuhytgzLcM4nj1hZvN5b4crB1wka3LCNfKRCd7yHj9, skipping
2026-04-22 18:26:41.659 16854-17854 MeshRepository          com.scmessenger.android              D  Circuit breaker blocked /ip4/104.28.216.43/udp/9010/quic-v1/p2p/12D3KooWHpmuhytgzLcM4nj1hZvN5b4crB1wka3LCNfKRCd7yHj9, skipping
2026-04-22 18:26:41.662 16854-17854 CircuitBreaker          com.scmessenger.android              D  Circuit breaker OPEN for relay /ip4/104.28.216.43/tcp/9010/p2p/12D3KooWHpmuhytgzLcM4nj1hZvN5b4crB1wka3LCNfKRCd7yHj9, skipping
2026-04-22 18:26:41.665 16854-17854 MeshRepository          com.scmessenger.android              D  Circuit breaker blocked /ip4/104.28.216.43/tcp/9010/p2p/12D3KooWHpmuhytgzLcM4nj1hZvN5b4crB1wka3LCNfKRCd7yHj9, skipping
2026-04-22 18:26:41.669 16854-17854 CircuitBreaker          com.scmessenger.android              D  Circuit breaker OPEN for relay /dns4/bootstrap.scmessenger.net/tcp/443/ws/p2p/12D3KooWETatHYo4xt9aufXEEDce719fyMEB7KmXJga1SYVUikaw, skipping
2026-04-22 18:26:41.672 16854-17854 MeshRepository          com.scmessenger.android              D  Circuit breaker blocked /dns4/bootstrap.scmessenger.net/tcp/443/ws/p2p/12D3KooWETatHYo4xt9aufXEEDce719fyMEB7KmXJga1SYVUikaw, skipping
2026-04-22 18:26:41.675 16854-17854 CircuitBreaker          com.scmessenger.android              D  Circuit breaker OPEN for relay /dns4/bootstrap.scmessenger.net/tcp/80/ws/p2p/12D3KooWETatHYo4xt9aufXEEDce719fyMEB7KmXJga1SYVUikaw, skipping
2026-04-22 18:26:41.678 16854-17854 MeshRepository          com.scmessenger.android              D  Circuit breaker blocked /dns4/bootstrap.scmessenger.net/tcp/80/ws/p2p/12D3KooWETatHYo4xt9aufXEEDce719fyMEB7KmXJga1SYVUikaw, skipping
2026-04-22 18:26:41.681 16854-17854 MeshRepository          com.scmessenger.android              W  Bootstrap all-failed (consecutive=5), next attempt in 32000ms
2026-04-22 18:26:45.120 16854-17854 MeshRepository          com.scmessenger.android              D  Mesh Stats: 0 peers (Core), 0 full, 0 headless (Repo)
2026-04-22 18:26:45.123 16854-17854 MeshEventBus            com.scmessenger.android              D  StatusEvent emitted: StatsUpdated(stats=ServiceStats(peersDiscovered=0, messagesRelayed=0, bytesTransferred=0, uptimeSecs=126))
2026-04-22 18:26:50.127 16854-17854 MeshRepository          com.scmessenger.android              D  Mesh Stats: 0 peers (Core), 0 full, 0 headless (Repo)
2026-04-22 18:26:50.131 16854-17855 MeshEventBus            com.scmessenger.android              D  StatusEvent emitted: StatsUpdated(stats=ServiceStats(peersDiscovered=0, messagesRelayed=0, bytesTransferred=0, uptimeSecs=131))
2026-04-22 18:26:55.135 16854-17855 MeshRepository          com.scmessenger.android              D  Mesh Stats: 0 peers (Core), 0 full, 0 headless (Repo)
2026-04-22 18:26:55.140 16854-17855 MeshEventBus            com.scmessenger.android              D  StatusEvent emitted: StatsUpdated(stats=ServiceStats(peersDiscovered=0, messagesRelayed=0, bytesTransferred=0, uptimeSecs=136))
2026-04-22 18:27:00.142 16854-17855 MeshRepository          com.scmessenger.android              D  Mesh Stats: 0 peers (Core), 0 full, 0 headless (Repo)
2026-04-22 18:27:00.144 16854-17855 MeshEventBus            com.scmessenger.android              D  StatusEvent emitted: StatsUpdated(stats=ServiceStats(peersDiscovered=0, messagesRelayed=0, bytesTransferred=0, uptimeSecs=141))
2026-04-22 18:27:05.146 16854-17855 MeshRepository          com.scmessenger.android              D  Mesh Stats: 0 peers (Core), 0 full, 0 headless (Repo)
2026-04-22 18:27:05.148 16854-17855 MeshEventBus            com.scmessenger.android              D  StatusEvent emitted: StatsUpdated(stats=ServiceStats(peersDiscovered=0, messagesRelayed=0, bytesTransferred=0, uptimeSecs=146))
2026-04-22 18:27:07.584 16854-16854 BluetoothAdapter        com.scmessenger.android              D  isLeEnabled(): ON
2026-04-22 18:27:07.584 16854-16854 BluetoothLeScanner      com.scmessenger.android              D  could not find callback wrapper
2026-04-22 18:27:07.585 16854-16854 BleScanner              com.scmessenger.android              V  BLE scan window ended
2026-04-22 18:27:10.152 16854-17855 MeshRepository          com.scmessenger.android              D  Mesh Stats: 0 peers (Core), 0 full, 0 headless (Repo)
2026-04-22 18:27:10.157 16854-17855 MeshEventBus            com.scmessenger.android              D  StatusEvent emitted: StatsUpdated(stats=ServiceStats(peersDiscovered=0, messagesRelayed=0, bytesTransferred=0, uptimeSecs=151))
2026-04-22 18:27:13.693 16854-17855 MeshRepository          com.scmessenger.android              I  Bootstrap: network=WIFI, cellular=false, priority=[QUIC, TCP, WEBSOCKET_WSS, WEBSOCKET_WS]
2026-04-22 18:27:13.696 16854-17855 CircuitBreaker          com.scmessenger.android              D  Circuit breaker OPEN for relay /ip4/34.135.34.73/udp/9001/quic-v1/p2p/12D3KooWETatHYo4xt9aufXEEDce719fyMEB7KmXJga1SYVUikaw, skipping
2026-04-22 18:27:13.697 16854-17855 MeshRepository          com.scmessenger.android              D  Circuit breaker blocked /ip4/34.135.34.73/udp/9001/quic-v1/p2p/12D3KooWETatHYo4xt9aufXEEDce719fyMEB7KmXJga1SYVUikaw, skipping
2026-04-22 18:27:13.699 16854-17855 CircuitBreaker          com.scmessenger.android              D  Circuit breaker OPEN for relay /ip4/34.135.34.73/tcp/9001/p2p/12D3KooWETatHYo4xt9aufXEEDce719fyMEB7KmXJga1SYVUikaw, skipping
2026-04-22 18:27:13.701 16854-17855 MeshRepository          com.scmessenger.android              D  Circuit breaker blocked /ip4/34.135.34.73/tcp/9001/p2p/12D3KooWETatHYo4xt9aufXEEDce719fyMEB7KmXJga1SYVUikaw, skipping
2026-04-22 18:27:13.703 16854-17855 CircuitBreaker          com.scmessenger.android              D  Circuit breaker OPEN for relay /ip4/104.28.216.43/udp/9010/quic-v1/p2p/12D3KooWHpmuhytgzLcM4nj1hZvN5b4crB1wka3LCNfKRCd7yHj9, skipping
2026-04-22 18:27:13.704 16854-17855 MeshRepository          com.scmessenger.android              D  Circuit breaker blocked /ip4/104.28.216.43/udp/9010/quic-v1/p2p/12D3KooWHpmuhytgzLcM4nj1hZvN5b4crB1wka3LCNfKRCd7yHj9, skipping
2026-04-22 18:27:13.706 16854-17855 CircuitBreaker          com.scmessenger.android              D  Circuit breaker OPEN for relay /ip4/104.28.216.43/tcp/9010/p2p/12D3KooWHpmuhytgzLcM4nj1hZvN5b4crB1wka3LCNfKRCd7yHj9, skipping
2026-04-22 18:27:13.707 16854-17855 MeshRepository          com.scmessenger.android              D  Circuit breaker blocked /ip4/104.28.216.43/tcp/9010/p2p/12D3KooWHpmuhytgzLcM4nj1hZvN5b4crB1wka3LCNfKRCd7yHj9, skipping
2026-04-22 18:27:13.710 16854-17855 CircuitBreaker          com.scmessenger.android              D  Circuit breaker OPEN for relay /dns4/bootstrap.scmessenger.net/tcp/443/ws/p2p/12D3KooWETatHYo4xt9aufXEEDce719fyMEB7KmXJga1SYVUikaw, skipping
2026-04-22 18:27:13.711 16854-17855 MeshRepository          com.scmessenger.android              D  Circuit breaker blocked /dns4/bootstrap.scmessenger.net/tcp/443/ws/p2p/12D3KooWETatHYo4xt9aufXEEDce719fyMEB7KmXJga1SYVUikaw, skipping
2026-04-22 18:27:13.713 16854-17855 CircuitBreaker          com.scmessenger.android              D  Circuit breaker OPEN for relay /dns4/bootstrap.scmessenger.net/tcp/80/ws/p2p/12D3KooWETatHYo4xt9aufXEEDce719fyMEB7KmXJga1SYVUikaw, skipping
2026-04-22 18:27:13.714 16854-17855 MeshRepository          com.scmessenger.android              D  Circuit breaker blocked /dns4/bootstrap.scmessenger.net/tcp/80/ws/p2p/12D3KooWETatHYo4xt9aufXEEDce719fyMEB7KmXJga1SYVUikaw, skipping
2026-04-22 18:27:13.716 16854-17855 MeshRepository          com.scmessenger.android              W  Bootstrap all-failed (consecutive=6), next attempt in 60000ms
2026-04-22 18:27:15.159 16854-17855 MeshRepository          com.scmessenger.android              D  Mesh Stats: 0 peers (Core), 0 full, 0 headless (Repo)
2026-04-22 18:27:15.162 16854-17855 MeshEventBus            com.scmessenger.android              D  StatusEvent emitted: StatsUpdated(stats=ServiceStats(peersDiscovered=0, messagesRelayed=0, bytesTransferred=0, uptimeSecs=156))
2026-04-22 18:27:20.164 16854-17855 MeshRepository          com.scmessenger.android              D  Mesh Stats: 0 peers (Core), 0 full, 0 headless (Repo)
2026-04-22 18:27:20.167 16854-17855 MeshEventBus            com.scmessenger.android              D  StatusEvent emitted: StatsUpdated(stats=ServiceStats(peersDiscovered=0, messagesRelayed=0, bytesTransferred=0, uptimeSecs=161))
2026-04-22 18:27:25.171 16854-17855 MeshRepository          com.scmessenger.android              D  Mesh Stats: 0 peers (Core), 0 full, 0 headless (Repo)
2026-04-22 18:27:25.176 16854-17855 MeshEventBus            com.scmessenger.android              D  StatusEvent emitted: StatsUpdated(stats=ServiceStats(peersDiscovered=0, messagesRelayed=0, bytesTransferred=0, uptimeSecs=166))
2026-04-22 18:27:30.179 16854-17855 MeshRepository          com.scmessenger.android              D  Mesh Stats: 0 peers (Core), 0 full, 0 headless (Repo)
2026-04-22 18:27:30.184 16854-17856 MeshEventBus            com.scmessenger.android              D  StatusEvent emitted: StatsUpdated(stats=ServiceStats(peersDiscovered=0, messagesRelayed=0, bytesTransferred=0, uptimeSecs=171))
2026-04-22 18:27:34.721 16854-16854 WifiDirect...2pReceiver com.scmessenger.android              D  This device changed
2026-04-22 18:27:34.817 16854-17841 NetworkDetector         com.scmessenger.android              D  Network type: WIFI, blocked ports: []
2026-04-22 18:27:35.190 16854-17856 MeshRepository          com.scmessenger.android              D  Mesh Stats: 0 peers (Core), 0 full, 0 headless (Repo)
2026-04-22 18:27:35.199 16854-17856 MeshEventBus            com.scmessenger.android              D  StatusEvent emitted: StatsUpdated(stats=ServiceStats(peersDiscovered=0, messagesRelayed=0, bytesTransferred=0, uptimeSecs=176))
2026-04-22 18:27:37.488 16854-16854 VRI[MainActivity]       com.scmessenger.android              D  WindowInsets changed: navigationBars:null mandatorySystemGestures:[0,164,0,0] 
2026-04-22 18:27:37.587 16854-16854 BluetoothAdapter        com.scmessenger.android              D  isLeEnabled(): ON
2026-04-22 18:27:37.587 16854-16854 BluetoothLeScanner      com.scmessenger.android              D  could not find callback wrapper
2026-04-22 18:27:37.588 16854-16854 BleScanner              com.scmessenger.android              V  BLE scan window ended
2026-04-22 18:27:38.193 16854-16854 VRI[MainActivity]       com.scmessenger.android              D  WindowInsets changed: navigationBars:[0,0,0,63] mandatorySystemGestures:[0,164,0,84] 
2026-04-22 18:27:40.201 16854-17856 MeshRepository          com.scmessenger.android              D  Mesh Stats: 0 peers (Core), 0 full, 0 headless (Repo)
2026-04-22 18:27:40.206 16854-17855 MeshEventBus            com.scmessenger.android              D  StatusEvent emitted: StatsUpdated(stats=ServiceStats(peersDiscovered=0, messagesRelayed=0, bytesTransferred=0, uptimeSecs=181))
2026-04-22 18:27:45.240 16854-17855 MeshRepository          com.scmessenger.android              D  Mesh Stats: 0 peers (Core), 0 full, 0 headless (Repo)
2026-04-22 18:27:45.264 16854-17854 MeshEventBus            com.scmessenger.android              D  StatusEvent emitted: StatsUpdated(stats=ServiceStats(peersDiscovered=0, messagesRelayed=0, bytesTransferred=0, uptimeSecs=186))
2026-04-22 18:27:50.269 16854-17854 MeshRepository          com.scmessenger.android              D  Mesh Stats: 0 peers (Core), 0 full, 0 headless (Repo)
2026-04-22 18:27:50.276 16854-17854 MeshEventBus            com.scmessenger.android              D  StatusEvent emitted: StatsUpdated(stats=ServiceStats(peersDiscovered=0, messagesRelayed=0, bytesTransferred=0, uptimeSecs=191))
2026-04-22 18:27:55.293 16854-17854 MeshRepository          com.scmessenger.android              D  Mesh Stats: 0 peers (Core), 0 full, 0 headless (Repo)
2026-04-22 18:27:55.309 16854-17855 MeshEventBus            com.scmessenger.android              D  StatusEvent emitted: StatsUpdated(stats=ServiceStats(peersDiscovered=0, messagesRelayed=0, bytesTransferred=0, uptimeSecs=196))
2026-04-22 18:28:00.319 16854-17855 MeshRepository          com.scmessenger.android              D  Mesh Stats: 0 peers (Core), 0 full, 0 headless (Repo)
2026-04-22 18:28:00.329 16854-17855 MeshEventBus            com.scmessenger.android              D  StatusEvent emitted: StatsUpdated(stats=ServiceStats(peersDiscovered=0, messagesRelayed=0, bytesTransferred=0, uptimeSecs=201))
2026-04-22 18:28:05.340 16854-17855 MeshRepository          com.scmessenger.android              D  Mesh Stats: 0 peers (Core), 0 full, 0 headless (Repo)
2026-04-22 18:28:05.357 16854-17854 MeshEventBus            com.scmessenger.android              D  StatusEvent emitted: StatsUpdated(stats=ServiceStats(peersDiscovered=0, messagesRelayed=0, bytesTransferred=0, uptimeSecs=206))
2026-04-22 18:28:07.598 16854-16854 BluetoothAdapter        com.scmessenger.android              D  isLeEnabled(): ON
2026-04-22 18:28:07.598 16854-16854 BluetoothLeScanner      com.scmessenger.android              D  could not find callback wrapper
2026-04-22 18:28:07.599 16854-16854 BleScanner              com.scmessenger.android              V  BLE scan window ended
2026-04-22 18:28:10.367 16854-17854 MeshRepository          com.scmessenger.android              D  Mesh Stats: 0 peers (Core), 0 full, 0 headless (Repo)
2026-04-22 18:28:10.382 16854-17854 MeshEventBus            com.scmessenger.android              D  StatusEvent emitted: StatsUpdated(stats=ServiceStats(peersDiscovered=0, messagesRelayed=0, bytesTransferred=0, uptimeSecs=211))
2026-04-22 18:28:15.396 16854-17854 MeshRepository          com.scmessenger.android              D  Mesh Stats: 0 peers (Core), 0 full, 0 headless (Repo)
2026-04-22 18:28:15.411 16854-17854 MeshEventBus            com.scmessenger.android              D  StatusEvent emitted: StatsUpdated(stats=ServiceStats(peersDiscovered=0, messagesRelayed=0, bytesTransferred=0, uptimeSecs=216))
2026-04-22 18:28:17.752 16854-17854 MeshRepository          com.scmessenger.android              I  Bootstrap: network=WIFI, cellular=false, priority=[QUIC, TCP, WEBSOCKET_WSS, WEBSOCKET_WS]
2026-04-22 18:28:17.758 16854-17854 CircuitBreaker          com.scmessenger.android              D  Circuit breaker OPEN for relay /ip4/34.135.34.73/udp/9001/quic-v1/p2p/12D3KooWETatHYo4xt9aufXEEDce719fyMEB7KmXJga1SYVUikaw, skipping
2026-04-22 18:28:17.761 16854-17854 MeshRepository          com.scmessenger.android              D  Circuit breaker blocked /ip4/34.135.34.73/udp/9001/quic-v1/p2p/12D3KooWETatHYo4xt9aufXEEDce719fyMEB7KmXJga1SYVUikaw, skipping
2026-04-22 18:28:17.765 16854-17854 CircuitBreaker          com.scmessenger.android              D  Circuit breaker OPEN for relay /ip4/34.135.34.73/tcp/9001/p2p/12D3KooWETatHYo4xt9aufXEEDce719fyMEB7KmXJga1SYVUikaw, skipping
2026-04-22 18:28:17.768 16854-17854 MeshRepository          com.scmessenger.android              D  Circuit breaker blocked /ip4/34.135.34.73/tcp/9001/p2p/12D3KooWETatHYo4xt9aufXEEDce719fyMEB7KmXJga1SYVUikaw, skipping
2026-04-22 18:28:17.772 16854-17854 CircuitBreaker          com.scmessenger.android              D  Circuit breaker OPEN for relay /ip4/104.28.216.43/udp/9010/quic-v1/p2p/12D3KooWHpmuhytgzLcM4nj1hZvN5b4crB1wka3LCNfKRCd7yHj9, skipping
2026-04-22 18:28:17.775 16854-17854 MeshRepository          com.scmessenger.android              D  Circuit breaker blocked /ip4/104.28.216.43/udp/9010/quic-v1/p2p/12D3KooWHpmuhytgzLcM4nj1hZvN5b4crB1wka3LCNfKRCd7yHj9, skipping
2026-04-22 18:28:17.779 16854-17854 CircuitBreaker          com.scmessenger.android              D  Circuit breaker OPEN for relay /ip4/104.28.216.43/tcp/9010/p2p/12D3KooWHpmuhytgzLcM4nj1hZvN5b4crB1wka3LCNfKRCd7yHj9, skipping
2026-04-22 18:28:17.782 16854-17854 MeshRepository          com.scmessenger.android              D  Circuit breaker blocked /ip4/104.28.216.43/tcp/9010/p2p/12D3KooWHpmuhytgzLcM4nj1hZvN5b4crB1wka3LCNfKRCd7yHj9, skipping
2026-04-22 18:28:17.785 16854-17854 CircuitBreaker          com.scmessenger.android              D  Circuit breaker OPEN for relay /dns4/bootstrap.scmessenger.net/tcp/443/ws/p2p/12D3KooWETatHYo4xt9aufXEEDce719fyMEB7KmXJga1SYVUikaw, skipping
2026-04-22 18:28:17.788 16854-17854 MeshRepository          com.scmessenger.android              D  Circuit breaker blocked /dns4/bootstrap.scmessenger.net/tcp/443/ws/p2p/12D3KooWETatHYo4xt9aufXEEDce719fyMEB7KmXJga1SYVUikaw, skipping
2026-04-22 18:28:17.791 16854-17854 CircuitBreaker          com.scmessenger.android              D  Circuit breaker OPEN for relay /dns4/bootstrap.scmessenger.net/tcp/80/ws/p2p/12D3KooWETatHYo4xt9aufXEEDce719fyMEB7KmXJga1SYVUikaw, skipping
2026-04-22 18:28:17.794 16854-17854 MeshRepository          com.scmessenger.android              D  Circuit breaker blocked /dns4/bootstrap.scmessenger.net/tcp/80/ws/p2p/12D3KooWETatHYo4xt9aufXEEDce719fyMEB7KmXJga1SYVUikaw, skipping
2026-04-22 18:28:17.796 16854-17854 MeshRepository          com.scmessenger.android              W  Bootstrap all-failed (consecutive=7), next attempt in 60000ms
2026-04-22 18:28:20.420 16854-17854 MeshRepository          com.scmessenger.android              D  Mesh Stats: 0 peers (Core), 0 full, 0 headless (Repo)
2026-04-22 18:28:20.427 16854-17854 MeshEventBus            com.scmessenger.android              D  StatusEvent emitted: StatsUpdated(stats=ServiceStats(peersDiscovered=0, messagesRelayed=0, bytesTransferred=0, uptimeSecs=221))
2026-04-22 18:28:25.435 16854-17854 MeshRepository          com.scmessenger.android              D  Mesh Stats: 0 peers (Core), 0 full, 0 headless (Repo)
2026-04-22 18:28:25.442 16854-17854 MeshEventBus            com.scmessenger.android              D  StatusEvent emitted: StatsUpdated(stats=ServiceStats(peersDiscovered=0, messagesRelayed=0, bytesTransferred=0, uptimeSecs=226))
2026-04-22 18:28:30.456 16854-17854 MeshRepository          com.scmessenger.android              D  Mesh Stats: 0 peers (Core), 0 full, 0 headless (Repo)
2026-04-22 18:28:30.471 16854-17856 MeshEventBus            com.scmessenger.android              D  StatusEvent emitted: StatsUpdated(stats=ServiceStats(peersDiscovered=0, messagesRelayed=0, bytesTransferred=0, uptimeSecs=231))
2026-04-22 18:28:35.488 16854-17856 MeshRepository          com.scmessenger.android              D  Mesh Stats: 0 peers (Core), 0 full, 0 headless (Repo)
2026-04-22 18:28:35.507 16854-17855 MeshEventBus            com.scmessenger.android              D  StatusEvent emitted: StatsUpdated(stats=ServiceStats(peersDiscovered=0, messagesRelayed=0, bytesTransferred=0, uptimeSecs=236))
2026-04-22 18:28:37.609 16854-16854 BluetoothAdapter        com.scmessenger.android              D  isLeEnabled(): ON
2026-04-22 18:28:37.609 16854-16854 BluetoothLeScanner      com.scmessenger.android              D  could not find callback wrapper
2026-04-22 18:28:37.610 16854-16854 BleScanner              com.scmessenger.android              V  BLE scan window ended
2026-04-22 18:28:40.530 16854-17855 MeshRepository          com.scmessenger.android              D  Mesh Stats: 0 peers (Core), 0 full, 0 headless (Repo)
2026-04-22 18:28:40.558 16854-17855 MeshEventBus            com.scmessenger.android              D  StatusEvent emitted: StatsUpdated(stats=ServiceStats(peersDiscovered=0, messagesRelayed=0, bytesTransferred=0, uptimeSecs=241))
2026-04-22 18:28:45.572 16854-17855 MeshRepository          com.scmessenger.android              D  Mesh Stats: 0 peers (Core), 0 full, 0 headless (Repo)
2026-04-22 18:28:45.589 16854-17856 MeshEventBus            com.scmessenger.android              D  StatusEvent emitted: StatsUpdated(stats=ServiceStats(peersDiscovered=0, messagesRelayed=0, bytesTransferred=0, uptimeSecs=246))
