2026-04-23 09:12:52.726 14251-14279 MeshReposi...$Companion com.scmessenger.android              I  Using bootstrap source: StaticFallback with 4 nodes
2026-04-23 09:12:54.230 14251-14279 NetworkDet...probePorts com.scmessenger.android              D  Port probe: 104.28.216.43:443 = blocked
2026-04-23 09:12:54.230 14251-14333 NetworkDet...probePorts com.scmessenger.android              D  Port probe: 104.28.216.43:9010 = blocked
2026-04-23 09:12:54.230 14251-14281 NetworkDet...probePorts com.scmessenger.android              D  Port probe: 34.135.34.73:9001 = blocked
2026-04-23 09:12:54.231 14251-14280 NetworkDet...probePorts com.scmessenger.android              D  Port probe: 34.135.34.73:443 = blocked
2026-04-23 09:12:54.246 14251-14280 MeshRepository          com.scmessenger.android              W  All bootstrap addresses failed or timed out, falling back to mDNS
2026-04-23 09:12:54.250 14251-14280 MeshRepository          com.scmessenger.android              I  All relay bootstrap failed, attempting mDNS local discovery
2026-04-23 09:12:56.705 14251-14334 MeshRepository          com.scmessenger.android              D  Mesh Stats: 0 peers (Core), 0 full, 0 headless (Repo)
2026-04-23 09:12:56.706 14251-14251 MainViewModel           com.scmessenger.android              D  MeshRepository service state: RUNNING
2026-04-23 09:12:56.707 14251-14334 MeshRepository          com.scmessenger.android              I  SC_IDENTITY_OWN p2p_id=12D3KooWDYF6HEnGo8fs4gbAhBth7HdJ2nQz7wKFXXUb6WBxNof9 pk=374d73ebc21d677f889b806d6065a7177a2c5748f368036bd073e949bba5a2d4
2026-04-23 09:12:56.708 14251-14281 MeshEventBus            com.scmessenger.android              D  StatusEvent emitted: StatsUpdated(stats=ServiceStats(peersDiscovered=0, messagesRelayed=0, bytesTransferred=0, uptimeSecs=0))
2026-04-23 09:12:56.711 14251-14334 MeshRepository          com.scmessenger.android              I  Mesh service started successfully
2026-04-23 09:12:56.711 14251-14333 MainViewMo...ntityState com.scmessenger.android              D  refreshIdentityState() called
2026-04-23 09:12:56.716 14251-14334 MeshReposi...edDeferred com.scmessenger.android              D  MeshService started lazily
2026-04-23 09:12:56.728 14251-14333 MainViewMo...ntityState com.scmessenger.android              D  Identity initialized state: true
2026-04-23 09:12:56.738 14251-14333 BluetoothAdapter        com.scmessenger.android              D  isLeEnabled(): ON
2026-04-23 09:12:56.738 14251-14333 BluetoothLeScanner      com.scmessenger.android              D  could not find callback wrapper
2026-04-23 09:12:56.738 14251-14333 BluetoothAdapter        com.scmessenger.android              D  isLeEnabled(): ON
2026-04-23 09:12:56.738 14251-14280 AdvertiseSettings       com.scmessenger.android              D  setTxPowerLevel: 2
2026-04-23 09:12:56.739 14251-14280 BluetoothAdapter        com.scmessenger.android              D  isLeEnabled(): ON
2026-04-23 09:12:56.739 14251-14280 BluetoothLeAdvertiser   com.scmessenger.android              D  TxPower == ADVERTISE_TX_POWER_MEDIUM
2026-04-23 09:12:56.739 14251-14280 BluetoothAdapter        com.scmessenger.android              D  isLeEnabled(): ON
2026-04-23 09:12:56.742 14251-14333 BackoffStrategy         com.scmessenger.android              D  Backoff strategy reset
2026-04-23 09:12:56.743 14251-14262 ssenger.android         com.scmessenger.android              W  userfaultfd: MOVE ioctl seems unsupported: Connection timed out
2026-04-23 09:12:56.748 14251-14268 BluetoothLeScanner      com.scmessenger.android              D  onScannerRegistered(status=0, scannerId=3): mScannerId=0
2026-04-23 09:12:56.753 14251-14280 BluetoothGattServer     com.scmessenger.android              D  registerCallback()
2026-04-23 09:12:56.754 14251-14333 BleScanner              com.scmessenger.android              I  BLE Scanning started (background=false, fallback=false)
2026-04-23 09:12:56.754 14251-14280 BluetoothGattServer     com.scmessenger.android              D  registerCallback() - UUID=55c7c553-2718-436f-9d6c-d45615f6c784
2026-04-23 09:12:56.757 14251-14268 BluetoothGattServer     com.scmessenger.android              D  onServerRegistered(0)
2026-04-23 09:12:56.757 14251-14280 BluetoothGattServer     com.scmessenger.android              D  addService() - service: 0000df01-0000-1000-8000-00805f9b34fb
2026-04-23 09:12:56.759 14251-14280 BleGattServer           com.scmessenger.android              I  GATT server started with SCMessenger service
2026-04-23 09:12:56.759 14251-14268 BluetoothGattServer     com.scmessenger.android              D  onServiceAdded() - handle=147 uuid=0000df01-0000-1000-8000-00805f9b34fb status=0
2026-04-23 09:12:56.760 14251-14333 BleScanner              com.scmessenger.android              D  Duty cycle started: 10000ms scan / 30000ms interval
2026-04-23 09:12:56.761 14251-14251 BleAdverti...seCallback com.scmessenger.android              I  BLE Advertising started successfully
2026-04-23 09:12:56.763 14251-14280 BleGattServer           com.scmessenger.android              D  BleGattServer: identity beacon set (2 bytes)
2026-04-23 09:12:56.778 14251-14280 BleAdvertiser           com.scmessenger.android              D  Identity data set: 313 bytes
2026-04-23 09:12:56.781 14251-14280 BleAdvertiser           com.scmessenger.android              I  BLE Advertising stopped
2026-04-23 09:12:56.782 14251-14280 AdvertiseSettings       com.scmessenger.android              D  setTxPowerLevel: 2
2026-04-23 09:12:56.783 14251-14280 BleAdvertiser           com.scmessenger.android              W  Identity data too large for advertising (313 bytes), using GATT
2026-04-23 09:12:56.784 14251-14280 BluetoothAdapter        com.scmessenger.android              D  isLeEnabled(): ON
2026-04-23 09:12:56.784 14251-14280 BluetoothLeAdvertiser   com.scmessenger.android              D  TxPower == ADVERTISE_TX_POWER_MEDIUM
2026-04-23 09:12:56.784 14251-14280 BluetoothAdapter        com.scmessenger.android              D  isLeEnabled(): ON
2026-04-23 09:12:56.785 14251-14280 BleGattServer           com.scmessenger.android              D  BleGattServer: identity beacon set (313 bytes)
2026-04-23 09:12:56.786 14251-14280 MeshRepository          com.scmessenger.android              I  BLE GATT identity beacon updated: 374d73eb... (313 bytes, listeners=0, external=0) p2p_id=12D3KooWDYF6HEnGo8fs4gbAhBth7HdJ2nQz7wKFXXUb6WBxNof9
2026-04-23 09:12:56.792 14251-14251 BleAdverti...seCallback com.scmessenger.android              I  BLE Advertising started successfully
2026-04-23 09:12:56.795 14251-14280 WifiTransportManager    com.scmessenger.android              D  WifiTransportManager initialized
2026-04-23 09:12:56.802 14251-14251 WifiDirect...2pReceiver com.scmessenger.android              D  WiFi P2P state changed: enabled=true
2026-04-23 09:12:56.804 14251-14280 WifiDirectTransport     com.scmessenger.android              I  WiFi Direct started
2026-04-23 09:12:56.975 14251-14251 WifiDirect...2pReceiver com.scmessenger.android              D  Disconnected from WiFi P2P group
2026-04-23 09:12:56.980 14251-14251 WifiDirect...2pReceiver com.scmessenger.android              D  This device changed
2026-04-23 09:12:56.986 14251-14251 WifiP2pManager          com.scmessenger.android              D  Ignored { when=0 what=139313 target=android.net.wifi.p2p.WifiP2pManager$Channel$P2pHandler async=false heapIndex=-1 }
2026-04-23 09:12:56.986 14251-14251 WifiP2pManager          com.scmessenger.android              D  Ignored { when=0 what=139313 target=android.net.wifi.p2p.WifiP2pManager$Channel$P2pHandler async=false heapIndex=-1 }
2026-04-23 09:12:56.987 14251-14251 WifiDirect...eDiscovery com.scmessenger.android              D  Service discovery request added
2026-04-23 09:12:56.992 14251-14251 WifiP2pManager          com.scmessenger.android              D  Ignored { when=-1ms what=139313 target=android.net.wifi.p2p.WifiP2pManager$Channel$P2pHandler async=false heapIndex=-1 }
2026-04-23 09:12:56.992 14251-14251 WifiP2pManager          com.scmessenger.android              D  Ignored { when=-2ms what=139313 target=android.net.wifi.p2p.WifiP2pManager$Channel$P2pHandler async=false heapIndex=-1 }
2026-04-23 09:12:56.993 14251-14251 WifiDirect...terService com.scmessenger.android              D  WiFi Direct service registered: scmessenger
2026-04-23 09:12:56.998 14251-14251 WifiTransp...tDiscovery com.scmessenger.android              I  WiFi P2P Discovery started
2026-04-23 09:12:57.038 14251-14251 WifiDirect...rDiscovery com.scmessenger.android              D  Peer discovery started
2026-04-23 09:12:59.261 14251-14281 MeshRepository          com.scmessenger.android              E  mDNS fallback: no LAN peers discovered within timeout
2026-04-23 09:13:01.717 14251-14352 MeshRepository          com.scmessenger.android              D  Mesh Stats: 0 peers (Core), 0 full, 0 headless (Repo)
2026-04-23 09:13:01.726 14251-14281 MeshEventBus            com.scmessenger.android              D  StatusEvent emitted: StatsUpdated(stats=ServiceStats(peersDiscovered=0, messagesRelayed=0, bytesTransferred=0, uptimeSecs=5))
2026-04-23 09:13:01.811 14251-14281 BleGattServer           com.scmessenger.android              D  BleGattServer: identity beacon set (313 bytes)
2026-04-23 09:13:01.815 14251-14281 MeshRepository          com.scmessenger.android              I  BLE GATT identity beacon updated: 374d73eb... (313 bytes, listeners=0, external=0) p2p_id=12D3KooWDYF6HEnGo8fs4gbAhBth7HdJ2nQz7wKFXXUb6WBxNof9
2026-04-23 09:13:02.431 14251-14344 NetworkDetector         com.scmessenger.android              D  Network type: WIFI, blocked ports: []
2026-04-23 09:13:06.735 14251-14281 MeshRepository          com.scmessenger.android              D  Mesh Stats: 0 peers (Core), 0 full, 0 headless (Repo)
2026-04-23 09:13:06.745 14251-14333 MeshEventBus            com.scmessenger.android              D  StatusEvent emitted: StatsUpdated(stats=ServiceStats(peersDiscovered=0, messagesRelayed=0, bytesTransferred=0, uptimeSecs=10))
2026-04-23 09:13:06.760 14251-14251 BluetoothAdapter        com.scmessenger.android              D  isLeEnabled(): ON
2026-04-23 09:13:06.765 14251-14251 BleScanner              com.scmessenger.android              V  BLE scan window ended
2026-04-23 09:13:08.050 14251-14280 BleGattServer           com.scmessenger.android              D  BleGattServer: identity beacon set (313 bytes)
2026-04-23 09:13:08.051 14251-14280 MeshRepository          com.scmessenger.android              I  BLE GATT identity beacon updated: 374d73eb... (313 bytes, listeners=0, external=0) p2p_id=12D3KooWDYF6HEnGo8fs4gbAhBth7HdJ2nQz7wKFXXUb6WBxNof9
2026-04-23 09:13:08.052 14251-14280 MeshRepository          com.scmessenger.android              I  ✓ Internet transport (Swarm) initiated and bridge wired
2026-04-23 09:13:08.053 14251-14280 MeshRepository          com.scmessenger.android              I  Bootstrap: network=WIFI, cellular=false, priority=[QUIC, TCP, WEBSOCKET_WSS, WEBSOCKET_WS]
2026-04-23 09:13:08.055 14251-14280 NetworkFailureMetrics   com.scmessenger.android              D  Failure metric recorded: node=/ip4/34.135.34.73/udp/9001/quic-v1/p2p/12D3KooWETatHYo4xt9aufXEEDce719fyMEB7KmXJga1SYVUikaw reason=Unknown network error: NetworkException: Network error total=1
2026-04-23 09:13:08.056 14251-14280 MeshRepository          com.scmessenger.android              W  Bootstrap dial failed for /ip4/34.135.34.73/udp/9001/quic-v1/p2p/12D3KooWETatHYo4xt9aufXEEDce719fyMEB7KmXJga1SYVUikaw - Unknown network error: NetworkException: Network error
2026-04-23 09:13:08.057 14251-14280 NetworkFailureMetrics   com.scmessenger.android              D  Failure metric recorded: node=/ip4/34.135.34.73/udp/9001/quic-v1/p2p/12D3KooWETatHYo4xt9aufXEEDce719fyMEB7KmXJga1SYVUikaw reason=Unknown network error: NetworkException: Network error total=2
2026-04-23 09:13:08.059 14251-14280 NetworkFailureMetrics   com.scmessenger.android              D  Failure metric recorded: node=/ip4/34.135.34.73/tcp/9001/p2p/12D3KooWETatHYo4xt9aufXEEDce719fyMEB7KmXJga1SYVUikaw reason=Unknown network error: NetworkException: Network error total=1
2026-04-23 09:13:08.060 14251-14280 MeshRepository          com.scmessenger.android              W  Bootstrap dial failed for /ip4/34.135.34.73/tcp/9001/p2p/12D3KooWETatHYo4xt9aufXEEDce719fyMEB7KmXJga1SYVUikaw - Unknown network error: NetworkException: Network error
2026-04-23 09:13:08.060 14251-14280 NetworkFailureMetrics   com.scmessenger.android              D  Failure metric recorded: node=/ip4/34.135.34.73/tcp/9001/p2p/12D3KooWETatHYo4xt9aufXEEDce719fyMEB7KmXJga1SYVUikaw reason=Unknown network error: NetworkException: Network error total=2
2026-04-23 09:13:08.062 14251-14280 NetworkFailureMetrics   com.scmessenger.android              D  Failure metric recorded: node=/ip4/104.28.216.43/udp/9010/quic-v1/p2p/12D3KooWHpmuhytgzLcM4nj1hZvN5b4crB1wka3LCNfKRCd7yHj9 reason=Unknown network error: NetworkException: Network error total=1
2026-04-23 09:13:08.063 14251-14280 MeshRepository          com.scmessenger.android              W  Bootstrap dial failed for /ip4/104.28.216.43/udp/9010/quic-v1/p2p/12D3KooWHpmuhytgzLcM4nj1hZvN5b4crB1wka3LCNfKRCd7yHj9 - Unknown network error: NetworkException: Network error
2026-04-23 09:13:08.064 14251-14280 NetworkFailureMetrics   com.scmessenger.android              D  Failure metric recorded: node=/ip4/104.28.216.43/udp/9010/quic-v1/p2p/12D3KooWHpmuhytgzLcM4nj1hZvN5b4crB1wka3LCNfKRCd7yHj9 reason=Unknown network error: NetworkException: Network error total=2
2026-04-23 09:13:08.065 14251-14280 NetworkFailureMetrics   com.scmessenger.android              D  Failure metric recorded: node=/ip4/104.28.216.43/tcp/9010/p2p/12D3KooWHpmuhytgzLcM4nj1hZvN5b4crB1wka3LCNfKRCd7yHj9 reason=Unknown network error: NetworkException: Network error total=1
2026-04-23 09:13:08.066 14251-14280 MeshRepository          com.scmessenger.android              W  Bootstrap dial failed for /ip4/104.28.216.43/tcp/9010/p2p/12D3KooWHpmuhytgzLcM4nj1hZvN5b4crB1wka3LCNfKRCd7yHj9 - Unknown network error: NetworkException: Network error
2026-04-23 09:13:08.067 14251-14280 NetworkFailureMetrics   com.scmessenger.android              D  Failure metric recorded: node=/ip4/104.28.216.43/tcp/9010/p2p/12D3KooWHpmuhytgzLcM4nj1hZvN5b4crB1wka3LCNfKRCd7yHj9 reason=Unknown network error: NetworkException: Network error total=2
2026-04-23 09:13:08.068 14251-14280 NetworkFailureMetrics   com.scmessenger.android              D  Failure metric recorded: node=/dns4/bootstrap.scmessenger.net/tcp/443/ws/p2p/12D3KooWETatHYo4xt9aufXEEDce719fyMEB7KmXJga1SYVUikaw reason=Unknown network error: NetworkException: Network error total=1
2026-04-23 09:13:08.069 14251-14280 MeshRepository          com.scmessenger.android              W  Bootstrap dial failed for /dns4/bootstrap.scmessenger.net/tcp/443/ws/p2p/12D3KooWETatHYo4xt9aufXEEDce719fyMEB7KmXJga1SYVUikaw - Unknown network error: NetworkException: Network error
2026-04-23 09:13:08.070 14251-14280 NetworkFailureMetrics   com.scmessenger.android              D  Failure metric recorded: node=/dns4/bootstrap.scmessenger.net/tcp/443/ws/p2p/12D3KooWETatHYo4xt9aufXEEDce719fyMEB7KmXJga1SYVUikaw reason=Unknown network error: NetworkException: Network error total=2
2026-04-23 09:13:08.071 14251-14280 NetworkFailureMetrics   com.scmessenger.android              D  Failure metric recorded: node=/dns4/bootstrap.scmessenger.net/tcp/80/ws/p2p/12D3KooWETatHYo4xt9aufXEEDce719fyMEB7KmXJga1SYVUikaw reason=Unknown network error: NetworkException: Network error total=1
2026-04-23 09:13:08.072 14251-14280 MeshRepository          com.scmessenger.android              W  Bootstrap dial failed for /dns4/bootstrap.scmessenger.net/tcp/80/ws/p2p/12D3KooWETatHYo4xt9aufXEEDce719fyMEB7KmXJga1SYVUikaw - Unknown network error: NetworkException: Network error
2026-04-23 09:13:08.073 14251-14280 NetworkFailureMetrics   com.scmessenger.android              D  Failure metric recorded: node=/dns4/bootstrap.scmessenger.net/tcp/80/ws/p2p/12D3KooWETatHYo4xt9aufXEEDce719fyMEB7KmXJga1SYVUikaw reason=Unknown network error: NetworkException: Network error total=2
2026-04-23 09:13:08.074 14251-14280 MeshRepository          com.scmessenger.android              W  Bootstrap all-failed (consecutive=1), next attempt in 10000ms
2026-04-23 09:13:11.751 14251-14334 MeshRepository          com.scmessenger.android              D  Mesh Stats: 0 peers (Core), 0 full, 0 headless (Repo)
2026-04-23 09:13:11.757 14251-14334 MeshEventBus            com.scmessenger.android              D  StatusEvent emitted: StatsUpdated(stats=ServiceStats(peersDiscovered=0, messagesRelayed=0, bytesTransferred=0, uptimeSecs=15))
2026-04-23 09:13:13.133 14251-14334 BleGattServer           com.scmessenger.android              D  BleGattServer: identity beacon set (313 bytes)
2026-04-23 09:13:13.141 14251-14334 MeshRepository          com.scmessenger.android              I  BLE GATT identity beacon updated: 374d73eb... (313 bytes, listeners=0, external=0) p2p_id=12D3KooWDYF6HEnGo8fs4gbAhBth7HdJ2nQz7wKFXXUb6WBxNof9
2026-04-23 09:13:16.763 14251-14251 BleScanner...d$Runnable com.scmessenger.android              W  BLE scan fallback enabled after 20022 ms without mesh advertisements; switching to unfiltered scan
2026-04-23 09:13:16.765 14251-14334 MeshRepository          com.scmessenger.android              D  Mesh Stats: 0 peers (Core), 0 full, 0 headless (Repo)
2026-04-23 09:13:16.776 14251-14333 MeshEventBus            com.scmessenger.android              D  StatusEvent emitted: StatsUpdated(stats=ServiceStats(peersDiscovered=0, messagesRelayed=0, bytesTransferred=0, uptimeSecs=20))
2026-04-23 09:13:16.783 14251-14251 BluetoothAdapter        com.scmessenger.android              D  isLeEnabled(): ON
2026-04-23 09:13:16.783 14251-14251 BluetoothLeScanner      com.scmessenger.android              D  could not find callback wrapper
2026-04-23 09:13:16.784 14251-14251 BluetoothAdapter        com.scmessenger.android              D  isLeEnabled(): ON
2026-04-23 09:13:16.792 14251-14251 BleScanner              com.scmessenger.android              I  BLE scan restarted (background=false, fallback=true)
2026-04-23 09:13:16.794 14251-14430 BluetoothLeScanner      com.scmessenger.android              D  onScannerRegistered(status=0, scannerId=3): mScannerId=0
2026-04-23 09:13:21.646 14251-14251 MainActivity            com.scmessenger.android              D  MainActivity paused
2026-04-23 09:13:21.648 14251-14251 VRI[MainActivity]       com.scmessenger.android              D  visibilityChanged oldVisibility=true newVisibility=false
2026-04-23 09:13:21.782 14251-14333 MeshRepository          com.scmessenger.android              D  Mesh Stats: 0 peers (Core), 0 full, 0 headless (Repo)
2026-04-23 09:13:21.791 14251-14333 MeshEventBus            com.scmessenger.android              D  StatusEvent emitted: StatsUpdated(stats=ServiceStats(peersDiscovered=0, messagesRelayed=0, bytesTransferred=0, uptimeSecs=25))
2026-04-23 09:13:24.086 14251-14333 MeshRepository          com.scmessenger.android              I  Bootstrap: network=WIFI, cellular=false, priority=[QUIC, TCP, WEBSOCKET_WSS, WEBSOCKET_WS]
2026-04-23 09:13:24.093 14251-14344 NetworkDetector         com.scmessenger.android              D  Network type: WIFI, blocked ports: []
2026-04-23 09:13:24.148 14251-14333 NetworkFailureMetrics   com.scmessenger.android              D  Failure metric recorded: node=/ip4/34.135.34.73/udp/9001/quic-v1/p2p/12D3KooWETatHYo4xt9aufXEEDce719fyMEB7KmXJga1SYVUikaw reason=Unknown network error: NetworkException: Network error total=3
2026-04-23 09:13:24.153 14251-14333 MeshRepository          com.scmessenger.android              W  Bootstrap dial failed for /ip4/34.135.34.73/udp/9001/quic-v1/p2p/12D3KooWETatHYo4xt9aufXEEDce719fyMEB7KmXJga1SYVUikaw - Unknown network error: NetworkException: Network error
2026-04-23 09:13:24.163 14251-14333 NetworkFailureMetrics   com.scmessenger.android              D  Failure metric recorded: node=/ip4/34.135.34.73/udp/9001/quic-v1/p2p/12D3KooWETatHYo4xt9aufXEEDce719fyMEB7KmXJga1SYVUikaw reason=Unknown network error: NetworkException: Network error total=4
2026-04-23 09:13:24.176 14251-14333 NetworkFailureMetrics   com.scmessenger.android              D  Failure metric recorded: node=/ip4/34.135.34.73/tcp/9001/p2p/12D3KooWETatHYo4xt9aufXEEDce719fyMEB7KmXJga1SYVUikaw reason=Unknown network error: NetworkException: Network error total=3
2026-04-23 09:13:24.182 14251-14333 MeshRepository          com.scmessenger.android              W  Bootstrap dial failed for /ip4/34.135.34.73/tcp/9001/p2p/12D3KooWETatHYo4xt9aufXEEDce719fyMEB7KmXJga1SYVUikaw - Unknown network error: NetworkException: Network error
2026-04-23 09:13:24.190 14251-14333 NetworkFailureMetrics   com.scmessenger.android              D  Failure metric recorded: node=/ip4/34.135.34.73/tcp/9001/p2p/12D3KooWETatHYo4xt9aufXEEDce719fyMEB7KmXJga1SYVUikaw reason=Unknown network error: NetworkException: Network error total=4
2026-04-23 09:13:24.211 14251-14333 NetworkFailureMetrics   com.scmessenger.android              D  Failure metric recorded: node=/ip4/104.28.216.43/udp/9010/quic-v1/p2p/12D3KooWHpmuhytgzLcM4nj1hZvN5b4crB1wka3LCNfKRCd7yHj9 reason=Unknown network error: NetworkException: Network error total=3
2026-04-23 09:13:24.217 14251-14333 MeshRepository          com.scmessenger.android              W  Bootstrap dial failed for /ip4/104.28.216.43/udp/9010/quic-v1/p2p/12D3KooWHpmuhytgzLcM4nj1hZvN5b4crB1wka3LCNfKRCd7yHj9 - Unknown network error: NetworkException: Network error
2026-04-23 09:13:24.225 14251-14333 NetworkFailureMetrics   com.scmessenger.android              D  Failure metric recorded: node=/ip4/104.28.216.43/udp/9010/quic-v1/p2p/12D3KooWHpmuhytgzLcM4nj1hZvN5b4crB1wka3LCNfKRCd7yHj9 reason=Unknown network error: NetworkException: Network error total=4
2026-04-23 09:13:24.242 14251-14333 NetworkFailureMetrics   com.scmessenger.android              D  Failure metric recorded: node=/ip4/104.28.216.43/tcp/9010/p2p/12D3KooWHpmuhytgzLcM4nj1hZvN5b4crB1wka3LCNfKRCd7yHj9 reason=Unknown network error: NetworkException: Network error total=3
2026-04-23 09:13:24.249 14251-14333 MeshRepository          com.scmessenger.android              W  Bootstrap dial failed for /ip4/104.28.216.43/tcp/9010/p2p/12D3KooWHpmuhytgzLcM4nj1hZvN5b4crB1wka3LCNfKRCd7yHj9 - Unknown network error: NetworkException: Network error
2026-04-23 09:13:24.258 14251-14333 NetworkFailureMetrics   com.scmessenger.android              D  Failure metric recorded: node=/ip4/104.28.216.43/tcp/9010/p2p/12D3KooWHpmuhytgzLcM4nj1hZvN5b4crB1wka3LCNfKRCd7yHj9 reason=Unknown network error: NetworkException: Network error total=4
2026-04-23 09:13:24.280 14251-14333 NetworkFailureMetrics   com.scmessenger.android              D  Failure metric recorded: node=/dns4/bootstrap.scmessenger.net/tcp/443/ws/p2p/12D3KooWETatHYo4xt9aufXEEDce719fyMEB7KmXJga1SYVUikaw reason=Unknown network error: NetworkException: Network error total=3
2026-04-23 09:13:24.287 14251-14333 MeshRepository          com.scmessenger.android              W  Bootstrap dial failed for /dns4/bootstrap.scmessenger.net/tcp/443/ws/p2p/12D3KooWETatHYo4xt9aufXEEDce719fyMEB7KmXJga1SYVUikaw - Unknown network error: NetworkException: Network error
2026-04-23 09:13:24.297 14251-14333 NetworkFailureMetrics   com.scmessenger.android              D  Failure metric recorded: node=/dns4/bootstrap.scmessenger.net/tcp/443/ws/p2p/12D3KooWETatHYo4xt9aufXEEDce719fyMEB7KmXJga1SYVUikaw reason=Unknown network error: NetworkException: Network error total=4
2026-04-23 09:13:24.313 14251-14333 NetworkFailureMetrics   com.scmessenger.android              D  Failure metric recorded: node=/dns4/bootstrap.scmessenger.net/tcp/80/ws/p2p/12D3KooWETatHYo4xt9aufXEEDce719fyMEB7KmXJga1SYVUikaw reason=Unknown network error: NetworkException: Network error total=3
2026-04-23 09:13:24.319 14251-14333 MeshRepository          com.scmessenger.android              W  Bootstrap dial failed for /dns4/bootstrap.scmessenger.net/tcp/80/ws/p2p/12D3KooWETatHYo4xt9aufXEEDce719fyMEB7KmXJga1SYVUikaw - Unknown network error: NetworkException: Network error
2026-04-23 09:13:24.350 14251-14333 NetworkFailureMetrics   com.scmessenger.android              D  Failure metric recorded: node=/dns4/bootstrap.scmessenger.net/tcp/80/ws/p2p/12D3KooWETatHYo4xt9aufXEEDce719fyMEB7KmXJga1SYVUikaw reason=Unknown network error: NetworkException: Network error total=4
2026-04-23 09:13:24.357 14251-14333 MeshRepository          com.scmessenger.android              W  Bootstrap all-failed (consecutive=2), next attempt in 30000ms
2026-04-23 09:13:26.794 14251-14333 MeshRepository          com.scmessenger.android              D  Mesh Stats: 0 peers (Core), 0 full, 0 headless (Repo)
2026-04-23 09:13:26.800 14251-14334 MeshEventBus            com.scmessenger.android              D  StatusEvent emitted: StatsUpdated(stats=ServiceStats(peersDiscovered=0, messagesRelayed=0, bytesTransferred=0, uptimeSecs=30))
2026-04-23 09:13:27.196 14251-14344 NetworkDetector         com.scmessenger.android              D  Network type: WIFI, blocked ports: []
2026-04-23 09:13:30.259 14251-14344 NetworkDetector         com.scmessenger.android              D  Network type: WIFI, blocked ports: []
2026-04-23 09:13:31.808 14251-14334 MeshRepository          com.scmessenger.android              D  Mesh Stats: 0 peers (Core), 0 full, 0 headless (Repo)
2026-04-23 09:13:31.818 14251-14281 MeshEventBus            com.scmessenger.android              D  StatusEvent emitted: StatsUpdated(stats=ServiceStats(peersDiscovered=0, messagesRelayed=0, bytesTransferred=0, uptimeSecs=35))
2026-04-23 09:13:33.361 14251-14344 NetworkDetector         com.scmessenger.android              D  Network type: WIFI, blocked ports: []
2026-04-23 09:13:36.767 14251-14251 BluetoothAdapter        com.scmessenger.android              D  isLeEnabled(): ON
2026-04-23 09:13:36.776 14251-14251 BleScanner              com.scmessenger.android              V  BLE scan window ended
2026-04-23 09:13:36.826 14251-14281 MeshRepository          com.scmessenger.android              D  Mesh Stats: 0 peers (Core), 0 full, 0 headless (Repo)
2026-04-23 09:13:36.842 14251-14333 MeshEventBus            com.scmessenger.android              D  StatusEvent emitted: StatsUpdated(stats=ServiceStats(peersDiscovered=0, messagesRelayed=0, bytesTransferred=0, uptimeSecs=40))
2026-04-23 09:13:39.491 14251-14344 NetworkDetector         com.scmessenger.android              D  Network type: WIFI, blocked ports: []
2026-04-23 09:13:41.858 14251-14333 MeshRepository          com.scmessenger.android              D  Mesh Stats: 0 peers (Core), 0 full, 0 headless (Repo)
2026-04-23 09:13:41.868 14251-14334 MeshEventBus            com.scmessenger.android              D  StatusEvent emitted: StatsUpdated(stats=ServiceStats(peersDiscovered=0, messagesRelayed=0, bytesTransferred=0, uptimeSecs=45))
2026-04-23 09:13:46.887 14251-14334 MeshRepository          com.scmessenger.android              D  Mesh Stats: 0 peers (Core), 0 full, 0 headless (Repo)
2026-04-23 09:13:46.911 14251-14334 MeshEventBus            com.scmessenger.android              D  StatusEvent emitted: StatsUpdated(stats=ServiceStats(peersDiscovered=0, messagesRelayed=0, bytesTransferred=0, uptimeSecs=50))
2026-04-23 09:13:51.804 14251-14344 NetworkDetector         com.scmessenger.android              D  Network type: WIFI, blocked ports: []
2026-04-23 09:13:51.922 14251-14334 MeshRepository          com.scmessenger.android              D  Mesh Stats: 0 peers (Core), 0 full, 0 headless (Repo)
2026-04-23 09:13:51.935 14251-14333 MeshEventBus            com.scmessenger.android              D  StatusEvent emitted: StatsUpdated(stats=ServiceStats(peersDiscovered=0, messagesRelayed=0, bytesTransferred=0, uptimeSecs=55))
2026-04-23 09:13:54.882 14251-14344 NetworkDetector         com.scmessenger.android              D  Network type: WIFI, blocked ports: []
2026-04-23 09:13:56.383 14251-14333 MeshRepository          com.scmessenger.android              I  Bootstrap: network=WIFI, cellular=false, priority=[QUIC, TCP, WEBSOCKET_WSS, WEBSOCKET_WS]
2026-04-23 09:13:56.396 14251-14333 NetworkFailureMetrics   com.scmessenger.android              D  Failure metric recorded: node=/ip4/34.135.34.73/udp/9001/quic-v1/p2p/12D3KooWETatHYo4xt9aufXEEDce719fyMEB7KmXJga1SYVUikaw reason=Unknown network error: NetworkException: Network error total=5
2026-04-23 09:13:56.401 14251-14333 MeshRepository          com.scmessenger.android              W  Bootstrap dial failed for /ip4/34.135.34.73/udp/9001/quic-v1/p2p/12D3KooWETatHYo4xt9aufXEEDce719fyMEB7KmXJga1SYVUikaw - Unknown network error: NetworkException: Network error
2026-04-23 09:13:56.405 14251-14333 CircuitBreaker          com.scmessenger.android              W  Circuit breaker OPENING for relay /ip4/34.135.34.73/udp/9001/quic-v1/p2p/12D3KooWETatHYo4xt9aufXEEDce719fyMEB7KmXJga1SYVUikaw after 3 failures: Unknown network error: NetworkException: Network error
2026-04-23 09:13:56.411 14251-14333 NetworkFailureMetrics   com.scmessenger.android              D  Failure metric recorded: node=/ip4/34.135.34.73/udp/9001/quic-v1/p2p/12D3KooWETatHYo4xt9aufXEEDce719fyMEB7KmXJga1SYVUikaw reason=Unknown network error: NetworkException: Network error total=6
2026-04-23 09:13:56.425 14251-14333 NetworkFailureMetrics   com.scmessenger.android              D  Failure metric recorded: node=/ip4/34.135.34.73/tcp/9001/p2p/12D3KooWETatHYo4xt9aufXEEDce719fyMEB7KmXJga1SYVUikaw reason=Unknown network error: NetworkException: Network error total=5
2026-04-23 09:13:56.431 14251-14333 MeshRepository          com.scmessenger.android              W  Bootstrap dial failed for /ip4/34.135.34.73/tcp/9001/p2p/12D3KooWETatHYo4xt9aufXEEDce719fyMEB7KmXJga1SYVUikaw - Unknown network error: NetworkException: Network error
2026-04-23 09:13:56.435 14251-14333 CircuitBreaker          com.scmessenger.android              W  Circuit breaker OPENING for relay /ip4/34.135.34.73/tcp/9001/p2p/12D3KooWETatHYo4xt9aufXEEDce719fyMEB7KmXJga1SYVUikaw after 3 failures: Unknown network error: NetworkException: Network error
2026-04-23 09:13:56.446 14251-14333 NetworkFailureMetrics   com.scmessenger.android              D  Failure metric recorded: node=/ip4/34.135.34.73/tcp/9001/p2p/12D3KooWETatHYo4xt9aufXEEDce719fyMEB7KmXJga1SYVUikaw reason=Unknown network error: NetworkException: Network error total=6
2026-04-23 09:13:56.456 14251-14333 NetworkFailureMetrics   com.scmessenger.android              D  Failure metric recorded: node=/ip4/104.28.216.43/udp/9010/quic-v1/p2p/12D3KooWHpmuhytgzLcM4nj1hZvN5b4crB1wka3LCNfKRCd7yHj9 reason=Unknown network error: NetworkException: Network error total=5
2026-04-23 09:13:56.461 14251-14333 MeshRepository          com.scmessenger.android              W  Bootstrap dial failed for /ip4/104.28.216.43/udp/9010/quic-v1/p2p/12D3KooWHpmuhytgzLcM4nj1hZvN5b4crB1wka3LCNfKRCd7yHj9 - Unknown network error: NetworkException: Network error
2026-04-23 09:13:56.465 14251-14333 CircuitBreaker          com.scmessenger.android              W  Circuit breaker OPENING for relay /ip4/104.28.216.43/udp/9010/quic-v1/p2p/12D3KooWHpmuhytgzLcM4nj1hZvN5b4crB1wka3LCNfKRCd7yHj9 after 3 failures: Unknown network error: NetworkException: Network error
2026-04-23 09:13:56.473 14251-14333 NetworkFailureMetrics   com.scmessenger.android              D  Failure metric recorded: node=/ip4/104.28.216.43/udp/9010/quic-v1/p2p/12D3KooWHpmuhytgzLcM4nj1hZvN5b4crB1wka3LCNfKRCd7yHj9 reason=Unknown network error: NetworkException: Network error total=6
2026-04-23 09:13:56.485 14251-14333 NetworkFailureMetrics   com.scmessenger.android              D  Failure metric recorded: node=/ip4/104.28.216.43/tcp/9010/p2p/12D3KooWHpmuhytgzLcM4nj1hZvN5b4crB1wka3LCNfKRCd7yHj9 reason=Unknown network error: NetworkException: Network error total=5
2026-04-23 09:13:56.490 14251-14333 MeshRepository          com.scmessenger.android              W  Bootstrap dial failed for /ip4/104.28.216.43/tcp/9010/p2p/12D3KooWHpmuhytgzLcM4nj1hZvN5b4crB1wka3LCNfKRCd7yHj9 - Unknown network error: NetworkException: Network error
2026-04-23 09:13:56.493 14251-14333 CircuitBreaker          com.scmessenger.android              W  Circuit breaker OPENING for relay /ip4/104.28.216.43/tcp/9010/p2p/12D3KooWHpmuhytgzLcM4nj1hZvN5b4crB1wka3LCNfKRCd7yHj9 after 3 failures: Unknown network error: NetworkException: Network error
2026-04-23 09:13:56.500 14251-14333 NetworkFailureMetrics   com.scmessenger.android              D  Failure metric recorded: node=/ip4/104.28.216.43/tcp/9010/p2p/12D3KooWHpmuhytgzLcM4nj1hZvN5b4crB1wka3LCNfKRCd7yHj9 reason=Unknown network error: NetworkException: Network error total=6
2026-04-23 09:13:56.509 14251-14333 NetworkFailureMetrics   com.scmessenger.android              D  Failure metric recorded: node=/dns4/bootstrap.scmessenger.net/tcp/443/ws/p2p/12D3KooWETatHYo4xt9aufXEEDce719fyMEB7KmXJga1SYVUikaw reason=Unknown network error: NetworkException: Network error total=5
2026-04-23 09:13:56.516 14251-14333 MeshRepository          com.scmessenger.android              W  Bootstrap dial failed for /dns4/bootstrap.scmessenger.net/tcp/443/ws/p2p/12D3KooWETatHYo4xt9aufXEEDce719fyMEB7KmXJga1SYVUikaw - Unknown network error: NetworkException: Network error
2026-04-23 09:13:56.526 14251-14333 CircuitBreaker          com.scmessenger.android              W  Circuit breaker OPENING for relay /dns4/bootstrap.scmessenger.net/tcp/443/ws/p2p/12D3KooWETatHYo4xt9aufXEEDce719fyMEB7KmXJga1SYVUikaw after 3 failures: Unknown network error: NetworkException: Network error
2026-04-23 09:13:56.534 14251-14333 NetworkFailureMetrics   com.scmessenger.android              D  Failure metric recorded: node=/dns4/bootstrap.scmessenger.net/tcp/443/ws/p2p/12D3KooWETatHYo4xt9aufXEEDce719fyMEB7KmXJga1SYVUikaw reason=Unknown network error: NetworkException: Network error total=6
2026-04-23 09:13:56.544 14251-14333 NetworkFailureMetrics   com.scmessenger.android              D  Failure metric recorded: node=/dns4/bootstrap.scmessenger.net/tcp/80/ws/p2p/12D3KooWETatHYo4xt9aufXEEDce719fyMEB7KmXJga1SYVUikaw reason=Unknown network error: NetworkException: Network error total=5
2026-04-23 09:13:56.549 14251-14333 MeshRepository          com.scmessenger.android              W  Bootstrap dial failed for /dns4/bootstrap.scmessenger.net/tcp/80/ws/p2p/12D3KooWETatHYo4xt9aufXEEDce719fyMEB7KmXJga1SYVUikaw - Unknown network error: NetworkException: Network error
2026-04-23 09:13:56.554 14251-14333 CircuitBreaker          com.scmessenger.android              W  Circuit breaker OPENING for relay /dns4/bootstrap.scmessenger.net/tcp/80/ws/p2p/12D3KooWETatHYo4xt9aufXEEDce719fyMEB7KmXJga1SYVUikaw after 3 failures: Unknown network error: NetworkException: Network error
2026-04-23 09:13:56.563 14251-14333 NetworkFailureMetrics   com.scmessenger.android              D  Failure metric recorded: node=/dns4/bootstrap.scmessenger.net/tcp/80/ws/p2p/12D3KooWETatHYo4xt9aufXEEDce719fyMEB7KmXJga1SYVUikaw reason=Unknown network error: NetworkException: Network error total=6
2026-04-23 09:13:56.568 14251-14333 MeshRepository          com.scmessenger.android              W  Bootstrap all-failed (consecutive=3), next attempt in 30000ms
2026-04-23 09:13:56.943 14251-14333 MeshRepository          com.scmessenger.android              D  Mesh Stats: 0 peers (Core), 0 full, 0 headless (Repo)
2026-04-23 09:13:56.955 14251-14281 MeshEventBus            com.scmessenger.android              D  StatusEvent emitted: StatsUpdated(stats=ServiceStats(peersDiscovered=0, messagesRelayed=0, bytesTransferred=0, uptimeSecs=60))
2026-04-23 09:13:57.979 14251-14344 NetworkDetector         com.scmessenger.android              D  Network type: WIFI, blocked ports: []
2026-04-23 09:14:01.967 14251-14281 MeshRepository          com.scmessenger.android              D  Mesh Stats: 0 peers (Core), 0 full, 0 headless (Repo)
2026-04-23 09:14:01.978 14251-14333 MeshEventBus            com.scmessenger.android              D  StatusEvent emitted: StatsUpdated(stats=ServiceStats(peersDiscovered=0, messagesRelayed=0, bytesTransferred=0, uptimeSecs=65))
2026-04-23 09:14:06.791 14251-14251 BluetoothAdapter        com.scmessenger.android              D  isLeEnabled(): ON
2026-04-23 09:14:06.791 14251-14251 BluetoothLeScanner      com.scmessenger.android              D  could not find callback wrapper
2026-04-23 09:14:06.792 14251-14251 BleScanner              com.scmessenger.android              V  BLE scan window ended
2026-04-23 09:14:06.986 14251-14333 MeshRepository          com.scmessenger.android              D  Mesh Stats: 0 peers (Core), 0 full, 0 headless (Repo)
2026-04-23 09:14:06.997 14251-14281 MeshEventBus            com.scmessenger.android              D  StatusEvent emitted: StatsUpdated(stats=ServiceStats(peersDiscovered=0, messagesRelayed=0, bytesTransferred=0, uptimeSecs=70))
2026-04-23 09:14:07.227 14251-14344 NetworkDetector         com.scmessenger.android              D  Network type: WIFI, blocked ports: []
2026-04-23 09:14:10.294 14251-14344 NetworkDetector         com.scmessenger.android              D  Network type: WIFI, blocked ports: []
2026-04-23 09:14:12.012 14251-14281 MeshRepository          com.scmessenger.android              D  Mesh Stats: 0 peers (Core), 0 full, 0 headless (Repo)
2026-04-23 09:14:12.026 14251-14334 MeshEventBus            com.scmessenger.android              D  StatusEvent emitted: StatsUpdated(stats=ServiceStats(peersDiscovered=0, messagesRelayed=0, bytesTransferred=0, uptimeSecs=76))
2026-04-23 09:14:16.461 14251-14344 NetworkDetector         com.scmessenger.android              D  Network type: WIFI, blocked ports: []
2026-04-23 09:14:17.045 14251-14334 MeshRepository          com.scmessenger.android              D  Mesh Stats: 0 peers (Core), 0 full, 0 headless (Repo)
2026-04-23 09:14:17.068 14251-14334 MeshEventBus            com.scmessenger.android              D  StatusEvent emitted: StatsUpdated(stats=ServiceStats(peersDiscovered=0, messagesRelayed=0, bytesTransferred=0, uptimeSecs=81))
2026-04-23 09:14:22.076 14251-14334 MeshRepository          com.scmessenger.android              D  Mesh Stats: 0 peers (Core), 0 full, 0 headless (Repo)
2026-04-23 09:14:22.090 14251-14281 MeshEventBus            com.scmessenger.android              D  StatusEvent emitted: StatsUpdated(stats=ServiceStats(peersDiscovered=0, messagesRelayed=0, bytesTransferred=0, uptimeSecs=86))
2026-04-23 09:14:27.150 14251-14281 MeshRepository          com.scmessenger.android              D  Mesh Stats: 0 peers (Core), 0 full, 0 headless (Repo)
2026-04-23 09:14:27.163 14251-14333 MeshEventBus            com.scmessenger.android              D  StatusEvent emitted: StatsUpdated(stats=ServiceStats(peersDiscovered=0, messagesRelayed=0, bytesTransferred=0, uptimeSecs=91))
2026-04-23 09:14:28.602 14251-14333 MeshRepository          com.scmessenger.android              I  Bootstrap: network=WIFI, cellular=false, priority=[QUIC, TCP, WEBSOCKET_WSS, WEBSOCKET_WS]
2026-04-23 09:14:28.614 14251-14333 CircuitBreaker          com.scmessenger.android              D  Circuit breaker OPEN for relay /ip4/34.135.34.73/udp/9001/quic-v1/p2p/12D3KooWETatHYo4xt9aufXEEDce719fyMEB7KmXJga1SYVUikaw, skipping
2026-04-23 09:14:28.623 14251-14333 MeshRepository          com.scmessenger.android              D  Circuit breaker blocked /ip4/34.135.34.73/udp/9001/quic-v1/p2p/12D3KooWETatHYo4xt9aufXEEDce719fyMEB7KmXJga1SYVUikaw, skipping
2026-04-23 09:14:28.630 14251-14333 CircuitBreaker          com.scmessenger.android              D  Circuit breaker OPEN for relay /ip4/34.135.34.73/tcp/9001/p2p/12D3KooWETatHYo4xt9aufXEEDce719fyMEB7KmXJga1SYVUikaw, skipping
2026-04-23 09:14:28.636 14251-14333 MeshRepository          com.scmessenger.android              D  Circuit breaker blocked /ip4/34.135.34.73/tcp/9001/p2p/12D3KooWETatHYo4xt9aufXEEDce719fyMEB7KmXJga1SYVUikaw, skipping
2026-04-23 09:14:28.642 14251-14333 CircuitBreaker          com.scmessenger.android              D  Circuit breaker OPEN for relay /ip4/104.28.216.43/udp/9010/quic-v1/p2p/12D3KooWHpmuhytgzLcM4nj1hZvN5b4crB1wka3LCNfKRCd7yHj9, skipping
2026-04-23 09:14:28.649 14251-14333 MeshRepository          com.scmessenger.android              D  Circuit breaker blocked /ip4/104.28.216.43/udp/9010/quic-v1/p2p/12D3KooWHpmuhytgzLcM4nj1hZvN5b4crB1wka3LCNfKRCd7yHj9, skipping
2026-04-23 09:14:28.656 14251-14333 CircuitBreaker          com.scmessenger.android              D  Circuit breaker OPEN for relay /ip4/104.28.216.43/tcp/9010/p2p/12D3KooWHpmuhytgzLcM4nj1hZvN5b4crB1wka3LCNfKRCd7yHj9, skipping
2026-04-23 09:14:28.662 14251-14333 MeshRepository          com.scmessenger.android              D  Circuit breaker blocked /ip4/104.28.216.43/tcp/9010/p2p/12D3KooWHpmuhytgzLcM4nj1hZvN5b4crB1wka3LCNfKRCd7yHj9, skipping
2026-04-23 09:14:28.670 14251-14333 CircuitBreaker          com.scmessenger.android              D  Circuit breaker OPEN for relay /dns4/bootstrap.scmessenger.net/tcp/443/ws/p2p/12D3KooWETatHYo4xt9aufXEEDce719fyMEB7KmXJga1SYVUikaw, skipping
2026-04-23 09:14:28.678 14251-14333 MeshRepository          com.scmessenger.android              D  Circuit breaker blocked /dns4/bootstrap.scmessenger.net/tcp/443/ws/p2p/12D3KooWETatHYo4xt9aufXEEDce719fyMEB7KmXJga1SYVUikaw, skipping
2026-04-23 09:14:28.685 14251-14333 CircuitBreaker          com.scmessenger.android              D  Circuit breaker OPEN for relay /dns4/bootstrap.scmessenger.net/tcp/80/ws/p2p/12D3KooWETatHYo4xt9aufXEEDce719fyMEB7KmXJga1SYVUikaw, skipping
2026-04-23 09:14:28.691 14251-14333 MeshRepository          com.scmessenger.android              D  Circuit breaker blocked /dns4/bootstrap.scmessenger.net/tcp/80/ws/p2p/12D3KooWETatHYo4xt9aufXEEDce719fyMEB7KmXJga1SYVUikaw, skipping
2026-04-23 09:14:28.696 14251-14333 MeshRepository          com.scmessenger.android              W  Bootstrap all-failed (consecutive=4), next attempt in 16000ms
2026-04-23 09:14:28.776 14251-14344 NetworkDetector         com.scmessenger.android              D  Network type: WIFI, blocked ports: []
2026-04-23 09:17:34.729 14251-14251 BluetoothAdapter        com.scmessenger.android              D  isLeEnabled(): ON
2026-04-23 09:17:34.729 14251-14251 BluetoothLeScanner      com.scmessenger.android              D  could not find callback wrapper
2026-04-23 09:17:34.730 14251-14251 BleScanner              com.scmessenger.android              V  BLE scan window ended
2026-04-23 09:17:34.732 14251-14281 MeshRepository          com.scmessenger.android              I  Bootstrap: network=WIFI, cellular=false, priority=[QUIC, TCP, WEBSOCKET_WSS, WEBSOCKET_WS]
2026-04-23 09:17:34.734 14251-14344 NetworkDetector         com.scmessenger.android              D  Network type: WIFI, blocked ports: []
2026-04-23 09:17:34.750 14251-14333 MeshRepository          com.scmessenger.android              D  Mesh Stats: 0 peers (Core), 0 full, 0 headless (Repo)
2026-04-23 09:17:34.758 14251-14251 WifiDirect...2pReceiver com.scmessenger.android              D  This device changed
2026-04-23 09:17:34.759 14251-14281 CircuitBreaker          com.scmessenger.android              D  Circuit breaker OPEN for relay /ip4/34.135.34.73/udp/9001/quic-v1/p2p/12D3KooWETatHYo4xt9aufXEEDce719fyMEB7KmXJga1SYVUikaw, skipping
2026-04-23 09:17:34.761 14251-14333 MeshEventBus            com.scmessenger.android              D  StatusEvent emitted: StatsUpdated(stats=ServiceStats(peersDiscovered=0, messagesRelayed=0, bytesTransferred=0, uptimeSecs=278))
2026-04-23 09:17:34.762 14251-14251 ViewRootImpl            com.scmessenger.android              D  Skipping stats log for color mode
2026-04-23 09:17:34.762 14251-14281 MeshRepository          com.scmessenger.android              D  Circuit breaker blocked /ip4/34.135.34.73/udp/9001/quic-v1/p2p/12D3KooWETatHYo4xt9aufXEEDce719fyMEB7KmXJga1SYVUikaw, skipping
2026-04-23 09:17:34.766 14251-14281 CircuitBreaker          com.scmessenger.android              D  Circuit breaker OPEN for relay /ip4/34.135.34.73/tcp/9001/p2p/12D3KooWETatHYo4xt9aufXEEDce719fyMEB7KmXJga1SYVUikaw, skipping
2026-04-23 09:17:34.766 14251-14281 MeshRepository          com.scmessenger.android              D  Circuit breaker blocked /ip4/34.135.34.73/tcp/9001/p2p/12D3KooWETatHYo4xt9aufXEEDce719fyMEB7KmXJga1SYVUikaw, skipping
2026-04-23 09:17:34.767 14251-14281 CircuitBreaker          com.scmessenger.android              D  Circuit breaker OPEN for relay /ip4/104.28.216.43/udp/9010/quic-v1/p2p/12D3KooWHpmuhytgzLcM4nj1hZvN5b4crB1wka3LCNfKRCd7yHj9, skipping
2026-04-23 09:17:34.768 14251-14281 MeshRepository          com.scmessenger.android              D  Circuit breaker blocked /ip4/104.28.216.43/udp/9010/quic-v1/p2p/12D3KooWHpmuhytgzLcM4nj1hZvN5b4crB1wka3LCNfKRCd7yHj9, skipping
2026-04-23 09:17:34.768 14251-14281 CircuitBreaker          com.scmessenger.android              D  Circuit breaker OPEN for relay /ip4/104.28.216.43/tcp/9010/p2p/12D3KooWHpmuhytgzLcM4nj1hZvN5b4crB1wka3LCNfKRCd7yHj9, skipping
2026-04-23 09:17:34.771 14251-14281 MeshRepository          com.scmessenger.android              D  Circuit breaker blocked /ip4/104.28.216.43/tcp/9010/p2p/12D3KooWHpmuhytgzLcM4nj1hZvN5b4crB1wka3LCNfKRCd7yHj9, skipping
2026-04-23 09:17:34.773 14251-14281 CircuitBreaker          com.scmessenger.android              D  Circuit breaker OPEN for relay /dns4/bootstrap.scmessenger.net/tcp/443/ws/p2p/12D3KooWETatHYo4xt9aufXEEDce719fyMEB7KmXJga1SYVUikaw, skipping
2026-04-23 09:17:34.774 14251-14281 MeshRepository          com.scmessenger.android              D  Circuit breaker blocked /dns4/bootstrap.scmessenger.net/tcp/443/ws/p2p/12D3KooWETatHYo4xt9aufXEEDce719fyMEB7KmXJga1SYVUikaw, skipping
2026-04-23 09:17:34.775 14251-14281 CircuitBreaker          com.scmessenger.android              D  Circuit breaker OPEN for relay /dns4/bootstrap.scmessenger.net/tcp/80/ws/p2p/12D3KooWETatHYo4xt9aufXEEDce719fyMEB7KmXJga1SYVUikaw, skipping
2026-04-23 09:17:34.775 14251-14251 MainActivity            com.scmessenger.android              D  MainActivity resumed
2026-04-23 09:17:34.777 14251-14251 MainActivity            com.scmessenger.android              D  All permissions already granted
2026-04-23 09:17:34.777 14251-14281 MeshRepository          com.scmessenger.android              D  Circuit breaker blocked /dns4/bootstrap.scmessenger.net/tcp/80/ws/p2p/12D3KooWETatHYo4xt9aufXEEDce719fyMEB7KmXJga1SYVUikaw, skipping
2026-04-23 09:17:34.778 14251-14281 MeshRepository          com.scmessenger.android              W  Bootstrap all-failed (consecutive=5), next attempt in 32000ms
2026-04-23 09:17:34.779 14251-14333 BleGattServer           com.scmessenger.android              W  GATT server already running
2026-04-23 09:17:34.780 14251-14353 BleScanner              com.scmessenger.android              D  BLE scan already in progress, reusing existing session
2026-04-23 09:17:34.781 14251-14333 BleGattServer           com.scmessenger.android              D  BleGattServer: identity beacon set (313 bytes)
2026-04-23 09:17:34.783 14251-14352 WifiTransportManager    com.scmessenger.android              D  WifiTransportManager initialized
2026-04-23 09:17:34.785 14251-14352 WifiTransportManager    com.scmessenger.android              D  WiFi P2P discovery already active; skipping duplicate start
2026-04-23 09:17:34.790 14251-14333 BleGattServer           com.scmessenger.android              D  BleGattServer: identity beacon set (313 bytes)
2026-04-23 09:17:34.792 14251-14333 MeshRepository          com.scmessenger.android              I  BLE GATT identity beacon updated: 374d73eb... (313 bytes, listeners=0, external=0) p2p_id=12D3KooWDYF6HEnGo8fs4gbAhBth7HdJ2nQz7wKFXXUb6WBxNof9
2026-04-23 09:17:34.862 14251-14251 InsetsController        com.scmessenger.android              D  hide(ime())
2026-04-23 09:17:34.862 14251-14251 ImeTracker              com.scmessenger.android              I  com.scmessenger.android:b7febd2e: onCancelled at PHASE_CLIENT_ALREADY_HIDDEN
2026-04-23 09:17:35.743 14251-14251 ContactsVi...adContacts com.scmessenger.android              D  Loaded 0 contacts, filtered nearby peers to 0
2026-04-23 09:17:35.753 14251-14251 WindowOnBackDispatcher  com.scmessenger.android              W  OnBackInvokedCallback is not enabled for the application.
                                                                                                    Set 'android:enableOnBackInvokedCallback="true"' in the application manifest.
2026-04-23 09:17:36.916 14251-14344 NetworkDetector         com.scmessenger.android              D  Network type: WIFI, blocked ports: []
2026-04-23 09:17:39.771 14251-14353 MeshRepository          com.scmessenger.android              D  Mesh Stats: 0 peers (Core), 0 full, 0 headless (Repo)
2026-04-23 09:17:39.780 14251-14352 MeshEventBus            com.scmessenger.android              D  StatusEvent emitted: StatsUpdated(stats=ServiceStats(peersDiscovered=0, messagesRelayed=0, bytesTransferred=0, uptimeSecs=283))
2026-04-23 09:17:39.854 14251-14352 BleGattServer           com.scmessenger.android              D  BleGattServer: identity beacon set (313 bytes)
2026-04-23 09:17:39.858 14251-14352 MeshRepository          com.scmessenger.android              I  BLE GATT identity beacon updated: 374d73eb... (313 bytes, listeners=0, external=0) p2p_id=12D3KooWDYF6HEnGo8fs4gbAhBth7HdJ2nQz7wKFXXUb6WBxNof9
2026-04-23 09:17:40.012 14251-14344 NetworkDetector         com.scmessenger.android              D  Network type: WIFI, blocked ports: []
2026-04-23 09:17:40.524 14251-14251 MeshServiceViewModel    com.scmessenger.android              D  MeshServiceViewModel initialized
2026-04-23 09:17:40.532 14251-14353 DashboardViewModel      com.scmessenger.android              D  Loaded 0 discovered peers (0 full)
