2026-02-17 19:09:02.458 2036-2040 pixel-thermal and...ardware.thermal-service.pixel I neutral_therm:32.151 raw data: neutral_therm:32151
2026-02-17 19:09:02.458 2036-2040 pixel-thermal and...ardware.thermal-service.pixel I VIRTUAL-SKIN:33.3883 raw data: VIRTUAL-SKIN:33388.3
2026-02-17 19:09:02.458 2036-2040 pixel-thermal and...ardware.thermal-service.pixel I VIRTUAL-SKIN-CPU-GPU:33.3883 raw data: VIRTUAL-SKIN:33388.3 VIRTUAL-SKIN-CPU-GPU:33388.3
2026-02-17 19:09:02.458 2036-2040 pixel-thermal and...ardware.thermal-service.pixel I VIRTUAL-SKIN-HINT:33.3883 raw data: VIRTUAL-SKIN:33388.3 VIRTUAL-SKIN-HINT:33388.3
2026-02-17 19:09:02.458 2036-2040 pixel-thermal and...ardware.thermal-service.pixel I VIRTUAL-SKIN-CHARGE:33.3883 raw data: VIRTUAL-SKIN:33388.3 VIRTUAL-SKIN-CHARGE:33388.3
2026-02-17 19:09:02.620 32293-32296 nativeloader com.scmessenger.android D Load libjdwp.so using system ns (caller=<unknown>): ok
2026-02-17 19:09:02.789 32293-32293 System.out com.scmessenger.android I Debug.suspendAllAndSentVmStart
2026-02-17 19:09:02.870 1513-1513 AOC aocd D A3:MSG: usf_vsc_log.cc, 53: USF: [WO] Change detected: previous_rotation: 2, proposed_rotation: 0
2026-02-17 19:09:02.870 1513-1513 AOC aocd D A3:MSG: usf_vsc_log.cc, 53: USF: [WO] Last acceleration 3562 ms ago > threshold.
2026-02-17 19:09:02.870 1513-1513 AOC aocd D A3:MSG: usf_vsc_log.cc, 53: USF: [WO] z-axis rotation: 0
2026-02-17 19:09:02.870 1513-1513 AOC aocd D A3:MSG: usf_vsc_log.cc, 53: USF: [WO] Last flat 476 ms ago < threshold.
2026-02-17 19:09:02.870 1513-1513 AOC aocd D A3:MSG: usf_vsc_log.cc, 53: USF: [WO] Last swinging 511 ms ago > threshold.
2026-02-17 19:09:02.870 1513-1513 AOC aocd D A3:MSG: usf_vsc_log.cc, 53: USF: [WO] Tilt angle 62 Orientation angle 346
2026-02-17 19:09:02.870 1513-1513 AOC aocd D A3:MSG: usf_vsc_log.cc, 53: USF: [WO] Changed rotation to 0 at ts 70411177 ms, IMU 0
2026-02-17 19:09:02.906 1315-1385 WifiHAL ven...oogle.wifi_ext-service-vendor I Creating message to get link statistics; iface = 48
2026-02-17 19:09:02.979 2980-3013 IwlanDataService com.google.android.iwlan D onCapabilitiesChanged: 146 [ Transports: WIFI Capabilities: NOT_METERED&INTERNET&NOT_RESTRICTED&TRUSTED&NOT_VPN&VALIDATED&NOT_ROAMING&FOREGROUND&NOT_CONGESTED&NOT_SUSPENDED&NOT_VCN_MANAGED&NOT_BANDWIDTH_CONSTRAINED LinkUpBandwidth>=36456Kbps LinkDnBandwidth>=45840Kbps TransportInfo: <SSID: "KanaG", BSSID: ae:29:48:c9:c0:b1, MAC: 12:6d:f2:af:15:6b, IP: /192.168.1.71, Security type: 4, Supplicant state: COMPLETED, Wi-Fi standard: 11ax, RSSI: -73, Link speed: 68Mbps, Tx Link speed: 68Mbps, Max Supported Tx Link speed: 1200Mbps, Rx Link speed: 216Mbps, Max Supported Rx Link speed: 1200Mbps, Frequency: 5745MHz, Net ID: 157, Metered hint: false, score: 60, isUsable: true, CarrierMerged: false, SubscriptionId: -1, IsPrimary: 1, Trusted: true, Restricted: false, Ephemeral: false, OEM paid: false, OEM private: false, OSU AP: false, FQDN: <none>, Provider friendly name: <none>, Requesting package name: <none>"KanaG"wpa3-saeMLO Information: , Is TID-To-Link negotiation supported by the AP: false, AP MLD Address: <none>, AP MLO Link Id: <none>, AP MLO Affiliated links: <none>, Vendor Data: <none>> SignalStrength: -73 OwnerUid: 1000 AdminUids: [1000] SSID: "KanaG" UnderlyingNetworks: Null]
2026-02-17 19:09:02.980 2980-3013 IwlanDataService com.google.android.iwlan D Network 146 connected using transport WIFI
2026-02-17 19:09:02.980 2980-3220 IwlanNetworkService com.google.android.iwlan D onCapabilitiesChanged: 146
2026-02-17 19:09:02.981 3295-3390 DeviceStateHelper com.google.android.apps.scone D Wifi freq: 5745
2026-02-17 19:09:02.981 2669-3708 SHANNON_IMS com.shannon.imsservice W 5676 [CONN] NetworkSpecifier and TransportInfo are not valid (DefaultNetworkCallback%updateSubscriptionId:121)
2026-02-17 19:09:02.981 2669-3708 SHANNON_IMS com.shannon.imsservice I 5677 [CONN] network:146 WIFI connected, subId: -1 [SLID:1] (DefaultNetworkCallback%onCapabilitiesChanged:76)
2026-02-17 19:09:02.982 2645-3602 SHANNON_RCS com.shannon.rcsservice D 6034 [1][PROX][TELE] onCapabilitiesChanged, Network: 146, NetworkCapabilities: [ Transports: WIFI Capabilities: NOT_METERED&INTERNET&NOT_RESTRICTED&TRUSTED&NOT_VPN&VALIDATED&NOT_ROAMING&FOREGROUND&NOT_CONGESTED&NOT_SUSPENDED&NOT_VCN_MANAGED&NOT_BANDWIDTH_CONSTRAINED LinkUpBandwidth>=36456Kbps LinkDnBandwidth>=45840Kbps TransportInfo: <SSID: <unknown ssid>, BSSID: 02:00:00:00:00:00, MAC: 02:00:00:00:00:00, IP: /192.168.1.71, Security type: 4, Supplicant state: COMPLETED, Wi-Fi standard: 11ax, RSSI: -73, Link speed: 68Mbps, Tx Link speed: 68Mbps, Max Supported Tx Link speed: 1200Mbps, Rx Link speed: 216Mbps, Max Supported Rx Link speed: 1200Mbps, Frequency: 5745MHz, Net ID: -1, Metered hint: false, score: 60, isUsable: true, CarrierMerged: false, SubscriptionId: -1, IsPrimary: -1, Trusted: true, Restricted: false, Ephemeral: false, OEM paid: false, OEM private: false, OSU AP: false, FQDN: <none>, Provider friendly name: <none>, Requesting package name: <none><none>MLO Information: , Is TID-To-Link negotiation supported by the AP: false, AP MLD Address: <none>, AP MLO Link Id: <none>, AP MLO Affiliated links: <none>, Vendor Data: <none>> SignalStrength: -73 UnderlyingNetworks: Null] (DefaultNetworkCallback%onCapabilitiesChanged:76)
2026-02-17 19:09:02.984 4346-4737 BugleRcsEngine com...le.android.apps.messaging:rcs I Connected state: [1], networkType: [WIFI] [CONTEXT thread_id=57 ]
2026-02-17 19:09:02.985 4346-4923 BugleRcsEngine com...le.android.apps.messaging:rcs I handleMessage processing message:[NOTIFY_UPTIME_IGNORE_STATE_CHANGED] with [non-null]:RcsEngineImpl reference [CONTEXT log_prefix="RcsEngineImpl[DUAL_REG]:[eb1761c7-6afe]>Handler" thread_id=68 ]
2026-02-17 19:09:02.986 4346-4923 BugleRcsEngine com...le.android.apps.messaging:rcs I Cannot use CS.apk as it's battery optimized [CONTEXT thread_id=68 ]
2026-02-17 19:09:02.992 4346-4923 BugleRcsEngine com...le.android.apps.messaging:rcs I Rcs is enabled from user settings: true [CONTEXT log_prefix="ProvisioningEngineDataRetriever" thread_id=68 ]
2026-02-17 19:09:02.997 25835-25876 WM-NetworkStateTracker com.google.android.apps.messaging D Network capabilities changed: [ Transports: WIFI Capabilities: NOT_METERED&INTERNET&NOT_RESTRICTED&TRUSTED&NOT_VPN&VALIDATED&NOT_ROAMING&FOREGROUND&NOT_CONGESTED&NOT_SUSPENDED&NOT_VCN_MANAGED&NOT_BANDWIDTH_CONSTRAINED LinkUpBandwidth>=36456Kbps LinkDnBandwidth>=45840Kbps TransportInfo: <SSID: <unknown ssid>, BSSID: 02:00:00:00:00:00, MAC: 02:00:00:00:00:00, IP: /192.168.1.71, Security type: 4, Supplicant state: COMPLETED, Wi-Fi standard: 11ax, RSSI: -73, Link speed: 68Mbps, Tx Link speed: 68Mbps, Max Supported Tx Link speed: 1200Mbps, Rx Link speed: 216Mbps, Max Supported Rx Link speed: 1200Mbps, Frequency: 5745MHz, Net ID: -1, Metered hint: false, score: 60, isUsable: true, CarrierMerged: false, SubscriptionId: -1, IsPrimary: -1, Trusted: true, Restricted: false, Ephemeral: false, OEM paid: false, OEM private: false, OSU AP: false, FQDN: <none>, Provider friendly name: <none>, Requesting package name: <none><none>MLO Information: , Is TID-To-Link negotiation supported by the AP: false, AP MLD Address: <none>, AP MLO Link Id: <none>, AP MLO Affiliated links: <none>, Vendor Data: <none>> SignalStrength: -73 UnderlyingNetworks: Null]
2026-02-17 19:09:03.002 20975-21006 NullBinder com.google.android.gms.persistent I NullBinder for android.net.action.RECOMMEND_NETWORKS triggering remote TransactionTooLargeException due to Service without Chimera impl, calling uid: 1000, calling pid: 0
2026-02-17 19:09:03.002 20975-21006 libbinder.Binder com.google.android.gms.persistent W Large reply transaction of 1056768 bytes, interface descriptor , code 1, flags 17
2026-02-17 19:09:03.002 1271-1294 CHRE and...re.contexthub-service.generic D @ 70411.378: Parsed nanoapp message from host: app ID 0x476f6f676c00100b endpoint 0xf msgType 112 payload size 14
2026-02-17 19:09:03.002 1271-1294 CHRE and...re.contexthub-service.generic I @ 70411.378: [NanoMinion] received MSG Type 0x70, Version 1, 10 bytes
2026-02-17 19:09:03.002 1271-1294 CHRE and...re.contexthub-service.generic I @ 70411.378: [AR] context-signal: has_bt=0, bt=0, has_wifi=1, wifi=1
2026-02-17 19:09:03.004 1706-2278 ConnectivityService system_server D NetReassign [no changes] [c 1] [a 0] [i 4]
2026-02-17 19:09:03.500 20975-31966 NearbySharing com.google.android.gms.persistent I Network state changed: NetworkState(isRestricted=false, isOnline=true, isCongested=false, isMetered=false, isWifiConnected=true)
2026-02-17 19:09:03.551 1706-2208 AlarmManager system_server E Attempt to decrement existing alarm count 0 by 1 for uid 1000
2026-02-17 19:09:03.557 1706-2193 ActivityManager system_server D sync unfroze 22319 com.alibaba.intl.android.apps.poseidon:channel for 6
2026-02-17 19:09:03.561 1706-2193 ActivityManager system_server D sync unfroze 31027 com.alibaba.intl.android.apps.poseidon for 6
2026-02-17 19:09:03.562 1706-2193 ActivityManager system_server D sync unfroze 31454 com.alibaba.intl.android.apps.poseidon:normal_render_proc0 for 6
2026-02-17 19:09:03.567 1706-2193 JobServiceContext system_server W Sending onNetworkChanged for a job that isn't started. JobStatus{abe7e70 #u0a398/2050 com.alibaba.intl.android.apps.poseidon/com.taobao.accs.internal.AccsJobService u=0 s=10398 TIME=-21s236ms:-21s236ms NET READY}
2026-02-17 19:09:03.616 22319-22349 SQLiteLog com...android.apps.poseidon:channel W (28) double-quoted string literal: "networkPrefer"
2026-02-17 19:09:03.616 22319-22349 SQLiteLog com...android.apps.poseidon:channel W (28) double-quoted string literal: "amdcReqStrategySort"
2026-02-17 19:09:03.620 1706-2271 WifiConfigStore system_server D Writing to stores completed in 6 ms.
2026-02-17 19:09:03.654 1271-1294 CHRE and...re.contexthub-service.generic I @ 70412.029: [AR] inconsistent: 41.176471
2026-02-17 19:09:03.654 1271-1294 CHRE and...re.contexthub-service.generic D @ 70412.030: [ActivityPlatform] type 6, confidence 41
2026-02-17 19:09:03.658 31027-31027 CrashSDKBkgdHan com...ba.intl.android.apps.poseidon W type=1400 audit(0.0:12363): avc: denied { read } for name="loadavg" dev="proc" ino=4026532001 scontext=u:r:untrusted_app:s0:c142,c257,c512,c768 tcontext=u:object_r:proc_loadavg:s0 tclass=file permissive=0 app=com.alibaba.intl.android.apps.poseidon
2026-02-17 19:09:03.665 22319-22349 SQLiteLog com...android.apps.poseidon:channel W (28) double-quoted string literal: "mtopsdk"
2026-02-17 19:09:03.665 22319-22349 SQLiteLog com...android.apps.poseidon:channel W (28) double-quoted string literal: "signException"
2026-02-17 19:09:03.665 22319-22349 SQLiteLog com...android.apps.poseidon:channel W (28) double-quoted string literal: "networkPrefer"
2026-02-17 19:09:03.665 22319-22349 SQLiteLog com...android.apps.poseidon:channel W (28) double-quoted string literal: "nettype"
2026-02-17 19:09:03.666 22319-22349 SQLiteLog com...android.apps.poseidon:channel W (28) double-quoted string literal: "DinamicPreloadMonitor"
2026-02-17 19:09:03.666 22319-22349 SQLiteLog com...android.apps.poseidon:channel W (28) double-quoted string literal: "DinamicPreloadMonitor_Startup"
2026-02-17 19:09:03.666 22319-22349 SQLiteLog com...android.apps.poseidon:channel W (28) double-quoted string literal: "networkPrefer"
2026-02-17 19:09:03.666 22319-22349 SQLiteLog com...android.apps.poseidon:channel W (28) double-quoted string literal: "amdcAseResult"
2026-02-17 19:09:03.666 22319-22349 SQLiteLog com...android.apps.poseidon:channel W (28) double-quoted string literal: "WindVane"
2026-02-17 19:09:03.666 22319-22349 SQLiteLog com...android.apps.poseidon:channel W (28) double-quoted string literal: "PackageQueue"
2026-02-17 19:09:03.670 22319-22349 SQLiteLog com...android.apps.poseidon:channel W (28) double-quoted string literal: "WindVane"
2026-02-17 19:09:03.670 22319-22349 SQLiteLog com...android.apps.poseidon:channel W (28) double-quoted string literal: "PackageAppVisit"
2026-02-17 19:09:03.670 22319-22349 SQLiteLog com...android.apps.poseidon:channel W (28) double-quoted string literal: "WindVane"
2026-02-17 19:09:03.670 22319-22349 SQLiteLog com...android.apps.poseidon:channel W (28) double-quoted string literal: "WebPerformanceCheck"
2026-02-17 19:09:03.670 22319-22349 SQLiteLog com...android.apps.poseidon:channel W (28) double-quoted string literal: "WindVane"
2026-02-17 19:09:03.670 22319-22349 SQLiteLog com...android.apps.poseidon:channel W (28) double-quoted string literal: "PackageVisitStart"
2026-02-17 19:09:03.670 22319-22349 SQLiteLog com...android.apps.poseidon:channel W (28) double-quoted string literal: "WindVane"
2026-02-17 19:09:03.670 22319-22349 SQLiteLog com...android.apps.poseidon:channel W (28) double-quoted string literal: "PackageUpdateStart"
2026-02-17 19:09:03.671 1706-2112 CompatChangeReporter system_server D Compat change id reported: 311208629; UID 10398; state: ENABLED
2026-02-17 19:09:03.671 22319-22349 SQLiteLog com...android.apps.poseidon:channel W (28) double-quoted string literal: "WindVane"
2026-02-17 19:09:03.671 22319-22349 SQLiteLog com...android.apps.poseidon:channel W (28) double-quoted string literal: "PackageCleanUp"
2026-02-17 19:09:03.671 22319-22349 SQLiteLog com...android.apps.poseidon:channel W (28) double-quoted string literal: "WindVane"
2026-02-17 19:09:03.671 22319-22349 SQLiteLog com...android.apps.poseidon:channel W (28) double-quoted string literal: "WebViewStart"
2026-02-17 19:09:03.672 22319-22349 SQLiteLog com...android.apps.poseidon:channel W (28) double-quoted string literal: "WindVane"
2026-02-17 19:09:03.672 22319-22349 SQLiteLog com...android.apps.poseidon:channel W (28) double-quoted string literal: "Config"
2026-02-17 19:09:03.672 22319-22349 SQLiteLog com...android.apps.poseidon:channel W (28) double-quoted string literal: "WindVane"
2026-02-17 19:09:03.672 22319-22349 SQLiteLog com...android.apps.poseidon:channel W (28) double-quoted string literal: "StatusCode"
2026-02-17 19:09:03.674 31027-31455 u4native com...ba.intl.android.apps.poseidon E [InfoLevelMessage] [INFO:not_a_file.cc(0)] BrowserIOThread heartbeat, pid/tid: 31027/31455, interval/index: 30s/1, ucCoreSoImplVersion: 5.18.9.0_250713225318
2026-02-17 19:09:03.675 31027-31472 u4native com...ba.intl.android.apps.poseidon E [InfoLevelMessage] [INFO:not_a_file.cc(0)] NetworkServiceThread heartbeat, pid/tid: 31027/31472, interval/index: 30s/1
2026-02-17 19:09:03.679 22319-22349 SQLiteLog com...android.apps.poseidon:channel W (28) double-quoted string literal: "WindVane"
2026-02-17 19:09:03.679 22319-22349 SQLiteLog com...android.apps.poseidon:channel W (28) double-quoted string literal: "PackageApp"
2026-02-17 19:09:03.679 22319-22349 SQLiteLog com...android.apps.poseidon:channel W (28) double-quoted string literal: "WindVane"
2026-02-17 19:09:03.679 22319-22349 SQLiteLog com...android.apps.poseidon:channel W (28) double-quoted string literal: "JSBridgeReturn"
2026-02-17 19:09:03.680 22319-22349 SQLiteLog com...android.apps.poseidon:channel W (28) double-quoted string literal: "WindVane"
2026-02-17 19:09:03.680 22319-22349 SQLiteLog com...android.apps.poseidon:channel W (28) double-quoted string literal: "WVInitTime"
2026-02-17 19:09:03.680 22319-22349 SQLiteLog com...android.apps.poseidon:channel W (28) double-quoted string literal: "ZCache"
2026-02-17 19:09:03.680 22319-22349 SQLiteLog com...android.apps.poseidon:channel W (28) double-quoted string literal: "DiurnalOverview"
2026-02-17 19:09:03.680 22319-22349 SQLiteLog com...android.apps.poseidon:channel W (28) double-quoted string literal: "ZCache"
2026-02-17 19:09:03.680 22319-22349 SQLiteLog com...android.apps.poseidon:channel W (28) double-quoted string literal: "ZCacheDownLoadTime"
2026-02-17 19:09:03.681 22319-22349 SQLiteLog com...android.apps.poseidon:channel W (28) double-quoted string literal: "WindVane"
2026-02-17 19:09:03.681 22319-22349 SQLiteLog com...android.apps.poseidon:channel W (28) double-quoted string literal: "WebViewWrapType"
2026-02-17 19:09:03.681 22319-22349 SQLiteLog com...android.apps.poseidon:channel W (28) double-quoted string literal: "WindVane"
2026-02-17 19:09:03.681 22319-22349 SQLiteLog com...android.apps.poseidon:channel W (28) double-quoted string literal: "CoreInitTime"
2026-02-17 19:09:03.681 22319-22349 SQLiteLog com...android.apps.poseidon:channel W (28) double-quoted string literal: "WindVane"
2026-02-17 19:09:03.681 22319-22349 SQLiteLog com...android.apps.poseidon:channel W (28) double-quoted string literal: "CoreTypeByPV"
2026-02-17 19:09:03.682 22319-22349 SQLiteLog com...android.apps.poseidon:channel W (28) double-quoted string literal: "WindVane"
2026-02-17 19:09:03.682 22319-22349 SQLiteLog com...android.apps.poseidon:channel W (28) double-quoted string literal: "MultiProcess"
2026-02-17 19:09:03.682 22319-22349 SQLiteLog com...android.apps.poseidon:channel W (28) double-quoted string literal: "WindVane"
2026-02-17 19:09:03.682 22319-22349 SQLiteLog com...android.apps.poseidon:channel W (28) double-quoted string literal: "ParamParseError"
2026-02-17 19:09:03.682 22319-22349 SQLiteLog com...android.apps.poseidon:channel W (28) double-quoted string literal: "WindVane"
2026-02-17 19:09:03.682 22319-22349 SQLiteLog com...android.apps.poseidon:channel W (28) double-quoted string literal: "UseWebGl"
2026-02-17 19:09:03.683 22319-22349 SQLiteLog com...android.apps.poseidon:channel W (28) double-quoted string literal: "WindVane"
2026-02-17 19:09:03.683 22319-22349 SQLiteLog com...android.apps.poseidon:channel W (28) double-quoted string literal: "MultiProcessByPV"
2026-02-17 19:09:03.683 22319-22349 SQLiteLog com...android.apps.poseidon:channel W (28) double-quoted string literal: "WindVane"
2026-02-17 19:09:03.683 22319-22349 SQLiteLog com...android.apps.poseidon:channel W (28) double-quoted string literal: "H5"
2026-02-17 19:09:03.683 22319-22349 SQLiteLog com...android.apps.poseidon:channel W (28) double-quoted string literal: "WindVane"
2026-02-17 19:09:03.683 22319-22349 SQLiteLog com...android.apps.poseidon:channel W (28) double-quoted string literal: "H5_2"
2026-02-17 19:09:03.683 22319-22349 SQLiteLog com...android.apps.poseidon:channel W (28) double-quoted string literal: "WindVane"
2026-02-17 19:09:03.683 22319-22349 SQLiteLog com...android.apps.poseidon:channel W (28) double-quoted string literal: "H5_3"
2026-02-17 19:09:03.684 22319-22349 SQLiteLog com...android.apps.poseidon:channel W (28) double-quoted string literal: "WindVane"
2026-02-17 19:09:03.684 22319-22349 SQLiteLog com...android.apps.poseidon:channel W (28) double-quoted string literal: "H5_4"
2026-02-17 19:09:03.684 22319-22349 SQLiteLog com...android.apps.poseidon:channel W (28) double-quoted string literal: "WindVane"
2026-02-17 19:09:03.684 22319-22349 SQLiteLog com...android.apps.poseidon:channel W (28) double-quoted string literal: "H5_5"
2026-02-17 19:09:03.685 22319-22349 SQLiteLog com...android.apps.poseidon:channel W (28) double-quoted string literal: "accs"
2026-02-17 19:09:03.685 22319-22349 SQLiteLog com...android.apps.poseidon:channel W (28) double-quoted string literal: "conn_performance"
2026-02-17 19:09:03.685 22319-22349 SQLiteLog com...android.apps.poseidon:channel W (28) double-quoted string literal: "networkPrefer"
2026-02-17 19:09:03.685 22319-22349 SQLiteLog com...android.apps.poseidon:channel W (28) double-quoted string literal: "CustomFrame"
2026-02-17 19:09:03.685 22319-22349 SQLiteLog com...android.apps.poseidon:channel W (28) double-quoted string literal: "PreConnectWebView"
2026-02-17 19:09:03.685 22319-22349 SQLiteLog com...android.apps.poseidon:channel W (28) double-quoted string literal: "PreConnectHost"
2026-02-17 19:09:03.686 31454-31460 al_render_proc0 com....poseidon:normal_render_proc0 W userfaultfd: MOVE ioctl seems unsupported: Connection timed out
2026-02-17 19:09:03.686 22319-22349 SQLiteLog com...android.apps.poseidon:channel W (28) double-quoted string literal: "TLOG_MONITOR"
2026-02-17 19:09:03.686 22319-22349 SQLiteLog com...android.apps.poseidon:channel W (28) double-quoted string literal: "TLOG_MONITOR_STAGE"
2026-02-17 19:09:03.686 22319-22349 SQLiteLog com...android.apps.poseidon:channel W (28) double-quoted string literal: "networkPrefer"
2026-02-17 19:09:03.686 22319-22349 SQLiteLog com...android.apps.poseidon:channel W (28) double-quoted string literal: "flow"
2026-02-17 19:09:03.686 22319-22349 SQLiteLog com...android.apps.poseidon:channel W (28) double-quoted string literal: "networkAnalysis"
2026-02-17 19:09:03.686 22319-22349 SQLiteLog com...android.apps.poseidon:channel W (28) double-quoted string literal: "full_trace"
2026-02-17 19:09:03.687 22319-22349 SQLiteLog com...android.apps.poseidon:channel W (28) double-quoted string literal: "mtopsdk"
2026-02-17 19:09:03.687 22319-22349 SQLiteLog com...android.apps.poseidon:channel W (28) double-quoted string literal: "mtopStats"
2026-02-17 19:09:03.687 22319-22349 SQLiteLog com...android.apps.poseidon:channel W (28) double-quoted string literal: "mtopsdk"
2026-02-17 19:09:03.687 22319-22349 SQLiteLog com...android.apps.poseidon:channel W (28) double-quoted string literal: "mtopExceptions"
2026-02-17 19:09:03.687 22319-22349 SQLiteLog com...android.apps.poseidon:channel W (28) double-quoted string literal: "mtopsdk"
2026-02-17 19:09:03.687 22319-22349 SQLiteLog com...android.apps.poseidon:channel W (28) double-quoted string literal: "baxiaAction"
2026-02-17 19:09:03.688 22319-22349 SQLiteLog com...android.apps.poseidon:channel W (28) double-quoted string literal: "networkPrefer"
2026-02-17 19:09:03.688 22319-22349 SQLiteLog com...android.apps.poseidon:channel W (28) double-quoted string literal: "amdcResult"
2026-02-17 19:09:03.688 22319-22349 SQLiteLog com...android.apps.poseidon:channel W (28) double-quoted string literal: "networkPrefer"
2026-02-17 19:09:03.689 22319-22349 SQLiteLog com...android.apps.poseidon:channel W (28) double-quoted string literal: "amdc"
2026-02-17 19:09:03.689 22319-22349 SQLiteLog com...android.apps.poseidon:channel W (28) double-quoted string literal: "networkPrefer"
2026-02-17 19:09:03.689 22319-22349 SQLiteLog com...android.apps.poseidon:channel W (28) double-quoted string literal: "netDetect"
2026-02-17 19:09:03.689 22319-22349 SQLiteLog com...android.apps.poseidon:channel W (28) double-quoted string literal: "networkPrefer"
2026-02-17 19:09:03.689 22319-22349 SQLiteLog com...android.apps.poseidon:channel W (28) double-quoted string literal: "netDetectError"
2026-02-17 19:09:03.690 22319-22349 SQLiteLog com...android.apps.poseidon:channel W (28) double-quoted string literal: "ZCache"
2026-02-17 19:09:03.690 22319-22349 SQLiteLog com...android.apps.poseidon:channel W (28) double-quoted string literal: "Storage"
2026-02-17 19:09:03.690 22319-22349 SQLiteLog com...android.apps.poseidon:channel W (28) double-quoted string literal: "ZCache"
2026-02-17 19:09:03.690 22319-22349 SQLiteLog com...android.apps.poseidon:channel W (28) double-quoted string literal: "ConfigUpdate"
2026-02-17 19:09:03.690 22319-22349 SQLiteLog com...android.apps.poseidon:channel W (28) double-quoted string literal: "ZCache"
2026-02-17 19:09:03.690 22319-22349 SQLiteLog com...android.apps.poseidon:channel W (28) double-quoted string literal: "ModuleCacheInit"
2026-02-17 19:09:03.690 22319-22349 SQLiteLog com...android.apps.poseidon:channel W (28) double-quoted string literal: "impaas_engine"
2026-02-17 19:09:03.690 22319-22349 SQLiteLog com...android.apps.poseidon:channel W (28) double-quoted string literal: "impaas_createmgr_time"
2026-02-17 19:09:03.691 22319-22349 SQLiteLog com...android.apps.poseidon:channel W (28) double-quoted string literal: "impaas_dt_gaea"
2026-02-17 19:09:03.691 22319-22349 SQLiteLog com...android.apps.poseidon:channel W (28) double-quoted string literal: "impaas_lwp_connect"
2026-02-17 19:09:03.691 22319-22349 SQLiteLog com...android.apps.poseidon:channel W (28) double-quoted string literal: "impaas_auth"
2026-02-17 19:09:03.691 22319-22349 SQLiteLog com...android.apps.poseidon:channel W (28) double-quoted string literal: "impaas_login_time"
2026-02-17 19:09:03.693 22319-22349 SQLiteLog com...android.apps.poseidon:channel W (28) double-quoted string literal: "impaas_dt_gaea"
2026-02-17 19:09:03.693 22319-22349 SQLiteLog com...android.apps.poseidon:channel W (28) double-quoted string literal: "impaas_idl_result"
2026-02-17 19:09:03.694 22319-22349 SQLiteLog com...android.apps.poseidon:channel W (28) double-quoted string literal: "impaas_dt_gaea"
2026-02-17 19:09:03.694 22319-22349 SQLiteLog com...android.apps.poseidon:channel W (28) double-quoted string literal: "impaas_lwp_transaction"
2026-02-17 19:09:03.694 22319-22349 SQLiteLog com...android.apps.poseidon:channel W (28) double-quoted string literal: "networkPrefer"
2026-02-17 19:09:03.694 22319-22349 SQLiteLog com...android.apps.poseidon:channel W (28) double-quoted string literal: "session"
2026-02-17 19:09:03.694 22319-22349 SQLiteLog com...android.apps.poseidon:channel W (28) double-quoted string literal: "impaas_dt_gaea"
2026-02-17 19:09:03.694 22319-22349 SQLiteLog com...android.apps.poseidon:channel W (28) double-quoted string literal: "impaas_lwp_status"
2026-02-17 19:09:03.695 22319-22349 SQLiteLog com...android.apps.poseidon:channel W (28) double-quoted string literal: "accs"
2026-02-17 19:09:03.695 22319-22349 SQLiteLog com...android.apps.poseidon:channel W (28) double-quoted string literal: "netperformance"
2026-02-17 19:09:03.708 31454-31462 System com....poseidon:normal_render_proc0 W A resource failed to call close.
2026-02-17 19:09:03.715 31027-31052 DEBUG com...ba.intl.android.apps.poseidon I begin to generate unexp report
2026-02-17 19:09:03.739 31027-31402 nativeloader com...ba.intl.android.apps.poseidon D Load /data/app/~~B6UNwXUmEKZ62MZQoLFrWA==/com.alibaba.intl.android.apps.poseidon-GqWLGSY6v-OmriONhdsOjw==/lib/arm64/libaidcnetdetect.so using class loader ns clns-10 (caller=/data/app/~~B6UNwXUmEKZ62MZQoLFrWA==/com.alibaba.intl.android.apps.poseidon-GqWLGSY6v-OmriONhdsOjw==/base.apk!classes3.dex): ok
2026-02-17 19:09:03.739 31027-31402 AIDCNetDetect com...ba.intl.android.apps.poseidon W aidcnetdetect ver 1.0.1, compile time: Jul 17 2025 14:07:35
2026-02-17 19:09:03.746 32293-32293 System.out com.scmessenger.android I Debug.suspendAllAndSendVmStart, resumed
2026-02-17 19:09:03.748 1706-1767 WindowOnBackDispatcher system_server D setTopOnBackInvokedCallback (unwrapped): null
2026-02-17 19:09:03.748 1706-1767 CoreBackPreview system_server D Window{98bd1fa u0 Waiting For Debugger: com.scmessenger.android}: Setting back callback null
2026-02-17 19:09:03.765 31027-31118 System.err com...ba.intl.android.apps.poseidon W java.lang.NoSuchFieldError: No field firstStreamDataLatency of type D in class Lorg/android/spdy/SuperviseConnectInfo; or its superclasses (declaration of 'org.android.spdy.SuperviseConnectInfo' appears in /data/app/~~B6UNwXUmEKZ62MZQoLFrWA==/com.alibaba.intl.android.apps.poseidon-GqWLGSY6v-OmriONhdsOjw==/base.apk!classes5.dex)
2026-02-17 19:09:03.765 31027-31118 System.err com...ba.intl.android.apps.poseidon W at mp9.spdySessionCloseCallback(TnetSpdySession.java:141)
2026-02-17 19:09:03.765 31027-31118 System.err com...ba.intl.android.apps.poseidon W at org.android.spdy.a.spdySessionCloseCallback(SpdySessionCallBack.java:12)
2026-02-17 19:09:03.765 31027-31118 System.err com...ba.intl.android.apps.poseidon W at org.android.spdy.SpdyAgent.spdySessionCloseCallback(SpdyAgent.java:83)
2026-02-17 19:09:03.770 1706-1769 WindowManager system_server V Unknown focus tokens, dropping reportFocusChanged
2026-02-17 19:09:03.770 32293-32293 WM-WrkMgrInitializer com.scmessenger.android D Initializing WorkManager with default configuration.
2026-02-17 19:09:03.807 31027-32347 [ark] jni_util com...ba.intl.android.apps.poseidon V AutoDetachFromVMWhenThreadExit
2026-02-17 19:09:03.810 32293-32348 ashmem com.scmessenger.android E Pinning is deprecated since Android Q. Please use trim or other methods.
2026-02-17 19:09:03.811 32293-32293 MeshApplication com.scmessenger.android I SCMessenger application started
2026-02-17 19:09:03.814 1706-2328 Background...rolService system_server D Package event received: 0
2026-02-17 19:09:03.815 1706-2328 Background...rolService system_server D Package event received: 0
2026-02-17 19:09:03.814 31027-31027 CrashSDKBkgdHan com...ba.intl.android.apps.poseidon W type=1400 audit(0.0:12364): avc: denied { read } for name="anr" dev="dm-58" ino=23 scontext=u:r:untrusted_app:s0:c142,c257,c512,c768 tcontext=u:object_r:anr_data_file:s0 tclass=dir permissive=0 app=com.alibaba.intl.android.apps.poseidon
2026-02-17 19:09:03.827 31027-31052 crashsdk com...ba.intl.android.apps.poseidon I handle unexp, anr: 0, low mem: 0, killed: 0, exited: 0, restart: 0. subtypes: 524288, subtypes(legacy): 512, expect subtypes: 267386112
2026-02-17 19:09:03.840 32293-32293 BootReceiver com.scmessenger.android I Boot completed, checking auto-start preference
2026-02-17 19:09:03.843 1706-2527 BroadcastQueue system_server I BOOT_COMPLETED_BROADCAST_COMPLETION_LATENCY_REPORTED action:android.intent.action.BOOT_COMPLETED dispatchLatency:0 completeLatency:1885 dispatchRealLatency:0 completeRealLatency:1885 receiversSize:1 userId:0 userType:android.os.usertype.full.SYSTEM
2026-02-17 19:09:03.844 32293-32353 DisplayManager com.scmessenger.android I Choreographer implicitly registered for the refresh rate.
2026-02-17 19:09:03.845 32293-32353 vulkan com.scmessenger.android D searching for layers in '/data/app/~~G9t5p29J0Zr8YNmb0oiLXQ==/com.scmessenger.android-Yl_zpcJFOQ5QOdVe1n39pw==/lib/arm64'
2026-02-17 19:09:03.846 32293-32353 vulkan com.scmessenger.android D searching for layers in '/data/app/~~G9t5p29J0Zr8YNmb0oiLXQ==/com.scmessenger.android-Yl_zpcJFOQ5QOdVe1n39pw==/base.apk!/lib/arm64-v8a'
2026-02-17 19:09:03.847 32293-32353 DMABUFHEAPS com.scmessenger.android I Using DMA-BUF heap named: vframe-secure
2026-02-17 19:09:03.852 32293-32293 DesktopExperienceFlags com.scmessenger.android D Toggle override initialized to: false
2026-02-17 19:09:03.858 32293-32293 MainActivity com.scmessenger.android D MainActivity created
2026-02-17 19:09:03.865 32293-32293 DesktopModeFlags com.scmessenger.android D Toggle override initialized to: OVERRIDE_UNSET
2026-02-17 19:09:03.879 32293-32293 ContentCaptureHelper com.scmessenger.android I Setting logging level to OFF
2026-02-17 19:09:03.885 32293-32293 MainActivity com.scmessenger.android D MainActivity resumed
2026-02-17 19:09:03.906 32355-32355 ps pid-32355 W type=1400 audit(0.0:12365): avc: denied { read } for name="pid_max" dev="proc" ino=1755458 scontext=u:r:untrusted_app:s0:c142,c257,c512,c768 tcontext=u:object_r:proc_pid_max:s0 tclass=file permissive=0 app=com.alibaba.intl.android.apps.poseidon
2026-02-17 19:09:03.924 31027-31052 DEBUG com...ba.intl.android.apps.poseidon I generate unexp report finished
2026-02-17 19:09:03.961 32293-32293 ssenger.android com.scmessenger.android W Method java.lang.Object androidx.compose.runtime.snapshots.SnapshotStateMap.mutate(kotlin.jvm.functions.Function1) failed lock verification and will run slower.
Common causes for lock verification issues are non-optimized dex code
and incorrect proguard optimizations.
2026-02-17 19:09:03.961 32293-32293 ssenger.android com.scmessenger.android W Method void androidx.compose.runtime.snapshots.SnapshotStateMap.update(kotlin.jvm.functions.Function1) failed lock verification and will run slower.
2026-02-17 19:09:03.961 32293-32293 ssenger.android com.scmessenger.android W Method boolean androidx.compose.runtime.snapshots.SnapshotStateMap.removeIf$runtime_release(kotlin.jvm.functions.Function1) failed lock verification and will run slower.
2026-02-17 19:09:04.016 32293-32293 MeshRepository          com.scmessenger.android              D  MeshRepository initialized with storage: /data/user/0/com.scmessenger.android/files
2026-02-17 19:09:04.022 32293-32293 nativeloader            com.scmessenger.android              D  Load /data/app/~~G9t5p29J0Zr8YNmb0oiLXQ==/com.scmessenger.android-Yl_zpcJFOQ5QOdVe1n39pw==/lib/arm64/libjnidispatch.so using class loader ns clns-9 (caller=/data/app/~~G9t5p29J0Zr8YNmb0oiLXQ==/com.scmessenger.android-Yl_zpcJFOQ5QOdVe1n39pw==/base.apk!classes15.dex): ok
2026-02-17 19:09:04.055 32293-32293 MeshRepository          com.scmessenger.android              I  All managers initialized successfully
2026-02-17 19:09:04.056 32293-32293 MeshRepository          com.scmessenger.android              D  Lazy starting MeshService for Identity access...
2026-02-17 19:09:04.058 32293-32293 MeshRepository          com.scmessenger.android              D  Starting MeshService...
2026-02-17 19:09:04.068 32293-32293 CompatChangeReporter    com.scmessenger.android              D  Compat change id reported: 263076149; UID 10349; state: ENABLED
2026-02-17 19:09:04.073 32293-32293 BluetoothAdapter        com.scmessenger.android              D  isLeEnabled(): ON
2026-02-17 19:09:04.075 17562-17665 bt_shim_scanner         com.google.android.bluetooth         I  system/main/shim/le_scanning_manager.cc:138 RegisterScanner: in shim layer, UUID=0a28c143-e55b-4c8b-b821-5d957d542f7c
2026-02-17 19:09:04.075 32293-32303 BluetoothLeScanner      com.scmessenger.android              D  onScannerRegistered() - status=0 scannerId=3 mScannerId=0
2026-02-17 19:09:04.080 32293-32293 BleScanner              com.scmessenger.android              I  BLE Scanning started (background=false)
2026-02-17 19:09:04.080 17562-17604 bt_shim_scanner         com.google.android.bluetooth         I  system/main/shim/le_scanning_manager.cc:243 ScanFilterEnable: in shim layer
2026-02-17 19:09:04.080 17562-17604 bt_shim_scanner         com.google.android.bluetooth         I  system/main/shim/le_scanning_manager.cc:220 ScanFilterAdd: in shim layer
2026-02-17 19:09:04.080 32293-32293 BleScanner              com.scmessenger.android              D  Duty cycle started: 10000ms scan / 30000ms interval
2026-02-17 19:09:04.080 17562-17604 bt_shim_scanner         com.google.android.bluetooth         I  system/main/shim/le_scanning_manager.cc:187 ScanFilterParamSetup: in shim layer, clientIf=3
2026-02-17 19:09:04.081 32293-32293 AdvertiseSettings       com.scmessenger.android              D  setTxPowerLevel: 2
2026-02-17 19:09:04.081 32293-32293 BluetoothAdapter        com.scmessenger.android              D  isLeEnabled(): ON
2026-02-17 19:09:04.081 17562-17604 bt_shim_scanner         com.google.android.bluetooth         I  system/main/shim/le_scanning_manager.cc:150 Scan: in shim layer stopped
2026-02-17 19:09:04.081 17562-17604 bt_shim_scanner         com.google.android.bluetooth         I  system/main/shim/le_scanning_manager.cc:319 SetScanParameters: in shim layer, scannerId1m=3, scannerIdCoded=0
2026-02-17 19:09:04.081 17562-17604 bt_shim_scanner         com.google.android.bluetooth         I  system/main/shim/le_scanning_manager.cc:150 Scan: in shim layer started
2026-02-17 19:09:04.081 32293-32293 BluetoothLeAdvertiser   com.scmessenger.android              D  TxPower == ADVERTISE_TX_POWER_MEDIUM
2026-02-17 19:09:04.081 32293-32293 BluetoothAdapter        com.scmessenger.android              D  isLeEnabled(): ON
2026-02-17 19:09:04.084 17562-17608 bt_shim_advertiser      com.google.android.bluetooth         I  system/main/shim/le_advertising_manager.cc:161 StartAdvertisingSet: in shim layer
2026-02-17 19:09:04.084 17562-17608 bt_shim_advertiser      com.google.android.bluetooth         I  system/main/shim/le_advertising_manager.cc:188 StartAdvertisingSet: create advertising set, client_id:255, reg_id:-7
2026-02-17 19:09:04.086 32293-32293 WifiTransportManager    com.scmessenger.android              D  WifiTransportManager initialized
2026-02-17 19:09:04.087  1706-2271  WifiP2pService          system_server                        D  Update WorkSource UID=10349 active=true
2026-02-17 19:09:04.087  1706-2271  WifiP2pService          system_server                        D  Requestor WorkSource: WorkSource{10349 com.scmessenger.android}
2026-02-17 19:09:04.087  1706-2271  WifiP2pService          system_server                        D  Requestor WorkSource: WorkSource{10349 com.scmessenger.android}
2026-02-17 19:09:04.087  1706-2271  WifiP2pNative           system_server                        D  Setup P2P interface
2026-02-17 19:09:04.090  1315-1385  WifiHAL                 ven...oogle.wifi_ext-service-vendor  D  Start debug command: mType GET_FEATURE
2026-02-17 19:09:04.090  1315-1385  WifiHAL                 ven...oogle.wifi_ext-service-vendor  I  CreateRequest mType = GET_FEATURE
2026-02-17 19:09:04.090  1315-1385  WifiHAL                 ven...oogle.wifi_ext-service-vendor  D  In DebugCommand::handleResponse, mType:GET_FEATURE
2026-02-17 19:09:04.090  1315-1385  WifiHAL                 ven...oogle.wifi_ext-service-vendor  D  len = 4, expected len = 4
2026-02-17 19:09:04.091 32293-32293 MeshRepository          com.scmessenger.android              E  Failed to initialize Swarm transport
2026-02-17 19:09:04.091 32293-32293 MeshRepository          com.scmessenger.android              E  uniffi.api.InternalException: there is no reactor running, must be called from the context of a Tokio 1.x runtime
2026-02-17 19:09:04.091 32293-32293 MeshRepository          com.scmessenger.android              E  	at uniffi.api.ApiKt.uniffiCheckCallStatus(api.kt:268)
2026-02-17 19:09:04.091 32293-32293 MeshRepository          com.scmessenger.android              E  	at uniffi.api.ApiKt.access$uniffiCheckCallStatus(api.kt:1)
2026-02-17 19:09:04.091 32293-32293 MeshRepository com.scmessenger.android E at uniffi.api.MeshService.startSwarm(api.kt:6379)
2026-02-17 19:09:04.091 32293-32293 MeshRepository com.scmessenger.android E at com.scmessenger.android.data.MeshRepository.initializeAndStartSwarm(MeshRepository.kt:250)
2026-02-17 19:09:04.091 32293-32293 MeshRepository com.scmessenger.android E at com.scmessenger.android.data.MeshRepository.startMeshService(MeshRepository.kt:179)
2026-02-17 19:09:04.091 32293-32293 MeshRepository com.scmessenger.android E at com.scmessenger.android.data.MeshRepository.ensureServiceInitialized(MeshRepository.kt:493)
2026-02-17 19:09:04.091 32293-32293 MeshRepository com.scmessenger.android E at com.scmessenger.android.data.MeshRepository.isIdentityInitialized(MeshRepository.kt:460)
2026-02-17 19:09:04.091 32293-32293 MeshRepository com.scmessenger.android E at com.scmessenger.android.ui.viewmodels.MainViewModel$checkIdentity$1.invokeSuspend(MainViewModel.kt:26)
2026-02-17 19:09:04.091 32293-32293 MeshRepository          com.scmessenger.android              E  	at kotlin.coroutines.jvm.internal.BaseContinuationImpl.resumeWith(ContinuationImpl.kt:33)
2026-02-17 19:09:04.091 32293-32293 MeshRepository          com.scmessenger.android              E  	at kotlinx.coroutines.internal.DispatchedContinuationKt.resumeCancellableWith(DispatchedContinuation.kt:367)
2026-02-17 19:09:04.091 32293-32293 MeshRepository          com.scmessenger.android              E  	at kotlinx.coroutines.intrinsics.CancellableKt.startCoroutineCancellable(Cancellable.kt:30)
2026-02-17 19:09:04.091 32293-32293 MeshRepository          com.scmessenger.android              E  	at kotlinx.coroutines.intrinsics.CancellableKt.startCoroutineCancellable$default(Cancellable.kt:25)
2026-02-17 19:09:04.091 32293-32293 MeshRepository com.scmessenger.android E at kotlinx.coroutines.CoroutineStart.invoke(CoroutineStart.kt:110)
2026-02-17 19:09:04.091 32293-32293 MeshRepository com.scmessenger.android E at kotlinx.coroutines.AbstractCoroutine.start(AbstractCoroutine.kt:126)
2026-02-17 19:09:04.091 32293-32293 MeshRepository com.scmessenger.android E at kotlinx.coroutines.BuildersKt**Builders_commonKt.launch(Builders.common.kt:56)
2026-02-17 19:09:04.091 32293-32293 MeshRepository com.scmessenger.android E at kotlinx.coroutines.BuildersKt.launch(Unknown Source:1)
2026-02-17 19:09:04.091 32293-32293 MeshRepository com.scmessenger.android E at kotlinx.coroutines.BuildersKt**Builders_commonKt.launch$default(Builders.common.kt:47)
2026-02-17 19:09:04.091 32293-32293 MeshRepository          com.scmessenger.android              E  	at kotlinx.coroutines.BuildersKt.launch$default(Unknown Source:1)
2026-02-17 19:09:04.091 32293-32293 MeshRepository com.scmessenger.android E at com.scmessenger.android.ui.viewmodels.MainViewModel.checkIdentity(MainViewModel.kt:25)
2026-02-17 19:09:04.091 32293-32293 MeshRepository com.scmessenger.android E at com.scmessenger.android.ui.viewmodels.MainViewModel.<init>(MainViewModel.kt:21)
2026-02-17 19:09:04.091 32293-32293 MeshRepository com.scmessenger.android E at com.scmessenger.android.DaggerMeshApplication_HiltComponents_SingletonC$ViewModelCImpl$SwitchingProvider.get(DaggerMeshApplication_HiltComponents_SingletonC.java:504)
2026-02-17 19:09:04.091 32293-32293 MeshRepository com.scmessenger.android E at dagger.hilt.android.internal.lifecycle.HiltViewModelFactory$2.createViewModel(HiltViewModelFactory.java:133)
2026-02-17 19:09:04.091 32293-32293 MeshRepository          com.scmessenger.android              E  	at dagger.hilt.android.internal.lifecycle.HiltViewModelFactory$2.create(HiltViewModelFactory.java:104)
2026-02-17 19:09:04.091 32293-32293 MeshRepository          com.scmessenger.android              E  	at dagger.hilt.android.internal.lifecycle.HiltViewModelFactory.create(HiltViewModelFactory.java:171)
2026-02-17 19:09:04.091 32293-32293 MeshRepository          com.scmessenger.android              E  	at androidx.lifecycle.ViewModelProvider.get(ViewModelProvider.kt:187)
2026-02-17 19:09:04.091 32293-32293 MeshRepository          com.scmessenger.android              E  	at androidx.lifecycle.ViewModelProvider.get(ViewModelProvider.kt:153)
2026-02-17 19:09:04.091 32293-32293 MeshRepository          com.scmessenger.android              E  	at androidx.lifecycle.viewmodel.compose.ViewModelKt.get(ViewModel.kt:215)
2026-02-17 19:09:04.091 32293-32293 MeshRepository          com.scmessenger.android              E  	at androidx.lifecycle.viewmodel.compose.ViewModelKt.viewModel(ViewModel.kt:156)
2026-02-17 19:09:04.091 32293-32293 MeshRepository          com.scmessenger.android              E  	at com.scmessenger.android.ui.MeshAppKt.MeshApp(MeshApp.kt:161)
2026-02-17 19:09:04.091 32293-32293 MeshRepository          com.scmessenger.android              E  	at com.scmessenger.android.ui.ComposableSingletons$MainActivityKt$lambda-1$1.invoke(MainActivity.kt:33)
2026-02-17 19:09:04.091 32293-32293 MeshRepository          com.scmessenger.android              E  	at com.scmessenger.android.ui.ComposableSingletons$MainActivityKt$lambda-1$1.invoke(MainActivity.kt:32)
2026-02-17 19:09:04.091 32293-32293 MeshRepository          com.scmessenger.android              E  	at androidx.compose.runtime.internal.ComposableLambdaImpl.invoke(ComposableLambda.jvm.kt:108)
2026-02-17 19:09:04.091 32293-32293 MeshRepository          com.scmessenger.android              E  	at androidx.compose.runtime.internal.ComposableLambdaImpl.invoke(ComposableLambda.jvm.kt:35)
2026-02-17 19:09:04.091 22319-22357 Settings                com...android.apps.poseidon:channel  W  Setting adb_enabled has moved from android.provider.Settings.Secure to android.provider.Settings.Global.
2026-02-17 19:09:04.091 32293-32293 MeshRepository          com.scmessenger.android              E  	at androidx.compose.material3.SurfaceKt$Surface$1.invoke(Surface.kt:132)
2026-02-17 19:09:04.091 32293-32293 MeshRepository          com.scmessenger.android              E  	at androidx.compose.material3.SurfaceKt$Surface$1.invoke(Surface.kt:114)
2026-02-17 19:09:04.091 32293-32293 MeshRepository          com.scmessenger.android              E  	at androidx.compose.runtime.internal.ComposableLambdaImpl.invoke(ComposableLambda.jvm.kt:108)
2026-02-17 19:09:04.091 32293-32293 MeshRepository          com.scmessenger.android              E  	at androidx.compose.runtime.internal.ComposableLambdaImpl.invoke(ComposableLambda.jvm.kt:35)
2026-02-17 19:09:04.091 32293-32293 MeshRepository          com.scmessenger.android              E  	at androidx.compose.runtime.CompositionLocalKt.CompositionLocalProvider(CompositionLocal.kt:228)
2026-02-17 19:09:04.091 32293-32293 MeshRepository          com.scmessenger.android              E  	at androidx.compose.material3.SurfaceKt.Surface-T9BRK9s(Surface.kt:111)
2026-02-17 19:09:04.091 32293-32293 MeshRepository          com.scmessenger.android              E  	at com.scmessenger.android.ui.ComposableSingletons$MainActivityKt$lambda-2$1.invoke(MainActivity.kt:29)
2026-02-17 19:09:04.091 32293-32293 MeshRepository          com.scmessenger.android              E  	at com.scmessenger.android.ui.ComposableSingletons$MainActivityKt$lambda-2$1.invoke(MainActivity.kt:28)
2026-02-17 19:09:04.091 32293-32293 MeshRepository          com.scmessenger.android              E  	at androidx.compose.runtime.internal.ComposableLambdaImpl.invoke(ComposableLambda.jvm.kt:108)
2026-02-17 19:09:04.091 32293-32293 MeshRepository          com.scmessenger.android              E  	at androidx.compose.runtime.internal.ComposableLambdaImpl.invoke(ComposableLambda.jvm.kt:35)
2026-02-17 19:09:04.091 32293-32293 MeshRepository          com.scmessenger.android              E  	at androidx.compose.runtime.CompositionLocalKt.CompositionLocalProvider(CompositionLocal.kt:228)
2026-02-17 19:09:04.091 32293-32293 MeshRepository          com.scmessenger.android              E  	at androidx.compose.material3.TextKt.ProvideTextStyle(Text.kt:360)
2026-02-17 19:09:04.091  1706-2271  HalDevMgr               system_server                        I  currentModeId=3, requestModeId=3, currentModeIdValid=true
2026-02-17 19:09:04.091 32293-32293 MeshRepository          com.scmessenger.android              E  	at androidx.compose.material3.MaterialThemeKt$MaterialTheme$1.invoke(MaterialTheme.kt:81)
2026-02-17 19:09:04.091 32293-32293 MeshRepository          com.scmessenger.android              E  	at androidx.compose.material3.MaterialThemeKt$MaterialTheme$1.invoke(MaterialTheme.kt:80)
2026-02-17 19:09:04.091 32293-32293 MeshRepository          com.scmessenger.android              E  	at androidx.compose.runtime.internal.ComposableLambdaImpl.invoke(ComposableLambda.jvm.kt:108)
2026-02-17 19:09:04.091 32293-32293 MeshRepository          com.scmessenger.android              E  	at androidx.compose.runtime.internal.ComposableLambdaImpl.invoke(ComposableLambda.jvm.kt:35)
2026-02-17 19:09:04.091 32293-32293 MeshRepository          com.scmessenger.android              E  	at androidx.compose.runtime.CompositionLocalKt.CompositionLocalProvider(CompositionLocal.kt:228)
2026-02-17 19:09:04.091 32293-32293 MeshRepository          com.scmessenger.android              E  	at androidx.compose.material3.MaterialThemeKt.MaterialTheme(MaterialTheme.kt:73)
2026-02-17 19:09:04.091 32293-32293 MeshRepository          com.scmessenger.android              E  	at com.scmessenger.android.ui.theme.ThemeKt.SCMessengerTheme(Theme.kt:51)
2026-02-17 19:09:04.091 32293-32293 MeshRepository          com.scmessenger.android              E  	at com.scmessenger.android.ui.ComposableSingletons$MainActivityKt$lambda-3$1.invoke(MainActivity.kt:28)
2026-02-17 19:09:04.091 32293-32293 MeshRepository          com.scmessenger.android              E  	at com.scmessenger.android.ui.ComposableSingletons$MainActivityKt$lambda-3$1.invoke(MainActivity.kt:27)
2026-02-17 19:09:04.091 32293-32293 MeshRepository          com.scmessenger.android              E  	at androidx.compose.runtime.internal.ComposableLambdaImpl.invoke(ComposableLambda.jvm.kt:108)
2026-02-17 19:09:04.091 32293-32293 MeshRepository          com.scmessenger.android              E  	at androidx.compose.runtime.internal.ComposableLambdaImpl.invoke(ComposableLambda.jvm.kt:35)
2026-02-17 19:09:04.091 32293-32293 MeshRepository          com.scmessenger.android              E  	at androidx.compose.ui.platform.ComposeView.Content(ComposeView.android.kt:428)
2026-02-17 19:09:04.091 32293-32293 MeshRepository          com.scmessenger.android              E  	at androidx.compose.ui.platform.AbstractComposeView$ensureCompositionCreated$1.invoke(ComposeView.android.kt:252)
2026-02-17 19:09:04.091 32293-32293 MeshRepository          com.scmessenger.android              E  	at androidx.compose.ui.platform.AbstractComposeView$ensureCompositionCreated$1.invoke(ComposeView.android.kt:251)
2026-02-17 19:09:04.091 32293-32293 MeshRepository          com.scmessenger.android              E  	at androidx.compose.runtime.internal.ComposableLambdaImpl.invoke(ComposableLambda.jvm.kt:108)
2026-02-17 19:09:04.091  1315-1385  vendor.goo...ice-vendor ven...oogle.wifi_ext-service-vendor  I  update the p2p device interface name to p2p-dev-wlan1
2026-02-17 19:09:04.091 32293-32293 MeshRepository          com.scmessenger.android              E  	at androidx.compose.runtime.internal.ComposableLambdaImpl.invoke(ComposableLambda.jvm.kt:35)
2026-02-17 19:09:04.091 32293-32293 MeshRepository          com.scmessenger.android              E  	at androidx.compose.runtime.CompositionLocalKt.CompositionLocalProvider(CompositionLocal.kt:228)
2026-02-17 19:09:04.091 32293-32293 MeshRepository          com.scmessenger.android              E  	at androidx.compose.ui.platform.CompositionLocalsKt.ProvideCommonCompositionLocals(CompositionLocals.kt:195)
2026-02-17 19:09:04.091 32293-32293 MeshRepository          com.scmessenger.android              E  	at androidx.compose.ui.platform.AndroidCompositionLocals_androidKt$ProvideAndroidCompositionLocals$3.invoke(AndroidCompositionLocals.android.kt:119)
2026-02-17 19:09:04.091 32293-32293 MeshRepository          com.scmessenger.android              E  	at androidx.compose.ui.platform.AndroidCompositionLocals_androidKt$ProvideAndroidCompositionLocals$3.invoke(AndroidCompositionLocals.android.kt:118)
