2026-02-19 11:05:08.422 26665-26665 id.apps.weather         com.google.android.apps.weather      W  Method void com.google.android.libraries.performance.primes.metrics.f.a.c(android.app.Activity) failed lock verification and will run slower.
                                                                                                    Common causes for lock verification issues are non-optimized dex code
                                                                                                    and incorrect proguard optimizations.
2026-02-19 11:05:08.424 26581-26669 cr_LibraryLoader        com.alibaba.aliexpresshd             I  Successfully loaded native library
2026-02-19 11:05:08.430 26581-26669 cr_CachingUmaRecorder   com.alibaba.aliexpresshd             I  Flushed 18 samples from 18 histograms, 0 samples were dropped.
2026-02-19 11:05:08.434 10302-10372 ActivityScheduler       com.google.android.gms.persistent    I  nextTriggerTime: 214275038, in 59999ms, detectorType: 0,  alarmWindowMillis: 7500
2026-02-19 11:05:08.438 26665-26665 a                       com.google.android.apps.weather      I  SslGuard completed installation.
2026-02-19 11:05:08.443  1706-2328  Background...rolService system_server                        D  Package event received: 0
2026-02-19 11:05:08.470  1706-1724  system_server           system_server                        I  Background young concurrent mark compact GC freed 72MB AllocSpace bytes, 331(7100KB) LOS objects, 46% free, 101MB/188MB, paused 1.591ms,8.210ms total 227.462ms
2026-02-19 11:05:08.486 22566-22793 MeshReposi...geReceived com.scmessenger.android              D  Delivery receipt broadcast for 9e20439d-e31e-458d-95fb-759cf68d0ac7 to 1234fb26580681ee66c6c760b270a944e5031c137c2bcaca90c9a2a04b525a3a
2026-02-19 11:05:08.489  1706-1725  libbinder.BpBinder      system_server                        I  onLastStrongRef automatically unlinking death recipients for descriptor: '(not cached)'
2026-02-19 11:05:08.494  1706-1726  System                  system_server                        W  A resource failed to call HardwareBuffer.close. 
2026-02-19 11:05:08.495  1706-1726  System                  system_server                        W  A resource failed to call HardwareBuffer.close. 
2026-02-19 11:05:08.509 26665-26665 FullForecastWidgetRecei com.google.android.apps.weather      I  FullForecastWidgetReceiver onUpdate() called: Updating FullForecastWidget
2026-02-19 11:05:08.519 26665-26741 DefaultProcessValidator com.google.android.apps.weather      I  Validating WorkManager process
2026-02-19 11:05:08.527 26665-26747 DefaultProcessValidator com.google.android.apps.weather      I  Processes: NONE, true, com.google.android.apps.weather, com.google.android.apps.weather
2026-02-19 11:05:08.531 26665-26745 AppWidgetLogger         com.google.android.apps.weather      D  Logging Widget event to Clearcut: WIDGET_UPDATED
2026-02-19 11:05:08.531 26665-26741 WM-PackageManagerHelper com.google.android.apps.weather      D  Skipping component enablement for androidx.work.impl.background.systemjob.SystemJobService
2026-02-19 11:05:08.531 26665-26741 WM-Schedulers           com.google.android.apps.weather      D  Created SystemJobScheduler and enabled SystemJobService
2026-02-19 11:05:08.532 26665-26733 WM-ForceStopRunnable    com.google.android.apps.weather      D  The default process name was not specified.
2026-02-19 11:05:08.533 26665-26733 WM-ForceStopRunnable    com.google.android.apps.weather      D  Performing cleanup operations.
2026-02-19 11:05:08.558  1706-3128  ParceledListSlice       system_server                        W  Element #21 is 22788 bytes.
2026-02-19 11:05:08.564  1706-3128  ParceledListSlice       system_server                        W  Element #22 is 22952 bytes.
2026-02-19 11:05:08.564  1706-3128  ParceledListSlice       system_server                        W  Element #23 is 22996 bytes.
2026-02-19 11:05:08.564  1706-3128  ParceledListSlice       system_server                        W  Element #24 is 22968 bytes.
2026-02-19 11:05:08.566  1706-3128  ParceledListSlice       system_server                        W  Element #25 is 23180 bytes.
2026-02-19 11:05:08.566  1706-3128  ParceledListSlice       system_server                        W  Element #26 is 22692 bytes.
2026-02-19 11:05:08.598  1706-3128  ActivityManager         system_server                        W  Unable to start service Intent { act=com.tencent.soter.soterserver.ISoterService xflg=0x4 pkg=com.tencent.soter.soterserver } U=0: not found
2026-02-19 11:05:08.599  1706-2187  ActivityManager         system_server                        W  Unable to start service Intent { act=org.ifaa.aidl.manager.IfaaManagerService xflg=0x4 pkg=org.ifaa.aidl.manager } U=0: not found
2026-02-19 11:05:08.614  1706-2187  ActivityManager         system_server                        W  Unable to start service Intent { act=org.ifaa.aidl.manager.IfaaManagerService xflg=0x4 pkg=org.ifaa.aidl.manager } U=0: not found
2026-02-19 11:05:08.617 26665-26752 LoggingAppWdgtPrvdrDlgt com.google.android.apps.weather      D  Not adding widget ID 3. ID already exists.
2026-02-19 11:05:08.620  1706-3128  ActivityManager         system_server                        W  Unable to start service Intent { act=com.tencent.soter.soterserver.ISoterService xflg=0x4 pkg=com.tencent.soter.soterserver } U=0: not found
2026-02-19 11:05:08.634 26665-26733 ashmem                  com.google.android.apps.weather      E  Pinning is deprecated since Android Q. Please use trim or other methods.
2026-02-19 11:05:08.750 20543-20691 JobInfo                 com.alibaba.aliexpresshd:channel     W  Job 'com.alibaba.aliexpresshd/com.taobao.accs.internal.AccsJobService#2050' has a deadline with functional constraints and an extremely short time window of 0 ms (delay=80000, deadline=80000). The functional constraints are not likely to be satisfied when the job runs.
2026-02-19 11:05:08.751  1706-3128  JobInfo                 system_server                        W  Job 'com.alibaba.aliexpresshd/com.taobao.accs.internal.AccsJobService#2050' has a deadline with functional constraints and an extremely short time window of 0 ms (delay=80000, deadline=80000). The functional constraints are not likely to be satisfied when the job runs.
2026-02-19 11:05:08.753  1706-3128  JobInfo                 system_server                        W  Job 'com.alibaba.aliexpresshd/com.taobao.accs.internal.AccsJobService#2050' has a deadline with functional constraints and an extremely short time window of 0 ms (delay=80000, deadline=80000). The functional constraints are not likely to be satisfied when the job runs.
2026-02-19 11:05:08.768 30128-30179 Settings                com...android.apps.poseidon:channel  W  Setting adb_enabled has moved from android.provider.Settings.Secure to android.provider.Settings.Global.
2026-02-19 11:05:08.931 14572-14597 dogc                    com...oglequicksearchbox:interactor  I  Close Session [CONTEXT session="wearables-dat@f52a735f06d01621" ]
2026-02-19 11:05:08.939 26581-26656 nativeloader            com.alibaba.aliexpresshd             D  Configuring clns-13 for other apk . target_sdk_version=35, uses_libraries=ALL, library_path=/data/app/~~fqHqOKglohvfvwGAW-LATw==/com.alibaba.aliexpresshd-WruJ2kiAfbTxCi-OBNWL8g==/lib/arm64:/data/user/0/com.alibaba.aliexpresshd/app_SGLib/app_1770463834/main, permitted_path=/data:/mnt/expand
2026-02-19 11:05:08.941 22566-22848 MeshReposi...eshService com.scmessenger.android              I  Message from 1234fb26580681ee66c6c760b270a944e5031c137c2bcaca90c9a2a04b525a3a: 105d076c-70f1-4d86-99c1-fedad75b4914
2026-02-19 11:05:08.942 18897-19007 Settings                com...ba.intl.android.apps.poseidon  W  Setting adb_enabled has moved from android.provider.Settings.Secure to android.provider.Settings.Global.
2026-02-19 11:05:08.958 26581-26662 DrmHalHidl              com.alibaba.aliexpresshd             I  No hidl drm factories found
2026-02-19 11:05:08.959 22566-22566 Conversati...adMessages com.scmessenger.android              D  Loaded 48 messages
2026-02-19 11:05:08.964   528-528   hwservicemanager        hwservicemanager                     I  getTransport: Cannot find entry android.hardware.drm@1.0::IDrmFactory/default in either framework or device VINTF manifest.
2026-02-19 11:05:08.966 26581-26662 DrmHalHidl              com.alibaba.aliexpresshd             W  Failed to find passthrough drm factories
2026-02-19 11:05:08.969 22566-22566 Conversati...adMessages com.scmessenger.android              D  Loaded 48 messages
2026-02-19 11:05:08.972 26581-26662 DrmUtils                com.alibaba.aliexpresshd             I  found IDrmFactory. Instance name:[android.hardware.drm.IDrmFactory/clearkey]
2026-02-19 11:05:08.979 26581-26662 DrmUtils                com.alibaba.aliexpresshd             I  found IDrmFactory. Instance name:[android.hardware.drm.IDrmFactory/widevine]
2026-02-19 11:05:08.983 14572-14597 dobr                    com...oglequicksearchbox:interactor  I  Close AccessSession [CONTEXT accessSessionKey="wearables-acc@5e2d018fc8a2d4b5" accessSession="03a537de441e2bec" ]
2026-02-19 11:05:08.988  1310-1310  WVCdm                   and...hardware.drm-service.widevine  I  [cdm_engine.cpp(1132):IsSecurityLevelSupported] level = L1
2026-02-19 11:05:08.989 14572-14597 aado                    com...oglequicksearchbox:interactor  I  Context Session Disconnected
2026-02-19 11:05:08.993 14572-14604 dohf                    com...oglequicksearchbox:interactor  I  (REDACTED) Closing %d invalidation channels and canceling all fetches in synchronized cache: %s
2026-02-19 11:05:09.001  1310-1310  WVCdm-DrmFactory        and...hardware.drm-service.widevine  I  [app][com.alibaba.aliexpresshd] calling virtual ::ndk::ScopedAStatus wvdrm::hardware::drm::widevine::WVDrmFactory::createDrmPlugin(const Uuid &, const string &, std::shared_ptr< ::aidl::android::hardware::drm::IDrmPlugin> *)
2026-02-19 11:05:09.002 26665-26735 JobInfo                 com.google.android.apps.weather      W  Requested important-while-foreground flag for job34147 is ignored and takes no effect
2026-02-19 11:05:09.002 26665-26735 WM-SystemJobScheduler   com.google.android.apps.weather      D  Scheduling work ID afefbac3-cfd0-4dad-8980-2173cc215247Job ID 34147
2026-02-19 11:05:09.005 14572-14597 docn                    com...oglequicksearchbox:interactor  I  (REDACTED) Closing %d invalidation channels and canceling all fetches in static cache.
2026-02-19 11:05:09.009 14572-14605 ecvv                    com...oglequicksearchbox:interactor  I  (REDACTED) AppFlow %s is about to be transmitted
2026-02-19 11:05:09.010  1310-1310  WVCdm                   and...hardware.drm-service.widevine  D  [cdm_engine.cpp(583):QueryStatus] security_level = Default, query_token = WidevineCdmVersion
2026-02-19 11:05:09.012  1310-1310  WVCdm                   and...hardware.drm-service.widevine  D  [cdm_engine.cpp(583):QueryStatus] security_level = Default, query_token = DeviceID
2026-02-19 11:05:09.014  1310-1310  WVCdm                   and...hardware.drm-service.widevine  D  [crypto_session.cpp(927):Open] Opening crypto session: requested_security_level = Default
2026-02-19 11:05:09.015 26665-26735 WM-GreedyScheduler      com.google.android.apps.weather      D  Starting work for afefbac3-cfd0-4dad-8980-2173cc215247
2026-02-19 11:05:09.017 26665-26665 WM-SystemJobService     com.google.android.apps.weather      D  onStartJob for WorkGenerationalId(workSpecId=afefbac3-cfd0-4dad-8980-2173cc215247, generation=0)
2026-02-19 11:05:09.017 26581-26656 nativeloader            com.alibaba.aliexpresshd             D  Load /data/app/~~fqHqOKglohvfvwGAW-LATw==/com.alibaba.aliexpresshd-WruJ2kiAfbTxCi-OBNWL8g==/lib/arm64/libsgmiddletierso-6.6.240604.so using isolated ns clns-13 (caller=/data/app/~~fqHqOKglohvfvwGAW-LATw==/com.alibaba.aliexpresshd-WruJ2kiAfbTxCi-OBNWL8g==/lib/arm64/libsgmiddletier.so): ok
2026-02-19 11:05:09.019 14572-14597 asls                    com...oglequicksearchbox:interactor  I  #getOobeStatus: OptedIn [CONTEXT ratelimit_period="10 SECONDS" skipped=1 ]
2026-02-19 11:05:09.020 26581-26656 ba.aliexpresshd         com.alibaba.aliexpresshd             E  Invalid resource ID 0x00000000.
2026-02-19 11:05:09.026  1310-1310  WVCdm                   and...hardware.drm-service.widevine  I  [file_utils.cpp(38):Exists] stat failed: ENOENT
2026-02-19 11:05:09.029 26665-26735 WM-Processor            com.google.android.apps.weather      D  o: processing WorkGenerationalId(workSpecId=afefbac3-cfd0-4dad-8980-2173cc215247, generation=0)
2026-02-19 11:05:09.030 26665-26735 WM-Processor            com.google.android.apps.weather      D  Work WorkGenerationalId(workSpecId=afefbac3-cfd0-4dad-8980-2173cc215247, generation=0) is already enqueued for processing
2026-02-19 11:05:09.040 26665-26665 WM-WorkerWrapper        com.google.android.apps.weather      D  Starting work for androidx.glance.session.SessionWorker
2026-02-19 11:05:09.042 26665-26747 WM-PackageManagerHelper com.google.android.apps.weather      D  Skipping component enablement for androidx.work.impl.background.systemalarm.RescheduleReceiver
2026-02-19 11:05:09.084 26736-26736 ps                      ps                                   W  type=1400 audit(0.0:44627): avc:  denied  { read } for  name="pid_max" dev="proc" ino=8452601 scontext=u:r:untrusted_app:s0:c140,c257,c512,c768 tcontext=u:object_r:proc_pid_max:s0 tclass=file permissive=0 app=com.alibaba.aliexpresshd
2026-02-19 11:05:09.096 26581-26581 pool-9-thread-1         com.alibaba.aliexpresshd             W  type=1400 audit(0.0:44628): avc:  denied  { read } for  name="drivers" dev="proc" ino=4026531854 scontext=u:r:untrusted_app:s0:c140,c257,c512,c768 tcontext=u:object_r:proc_tty_drivers:s0 tclass=file permissive=0 app=com.alibaba.aliexpresshd
2026-02-19 11:05:09.122 20543-26002 libbinder....hreadState com.alibaba.aliexpresshd:channel     E  Binder transaction failure. id: 42155918, cmd: BR_DEAD_REPLY (29189), error: -22 (Invalid argument)
2026-02-19 11:05:09.122  1706-2187  ActivityManager         system_server                        W  pid 20543 com.alibaba.aliexpresshd:channel sent binder code 3 with flags 2 and got error -32
2026-02-19 11:05:09.134 26581-26662 Settings                com.alibaba.aliexpresshd             W  Setting airplane_mode_on has moved from android.provider.Settings.System to android.provider.Settings.Global, returning read-only value.
2026-02-19 11:05:09.136 26581-26581 CrashSDKBkgdHan         com.alibaba.aliexpresshd             W  type=1400 audit(0.0:44629): avc:  denied  { read } for  name="loadavg" dev="proc" ino=4026532001 scontext=u:r:untrusted_app:s0:c140,c257,c512,c768 tcontext=u:object_r:proc_loadavg:s0 tclass=file permissive=0 app=com.alibaba.aliexpresshd
2026-02-19 11:05:09.195  1706-2328  Background...rolService system_server                        D  Package event received: 0
2026-02-19 11:05:09.197  1706-1706  NotificationHistory     system_server                        V  Attempted to add notif for locked/gone/disabled user 0
2026-02-19 11:05:09.211  4322-5027  AiAiEcho                com.google.android.as                I  SmartspaceNotificationPredictor no parser can handle this notification or notification is invalid
2026-02-19 11:05:09.242 26581-26581 System.out              com.alibaba.aliexpresshd             I  FeatureManagerPrefetchInit, init, onReceive ACTION_ON_BOOT_FINISHED
2026-02-19 11:05:09.242 26581-26581 System.out              com.alibaba.aliexpresshd             I  FeatureManagerPrefetchInit, prefetchFeatures, isAsync: true
2026-02-19 11:05:09.243 26581-26625 System.err              com.alibaba.aliexpresshd             W  FeatureManagerPrefetchInit, prefetchFeatures, hasOpenActivity false, do nothing
2026-02-19 11:05:09.252 26665-26665 FullForecastWidget      com.google.android.apps.weather      I  Providing new Pixel Weather Full Forecast Widget composable
2026-02-19 11:05:09.266 26665-26745 PixelWeatherWidgetDataH com.google.android.apps.weather      I  Attempting to update widget data
2026-02-19 11:05:09.284 26665-26745 LocalWeatherCacheAccess com.google.android.apps.weather      I  Loading local weather from cache
2026-02-19 11:05:09.293  1706-2187  AppOps                  system_server                        W  Noting op not finished: uid 10133 pkg com.google.android.gms code 113 startTime of in progress event=1771534813053
2026-02-19 11:05:09.311 26665-26745 LocationProviderImpl    com.google.android.apps.weather      I  Trying to obtain last location.
2026-02-19 11:05:09.315 26665-26745 LocationProviderImpl    com.google.android.apps.weather      I  Last location obtained successfully
2026-02-19 11:05:09.316 26665-26745 LocationProviderImpl    com.google.android.apps.weather      I  Using last known location, age=PT4M55.74S
2026-02-19 11:05:09.319 26665-26665 WeatherLoggerImpl       com.google.android.apps.weather      I  Log dropped - not opted in for usage reporting.
2026-02-19 11:05:09.328 26665-26783 EssentialsCurrentCondit com.google.android.apps.weather      I  Querying current condition cache for request=-1738337802
2026-02-19 11:05:09.356 30128-30200 JobInfo                 com...android.apps.poseidon:channel  W  Job 'com.alibaba.intl.android.apps.poseidon/com.taobao.accs.internal.AccsJobService#2050' has a deadline with functional constraints and an extremely short time window of 0 ms (delay=80000, deadline=80000). The functional constraints are not likely to be satisfied when the job runs.
2026-02-19 11:05:09.357  1706-2187  JobInfo                 system_server                        W  Job 'com.alibaba.intl.android.apps.poseidon/com.taobao.accs.internal.AccsJobService#2050' has a deadline with functional constraints and an extremely short time window of 0 ms (delay=80000, deadline=80000). The functional constraints are not likely to be satisfied when the job runs.
2026-02-19 11:05:09.360  1706-2187  JobInfo                 system_server                        W  Job 'com.alibaba.intl.android.apps.poseidon/com.taobao.accs.internal.AccsJobService#2050' has a deadline with functional constraints and an extremely short time window of 0 ms (delay=80000, deadline=80000). The functional constraints are not likely to be satisfied when the job runs.
2026-02-19 11:05:09.365 30128-30256 JobInfo                 com...android.apps.poseidon:channel  W  Job 'com.alibaba.intl.android.apps.poseidon/com.taobao.accs.internal.AccsJobService#2050' has a deadline with functional constraints and an extremely short time window of 0 ms (delay=80000, deadline=80000). The functional constraints are not likely to be satisfied when the job runs.
2026-02-19 11:05:09.374  1706-2187  JobInfo                 system_server                        W  Job 'com.alibaba.intl.android.apps.poseidon/com.taobao.accs.internal.AccsJobService#2050' has a deadline with functional constraints and an extremely short time window of 0 ms (delay=80000, deadline=80000). The functional constraints are not likely to be satisfied when the job runs.
2026-02-19 11:05:09.375  1706-2187  JobInfo                 system_server                        W  Job 'com.alibaba.intl.android.apps.poseidon/com.taobao.accs.internal.AccsJobService#2050' has a deadline with functional constraints and an extremely short time window of 0 ms (delay=80000, deadline=80000). The functional constraints are not likely to be satisfied when the job runs.
2026-02-19 11:05:09.420 30128-30256 JobInfo                 com...android.apps.poseidon:channel  W  Job 'com.alibaba.intl.android.apps.poseidon/com.taobao.accs.internal.AccsJobService#2050' has a deadline with functional constraints and an extremely short time window of 0 ms (delay=80000, deadline=80000). The functional constraints are not likely to be satisfied when the job runs.
2026-02-19 11:05:09.422  1706-2187  JobInfo                 system_server                        W  Job 'com.alibaba.intl.android.apps.poseidon/com.taobao.accs.internal.AccsJobService#2050' has a deadline with functional constraints and an extremely short time window of 0 ms (delay=80000, deadline=80000). The functional constraints are not likely to be satisfied when the job runs.
2026-02-19 11:05:09.423  1706-2187  JobInfo                 system_server                        W  Job 'com.alibaba.intl.android.apps.poseidon/com.taobao.accs.internal.AccsJobService#2050' has a deadline with functional constraints and an extremely short time window of 0 ms (delay=80000, deadline=80000). The functional constraints are not likely to be satisfied when the job runs.
2026-02-19 11:05:09.446 26581-26789 System.out              com.alibaba.aliexpresshd             I  AeTaggedTask start: HomeFlowTask
2026-02-19 11:05:09.450 26581-26792 System.out              com.alibaba.aliexpresshd             I  AeTaggedTask start: InitWidget
2026-02-19 11:05:09.452 26581-26793 System.out              com.alibaba.aliexpresshd             I  AeTaggedTask start: InitWindVaneComplete
2026-02-19 11:05:09.452 26581-26787 System.out              com.alibaba.aliexpresshd             I  AeTaggedTask start: InitPayment
2026-02-19 11:05:09.467 26581-26646 System.out              com.alibaba.aliexpresshd             I  AeTaggedTask start: InitPageFlash
2026-02-19 11:05:09.468 26581-26653 System.out              com.alibaba.aliexpresshd             I  AeTaggedTask start: GeoIpUtil
2026-02-19 11:05:09.468 26581-26649 System.out              com.alibaba.aliexpresshd             I  AeTaggedTask start: InitTradeModules
2026-02-19 11:05:09.468 26581-26653 System.out              com.alibaba.aliexpresshd             I  AeTaggedTask start: InitMetricKit
2026-02-19 11:05:09.469 26581-26653 System.out              com.alibaba.aliexpresshd             I  AeTaggedTask start: AppMonitor
2026-02-19 11:05:09.469 26581-26648 System.out              com.alibaba.aliexpresshd             I  AeTaggedTask start: InitSkyAfterBoot
2026-02-19 11:05:09.469 26581-26652 System.out              com.alibaba.aliexpresshd             I  AeTaggedTask start: InitFacebookSDK
2026-02-19 11:05:09.470 26581-26670 System.out              com.alibaba.aliexpresshd             I  AeTaggedTask start: InitHealthWatcherTask
2026-02-19 11:05:09.471 26581-26789 System.out              com.alibaba.aliexpresshd             I  AeTaggedTask start: InitDaiTask
2026-02-19 11:05:09.471 26581-26788 System.out              com.alibaba.aliexpresshd             I  AeTaggedTask start: InitCodeTrackTask
2026-02-19 11:05:09.472 26581-26791 System.out              com.alibaba.aliexpresshd             I  AeTaggedTask start: UGCMTK
2026-02-19 11:05:09.472 26581-26794 System.out              com.alibaba.aliexpresshd             I  AeTaggedTask start: InitMemoryMonitor
2026-02-19 11:05:09.475 26581-26797 System.out              com.alibaba.aliexpresshd             I  AeTaggedTask start: InitAccsAgoo
2026-02-19 11:05:09.475 26581-26792 System.out              com.alibaba.aliexpresshd             I  AeTaggedTask start: InitMessageSDKAsync
2026-02-19 11:05:09.479  2375-2462  PluginActi..._MENU_ROW] com.android.systemui                 I  Found 0 plugins
2026-02-19 11:05:09.480  2375-2375  NotifRow                com.android.systemui                 W  cancelAppearDrawing childKey: 0|com.scmessenger.android|447138274|null|10349 wasDrawing:false
2026-02-19 11:05:09.486 22566-26389 MeshReposi...geReceived com.scmessenger.android              D  Delivery receipt broadcast for 105d076c-70f1-4d86-99c1-fedad75b4914 to 1234fb26580681ee66c6c760b270a944e5031c137c2bcaca90c9a2a04b525a3a
2026-02-19 11:05:09.530 26581-26793 nativeloader            com.alibaba.aliexpresshd             D  Load /data/app/~~fqHqOKglohvfvwGAW-LATw==/com.alibaba.aliexpresshd-WruJ2kiAfbTxCi-OBNWL8g==/lib/arm64/libriverlogger.so using class loader ns clns-9 (caller=/data/app/~~fqHqOKglohvfvwGAW-LATw==/com.alibaba.aliexpresshd-WruJ2kiAfbTxCi-OBNWL8g==/base.apk!classes4.dex): ok
2026-02-19 11:05:09.535  2568-2633  TemperatureStateSource  com...le.android.pixelsystemservice  D  sequence=17661 actualDelay=10000
2026-02-19 11:05:09.535  2568-2633  TemperatureStateSource  com...le.android.pixelsystemservice  D  Reading temperature: sequence=17662
2026-02-19 11:05:09.537  2036-2036  pixel-thermal           and...ardware.thermal-service.pixel  I  VIRTUAL-SKIN:30.9807 raw data: VIRTUAL-NEUTRAL:30980.7 VIRTUAL-NEUTRAL-SKIN2:30429.8 VIRTUAL-QUIET-NEUTRAL:29094.4 VIRTUAL-SKIN:30980.7 disp_therm:29012 gnss_tcxo_therm:31972 neutral_therm:29702 quiet_therm:28834 skin_therm1:32351 skin_therm2:32128 
2026-02-19 11:05:09.538  2568-2633  TemperatureStateSource  com...le.android.pixelsystemservice  D  getDeviceTemperatures: sequence=17662 deviceTemperatureType=3 temperatureSource=0 temperatures=[30.980703]
2026-02-19 11:05:09.538  2568-2633  BusinessScope           com...le.android.pixelsystemservice  D  Enqueuing the block
2026-02-19 11:05:09.538  2568-2633  TemperatureStateSource  com...le.android.pixelsystemservice  D  sequence=17662 waitTime=10000
2026-02-19 11:05:09.538  2568-2633  BusinessScope           com...le.android.pixelsystemservice  D  Start running the #35468 block
2026-02-19 11:05:09.539  2036-2036  pixel-thermal           and...ardware.thermal-service.pixel  I  VIRTUAL-SKIN:30.9807 raw data: VIRTUAL-SKIN:30980.7 
2026-02-19 11:05:09.539  2568-2633  TemperatureStateSource  com...le.android.pixelsystemservice  I  temperature was set
2026-02-19 11:05:09.539  2568-2633  BusinessScope           com...le.android.pixelsystemservice  D  Enqueuing the block
2026-02-19 11:05:09.539  2568-2633  ImpulseStateSource      com...le.android.pixelsystemservice  D  Notify clients: 17733
2026-02-19 11:05:09.540  2568-2633  BusinessScope           com...le.android.pixelsystemservice  D  Finish running the #35468 block
2026-02-19 11:05:09.540  2568-2633  BusinessScope           com...le.android.pixelsystemservice  D  Start running the #35469 block
2026-02-19 11:05:09.542  2568-3635  BusinessScope           com...le.android.pixelsystemservice  D  Finish running the #35469 block
2026-02-19 11:05:09.544  2568-2753  ImpulseConnection       com...le.android.pixelsystemservice  D  timeout didn't happen: com.google.android.apps.turbo
2026-02-19 11:05:09.549  7328-22218 Turbo.Devi...anagerImpl com.google.android.apps.turbo        W  applyLeversWithMaintenanceWindow: ignore the same request
2026-02-19 11:05:09.579 26581-26793 nativeloader            com.alibaba.aliexpresshd             D  Load /data/app/~~fqHqOKglohvfvwGAW-LATw==/com.alibaba.aliexpresshd-WruJ2kiAfbTxCi-OBNWL8g==/lib/arm64/libzcachecore.so using class loader ns clns-9 (caller=/data/app/~~fqHqOKglohvfvwGAW-LATw==/com.alibaba.aliexpresshd-WruJ2kiAfbTxCi-OBNWL8g==/base.apk!classes5.dex): ok
2026-02-19 11:05:09.605 26581-26797 System.err              com.alibaba.aliexpresshd             W  java.lang.ClassNotFoundException: com.taobao.keepalive.KeepAliveManager
2026-02-19 11:05:09.605 26581-26797 System.err              com.alibaba.aliexpresshd             W  	at java.lang.Class.classForName(Native Method)
2026-02-19 11:05:09.605 26581-26797 System.err              com.alibaba.aliexpresshd             W  	at java.lang.Class.forName(Class.java:591)
2026-02-19 11:05:09.605 26581-26797 System.err              com.alibaba.aliexpresshd             W  	at java.lang.Class.forName(Class.java:496)
2026-02-19 11:05:09.605 26581-26797 System.err              com.alibaba.aliexpresshd             W  	at com.taobao.accs.init.Launcher_InitAccs.<clinit>(SourceFile:3)
2026-02-19 11:05:09.605 26581-26797 System.err              com.alibaba.aliexpresshd             W  	at com.alibaba.aliexpress.gundam.init.a.b(SourceFile:408)
2026-02-19 11:05:09.605 26581-26797 System.err              com.alibaba.aliexpresshd             W  	at com.alibaba.aliexpress.gundam.init.a.a(SourceFile:126)
2026-02-19 11:05:09.605 26581-26797 System.err              com.alibaba.aliexpresshd             W  	at fy.b.init(SourceFile:84)
2026-02-19 11:05:09.605 26581-26793 System.out              com.alibaba.aliexpresshd             I  UcCoreInit, apk or Uc has installed, just init uc lib
2026-02-19 11:05:09.606 26581-26793 System.out              com.alibaba.aliexpresshd             I  InitUCKernelManager, init, thread: launcher-12
2026-02-19 11:05:09.608 26581-26797 System.err              com.alibaba.aliexpresshd             W  	at com.aliexpress.module.launcher.biz.task.InitAccsAgoo.onExcute(SourceFile:36)
2026-02-19 11:05:09.608 26581-26797 System.err              com.alibaba.aliexpresshd             W  	at com.aliexpress.module.launcher.task.AeTaggedTask.run(SourceFile:84)
2026-02-19 11:05:09.608 26581-26797 System.err              com.alibaba.aliexpresshd             W  	at com.taobao.android.launcher.biz.task.TaggedTask.execute(SourceFile:5)
2026-02-19 11:05:09.608 26581-26797 System.err              com.alibaba.aliexpresshd             W  	at com.aliexpress.module.launcher.task.AeOneTimeTask.execute(SourceFile:3)
2026-02-19 11:05:09.608 26581-26797 System.err              com.alibaba.aliexpresshd             W  	at com.aliexpress.module.launcher.task.AeOneTimeTask.execute(SourceFile:1)
2026-02-19 11:05:09.608 26581-26797 System.err              com.alibaba.aliexpresshd             W  	at pf0.a.execute(SourceFile:47)
2026-02-19 11:05:09.608 26581-26797 System.err              com.alibaba.aliexpresshd             W  	at com.taobao.android.job.core.TaskSchedulerImpl$1.call(SourceFile:3)
2026-02-19 11:05:09.608 26581-26797 System.err              com.alibaba.aliexpresshd             W  	at com.taobao.android.job.core.TaskSchedulerImpl$1.call(SourceFile:1)
2026-02-19 11:05:09.608 26581-26797 System.err              com.alibaba.aliexpresshd             W  	at java.util.concurrent.FutureTask.run(FutureTask.java:317)
2026-02-19 11:05:09.608 26581-26797 System.err              com.alibaba.aliexpresshd             W  	at java.util.concurrent.Executors$RunnableAdapter.call(Executors.java:520)
2026-02-19 11:05:09.608 26581-26797 System.err              com.alibaba.aliexpresshd             W  	at java.util.concurrent.FutureTask.run(FutureTask.java:317)
2026-02-19 11:05:09.608 26581-26797 System.err              com.alibaba.aliexpresshd             W  	at java.util.concurrent.ThreadPoolExecutor.runWorker(ThreadPoolExecutor.java:1154)
2026-02-19 11:05:09.608 26581-26797 System.err              com.alibaba.aliexpresshd             W  	at java.util.concurrent.ThreadPoolExecutor$Worker.run(ThreadPoolExecutor.java:652)
2026-02-19 11:05:09.608 26581-26797 System.err              com.alibaba.aliexpresshd             W  	at java.lang.Thread.run(Thread.java:1564)
2026-02-19 11:05:09.608 26581-26797 System.err              com.alibaba.aliexpresshd             W  Caused by: java.lang.ClassNotFoundException: com.taobao.keepalive.KeepAliveManager
2026-02-19 11:05:09.608 26581-26797 System.err              com.alibaba.aliexpresshd             W  	... 21 more
2026-02-19 11:05:09.609 26581-26793 System.err              com.alibaba.aliexpresshd             W  SystemWebviewFixer, hasOpenActivity false, do nothing
2026-02-19 11:05:09.609 26581-26793 System.out              com.alibaba.aliexpresshd             I  InitUCKernelManager, init, isAAB, isUcInstalled: true, fixInitUcLibTwiceBug: true, initUcLibWithInituccore: true, thread: launcher-12
2026-02-19 11:05:09.610 26581-26787 System.out              com.alibaba.aliexpresshd             I  AeTaggedTask start: TLog
2026-02-19 11:05:09.615 26581-26793 System.out              com.alibaba.aliexpresshd             I  InitUCKernelManager, isDeviceMatchBlacklist, config: 
2026-02-19 11:05:09.615 26581-26793 System.out              com.alibaba.aliexpresshd             I  InitUCKernelManager, isDeviceMatchBlacklist, config null or empty, return false
2026-02-19 11:05:09.615 26581-26793 System.out              com.alibaba.aliexpresshd             I  InitUCKernelManager, setGpuMultiPolicy, multiProcess: true
2026-02-19 11:05:09.615 26581-26793 System.out              com.alibaba.aliexpresshd             I  UCWebviewInitializer initUCCore start
2026-02-19 11:05:09.615 26581-26793 System.out              com.alibaba.aliexpresshd             I  UCWebviewInitializer init uclib inner
2026-02-19 11:05:09.615 26581-26793 System.out              com.alibaba.aliexpresshd             I  UCWebviewInitializer init uclib config: ucLibDir:null uc7ZPath:/data/app/~~fqHqOKglohvfvwGAW-LATw==/com.alibaba.aliexpresshd-WruJ2kiAfbTxCi-OBNWL8g==/lib/arm64/libkernelu4_7z_uc.so
2026-02-19 11:05:09.619 26581-26787 nativeloader            com.alibaba.aliexpresshd             D  Load /data/app/~~fqHqOKglohvfvwGAW-LATw==/com.alibaba.aliexpresshd-WruJ2kiAfbTxCi-OBNWL8g==/lib/arm64/libc++_shared.so using class loader ns clns-9 (caller=/data/app/~~fqHqOKglohvfvwGAW-LATw==/com.alibaba.aliexpresshd-WruJ2kiAfbTxCi-OBNWL8g==/base.apk!classes5.dex): ok
2026-02-19 11:05:09.630 26581-26787 nativeloader            com.alibaba.aliexpresshd             D  Load /data/app/~~fqHqOKglohvfvwGAW-LATw==/com.alibaba.aliexpresshd-WruJ2kiAfbTxCi-OBNWL8g==/lib/arm64/libtbmarsxlog.so using class loader ns clns-9 (caller=/data/app/~~fqHqOKglohvfvwGAW-LATw==/com.alibaba.aliexpresshd-WruJ2kiAfbTxCi-OBNWL8g==/base.apk!classes5.dex): ok
2026-02-19 11:05:09.636 26581-26793 System.out              com.alibaba.aliexpresshd             I  UCWebviewInitializer: initUCLib entry type:overseas, no  debuggable uc kernel
2026-02-19 11:05:09.637 26581-26793 System.out              com.alibaba.aliexpresshd             I  UCWebviewInitializercurrent:type:overseas, no  debuggable uc kernel
2026-02-19 11:05:09.637 26581-26793 u4klog.ucbs.Setup.init  com.alibaba.aliexpresshd             D  setContext:com.aliexpress.app.AliExpressApp@fffbdf1
2026-02-19 11:05:09.638 26581-26793 u4klog.ucbs.e           com.alibaba.aliexpresshd             D  createThread: u4sdk-pool-2
2026-02-19 11:05:09.638 26581-26793 u4klog.ucbs.Setup.init  com.alibaba.aliexpresshd             D  setCompressedFile:/data/app/~~fqHqOKglohvfvwGAW-LATw==/com.alibaba.aliexpresshd-WruJ2kiAfbTxCi-OBNWL8g==/lib/arm64/libkernelu4_7z_uc.so
2026-02-19 11:05:09.638 26581-26793 u4klog.ucbs.Setup.init  com.alibaba.aliexpresshd             D  setClient:android.taobao.windvane.extra.uc.l@8d24398
2026-02-19 11:05:09.638 26581-26793 u4klog.ucbs.Setup.init  com.alibaba.aliexpresshd             D  start
2026-02-19 11:05:09.638 26581-26793 u4klog.ucbs.Setup.ctrl  com.alibaba.aliexpresshd             I  **reachStatus:STARTED, total:1
2026-02-19 11:05:09.638 26581-26850 u4klog.ucbs.initEnv     com.alibaba.aliexpresshd             I  onStart
2026-02-19 11:05:09.639 26581-26850 u4klog.ucbs.EnvInfo     com.alibaba.aliexpresshd             D  runningIn: 64bit
2026-02-19 11:05:09.639 26581-26850 u4klog.ucbs.EnvInfo     com.alibaba.aliexpresshd             D  SystemBuildInfo ok {
                                                                                                      FINGERPRINT:: google/bluejay/bluejay:16/BP4A.251205.006/14401865:user/release-keys
                                                                                                      HARDWARE:: bluejay
                                                                                                      MODEL:: Pixel 6a
                                                                                                      MANUFACTURER:: Google
                                                                                                      BOARD:: bluejay
                                                                                                      abis: [aarch64, armeabi-v7a, armeabi, arm64-v8a]
                                                                                                    }
2026-02-19 11:05:09.639 26581-26793 u4klog.ucbs.e           com.alibaba.aliexpresshd             D  createThread: u4sdk-pool-3
2026-02-19 11:05:09.639 26581-26850 u4klog.ucbs.Setup.ctrl  com.alibaba.aliexpresshd             I  wk_ucCoreInterfaceVersion: 5.12.11.0_250212150536_dcf2a7e12bf915ed04029492d3609598972a9cb6
2026-02-19 11:05:09.639 26581-26850 ucbs.Setup.ctrl         com.alibaba.aliexpresshd             E  [InfoLevelMessage] wk_ucCoreInterfaceVersion: 5.12.11.0_250212150536_dcf2a7e12bf915ed04029492d3609598972a9cb6
2026-02-19 11:05:09.641 26581-26850 u4klog.ucb...hSdkHelper com.alibaba.aliexpresshd             D  getLastExitTypeEx result:97
2026-02-19 11:05:09.641 26581-26850 u4klog.ucbs.NCD         com.alibaba.aliexpresshd             D  enabled: true, nativeCrash: false, coreLibCrash: false
2026-02-19 11:05:09.642 26581-26850 u4klog.ucb...hSdkHelper com.alibaba.aliexpresshd             D  registerInfoCallback category:u4sdk-init-logs, logType:1048593
2026-02-19 11:05:09.642 26581-26850 u4klog.ucbs.initEnv     com.alibaba.aliexpresshd             I  onSuccess wait:9, run:4/2
2026-02-19 11:05:09.642 26581-26850 u4klog.ucbs.initLRCI    com.alibaba.aliexpresshd             I  onStart
2026-02-19 11:05:09.650 26581-26848 u4klog.ucb...hSdkHelper com.alibaba.aliexpresshd             D  addHeaderInfo: ucbsInitStatus=260219110509637, STARTED:2
2026-02-19 11:05:09.650 26581-26848 u4klog.ucb...hSdkHelper com.alibaba.aliexpresshd             D  addHeaderInfo: wk_ucCoreInterfaceVersion=5.12.11.0_250212150536_dcf2a7e12bf915ed04029492d3609598972a9cb6
2026-02-19 11:05:09.650 26581-26848 u4klog.ucb...hSdkHelper com.alibaba.aliexpresshd             D  addHeaderInfo: ucbsNCDFeat=enabled: true, nativeCrash: false, coreLibCrash: false
2026-02-19 11:05:09.653 26581-26849 u4klog.ucbs.LastRCI     com.alibaba.aliexpresshd             D  load:2`false`arm64`5.12.11.0`5.12.11.0`/data/user/0/com.alibaba.aliexpresshd/app_u4sdk/dlibs/371961637`/data/app/~~fqHqOKglohvfvwGAW-LATw==/com.alibaba.aliexpresshd-WruJ2kiAfbTxCi-OBNWL8g==/lib/arm64/libkernelu4_7z_uc.so`1281707363`-1260352023`null`250212150536`false
2026-02-19 11:05:09.654 26581-26849 u4klog.ucbs.LastRCI     com.alibaba.aliexpresshd             D  sdkVer: 5.12.11.0 (minSupportCoreVer: 5.12.11.0)
2026-02-19 11:05:09.654 26581-26849 u4klog.ucbs.LastRCI     com.alibaba.aliexpresshd             D  coreVer: 5.12.11.0 (minSupportSdkVer: 5.12.11.0)
2026-02-19 11:05:09.654 26581-26850 u4klog.ucbs.initLRCI    com.alibaba.aliexpresshd             I  onSuccess wait:4, run:12/1
2026-02-19 11:05:09.671 26581-26793 System.out              com.alibaba.aliexpresshd             I  UCWebviewInitializer, initUCLIb, initU4ByCompressedLib cost: 34
2026-02-19 11:05:09.671 26581-26848 u4klog.ucbs.Setup.init  com.alibaba.aliexpresshd             I  onStart
2026-02-19 11:05:09.672 26581-26848 u4klog.ucbs.RCI         com.alibaba.aliexpresshd             I  configCompressedCore: /data/app/~~fqHqOKglohvfvwGAW-LATw==/com.alibaba.aliexpresshd-WruJ2kiAfbTxCi-OBNWL8g==/lib/arm64/libkernelu4_7z_uc.so
2026-02-19 11:05:09.675 26581-26848 u4klog.ucbs.Setup.ctrl  com.alibaba.aliexpresshd             D  createCoreInfo app specified rci:   IntegrationInfo : THIN, 64bit
                                                                                                      dex: /data/user/0/com.alibaba.aliexpresshd/app_u4sdk/dlibs/371961637/core.jar
                                                                                                      odex: /data/user/0/com.alibaba.aliexpresshd/app_u4sdk/dlibs/371961637
                                                                                                      rootDir: /data/user/0/com.alibaba.aliexpresshd/app_u4sdk/dlibs/371961637
                                                                                                      libDir: /data/user/0/com.alibaba.aliexpresshd/app_u4sdk/dlibs/371961637/lib/arm64-v8a
                                                                                                      libFile: /data/user/0/com.alibaba.aliexpresshd/app_u4sdk/dlibs/371961637/lib/arm64-v8a/libwebviewuc.so
                                                                                                      compressFile: /data/app/~~fqHqOKglohvfvwGAW-LATw==/com.alibaba.aliexpresshd-WruJ2kiAfbTxCi-OBNWL8g==/lib/arm64/libkernelu4_7z_uc.so
2026-02-19 11:05:09.675 26581-26848 u4klog.ucbs.Setup.ctrl  com.alibaba.aliexpresshd             D    sdkLoader: dalvik.system.PathClassLoader[DexPathList[[zip file "/data/app/~~fqHqOKglohvfvwGAW-LATw==/com.alibaba.aliexpresshd-WruJ2kiAfbTxCi-OBNWL8g==/base.apk", zip file "/data/app/~~fqHqOKglohvfvwGAW-LATw==/com.alibaba.aliexpresshd-WruJ2kiAfbTxCi-OBNWL8g==/split_aeocr.apk", zip file "/data/app/~~fqHqOKglohvfvwGAW-LATw==/com.alibaba.aliexpresshd-WruJ2kiAfbTxCi-OBNWL8g==/split_aeocr.config.arm64_v8a.apk", zip file "/data/app/~~fqHqOKglohvfvwGAW-LATw==/com.alibaba.aliexpresshd-WruJ2kiAfbTxCi-OBNWL8g==/split_aeocr.config.xxhdpi.apk", zip file "/data/app/~~fqHqOKglohvfvwGAW-LATw==/com.alibaba.aliexpresshd-WruJ2kiAfbTxCi-OBNWL8g==/split_aiFoundation.apk", zip file "/data/app/~~fqHqOKglohvfvwGAW-LATw==/com.alibaba.aliexpresshd-WruJ2kiAfbTxCi-OBNWL8g==/split_aiFoundation.config.arm64_v8a.apk", zip file "/data/app/~~fqHqOKglohvfvwGAW-LATw==/com.alibaba.aliexpresshd-WruJ2kiAfbTxCi-OBNWL8g==/split_config.arm64_v8a.apk", zip file "/data/app/~~fqHqOKglohvfvwGAW-LATw==/com.alibaba.aliexpresshd-WruJ2kiAfbTxCi-OBNWL8g==/split_config.xxhdpi.apk", zip file "/data/app/~~fqHqOKglohvfvwGAW-LATw==/com.alibaba.aliexpresshd-WruJ2kiAfbTxCi-OBNWL8g==/split_push.apk", zip file "/data/app/~~fqHqOKglohvfvwGAW-LATw==/com.alibaba.aliexpresshd-WruJ2kiAfbTxCi-OBNWL8g==/split_ucSo.apk", zip file "/data/app/~~fqHqOKglohvfvwGAW-LATw==/com.alibaba.aliexpresshd-WruJ2kiAfbTxCi-OBNWL8g==/split_ucSo.config.arm64_v8a.apk", zip file "/data/app/~~fqHqOKglohvfvwGAW-LATw==/com.alibaba.aliexpresshd-WruJ2kiAfbTxCi-OBNWL8g==/split_ugc.apk", zip file "/data/app/~~fqHqOKglohvfvwGAW-LATw==/com.alibaba.aliexpresshd-WruJ2kiAfbTxCi-OBNWL8g==/split_ugc.config.arm64_v8a.apk", zip file "/data/app/~~fqHqOKglohvfvwGAW-LATw==/com.alibaba.aliexpresshd-WruJ2kiAfbTxCi-OBNWL8g==/split_ugc.config.xxhdpi.apk", zip file "/data/app/~~fqHqOKglohvfvwGAW-LATw==/com.alibaba.aliexpresshd-WruJ2kiAfbTxCi-OBNWL8g==/split_wallet.apk", zip file "/data/app/~~fqHqOKglohvfvwGAW-LATw==/com.alibaba.aliexpresshd-WruJ2kiAfbTxCi-OBNWL8g==/split_wallet.config.arm64_v8a.apk", zip file "/data/app/~~fqHqOKglohvfvwGAW-LATw==/com.alibaba.aliexpresshd-WruJ2kiAfbTxCi-OBNWL8g==/split_wallet.config.xxhdpi.apk", zip file "/data/app/~~fqHqOKglohvfvwGAW-LATw==/com.alibaba.aliexpresshd-WruJ2kiAfbTxCi-OBNWL8g==/split_widget.apk", zip file "/data/app/~~fqHqOKglohvfvwGAW-LATw==/com.alibaba.aliexpresshd-WruJ2kiAfbTxCi-OBNWL8g==/split_widget.config.xxhdpi.apk"],nativeLibraryDirectories=[/data/app/~~fqHqOKglohvfvwGAW-LATw==/com.alibaba.aliexpresshd-WruJ2kiAfbTxCi-OBNWL8g==/lib/arm64, /data/app/~~fqHqOKglohvfvwGAW-LATw==/com.alibaba.aliexpresshd-WruJ2kiAfbTxCi-OBNWL8g==/base.apk!/lib/arm64-v8a, /data/app/~~fqHqOKglohvfvwGAW-LATw==/com.alibaba.aliexpresshd-WruJ2kiAfbTxCi-OBNWL8g==/split_aeocr.apk!/lib/arm64-v8a, /data/app/~~fqHqOKglohvfvwGAW-LATw==/com.alibaba.aliexpresshd-WruJ2kiAfbTxCi-OBNWL8g==/split_aeocr.config.arm64_v8a.apk!/lib/arm64-v8a, /data/app/~~fqHqOKglohvfvwGAW-LATw==/com.alibaba.aliexpresshd-WruJ2kiAfbTxCi-OBNWL8g==/split_aeocr.config.xxhdpi.apk!/lib/arm64-v8a, /data/app/~~fqHqOKglohvfvwGAW-LATw==/com.alibaba.aliexpresshd-WruJ2kiAfbTxCi-OBNWL8g==/split_aiFoundation.apk!/lib/arm64-v8a, /data/app/~~fqHqOKglohvfvwGAW-LATw==/com.alibaba.aliexpresshd-WruJ2kiAfbTxCi-OBNWL8g==/split_aiFoundation.config.arm64_v8a.apk!/lib/arm64-v8a, /data/app/~~fqHqOKglohvfvwGAW-LATw==/com.alibaba.aliexpresshd-WruJ2kiAfbTxCi-OBNWL8g==/split_config.arm64_v8a.apk!/lib/arm64-v8a, /data/app/~~fqHqOKglohvfvwGAW-LATw==/com.alibaba.aliexpresshd-WruJ2kiAfbTxCi-OBNWL8g==/split_config.xxhdpi.apk!/lib/arm64-v8a, /data/app/~~fqHqOKglohvfvwGAW-LATw==/com.alibaba.aliexpresshd-WruJ2kiAfbTxCi-OBNWL8g==/split_push.apk!/lib/arm64-v8a, /data/app/~~fqHqOKglohvfvwGAW-LATw==/com.alibaba.aliexpresshd-WruJ2kiAfbTxCi-OBNWL8g==/split_ucSo.apk!/lib/arm64-v8a, /data/app/~~fqHqOKglohvfvwGAW-LATw==/com.alibaba.aliexpresshd-WruJ2kiAfbTxCi-OBNWL8g==/split_ucSo.config.arm64_v8a.apk!/lib/arm64-v8a, /data/app/~~fqHqOKglohvfvwGAW-LATw==/com.alibaba.aliexpresshd-WruJ2kiAfbTxCi-OBNWL8g==/
2026-02-19 11:05:09.675 26581-26848 u4klog.ucbs.Setup.ctrl  com.alibaba.aliexpresshd             D  split_ugc.apk!/lib/arm64-v8a, /data/app/~~fqHqOKglohvfvwGAW-LATw==/com.alibaba.aliexpresshd-WruJ2kiAfbTxCi-OBNWL8g==/split_ugc.config.arm64_v8a.apk!/lib/arm64-v8a, /data/app/~~fqHqOKglohvfvwGAW-LATw==/com.alibaba.aliexpresshd-WruJ2kiAfbTxCi-OBNWL8g==/split_ugc.config.xxhdpi.apk!/lib/arm64-v8a, /data/app/~~fqHqOKglohvfvwGAW-LATw==/com.alibaba.aliexpresshd-WruJ2kiAfbTxCi-OBNWL8g==/split_wallet.apk!/lib/arm64-v8a, /data/app/~~fqHqOKglohvfvwGAW-LATw==/com.alibaba.aliexpresshd-WruJ2kiAfbTxCi-OBNWL8g==/split_wallet.config.arm64_v8a.apk!/lib/arm64-v8a, /data/app/~~fqHqOKglohvfvwGAW-LATw==/com.alibaba.aliexpresshd-WruJ2kiAfbTxCi-OBNWL8g==/split_wallet.config.xxhdpi.apk!/lib/arm64-v8a, /data/app/~~fqHqOKglohvfvwGAW-LATw==/com.alibaba.aliexpresshd-WruJ2kiAfbTxCi-OBNWL8g==/split_widget.apk!/lib/arm64-v8a, /data/app/~~fqHqOKglohvfvwGAW-LATw==/com.alibaba.aliexpresshd-WruJ2kiAfbTxCi-OBNWL8g==/split_widget.config.xxhdpi.apk!/lib/arm64-v8a, /system/lib64, /system_ext/lib64]]]
2026-02-19 11:05:09.676 26581-26848 u4klog.ucbs.Setup.ctrl  com.alibaba.aliexpresshd             D  createCoreInfo final mRunningCore:   IntegrationInfo : THIN, 64bit
                                                                                                      dex: /data/user/0/com.alibaba.aliexpresshd/app_u4sdk/dlibs/371961637/core.jar
                                                                                                      odex: /data/user/0/com.alibaba.aliexpresshd/app_u4sdk/dlibs/371961637
                                                                                                      rootDir: /data/user/0/com.alibaba.aliexpresshd/app_u4sdk/dlibs/371961637
                                                                                                      libDir: /data/user/0/com.alibaba.aliexpresshd/app_u4sdk/dlibs/371961637/lib/arm64-v8a
                                                                                                      libFile: /data/user/0/com.alibaba.aliexpresshd/app_u4sdk/dlibs/371961637/lib/arm64-v8a/libwebviewuc.so
                                                                                                      compressFile: /data/app/~~fqHqOKglohvfvwGAW-LATw==/com.alibaba.aliexpresshd-WruJ2kiAfbTxCi-OBNWL8g==/lib/arm64/libkernelu4_7z_uc.so
