2026-02-19 11:05:30.277  1706-1729  NotificationService     system_server                        E  Package has already posted or enqueued 50 notifications.  Not showing more.  package=com.scmessenger.android
2026-02-19 11:05:30.282 22566-22566 Conversati...adMessages com.scmessenger.android              D  Loaded 100 messages
2026-02-19 11:05:30.389  1271-1294  CHRE                    and...re.contexthub-service.generic  I  @ 214198.757: [GpsPlatform] acc 6 m
2026-02-19 11:05:30.439 22566-22791 MeshReposi...geReceived com.scmessenger.android              D  Delivery receipt broadcast for 7231b540-81dc-45a1-8722-c86ee9615737 to 1234fb26580681ee66c6c760b270a944e5031c137c2bcaca90c9a2a04b525a3a
2026-02-19 11:05:30.520 22566-22848 MeshReposi...eshService com.scmessenger.android              I  Message from 1234fb26580681ee66c6c760b270a944e5031c137c2bcaca90c9a2a04b525a3a: b83f2905-9d0f-49fb-a7cc-f9cd26277191
2026-02-19 11:05:30.546 22566-22566 Conversati...adMessages com.scmessenger.android              D  Loaded 100 messages
2026-02-19 11:05:30.548  1706-1729  NotificationService     system_server                        E  Package has already posted or enqueued 50 notifications.  Not showing more.  package=com.scmessenger.android
2026-02-19 11:05:30.550 22566-22566 Conversati...adMessages com.scmessenger.android              D  Loaded 100 messages
2026-02-19 11:05:30.552  1271-1294  CHRE.HAL                and...re.contexthub-service.generic  D  Received a nanoapp message from 0x476f6f676c001016 endpoint 0x26: Type 0x8003 size 1 
2026-02-19 11:05:30.579  1271-1294  CHRE                    and...re.contexthub-service.generic  D  @ 214198.954: [ActivityPlatform] type 6, confidence 41
2026-02-19 11:05:30.588  1315-1315  vendor.goo...ice-vendor ven...oogle.wifi_ext-service-vendor  I  Wifi: Resetting SAR Scenario to default
2026-02-19 11:05:30.595  1315-1315  WifiHAL                 ven...oogle.wifi_ext-service-vendor  E  wifi_reset_tx_power_scenario
2026-02-19 11:05:30.606  2594-2594  GRIL-S                  com.google.android.grilservice       D  [2847]> UPDATE_DEVICE_STATE DeviceState: Usb:0, Wifi: 1, Wifi AP: 0, Earpiece: 0, Bluetooth: 1, Wireless charging: 0, Screen: 1, Camera: 0, 0, -, -, Motion: 0, Bluetooth tethering: 0, Voice: 0, Wifi 2.4G: 1, Radio: 1, Bluetooth connected: 0, Bluetooth media: 0, Wifi Band: 1, Wifi AP Band: 0, Wifi call: 0, mmWave: 0, mCellBackhaul: 0, mHallSensor: 0, mDozeStatus: 1, mAppClassInfo: 0, mWifiCapSensorStatus: 0, mCellCapSensorStatus: 0, mBesideHeadHandStatus: 0, mSpeakerStatus: 0, mProtectiveCaseStatus: 0, mWifiSettingStatus: 0, mGpsStatus: 0
2026-02-19 11:05:30.621   528-528   hwservicemanager        hwservicemanager                     I  getTransport: Cannot find entry hardware.google.bluetooth.bt_channel_avoidance@1.0::IBTChannelAvoidance/default in either framework or device VINTF manifest.
2026-02-19 11:05:30.695  2594-3402  GRIL-S                  com.google.android.grilservice       D  [2847]< UPDATE_DEVICE_STATE 
2026-02-19 11:05:30.698 22566-22851 MeshReposi...geReceived com.scmessenger.android              D  Delivery receipt broadcast for b83f2905-9d0f-49fb-a7cc-f9cd26277191 to 1234fb26580681ee66c6c760b270a944e5031c137c2bcaca90c9a2a04b525a3a
2026-02-19 11:05:30.800 22566-22848 MeshReposi...eshService com.scmessenger.android              I  Message from 1234fb26580681ee66c6c760b270a944e5031c137c2bcaca90c9a2a04b525a3a: 2e1f1400-98ab-4805-95c5-3e0e709f04f3
2026-02-19 11:05:30.805 18743-27096 JobInfo                 com.google.android.apps.photos       W  Requested important-while-foreground flag for job555136408 is ignored and takes no effect
2026-02-19 11:05:30.824 22566-22566 Conversati...adMessages com.scmessenger.android              D  Loaded 100 messages
2026-02-19 11:05:30.828  1706-5391  NotificationService     system_server                        E  Package has already posted or enqueued 50 notifications.  Not showing more.  package=com.scmessenger.android
2026-02-19 11:05:30.830 22566-22566 Conversati...adMessages com.scmessenger.android              D  Loaded 100 messages
2026-02-19 11:05:30.905 18280-27016 AdvertisingIdClient     com.google.android.gms               D  AdvertisingIdClient already created.
2026-02-19 11:05:30.909 18280-27016 AdvertisingIdClient     com.google.android.gms               I  shouldSendLog 212655368
2026-02-19 11:05:30.909 18280-27016 AdvertisingIdClient     com.google.android.gms               I  GetInfoInternal elapse 3ms
2026-02-19 11:05:30.938  1706-2203  ActivityManager         system_server                        D  freezing 27158 com.alibaba.aliexpresshd:channel
2026-02-19 11:05:30.938  1706-2203  ActivityManager         system_server                        D  Reschedule freeze for process 27158 com.alibaba.aliexpresshd:channel (outstanding txns), timeout=2811
2026-02-19 11:05:30.940  1706-2203  ActivityManager         system_server                        D  freezing 27158 com.alibaba.aliexpresshd:channel
2026-02-19 11:05:30.940  1706-2203  ActivityManager         system_server                        D  Reschedule freeze for process 27158 com.alibaba.aliexpresshd:channel (outstanding txns), timeout=1032
2026-02-19 11:05:30.945  1706-1729  ActivityManager         system_server                        D  sync unfroze 21055 com.alibaba.aliexpresshd:tool for 4
2026-02-19 11:05:30.949 21055-21199 Process                 .                                    I  Sending signal. PID: 21055 SIG: 9
2026-02-19 11:05:30.952  1706-2328  Background...rolService system_server                        D  Package event received: 0
2026-02-19 11:05:30.971  1706-3127  ConnectivityService     system_server                        D  Returning UNBLOCKED NetworkInfo to uid=10396
2026-02-19 11:05:30.986 22566-22852 MeshReposi...geReceived com.scmessenger.android              D  Delivery receipt broadcast for 2e1f1400-98ab-4805-95c5-3e0e709f04f3 to 1234fb26580681ee66c6c760b270a944e5031c137c2bcaca90c9a2a04b525a3a
2026-02-19 11:05:30.990  1706-5391  ActivityManager         system_server                        I  Process com.alibaba.aliexpresshd:tool (pid 21055) has died: fg  IMPF
2026-02-19 11:05:30.990  1706-5391  ActivityManager         system_server                        I  Killing 27158:com.alibaba.aliexpresshd:channel/u0a396 (adj 905): depends on provider com.alibaba.aliexpresshd/com.aidc.immortal.ToolProvider in dying proc com.alibaba.aliexpresshd:tool (adj -10000)
2026-02-19 11:05:30.990  1233-1233  Zygote                  zygote64                             I  Process 21055 exited due to signal 9 (Killed)
2026-02-19 11:05:31.030  1706-1783  libprocessgroup         system_server                        I  Removed cgroup /sys/fs/cgroup/apps/uid_10396/pid_21055
2026-02-19 11:05:31.065  1706-2278  ConnectivityService     system_server                        D  releasing NetworkRequest [ REQUEST id=14205, [ Capabilities: INTERNET&NOT_RESTRICTED&TRUSTED&NOT_VCN_MANAGED&NOT_BANDWIDTH_CONSTRAINED Uid: 10396 RequestorUid: 10396 RequestorPkg: com.alibaba.aliexpresshd UnderlyingNetworks: Null] ] (release request)
2026-02-19 11:05:31.066  1706-2278  ConnectivityService     system_server                        D  releasing NetworkRequest [ REQUEST id=14208, [ Transports: CELLULAR Capabilities: INTERNET&NOT_RESTRICTED&TRUSTED&NOT_VPN&NOT_VCN_MANAGED&NOT_BANDWIDTH_CONSTRAINED Uid: 10396 RequestorUid: 10396 RequestorPkg: com.alibaba.aliexpresshd UnderlyingNetworks: Null] ] (release request)
2026-02-19 11:05:31.068  1233-1233  Zygote                  zygote64                             I  Process 27158 exited due to signal 9 (Killed)
2026-02-19 11:05:31.069  1706-1783  libprocessgroup         system_server                        I  Removed cgroup /sys/fs/cgroup/apps/uid_10396/pid_27158
2026-02-19 11:05:31.070  1706-5391  ActivityManager         system_server                        W  Scheduling restart of crashed service com.alibaba.aliexpresshd/com.alibaba.analytics.AnalyticsService in 4000ms for connection
2026-02-19 11:05:31.070 22566-22848 MeshReposi...eshService com.scmessenger.android              I  Message from 1234fb26580681ee66c6c760b270a944e5031c137c2bcaca90c9a2a04b525a3a: 73d1ff25-e270-4074-9afd-6c6ed7cd0e53
2026-02-19 11:05:31.097 22566-22566 Conversati...adMessages com.scmessenger.android              D  Loaded 100 messages
2026-02-19 11:05:31.103 22566-22566 Conversati...adMessages com.scmessenger.android              D  Loaded 100 messages
2026-02-19 11:05:31.103  1706-5251  NotificationService     system_server                        E  Package has already posted or enqueued 50 notifications.  Not showing more.  package=com.scmessenger.android
2026-02-19 11:05:31.304  1231-27370 SocketClient            netd                                 W  write error (Broken pipe)
2026-02-19 11:05:31.306  1231-27370 resolv                  netd                                 W  GetAddrInfoHandler::run: Error writing DNS result to client uid 10396 pid 27158: Broken pipe
2026-02-19 11:05:31.322 22566-22793 MeshReposi...geReceived com.scmessenger.android              D  Delivery receipt broadcast for 73d1ff25-e270-4074-9afd-6c6ed7cd0e53 to 1234fb26580681ee66c6c760b270a944e5031c137c2bcaca90c9a2a04b525a3a
2026-02-19 11:05:31.449 22566-22848 MeshReposi...eshService com.scmessenger.android              I  Message from 1234fb26580681ee66c6c760b270a944e5031c137c2bcaca90c9a2a04b525a3a: 33aa83a0-1d22-4c1f-b128-4d2e94d7ae51
2026-02-19 11:05:31.478 22566-22566 Conversati...adMessages com.scmessenger.android              D  Loaded 100 messages
2026-02-19 11:05:31.481  1706-5391  NotificationService     system_server                        E  Package has already posted or enqueued 50 notifications.  Not showing more.  package=com.scmessenger.android
2026-02-19 11:05:31.484 22566-22566 Conversati...adMessages com.scmessenger.android              D  Loaded 100 messages
2026-02-19 11:05:31.674 22566-22852 MeshReposi...geReceived com.scmessenger.android              D  Delivery receipt broadcast for 33aa83a0-1d22-4c1f-b128-4d2e94d7ae51 to 1234fb26580681ee66c6c760b270a944e5031c137c2bcaca90c9a2a04b525a3a
2026-02-19 11:05:31.748 22566-22848 MeshReposi...eshService com.scmessenger.android              I  Message from 1234fb26580681ee66c6c760b270a944e5031c137c2bcaca90c9a2a04b525a3a: e697b55a-4787-4719-b1f8-66bbbd01fcc8
2026-02-19 11:05:31.770 22566-22566 Conversati...adMessages com.scmessenger.android              D  Loaded 100 messages
2026-02-19 11:05:31.771  1706-5391  NotificationService     system_server                        E  Package has already posted or enqueued 50 notifications.  Not showing more.  package=com.scmessenger.android
2026-02-19 11:05:31.774 22566-22566 Conversati...adMessages com.scmessenger.android              D  Loaded 100 messages
2026-02-19 11:05:31.794  1315-1315  WifiHAL                 ven...oogle.wifi_ext-service-vendor  I  Creating message to get link statistics; iface = 47
2026-02-19 11:05:31.881  1706-2278  ConnectivityService     system_server                        D  NetReassign [no changes] [c 3] [a 1] [i 6]
2026-02-19 11:05:31.962 22566-26389 MeshReposi...geReceived com.scmessenger.android              D  Delivery receipt broadcast for e697b55a-4787-4719-b1f8-66bbbd01fcc8 to 1234fb26580681ee66c6c760b270a944e5031c137c2bcaca90c9a2a04b525a3a
2026-02-19 11:05:32.039 22566-22848 MeshReposi...eshService com.scmessenger.android              I  Message from 1234fb26580681ee66c6c760b270a944e5031c137c2bcaca90c9a2a04b525a3a: de96a8ee-56ac-4e20-af3d-aea48b8901ab
2026-02-19 11:05:32.065 22566-22566 Conversati...adMessages com.scmessenger.android              D  Loaded 100 messages
2026-02-19 11:05:32.069 22566-22566 Conversati...adMessages com.scmessenger.android              D  Loaded 100 messages
2026-02-19 11:05:32.070  1706-5251  NotificationService     system_server                        E  Package has already posted or enqueued 50 notifications.  Not showing more.  package=com.scmessenger.android
2026-02-19 11:05:32.230 22566-22791 MeshReposi...geReceived com.scmessenger.android              D  Delivery receipt broadcast for de96a8ee-56ac-4e20-af3d-aea48b8901ab to 1234fb26580681ee66c6c760b270a944e5031c137c2bcaca90c9a2a04b525a3a
2026-02-19 11:05:32.323 22566-22848 MeshReposi...eshService com.scmessenger.android              I  Message from 1234fb26580681ee66c6c760b270a944e5031c137c2bcaca90c9a2a04b525a3a: 069e1269-72b9-4539-8087-dfc8339e0403
2026-02-19 11:05:32.333  1286-1332  USF                     and...ware.sensors-service.multihal  D  AP/AOC clock synced: AOC: 214200707354736 ns (877366097325 tk), AP: 214238935254266 ns, diff = -38227899530 ns
2026-02-19 11:05:32.355  1706-5251  NotificationService     system_server                        E  Package has already posted or enqueued 50 notifications.  Not showing more.  package=com.scmessenger.android
2026-02-19 11:05:32.355 22566-22566 Conversati...adMessages com.scmessenger.android              D  Loaded 100 messages
2026-02-19 11:05:32.361 22566-22566 Conversati...adMessages com.scmessenger.android              D  Loaded 100 messages
2026-02-19 11:05:32.487 22566-22851 MeshReposi...geReceived com.scmessenger.android              D  Delivery receipt broadcast for 069e1269-72b9-4539-8087-dfc8339e0403 to 1234fb26580681ee66c6c760b270a944e5031c137c2bcaca90c9a2a04b525a3a
2026-02-19 11:05:32.692 22566-22848 MeshReposi...eshService com.scmessenger.android              I  Message from 1234fb26580681ee66c6c760b270a944e5031c137c2bcaca90c9a2a04b525a3a: 013a9fb3-43f5-42d9-8413-a52a3500e8fa
2026-02-19 11:05:32.719  1706-5391  NotificationService     system_server                        E  Package has already posted or enqueued 50 notifications.  Not showing more.  package=com.scmessenger.android
2026-02-19 11:05:32.721 22566-22566 Conversati...adMessages com.scmessenger.android              D  Loaded 100 messages
2026-02-19 11:05:32.730 22566-22566 Conversati...adMessages com.scmessenger.android              D  Loaded 100 messages
2026-02-19 11:05:32.919 22566-22791 MeshReposi...geReceived com.scmessenger.android              D  Delivery receipt broadcast for 013a9fb3-43f5-42d9-8413-a52a3500e8fa to 1234fb26580681ee66c6c760b270a944e5031c137c2bcaca90c9a2a04b525a3a
2026-02-19 11:05:33.009 22566-22848 MeshReposi...eshService com.scmessenger.android              I  Message from 1234fb26580681ee66c6c760b270a944e5031c137c2bcaca90c9a2a04b525a3a: b7c54701-3c91-4bca-aeed-02199b11b250
2026-02-19 11:05:33.035  1706-5251  NotificationService     system_server                        E  Package has already posted or enqueued 50 notifications.  Not showing more.  package=com.scmessenger.android
2026-02-19 11:05:33.035 22566-22566 Conversati...adMessages com.scmessenger.android              D  Loaded 100 messages
2026-02-19 11:05:33.042 22566-22566 Conversati...adMessages com.scmessenger.android              D  Loaded 100 messages
2026-02-19 11:05:33.350 10302-10302 BoundBrokerSvc          com.google.android.gms.persistent    D  onUnbind: Intent { act=com.google.android.gms.libs.gmscorelogger.service.START dat=chimera-action:/... xflg=0x4 cmp=com.google.android.gms/.chimera.PersistentDirectBootAwareApiService }
2026-02-19 11:05:33.363 22566-22851 MeshReposi...geReceived com.scmessenger.android              D  Delivery receipt broadcast for b7c54701-3c91-4bca-aeed-02199b11b250 to 1234fb26580681ee66c6c760b270a944e5031c137c2bcaca90c9a2a04b525a3a
2026-02-19 11:05:33.550 22566-22848 MeshReposi...eshService com.scmessenger.android              I  Message from 1234fb26580681ee66c6c760b270a944e5031c137c2bcaca90c9a2a04b525a3a: 22ace257-6997-48ca-8427-f6c1e00bdf2d
2026-02-19 11:05:33.583 22566-22566 Conversati...adMessages com.scmessenger.android              D  Loaded 100 messages
2026-02-19 11:05:33.583  1706-5391  NotificationService     system_server                        E  Package has already posted or enqueued 50 notifications.  Not showing more.  package=com.scmessenger.android
2026-02-19 11:05:33.590 22566-22566 Conversati...adMessages com.scmessenger.android              D  Loaded 100 messages
2026-02-19 11:05:33.731 22566-22791 MeshReposi...geReceived com.scmessenger.android              D  Delivery receipt broadcast for 22ace257-6997-48ca-8427-f6c1e00bdf2d to 1234fb26580681ee66c6c760b270a944e5031c137c2bcaca90c9a2a04b525a3a
2026-02-19 11:05:33.764  1271-1294  CHRE                    and...re.contexthub-service.generic  D  @ 214202.135: [ActivityPlatform] type 6, confidence 41
2026-02-19 11:05:33.850 22566-22848 MeshReposi...eshService com.scmessenger.android              I  Message from 1234fb26580681ee66c6c760b270a944e5031c137c2bcaca90c9a2a04b525a3a: 773d0853-4104-4b10-a205-27f6f106e67b
2026-02-19 11:05:33.867 22566-22566 Conversati...adMessages com.scmessenger.android              D  Loaded 100 messages
2026-02-19 11:05:33.870  1706-5391  NotificationService     system_server                        E  Package has already posted or enqueued 50 notifications.  Not showing more.  package=com.scmessenger.android
2026-02-19 11:05:33.872 22566-22566 Conversati...adMessages com.scmessenger.android              D  Loaded 100 messages
2026-02-19 11:05:33.990 22566-22852 MeshReposi...geReceived com.scmessenger.android              D  Delivery receipt broadcast for 773d0853-4104-4b10-a205-27f6f106e67b to 1234fb26580681ee66c6c760b270a944e5031c137c2bcaca90c9a2a04b525a3a
2026-02-19 11:05:34.084 22566-22848 MeshReposi...eshService com.scmessenger.android              I  Message from 1234fb26580681ee66c6c760b270a944e5031c137c2bcaca90c9a2a04b525a3a: 8ab23efb-040b-4a4c-80ee-e8009769ce0f
2026-02-19 11:05:34.104 22566-22566 Conversati...adMessages com.scmessenger.android              D  Loaded 100 messages
2026-02-19 11:05:34.107 22566-22566 Conversati...adMessages com.scmessenger.android              D  Loaded 100 messages
2026-02-19 11:05:34.107  1706-5391  NotificationService     system_server                        E  Package has already posted or enqueued 50 notifications.  Not showing more.  package=com.scmessenger.android
2026-02-19 11:05:34.258 22566-26389 MeshReposi...geReceived com.scmessenger.android              D  Delivery receipt broadcast for 8ab23efb-040b-4a4c-80ee-e8009769ce0f to 1234fb26580681ee66c6c760b270a944e5031c137c2bcaca90c9a2a04b525a3a
2026-02-19 11:05:34.349 22566-22848 MeshReposi...eshService com.scmessenger.android              I  Message from 1234fb26580681ee66c6c760b270a944e5031c137c2bcaca90c9a2a04b525a3a: b35a9ea9-585c-4a82-9d24-ed48372bef73
2026-02-19 11:05:34.369 22566-22566 Conversati...adMessages com.scmessenger.android              D  Loaded 100 messages
2026-02-19 11:05:34.373 22566-22566 Conversati...adMessages com.scmessenger.android              D  Loaded 100 messages
2026-02-19 11:05:34.375  1706-5391  NotificationService     system_server                        E  Package has already posted or enqueued 50 notifications.  Not showing more.  package=com.scmessenger.android
2026-02-19 11:05:34.488 22566-22793 MeshReposi...geReceived com.scmessenger.android              D  Delivery receipt broadcast for b35a9ea9-585c-4a82-9d24-ed48372bef73 to 1234fb26580681ee66c6c760b270a944e5031c137c2bcaca90c9a2a04b525a3a
2026-02-19 11:05:34.588 22566-22848 MeshReposi...eshService com.scmessenger.android              I  Message from 1234fb26580681ee66c6c760b270a944e5031c137c2bcaca90c9a2a04b525a3a: 03c6dd30-0589-4943-94fc-8fbd65b75198
2026-02-19 11:05:34.611 22566-22566 Conversati...adMessages com.scmessenger.android              D  Loaded 100 messages
2026-02-19 11:05:34.613  1706-5251  NotificationService     system_server                        E  Package has already posted or enqueued 50 notifications.  Not showing more.  package=com.scmessenger.android
2026-02-19 11:05:34.618 22566-22566 Conversati...adMessages com.scmessenger.android              D  Loaded 100 messages
2026-02-19 11:05:34.688  1513-1513  AOC                     aocd                                 D  A3:MSG: usf_sensor.cc, 1581: USF: Received stop sampling request for LSM6DSR Accelerometer (active:5).
2026-02-19 11:05:34.689  1513-1513  AOC                     aocd                                 D  A3:MSG: usf_sensor.cc, 1581: USF: Received stop sampling request for LSM6DSR Gyroscope (active:1).
2026-02-19 11:05:34.691  1271-1294  CHRE                    and...re.contexthub-service.generic  D  @ 214203.063: [BluePixel] State: Started -> Gated
2026-02-19 11:05:34.692  1513-1513  AOC                     aocd                                 D  A3:MSG: usf_sensor.cc, 1581: USF: Received stop sampling request for MMC56X3X Magnetometer (active:1).
2026-02-19 11:05:34.692  1513-1513  AOC                     aocd                                 D  A3:MSG: mmc56x3x_device.cc, 409: USF: MMC56X3X0: mmc56x3x_enable_measure odr = 10.
2026-02-19 11:05:34.694  1481-1481  gpsd                    gpsd                                 D  WakeLock(Acquire,GPSD)
2026-02-19 11:05:34.696  1481-1481  gpsd                    gpsd                                 D  WakeLock(Release,GPSD)
2026-02-19 11:05:34.801 22566-22852 MeshReposi...geReceived com.scmessenger.android              D  Delivery receipt broadcast for 03c6dd30-0589-4943-94fc-8fbd65b75198 to 1234fb26580681ee66c6c760b270a944e5031c137c2bcaca90c9a2a04b525a3a
2026-02-19 11:05:34.871  1315-1315  WifiHAL                 ven...oogle.wifi_ext-service-vendor  I  Creating message to get link statistics; iface = 47
2026-02-19 11:05:34.925 22566-22848 MeshReposi...eshService com.scmessenger.android              I  Message from 1234fb26580681ee66c6c760b270a944e5031c137c2bcaca90c9a2a04b525a3a: ea23364e-da0c-4ad1-8aab-bf34a7fbb41b
2026-02-19 11:05:34.952  1706-5391  NotificationService     system_server                        E  Package has already posted or enqueued 50 notifications.  Not showing more.  package=com.scmessenger.android
2026-02-19 11:05:34.952 22566-22566 Conversati...adMessages com.scmessenger.android              D  Loaded 100 messages
2026-02-19 11:05:34.959 22566-22566 Conversati...adMessages com.scmessenger.android              D  Loaded 100 messages
2026-02-19 11:05:34.968  1706-2278  ConnectivityService     system_server                        D  NetReassign [no changes] [c 3] [a 2] [i 7]
2026-02-19 11:05:35.073  1706-1781  Grammatica...ctionUtils system_server                        V  AttributionSource: android.content.AttributionSource@8d3cb3ad does not have READ_SYSTEM_GRAMMATICAL_GENDER permission.
2026-02-19 11:05:35.109  1233-1233  Zygote                  zygote64                             D  Forked child process 27373
2026-02-19 11:05:35.111  1706-1782  ActivityManager         system_server                        I  Start proc 27373:com.alibaba.aliexpresshd:channel/u0a396 for service {com.alibaba.aliexpresshd/com.alibaba.analytics.AnalyticsService}
2026-02-19 11:05:35.113 22566-26389 MeshReposi...geReceived com.scmessenger.android              D  Delivery receipt broadcast for ea23364e-da0c-4ad1-8aab-bf34a7fbb41b to 1234fb26580681ee66c6c760b270a944e5031c137c2bcaca90c9a2a04b525a3a
2026-02-19 11:05:35.115 27373-27373 zygote64                zygote64                             W  Activation of cgroup controller +memory failed in path /sys/fs/cgroup/apps/uid_10396: Invalid argument
2026-02-19 11:05:35.117 27373-27373 libc                    zygote64                             I  SetHeapTaggingLevel: tag level set to 0
2026-02-19 11:05:35.122 27373-27373 Zygote                  zygote64                             I  Process 27373 created for com.alibaba.aliexpresshd:channel
2026-02-19 11:05:35.122 27373-27373 presshd:channel         zygote64                             I  Using CollectorTypeCMC GC.
2026-02-19 11:05:35.128 27373-27373 nativeloader            com.alibaba.aliexpresshd:channel     D  Load libframework-connectivity-tiramisu-jni.so using APEX ns com_android_tethering for caller /apex/com.android.tethering/javalib/framework-connectivity-t.jar: ok
2026-02-19 11:05:35.139 27373-27373 ApplicationLoaders      com.alibaba.aliexpresshd:channel     D  Returning zygote-cached class loader: /system_ext/framework/androidx.window.extensions.jar
2026-02-19 11:05:35.139 27373-27373 ApplicationLoaders      com.alibaba.aliexpresshd:channel     D  Returning zygote-cached class loader: /system_ext/framework/androidx.window.sidecar.jar
2026-02-19 11:05:35.139 27373-27373 ApplicationLoaders      com.alibaba.aliexpresshd:channel     D  Returning zygote-cached class loader: /system/framework/org.apache.http.legacy.jar
2026-02-19 11:05:35.165 27373-27373 presshd:channel         com.alibaba.aliexpresshd:channel     W  Failed to find entry 'classes.dex': Entry not found
2026-02-19 11:05:35.165 27373-27373 presshd:channel         com.alibaba.aliexpresshd:channel     W  Failed to find entry 'classes.dex': Entry not found
2026-02-19 11:05:35.166 27373-27373 presshd:channel         com.alibaba.aliexpresshd:channel     W  Failed to find entry 'classes.dex': Entry not found
2026-02-19 11:05:35.167 27373-27373 presshd:channel         com.alibaba.aliexpresshd:channel     W  Failed to find entry 'classes.dex': Entry not found
2026-02-19 11:05:35.167 27373-27373 presshd:channel         com.alibaba.aliexpresshd:channel     W  Failed to find entry 'classes.dex': Entry not found
2026-02-19 11:05:35.168 27373-27373 presshd:channel         com.alibaba.aliexpresshd:channel     W  Failed to find entry 'classes.dex': Entry not found
2026-02-19 11:05:35.168 27373-27373 presshd:channel         com.alibaba.aliexpresshd:channel     W  Failed to find entry 'classes.dex': Entry not found
2026-02-19 11:05:35.169 27373-27373 presshd:channel         com.alibaba.aliexpresshd:channel     W  Failed to find entry 'classes.dex': Entry not found
2026-02-19 11:05:35.170 27373-27373 presshd:channel         com.alibaba.aliexpresshd:channel     W  Failed to find entry 'classes.dex': Entry not found
2026-02-19 11:05:35.170 27373-27373 presshd:channel         com.alibaba.aliexpresshd:channel     W  Failed to find entry 'classes.dex': Entry not found
2026-02-19 11:05:35.171 27373-27373 presshd:channel         com.alibaba.aliexpresshd:channel     W  Failed to find entry 'classes.dex': Entry not found
2026-02-19 11:05:35.172 27373-27373 presshd:channel         com.alibaba.aliexpresshd:channel     W  Failed to find entry 'classes.dex': Entry not found
2026-02-19 11:05:35.173 27373-27373 nativeloader            com.alibaba.aliexpresshd:channel     D  Configuring clns-9 for other apk /data/app/~~fqHqOKglohvfvwGAW-LATw==/com.alibaba.aliexpresshd-WruJ2kiAfbTxCi-OBNWL8g==/base.apk:/data/app/~~fqHqOKglohvfvwGAW-LATw==/com.alibaba.aliexpresshd-WruJ2kiAfbTxCi-OBNWL8g==/split_aeocr.apk:/data/app/~~fqHqOKglohvfvwGAW-LATw==/com.alibaba.aliexpresshd-WruJ2kiAfbTxCi-OBNWL8g==/split_aeocr.config.arm64_v8a.apk:/data/app/~~fqHqOKglohvfvwGAW-LATw==/com.alibaba.aliexpresshd-WruJ2kiAfbTxCi-OBNWL8g==/split_aeocr.config.xxhdpi.apk:/data/app/~~fqHqOKglohvfvwGAW-LATw==/com.alibaba.aliexpresshd-WruJ2kiAfbTxCi-OBNWL8g==/split_aiFoundation.apk:/data/app/~~fqHqOKglohvfvwGAW-LATw==/com.alibaba.aliexpresshd-WruJ2kiAfbTxCi-OBNWL8g==/split_aiFoundation.config.arm64_v8a.apk:/data/app/~~fqHqOKglohvfvwGAW-LATw==/com.alibaba.aliexpresshd-WruJ2kiAfbTxCi-OBNWL8g==/split_config.arm64_v8a.apk:/data/app/~~fqHqOKglohvfvwGAW-LATw==/com.alibaba.aliexpresshd-WruJ2kiAfbTxCi-OBNWL8g==/split_config.xxhdpi.apk:/data/app/~~fqHqOKglohvfvwGAW-LATw==/com.alibaba.aliexpresshd-WruJ2kiAfbTxCi-OBNWL8g==/split
2026-02-19 11:05:35.174 27373-27373 CompatChangeReporter    com.alibaba.aliexpresshd:channel     D  Compat change id reported: 202956589; UID 10396; state: ENABLED
2026-02-19 11:05:35.182 27373-27373 GraphicsEnvironment     com.alibaba.aliexpresshd:channel     V  Currently set values for:
2026-02-19 11:05:35.182 27373-27373 GraphicsEnvironment     com.alibaba.aliexpresshd:channel     V    angle_gl_driver_selection_pkgs=[com.android.angle, com.google.android.apps.tachyon]
2026-02-19 11:05:35.182 27373-27373 GraphicsEnvironment     com.alibaba.aliexpresshd:channel     V    angle_gl_driver_selection_values=[angle, native]
2026-02-19 11:05:35.182 27373-27373 GraphicsEnvironment     com.alibaba.aliexpresshd:channel     V  com.alibaba.aliexpresshd is not listed in per-application setting
2026-02-19 11:05:35.182 27373-27373 GraphicsEnvironment     com.alibaba.aliexpresshd:channel     V  ANGLE allowlist from config: 
2026-02-19 11:05:35.182 27373-27373 GraphicsEnvironment     com.alibaba.aliexpresshd:channel     V  No special selections for ANGLE, returning default driver choice
2026-02-19 11:05:35.182 27373-27373 GraphicsEnvironment     com.alibaba.aliexpresshd:channel     V  Neither updatable production driver nor prerelease driver is supported.
2026-02-19 11:05:35.182 22566-22848 MeshReposi...eshService com.scmessenger.android              I  Message from 1234fb26580681ee66c6c760b270a944e5031c137c2bcaca90c9a2a04b525a3a: 78428c27-ab1b-47f3-a2f5-fa63481e88de
2026-02-19 11:05:35.183 27373-27373 LoadedApk               com.alibaba.aliexpresshd:channel     I  No resource references to update in package com.alibaba.aliexpresshd.push
2026-02-19 11:05:35.183 27373-27373 LoadedApk               com.alibaba.aliexpresshd:channel     I  No resource references to update in package com.alibaba.aliexpresshd.widget
2026-02-19 11:05:35.183 27373-27373 LoadedApk               com.alibaba.aliexpresshd:channel     I  No resource references to update in package com.alibaba.aliexpresshd.ugc
2026-02-19 11:05:35.184 27373-27373 LoadedApk               com.alibaba.aliexpresshd:channel     I  No resource references to update in package com.alibaba.aliexpresshd.aeocr
2026-02-19 11:05:35.184 27373-27373 LoadedApk               com.alibaba.aliexpresshd:channel     I  No resource references to update in package com.alibaba.aliexpresshd.wallet
2026-02-19 11:05:35.186 27373-27373 System.out              com.alibaba.aliexpresshd:channel     I  PerfLogger::PerfLogger: setMainProcess: false
2026-02-19 11:05:35.194  1706-5251  NotificationService     system_server                        E  Package has already posted or enqueued 50 notifications.  Not showing more.  package=com.scmessenger.android
2026-02-19 11:05:35.196 22566-22566 Conversati...adMessages com.scmessenger.android              D  Loaded 100 messages
2026-02-19 11:05:35.197 27373-27373 System.out              com.alibaba.aliexpresshd:channel     I  UCChildProcessOptimize init cost time:0, com.alibaba.aliexpresshd:channel
2026-02-19 11:05:35.199 22566-22566 Conversati...adMessages com.scmessenger.android              D  Loaded 100 messages
2026-02-19 11:05:35.202 27373-27386 nativeloader            com.alibaba.aliexpresshd:channel     D  Load /data/app/~~fqHqOKglohvfvwGAW-LATw==/com.alibaba.aliexpresshd-WruJ2kiAfbTxCi-OBNWL8g==/lib/arm64/liblauncher_perf.so using class loader ns clns-9 (caller=/data/app/~~fqHqOKglohvfvwGAW-LATw==/com.alibaba.aliexpresshd-WruJ2kiAfbTxCi-OBNWL8g==/base.apk!classes3.dex): ok
2026-02-19 11:05:35.210 27373-27373 System.out              com.alibaba.aliexpresshd:channel     I  AeTaggedTask start: Dynamic
2026-02-19 11:05:35.210 27373-27373 System.out              com.alibaba.aliexpresshd:channel     I  AeTaggedTask start: Nav
2026-02-19 11:05:35.211 27373-27373 System.out              com.alibaba.aliexpresshd:channel     I  AeTaggedTask start: Logger
2026-02-19 11:05:35.211 27373-27373 System.out              com.alibaba.aliexpresshd:channel     I  AeTaggedTask start: Json
2026-02-19 11:05:35.211 27373-27389 System.out              com.alibaba.aliexpresshd:channel     I  AeTaggedTask start: OrangeMainThread
2026-02-19 11:05:35.211 27373-27390 System.out              com.alibaba.aliexpresshd:channel     I  AeTaggedTask start: Ripper
2026-02-19 11:05:35.216 27373-27392 ashmem                  com.alibaba.aliexpresshd:channel     E  Pinning is deprecated since Android Q. Please use trim or other methods.
2026-02-19 11:05:35.216 27373-27392 CompatChangeReporter    com.alibaba.aliexpresshd:channel     D  Compat change id reported: 312399441; UID 10396; state: ENABLED
2026-02-19 11:05:35.218  4303-7501  MediaProvider           com...ndroid.providers.media.module  E  Creating or writing to a non-default top level directory is not allowed!
2026-02-19 11:05:35.219  4303-7508  MediaProvider           com...ndroid.providers.media.module  E  Creating or writing to a non-default top level directory is not allowed!
2026-02-19 11:05:35.222  1706-5251  DatabaseUtils           system_server                        E  Writing exception to parcel (Fix with AI)
                                                                                                    java.lang.SecurityException: com.alibaba.aliexpresshd was not granted  this permission: android.permission.WRITE_SETTINGS.
                                                                                                    	at android.provider.Settings.isCallingPackageAllowedToPerformAppOpsProtectedOperation(Settings.java:22633)
                                                                                                    	at android.provider.Settings.checkAndNoteWriteSettingsOperation(Settings.java:22521)
                                                                                                    	at com.android.providers.settings.SettingsProvider.mutateSystemSetting(SettingsProvider.java:2081)
                                                                                                    	at com.android.providers.settings.SettingsProvider.insertSystemSetting(SettingsProvider.java:2034)
                                                                                                    	at com.android.providers.settings.SettingsProvider.call(SettingsProvider.java:510)
                                                                                                    	at android.content.ContentProvider.call(ContentProvider.java:2746)
                                                                                                    	at android.content.ContentProvider$Transport.call(ContentProvider.java:640)
                                                                                                    	at android.content.ContentProviderNative.onTransact(ContentProviderNative.java:307)
                                                                                                    	at android.os.Binder.execTransactInternal(Binder.java:1473)
                                                                                                    	at android.os.Binder.execTransact(Binder.java:1418)
2026-02-19 11:05:35.226 27373-27373 System.out              com.alibaba.aliexpresshd:channel     I  AeTaggedTask start: ConfigHelper
2026-02-19 11:05:35.226 27373-27405 System.out              com.alibaba.aliexpresshd:channel     I  AeTaggedTask start: AppConfigCacheManager
2026-02-19 11:05:35.226 27373-27373 System.out              com.alibaba.aliexpresshd:channel     I  AeTaggedTask start: Sky
2026-02-19 11:05:35.229 27373-27397 presshd:channel         com.alibaba.aliexpresshd:channel     W  ClassLoaderContext classpath size mismatch. expected=1, found=0 (DLC[];PCL[base.apk*3930705346]{PCL[/system/framework/org.apache.http.legacy.jar*3808638674]#PCL[/system/framework/com.android.location.provider.jar*1880069816]#PCL[/system/framework/com.android.media.remotedisplay.jar*1838754544]#PCL[/system_ext/framework/androidx.window.extensions.jar*27366443]#PCL[/system_ext/framework/androidx.window.sidecar.jar*3917221785]} | DLC[];PCL[])
2026-02-19 11:05:35.231 27373-27412 System.out              com.alibaba.aliexpresshd:channel     I  AeTaggedTask start: Push
2026-02-19 11:05:35.232 27373-27411 System.out              com.alibaba.aliexpresshd:channel     I  AeTaggedTask start: Painter
2026-02-19 11:05:35.237 27373-27397 System                  com.alibaba.aliexpresshd:channel     W  ClassLoader referenced unknown path: 
2026-02-19 11:05:35.238 27373-27410 System.out              com.alibaba.aliexpresshd:channel     I  AeTaggedTask start: Network
2026-02-19 11:05:35.238 27373-27397 nativeloader            com.alibaba.aliexpresshd:channel     D  Configuring clns-10 for other apk . target_sdk_version=36, uses_libraries=, library_path=/data/app/~~vXHuS51ZRbEfnjxc_Mv5mA==/com.google.android.gms-sz62IoCrbB09HPxttM8UvA==/lib/arm64:/data/app/~~vXHuS51ZRbEfnjxc_Mv5mA==/com.google.android.gms-sz62IoCrbB09HPxttM8UvA==/base.apk!/lib/arm64-v8a, permitted_path=/data:/mnt/expand:/data/user/0/com.google.android.gms
2026-02-19 11:05:35.241 27373-27408 System.err              com.alibaba.aliexpresshd:channel     W  java.lang.RuntimeException: getDefaultTracker error,must call setRequestAuthentication method first
2026-02-19 11:05:35.241 27373-27408 System.err              com.alibaba.aliexpresshd:channel     W  	at com.ut.mini.UTAnalytics.getDefaultTracker(SourceFile:19)
2026-02-19 11:05:35.241 27373-27408 System.err              com.alibaba.aliexpresshd:channel     W  	at xx.j.c(SourceFile:58)
2026-02-19 11:05:35.241 27373-27408 System.err              com.alibaba.aliexpresshd:channel     W  	at ry0.d$a.c(SourceFile:28)
2026-02-19 11:05:35.242 27373-27408 System.err              com.alibaba.aliexpresshd:channel     W  	at ry0.d$b.c(SourceFile:34)
2026-02-19 11:05:35.242 27373-27408 System.err              com.alibaba.aliexpresshd:channel     W  	at rl.a.B(SourceFile:55)
2026-02-19 11:05:35.242 27373-27408 System.err              com.alibaba.aliexpresshd:channel     W  	at rl.a.z(SourceFile:39)
2026-02-19 11:05:35.242 27373-27408 System.err              com.alibaba.aliexpresshd:channel     W  	at rl.a.<init>(SourceFile:669)
2026-02-19 11:05:35.242 27373-27408 System.err              com.alibaba.aliexpresshd:channel     W  	at rl.a.f(SourceFile:101)
2026-02-19 11:05:35.242 27373-27408 System.err              com.alibaba.aliexpresshd:channel     W  	at bm.f$a.run(SourceFile:30)
2026-02-19 11:05:35.242 27373-27408 System.err              com.alibaba.aliexpresshd:channel     W  	at java.lang.Thread.run(Thread.java:1564)
2026-02-19 11:05:35.243 27373-27408 System.err              com.alibaba.aliexpresshd:channel     W  java.lang.RuntimeException: getDefaultTracker error,must call setRequestAuthentication method first
2026-02-19 11:05:35.243 27373-27408 System.err              com.alibaba.aliexpresshd:channel     W  	at com.ut.mini.UTAnalytics.getDefaultTracker(SourceFile:19)
2026-02-19 11:05:35.243 27373-27408 System.err              com.alibaba.aliexpresshd:channel     W  	at xx.j.c(SourceFile:93)
2026-02-19 11:05:35.243 27373-27408 System.err              com.alibaba.aliexpresshd:channel     W  	at ry0.d$a.c(SourceFile:28)
2026-02-19 11:05:35.243 27373-27408 System.err              com.alibaba.aliexpresshd:channel     W  	at ry0.d$b.c(SourceFile:34)
2026-02-19 11:05:35.243 27373-27408 System.err              com.alibaba.aliexpresshd:channel     W  	at rl.a.B(SourceFile:55)
2026-02-19 11:05:35.243 27373-27408 System.err              com.alibaba.aliexpresshd:channel     W  	at rl.a.z(SourceFile:39)
2026-02-19 11:05:35.243 27373-27408 System.err              com.alibaba.aliexpresshd:channel     W  	at rl.a.<init>(SourceFile:669)
2026-02-19 11:05:35.243 27373-27408 System.err              com.alibaba.aliexpresshd:channel     W  	at rl.a.f(SourceFile:101)
2026-02-19 11:05:35.243 27373-27408 System.err              com.alibaba.aliexpresshd:channel     W  	at bm.f$a.run(SourceFile:30)
2026-02-19 11:05:35.243 27373-27408 System.err              com.alibaba.aliexpresshd:channel     W  	at java.lang.Thread.run(Thread.java:1564)
2026-02-19 11:05:35.244 27373-27425 System.err              com.alibaba.aliexpresshd:channel     W  java.io.FileNotFoundException: /system/etc/Aliexpress.prop: open failed: ENOENT (No such file or directory)
2026-02-19 11:05:35.244 27373-27425 System.err              com.alibaba.aliexpresshd:channel     W  	at libcore.io.IoBridge.open(IoBridge.java:574)
2026-02-19 11:05:35.244 27373-27425 System.err              com.alibaba.aliexpresshd:channel     W  	at java.io.FileInputStream.<init>(FileInputStream.java:179)
2026-02-19 11:05:35.245 27373-27425 System.err              com.alibaba.aliexpresshd:channel     W  	at java.io.FileInputStream.<init>(FileInputStream.java:133)
2026-02-19 11:05:35.245 27373-27425 System.err              com.alibaba.aliexpresshd:channel     W  	at java.io.FileReader.<init>(FileReader.java:60)
2026-02-19 11:05:35.245 27373-27425 System.err              com.alibaba.aliexpresshd:channel     W  	at com.aliexpress.common.channel.y.f(SourceFile:28)
2026-02-19 11:05:35.245 27373-27425 System.err              com.alibaba.aliexpresshd:channel     W  	at com.aliexpress.common.channel.y.b(SourceFile:85)
2026-02-19 11:05:35.245 27373-27425 System.err              com.alibaba.aliexpresshd:channel     W  	at com.aliexpress.common.channel.s.c(SourceFile:36)
2026-02-19 11:05:35.245 27373-27425 System.err              com.alibaba.aliexpresshd:channel     W  	at com.aliexpress.common.channel.PreInstalledUtil.b(SourceFile:67)
2026-02-19 11:05:35.245 27373-27425 System.err              com.alibaba.aliexpresshd:channel     W  	at com.aliexpress.common.channel.m.run(SourceFile:36)
2026-02-19 11:05:35.245 27373-27425 System.err              com.alibaba.aliexpresshd:channel     W  Caused by: android.system.ErrnoException: open failed: ENOENT (No such file or directory)
2026-02-19 11:05:35.245 27373-27425 System.err              com.alibaba.aliexpresshd:channel     W  	at libcore.io.Linux.open(Native Method)
2026-02-19 11:05:35.245 27373-27425 System.err              com.alibaba.aliexpresshd:channel     W  	at libcore.io.ForwardingOs.open(ForwardingOs.java:574)
2026-02-19 11:05:35.245 27373-27425 System.err              com.alibaba.aliexpresshd:channel     W  	at libcore.io.BlockGuardOs.open(BlockGuardOs.java:274)
2026-02-19 11:05:35.245 27373-27425 System.err              com.alibaba.aliexpresshd:channel     W  	at libcore.io.ForwardingOs.open(ForwardingOs.java:574)
2026-02-19 11:05:35.245 27373-27425 System.err              com.alibaba.aliexpresshd:channel     W  	at android.app.AndroidForwardingOs.open(AndroidForwardingOs.java:120)
2026-02-19 11:05:35.245 27373-27425 System.err              com.alibaba.aliexpresshd:channel     W  	at libcore.io.IoBridge.open(IoBridge.java:560)
2026-02-19 11:05:35.245 27373-27425 System.err              com.alibaba.aliexpresshd:channel     W  	... 8 more
2026-02-19 11:05:35.245 27373-27411 System.out              com.alibaba.aliexpresshd:channel     I  PreFetchExecutor.init() - 开关关闭，退出初始化
2026-02-19 11:05:35.246  1706-5980  ActivityManager         system_server                        W  Unable to start service Intent { act=mtopsdk.xstate.aidl.IXState cat=[android.intent.category.DEFAULT] xflg=0x4 pkg=com.alibaba.aliexpresshd cmp=com.alibaba.aliexpresshd/mtopsdk.xstate.XStateService } U=0: not found
2026-02-19 11:05:35.247 27373-27412 System.err              com.alibaba.aliexpresshd:channel     W  java.lang.RuntimeException: getDefaultTracker error,must call setRequestAuthentication method first
2026-02-19 11:05:35.247 27373-27412 System.err              com.alibaba.aliexpresshd:channel     W  	at com.ut.mini.UTAnalytics.getDefaultTracker(SourceFile:19)
2026-02-19 11:05:35.247 27373-27412 System.err              com.alibaba.aliexpresshd:channel     W  	at je.j.c(SourceFile:44)
2026-02-19 11:05:35.247 27373-27412 System.err              com.alibaba.aliexpresshd:channel     W  	at je.j.s(SourceFile:62)
2026-02-19 11:05:35.247 27373-27412 System.err              com.alibaba.aliexpresshd:channel     W  	at com.google.android.gms.cloudmessaging.u.h(SourceFile:5)
2026-02-19 11:05:35.247 27373-27412 System.err              com.alibaba.aliexpresshd:channel     W  	at vf.a.h(SourceFile:118)
2026-02-19 11:05:35.247 27373-27412 System.err              com.alibaba.aliexpresshd:channel     W  	at sf.h.d(SourceFile:276)
2026-02-19 11:05:35.247 27373-27412 System.err              com.alibaba.aliexpresshd:channel     W  	at com.aliexpress.app.init.tasks.InitPush.onExcute(SourceFile:39)
2026-02-19 11:05:35.247 27373-27412 System.err              com.alibaba.aliexpresshd:channel     W  	at com.aliexpress.module.launcher.task.AeTaggedTask.run(SourceFile:84)
2026-02-19 11:05:35.247 27373-27412 System.err              com.alibaba.aliexpresshd:channel     W  	at com.taobao.android.launcher.biz.task.TaggedTask.execute(SourceFile:5)
2026-02-19 11:05:35.247 27373-27412 System.err              com.alibaba.aliexpresshd:channel     W  	at com.taobao.android.launcher.biz.task.TaggedTask.execute(SourceFile:1)
2026-02-19 11:05:35.247 27373-27412 System.err              com.alibaba.aliexpresshd:channel     W  	at pf0.a.execute(SourceFile:47)
2026-02-19 11:05:35.247 27373-27412 System.err              com.alibaba.aliexpresshd:channel     W  	at com.taobao.android.job.core.TaskSchedulerImpl$1.call(SourceFile:3)
2026-02-19 11:05:35.247 27373-27412 System.err              com.alibaba.aliexpresshd:channel     W  	at com.taobao.android.job.core.TaskSchedulerImpl$1.call(SourceFile:1)
2026-02-19 11:05:35.247 27373-27412 System.err              com.alibaba.aliexpresshd:channel     W  	at java.util.concurrent.FutureTask.run(FutureTask.java:317)
2026-02-19 11:05:35.247 27373-27412 System.err              com.alibaba.aliexpresshd:channel     W  	at java.util.concurrent.Executors$RunnableAdapter.call(Executors.java:520)
2026-02-19 11:05:35.247 27373-27412 System.err              com.alibaba.aliexpresshd:channel     W  	at java.util.concurrent.FutureTask.run(FutureTask.java:317)
2026-02-19 11:05:35.247 27373-27412 System.err              com.alibaba.aliexpresshd:channel     W  	at java.util.concurrent.ThreadPoolExecutor.runWorker(ThreadPoolExecutor.java:1154)
2026-02-19 11:05:35.247 27373-27412 System.err              com.alibaba.aliexpresshd:channel     W  	at java.util.concurrent.ThreadPoolExecutor$Worker.run(ThreadPoolExecutor.java:652)
2026-02-19 11:05:35.247 27373-27412 System.err              com.alibaba.aliexpresshd:channel     W  	at java.lang.Thread.run(Thread.java:1564)
2026-02-19 11:05:35.248 27373-27412 System.err              com.alibaba.aliexpresshd:channel     W  java.lang.RuntimeException: getDefaultTracker error,must call setRequestAuthentication method first
2026-02-19 11:05:35.248 27373-27412 System.err              com.alibaba.aliexpresshd:channel     W  	at com.ut.mini.UTAnalytics.getDefaultTracker(SourceFile:19)
2026-02-19 11:05:35.248 27373-27412 System.err              com.alibaba.aliexpresshd:channel     W  	at je.j.c(SourceFile:44)
2026-02-19 11:05:35.248 27373-27412 System.err              com.alibaba.aliexpresshd:channel     W  	at je.j.s(SourceFile:62)
2026-02-19 11:05:35.248 27373-27412 System.err              com.alibaba.aliexpresshd:channel     W  	at com.google.android.gms.cloudmessaging.u.h(SourceFile:5)
2026-02-19 11:05:35.248 27373-27412 System.err              com.alibaba.aliexpresshd:channel     W  	at com.google.android.gms.cloudmessaging.u.i(SourceFile:3)
2026-02-19 11:05:35.248 27373-27412 System.err              com.alibaba.aliexpresshd:channel     W  	at sf.h.d(SourceFile:451)
2026-02-19 11:05:35.248 27373-27412 System.err              com.alibaba.aliexpresshd:channel     W  	at com.aliexpress.app.init.tasks.InitPush.onExcute(SourceFile:39)
2026-02-19 11:05:35.248 27373-27412 System.err              com.alibaba.aliexpresshd:channel     W  	at com.aliexpress.module.launcher.task.AeTaggedTask.run(SourceFile:84)
2026-02-19 11:05:35.248 27373-27412 System.err              com.alibaba.aliexpresshd:channel     W  	at com.taobao.android.launcher.biz.task.TaggedTask.execute(SourceFile:5)
2026-02-19 11:05:35.248 27373-27412 System.err              com.alibaba.aliexpresshd:channel     W  	at com.taobao.android.launcher.biz.task.TaggedTask.execute(SourceFile:1)
2026-02-19 11:05:35.248 27373-27412 System.err              com.alibaba.aliexpresshd:channel     W  	at pf0.a.execute(SourceFile:47)
2026-02-19 11:05:35.248 27373-27412 System.err              com.alibaba.aliexpresshd:channel     W  	at com.taobao.android.job.core.TaskSchedulerImpl$1.call(SourceFile:3)
2026-02-19 11:05:35.248 27373-27412 System.err              com.alibaba.aliexpresshd:channel     W  	at com.taobao.android.job.core.TaskSchedulerImpl$1.call(SourceFile:1)
2026-02-19 11:05:35.248 27373-27412 System.err              com.alibaba.aliexpresshd:channel     W  	at java.util.concurrent.FutureTask.run(FutureTask.java:317)
2026-02-19 11:05:35.248 27373-27412 System.err              com.alibaba.aliexpresshd:channel     W  	at java.util.concurrent.Executors$RunnableAdapter.call(Executors.java:520)
2026-02-19 11:05:35.248 27373-27412 System.err              com.alibaba.aliexpresshd:channel     W  	at java.util.concurrent.FutureTask.run(FutureTask.java:317)
2026-02-19 11:05:35.248 27373-27412 System.err              com.alibaba.aliexpresshd:channel     W  	at java.util.concurrent.ThreadPoolExecutor.runWorker(ThreadPoolExecutor.java:1154)
2026-02-19 11:05:35.248 27373-27412 System.err              com.alibaba.aliexpresshd:channel     W  	at java.util.concurrent.ThreadPoolExecutor$Worker.run(ThreadPoolExecutor.java:652)
2026-02-19 11:05:35.248 27373-27412 System.err              com.alibaba.aliexpresshd:channel     W  	at java.lang.Thread.run(Thread.java:1564)
2026-02-19 11:05:35.248 27373-27392 System.err              com.alibaba.aliexpresshd:channel     W  java.lang.RuntimeException: getDefaultTracker error,must call setRequestAuthentication method first
2026-02-19 11:05:35.248 27373-27392 System.err              com.alibaba.aliexpresshd:channel     W  	at com.ut.mini.UTAnalytics.getDefaultTracker(SourceFile:19)
2026-02-19 11:05:35.248 27373-27392 System.err              com.alibaba.aliexpresshd:channel     W  	at com.taobao.orange.util.OrangeMonitor.commitConfigMonitor(SourceFile:28)
2026-02-19 11:05:35.248 27373-27392 System.err              com.alibaba.aliexpresshd:channel     W  	at com.taobao.orange.util.OrangeMonitor.commitConfigMonitor(SourceFile:2)
