2026-02-19 11:05:14.538 26581-27011 FA                      com.alibaba.aliexpresshd             I  App measurement initialized, version: 152008
2026-02-19 11:05:14.538 26581-27011 FA                      com.alibaba.aliexpresshd             I  To enable debug logging run: adb shell setprop log.tag.FA VERBOSE
2026-02-19 11:05:14.538 26581-27011 FA                      com.alibaba.aliexpresshd             I  To enable faster debug mode event logging run:
                                                                                                      adb shell setprop debug.firebase.analytics.app com.alibaba.aliexpresshd
2026-02-19 11:05:14.562  1706-2328  Background...rolService system_server                        D  Package event received: 0
2026-02-19 11:05:14.565 18280-18280 BoundBrokerSvc          com.google.android.gms               D  onBind: Intent { act=com.google.android.gms.measurement.START xflg=0x4 pkg=com.google.android.gms }
2026-02-19 11:05:14.565 18280-18280 BoundBrokerSvc          com.google.android.gms               D  Loading bound service for intent: Intent { act=com.google.android.gms.measurement.START xflg=0x4 pkg=com.google.android.gms }
2026-02-19 11:05:14.585 18280-27016 AdvertisingIdClient     com.google.android.gms               D  AdvertisingIdClient already created.
2026-02-19 11:05:14.585 18280-27016 AdvertisingIdClient     com.google.android.gms               D  AdvertisingIdClient is not bounded. Starting to bind it...
2026-02-19 11:05:14.591 18280-27016 AdvertisingIdClient     com.google.android.gms               D  AdvertisingIdClient is bounded
2026-02-19 11:05:14.593 18280-27016 AdvertisingIdClient     com.google.android.gms               I  shouldSendLog 212655368
2026-02-19 11:05:14.593 18280-27016 AdvertisingIdClient     com.google.android.gms               I  GetInfoInternal elapse 8ms
2026-02-19 11:05:14.689  1271-1294  CHRE                    and...re.contexthub-service.generic  I  @ 214183.061: [AR] inconsistent: 41.176471
2026-02-19 11:05:14.689  1271-1294  CHRE                    and...re.contexthub-service.generic  D  @ 214183.062: [ActivityPlatform] type 6, confidence 41
2026-02-19 11:05:14.794 22566-26389 MeshReposi...geReceived com.scmessenger.android              D  Delivery receipt broadcast for 8da4c2b2-9da4-4622-a2ba-d2dfcae0cce8 to 1234fb26580681ee66c6c760b270a944e5031c137c2bcaca90c9a2a04b525a3a
2026-02-19 11:05:14.993  1513-1513  AOC                     aocd                                 D  A3:MSG: usf_sensor.cc, 1581: USF: Received stop sampling request for LSM6DSR Stationary Detect (active:0).
2026-02-19 11:05:14.993  1513-1513  AOC                     aocd                                 D  A3:MSG: usf_sensor.cc, 2037: USF: Sampling configuration 33179 not found.
2026-02-19 11:05:14.993  1513-1513  AOC                     aocd                                 D  A3:MSG: usf_sensor_client.cc, 161: USF: Received kErrNotFound when disabling one shot sensor.
2026-02-19 11:05:14.994  1513-1513  AOC                     aocd                                 D  A3:MSG: usf_sensor.cc, 1573: USF: Received start sampling request for LSM6DSR Motion Detect (active:1).
2026-02-19 11:05:14.994  1513-1513  AOC                     aocd                                 D  A3:MSG: lsm6dsr_device.cc, 763: USF: Lsm6dsrDevice: Sensor 3: Enabled 1, odr_index 1.
2026-02-19 11:05:14.994  1513-1513  AOC                     aocd                                 D  A3:MSG: lsm6dsr_fifo.cc, 750: USF: Lsm6dsrFifo: ODR: XL/G/T/TS: 52/208/13/26 WM: 17 Intr: 18.
2026-02-19 11:05:14.995  1513-1513  AOC                     aocd                                 D  A3:MSG: lsm6dsr_device.cc, 671: USF: Lsm6dsrDevice: Fifo was disabled for 388672ns.
2026-02-19 11:05:14.996  1513-1513  AOC                     aocd                                 D  A3:MSG: motion_state_sensor.cc, 327: USF: MoSt: MotionDetect sampling started with sampling ID 33185.
2026-02-19 11:05:14.998  1513-1513  AOC                     aocd                                 D  A3:MSG: lsm6dsr_device.cc, 763: USF: Lsm6dsrDevice: Sensor 4: Enabled 0, odr_index 0.
2026-02-19 11:05:14.998  1513-1513  AOC                     aocd                                 D  A3:MSG: lsm6dsr_fifo.cc, 750: USF: Lsm6dsrFifo: ODR: XL/G/T/TS: 52/208/13/26 WM: 17 Intr: 18.
2026-02-19 11:05:14.998  1513-1513  AOC                     aocd                                 D  A3:MSG: lsm6dsr_device.cc, 671: USF: Lsm6dsrDevice: Fifo was disabled for 246826ns.
2026-02-19 11:05:15.001  1513-1513  AOC                     aocd                                 D  A3:MSG: usf_sensor.cc, 1573: USF: Received start sampling request for LSM6DSR Motion Detect (active:2).
2026-02-19 11:05:15.001  1513-1513  AOC                     aocd                                 D  A3:MSG: usf_sensor.cc, 1581: USF: Received stop sampling request for LSM6DSR FreeFall Detect (active:0).
2026-02-19 11:05:15.002  1513-1513  AOC                     aocd                                 D  A3:MSG: lsm6dsr_device.cc, 763: USF: Lsm6dsrDevice: Sensor 5: Enabled 0, odr_index 0.
2026-02-19 11:05:15.002  1513-1513  AOC                     aocd                                 D  A3:MSG: lsm6dsr_fifo.cc, 750: USF: Lsm6dsrFifo: ODR: XL/G/T/TS: 52/208/13/26 WM: 17 Intr: 18.
2026-02-19 11:05:15.002  1513-1513  AOC                     aocd                                 D  A3:MSG: lsm6dsr_device.cc, 671: USF: Lsm6dsrDevice: Fifo was disabled for 243164ns.
2026-02-19 11:05:15.003 22566-22848 MeshReposi...eshService com.scmessenger.android              I  Message from 1234fb26580681ee66c6c760b270a944e5031c137c2bcaca90c9a2a04b525a3a: 43026859-940f-42f1-b350-3ef3cd054902
2026-02-19 11:05:15.004  1513-1513  AOC                     aocd                                 D  A3:MSG: usf_sensor.cc, 1581: USF: Received stop sampling request for LSM6DSR Stationary Detect (active:-1).
2026-02-19 11:05:15.004  1513-1513  AOC                     aocd                                 D  A3:MSG: usf_sensor.cc, 2037: USF: Sampling configuration 33180 not found.
2026-02-19 11:05:15.004  1513-1513  AOC                     aocd                                 D  A3:MSG: usf_sensor_client.cc, 145: USF: Received kErrNotFound when disabling one shot sensor.
2026-02-19 11:05:15.030 22566-22566 Conversati...adMessages com.scmessenger.android              D  Loaded 60 messages
2026-02-19 11:05:15.031  1706-7161  NotificationService     system_server                        E  Package has already posted or enqueued 50 notifications.  Not showing more.  package=com.scmessenger.android
2026-02-19 11:05:15.035 22566-22566 Conversati...adMessages com.scmessenger.android              D  Loaded 60 messages
2026-02-19 11:05:15.098 26581-26850 I U4Patch               com.alibaba.aliexpresshd             E  内核状态：小核, patchMode: 0, 禁止执行 Patch
2026-02-19 11:05:15.133 26581-26848 I CommonLib             com.alibaba.aliexpresshd             E  [等待 URL <- 被触发] 
2026-02-19 11:05:15.321  1513-1513  AOC                     aocd                                 D  A3:MSG: usf_sensor.cc, 1573: USF: Received start sampling request for LSM6DSR Gyroscope (active:4).
2026-02-19 11:05:15.321  1513-1513  AOC                     aocd                                 D  A3:MSG: lsm6dsr_device.cc, 763: USF: Lsm6dsrDevice: Sensor 1: Enabled 1, odr_index 3.
2026-02-19 11:05:15.322  1513-1513  AOC                     aocd                                 D  A3:MSG: lsm6dsr_fifo.cc, 750: USF: Lsm6dsrFifo: ODR: XL/G/T/TS: 52/52/13/6 WM: 6 Intr: 21.
2026-02-19 11:05:15.322  1513-1513  AOC                     aocd                                 D  A3:MSG: lsm6dsr_device.cc, 671: USF: Lsm6dsrDevice: Fifo was disabled for 345704ns.
2026-02-19 11:05:15.324  1513-1513  AOC                     aocd                                 D  A3:MSG: usf_sensor.cc, 1573: USF: Received start sampling request for MMC56X3X Magnetometer (active:3).
2026-02-19 11:05:15.324  1513-1513  AOC                     aocd                                 D  A3:MSG: mmc56x3x_device.cc, 409: USF: MMC56X3X0: mmc56x3x_enable_measure odr = 50.
2026-02-19 11:05:15.341 22566-22791 MeshReposi...geReceived com.scmessenger.android              D  Delivery receipt broadcast for 43026859-940f-42f1-b350-3ef3cd054902 to 1234fb26580681ee66c6c760b270a944e5031c137c2bcaca90c9a2a04b525a3a
2026-02-19 11:05:15.464 26665-26696 ClearcutMetricXmitter   com.google.android.apps.weather      V  Transmission is done.
2026-02-19 11:05:15.466 26665-26696 ClearcutMetricXmitter   com.google.android.apps.weather      V  Transmission is done.
2026-02-19 11:05:15.471 26665-26696 ClearcutMetricXmitter   com.google.android.apps.weather      V  Transmission is done.
2026-02-19 11:05:15.474  1706-2278  InetDiagMessage         system_server                        D  Destroyed 2 sockets, proto=IPPROTO_TCP, family=AF_INET, states=14
2026-02-19 11:05:15.478  1706-2278  InetDiagMessage         system_server                        D  Destroyed 5 sockets, proto=IPPROTO_TCP, family=AF_INET6, states=14
2026-02-19 11:05:15.478  1706-2278  InetDiagMessage         system_server                        D  Destroyed live tcp sockets for uids={10396} in 8ms
2026-02-19 11:05:15.481  1706-2278  InetDiagMessage         system_server                        D  Destroyed 0 sockets, proto=IPPROTO_TCP, family=AF_INET, states=14
2026-02-19 11:05:15.485  1706-2278  InetDiagMessage         system_server                        D  Destroyed 0 sockets, proto=IPPROTO_TCP, family=AF_INET6, states=14
2026-02-19 11:05:15.485  1706-2278  InetDiagMessage         system_server                        D  Destroyed live tcp sockets for uids={20396} in 7ms
2026-02-19 11:05:15.485 20543-20691 JobInfo                 com.alibaba.aliexpresshd:channel     W  Job 'com.alibaba.aliexpresshd/com.taobao.accs.internal.AccsJobService#2050' has a deadline with functional constraints and an extremely short time window of 0 ms (delay=80000, deadline=80000). The functional constraints are not likely to be satisfied when the job runs.
2026-02-19 11:05:15.486  1706-7161  JobInfo                 system_server                        W  Job 'com.alibaba.aliexpresshd/com.taobao.accs.internal.AccsJobService#2050' has a deadline with functional constraints and an extremely short time window of 0 ms (delay=80000, deadline=80000). The functional constraints are not likely to be satisfied when the job runs.
2026-02-19 11:05:15.489  1706-7161  JobInfo                 system_server                        W  Job 'com.alibaba.aliexpresshd/com.taobao.accs.internal.AccsJobService#2050' has a deadline with functional constraints and an extremely short time window of 0 ms (delay=80000, deadline=80000). The functional constraints are not likely to be satisfied when the job runs.
2026-02-19 11:05:15.511 26665-26696 ClearcutMetricXmitter   com.google.android.apps.weather      V  Transmission is done.
2026-02-19 11:05:15.568 22566-22848 MeshReposi...eshService com.scmessenger.android              I  Message from 1234fb26580681ee66c6c760b270a944e5031c137c2bcaca90c9a2a04b525a3a: 51d88524-992f-45ac-b45e-2952d33a43d5
2026-02-19 11:05:15.598 22566-22566 Conversati...adMessages com.scmessenger.android              D  Loaded 61 messages
2026-02-19 11:05:15.602 22566-22566 Conversati...adMessages com.scmessenger.android              D  Loaded 61 messages
2026-02-19 11:05:15.604  1706-2969  NotificationService     system_server                        E  Package has already posted or enqueued 50 notifications.  Not showing more.  package=com.scmessenger.android
2026-02-19 11:05:15.988 22566-22793 MeshReposi...geReceived com.scmessenger.android              D  Delivery receipt broadcast for 51d88524-992f-45ac-b45e-2952d33a43d5 to 1234fb26580681ee66c6c760b270a944e5031c137c2bcaca90c9a2a04b525a3a
2026-02-19 11:05:16.010  1706-2193  Grammatica...ctionUtils system_server                        V  AttributionSource: android.content.AttributionSource@fa850119 does not have READ_SYSTEM_GRAMMATICAL_GENDER permission.
2026-02-19 11:05:16.027 10302-10302 BoundBrokerSvc          com.google.android.gms.persistent    D  onUnbind: Intent { act=com.google.android.gms.common.telemetry.service.START dat=chimera-action:/... xflg=0x4 cmp=com.google.android.gms/.chimera.PersistentApiService }
2026-02-19 11:05:16.041  1706-2193  ActivityManager         system_server                        D  sync unfroze 18743 com.google.android.apps.photos for 6
2026-02-19 11:05:16.049  1233-1233  Zygote                  zygote64                             D  Forked child process 27023
2026-02-19 11:05:16.056  1706-1782  ActivityManager         system_server                        I  Start proc 27023:com.google.android.apps.maps/u0a160 for service {com.google.android.apps.maps/com.google.android.apps.gmm.ugc.phototaken.PhotoTakenObserverService}
2026-02-19 11:05:16.058  1706-2193  JobServiceContext       system_server                        W  Sending onNetworkChanged for a job that isn't started. JobStatus{eb484bb #u0a162/1059 com.google.android.apps.photos/.backup.core.UriTriggeredBackupJob u=0 s=10162 NET URIS=[android.app.job.JobInfo$TriggerContentUri@8abd8844, android.app.job.JobInfo$TriggerContentUri@691cff99] READY}
2026-02-19 11:05:16.060 27023-27023 zygote64                zygote64                             W  Activation of cgroup controller +memory failed in path /sys/fs/cgroup/apps/uid_10160: Invalid argument
2026-02-19 11:05:16.067 27023-27023 Zygote                  zygote64                             I  Process 27023 created for com.google.android.apps.maps
2026-02-19 11:05:16.068 27023-27023 droid.apps.maps         zygote64                             I  Using CollectorTypeCMC GC.
2026-02-19 11:05:16.073  1546-1592  adbd                    adbd                                 I  jdwp connection from 27023
2026-02-19 11:05:16.076 27023-27023 nativeloader            com.google.android.apps.maps         D  Load libframework-connectivity-tiramisu-jni.so using APEX ns com_android_tethering for caller /apex/com.android.tethering/javalib/framework-connectivity-t.jar: ok
2026-02-19 11:05:16.085 14572-14581 ehof                    com...oglequicksearchbox:interactor  I  (REDACTED) appOpsListener %s %s
2026-02-19 11:05:16.085 14572-14581 ehof                    com...oglequicksearchbox:interactor  I  (REDACTED) Ignoring irrelevant audio permission changes for package %s
2026-02-19 11:05:16.089 27023-27023 ApplicationLoaders      com.google.android.apps.maps         D  Returning zygote-cached class loader: /system_ext/framework/androidx.window.extensions.jar
2026-02-19 11:05:16.089 27023-27023 ApplicationLoaders      com.google.android.apps.maps         D  Returning zygote-cached class loader: /system_ext/framework/androidx.window.sidecar.jar
2026-02-19 11:05:16.103  1706-2203  ActivityManager         system_server                        D  freezing 24152 com.google.android.apps.pixel.dcservice
2026-02-19 11:05:16.105  1706-2278  InetDiagMessage         system_server                        D  Destroyed 0 sockets, proto=IPPROTO_TCP, family=AF_INET, states=14
2026-02-19 11:05:16.105  1706-2278  InetDiagMessage         system_server                        D  Destroyed 0 sockets, proto=IPPROTO_TCP, family=AF_INET6, states=14
2026-02-19 11:05:16.105  1706-2278  InetDiagMessage         system_server                        D  Destroyed live tcp sockets for uids={10402} in 2ms
2026-02-19 11:05:16.127 22566-22848 MeshReposi...eshService com.scmessenger.android              I  Message from 1234fb26580681ee66c6c760b270a944e5031c137c2bcaca90c9a2a04b525a3a: 36bd0dae-19b3-4f71-bde6-45e291ed6d5e
2026-02-19 11:05:16.132 27023-27023 droid.apps.maps         com.google.android.apps.maps         W  Failed to find entry 'classes.dex': Entry not found
2026-02-19 11:05:16.133 27023-27023 droid.apps.maps         com.google.android.apps.maps         W  Failed to find entry 'classes.dex': Entry not found
2026-02-19 11:05:16.134 27023-27023 droid.apps.maps         com.google.android.apps.maps         W  Failed to find entry 'classes.dex': Entry not found
2026-02-19 11:05:16.135 27023-27023 nativeloader            com.google.android.apps.maps         D  Configuring clns-9 for other apk /data/app/~~yHivDsHbcCu7T7ntDw957g==/com.google.android.apps.maps-U5Npu8eyg92Com7c29dQ-g==/base.apk:/data/app/~~yHivDsHbcCu7T7ntDw957g==/com.google.android.apps.maps-U5Npu8eyg92Com7c29dQ-g==/split_config.arm64_v8a.apk:/data/app/~~yHivDsHbcCu7T7ntDw957g==/com.google.android.apps.maps-U5Npu8eyg92Com7c29dQ-g==/split_config.en.apk:/data/app/~~yHivDsHbcCu7T7ntDw957g==/com.google.android.apps.maps-U5Npu8eyg92Com7c29dQ-g==/split_config.xxhdpi.apk. target_sdk_version=36, uses_libraries=libOpenCL.so:libOpenCL-pixel.so, library_path=/data/app/~~yHivDsHbcCu7T7ntDw957g==/com.google.android.apps.maps-U5Npu8eyg92Com7c29dQ-g==/lib/arm64:/data/app/~~yHivDsHbcCu7T7ntDw957g==/com.google.android.apps.maps-U5Npu8eyg92Com7c29dQ-g==/base.apk!/lib/arm64-v8a:/data/app/~~yHivDsHbcCu7T7ntDw957g==/com.google.android.apps.maps-U5Npu8eyg92Com7c29dQ-g==/split_config.arm64_v8a.apk!/lib/arm64-v8a:/data/app/~~yHivDsHbcCu7T7ntDw957g==/com.google.android.apps.maps-U5Npu8eyg92Com7c29dQ-g==/split_config.en.apk!/
2026-02-19 11:05:16.146 22566-22566 Conversati...adMessages com.scmessenger.android              D  Loaded 62 messages
2026-02-19 11:05:16.148  1706-7161  NotificationService     system_server                        E  Package has already posted or enqueued 50 notifications.  Not showing more.  package=com.scmessenger.android
2026-02-19 11:05:16.149 22566-22566 Conversati...adMessages com.scmessenger.android              D  Loaded 62 messages
2026-02-19 11:05:16.151 27023-27023 GraphicsEnvironment     com.google.android.apps.maps         V  Currently set values for:
2026-02-19 11:05:16.151 27023-27023 GraphicsEnvironment     com.google.android.apps.maps         V    angle_gl_driver_selection_pkgs=[com.android.angle, com.google.android.apps.tachyon]
2026-02-19 11:05:16.151 27023-27023 GraphicsEnvironment     com.google.android.apps.maps         V    angle_gl_driver_selection_values=[angle, native]
2026-02-19 11:05:16.151 27023-27023 GraphicsEnvironment     com.google.android.apps.maps         V  com.google.android.apps.maps is not listed in per-application setting
2026-02-19 11:05:16.151 27023-27023 GraphicsEnvironment     com.google.android.apps.maps         V  ANGLE allowlist from config: 
2026-02-19 11:05:16.151 27023-27023 GraphicsEnvironment     com.google.android.apps.maps         V  No special selections for ANGLE, returning default driver choice
2026-02-19 11:05:16.151 27023-27023 GraphicsEnvironment     com.google.android.apps.maps         V  Neither updatable production driver nor prerelease driver is supported.
2026-02-19 11:05:16.318 27023-27023 nativeloader            com.google.android.apps.maps         D  Load /data/app/~~yHivDsHbcCu7T7ntDw957g==/com.google.android.apps.maps-U5Npu8eyg92Com7c29dQ-g==/split_config.arm64_v8a.apk!/lib/arm64-v8a/libbridge_native.so using class loader ns clns-9 (caller=/data/app/~~yHivDsHbcCu7T7ntDw957g==/com.google.android.apps.maps-U5Npu8eyg92Com7c29dQ-g==/base.apk!classes2.dex): ok
2026-02-19 11:05:16.349 27023-27047 Settings                com.google.android.apps.maps         W  Setting device_provisioned has moved from android.provider.Settings.System to android.provider.Settings.Global, returning read-only value.
2026-02-19 11:05:16.351 27023-27047 ashmem                  com.google.android.apps.maps         E  Pinning is deprecated since Android Q. Please use trim or other methods.
2026-02-19 11:05:16.403 27023-27046 nativeloader            com.google.android.apps.maps         D  Load /data/app/~~yHivDsHbcCu7T7ntDw957g==/com.google.android.apps.maps-U5Npu8eyg92Com7c29dQ-g==/split_config.arm64_v8a.apk!/lib/arm64-v8a/libnative_crash_handler_jni.so using class loader ns clns-9 (caller=/data/app/~~yHivDsHbcCu7T7ntDw957g==/com.google.android.apps.maps-U5Npu8eyg92Com7c29dQ-g==/base.apk!classes2.dex): ok
2026-02-19 11:05:16.404 27023-27054 GMM-Satell...nnectivity com.google.android.apps.maps         W  WIFI  isActiveNetworkSatellite: false  isServerEnabled: ignored  isNetworkDisabledByOfflineModeController: false  activeNetworkInfoIsNull: false
2026-02-19 11:05:16.405  1706-7161  ActivityManager         system_server                        D  sync unfroze 24228 com.google.android.projection.gearhead:car for 6
2026-02-19 11:05:16.405  1706-2328  Background...rolService system_server                        D  Package event received: 0
2026-02-19 11:05:16.411 14572-14581 ehof                    com...oglequicksearchbox:interactor  I  (REDACTED) appOpsListener %s %s
2026-02-19 11:05:16.411 14572-14581 ehof                    com...oglequicksearchbox:interactor  I  (REDACTED) Ignoring irrelevant audio permission changes for package %s
2026-02-19 11:05:16.415  1315-1315  WifiHAL                 ven...oogle.wifi_ext-service-vendor  I  Creating message to get link statistics; iface = 47
2026-02-19 11:05:16.432 24228-24228 GH.CAR                  com...droid.projection.gearhead:car  I  onCreate
2026-02-19 11:05:16.447  1706-7161  JobScheduler            system_server                        W  Job didn't exist in JobStore: de6d1f2 #u0a160/137361750 com.google.android.apps.maps/com.google.android.apps.gmm.ugc.phototaken.PhotoTakenObserverService
2026-02-19 11:05:16.470 24228-24228 GH.CAR                  com...droid.projection.gearhead:car  I  GearheadCarStartupService.onBind
2026-02-19 11:05:16.472 18280-18280 BoundBrokerSvc          com.google.android.gms               D  onBind: Intent { act=com.google.android.gms.semanticlocationhistory.service.START dat=chimera-action:/... xflg=0x4 cmp=com.google.android.gms/.chimera.GmsApiService }
2026-02-19 11:05:16.472 18280-18280 BoundBrokerSvc          com.google.android.gms               D  Loading bound service for intent: Intent { act=com.google.android.gms.semanticlocationhistory.service.START dat=chimera-action:/... xflg=0x4 cmp=com.google.android.gms/.chimera.GmsApiService }
2026-02-19 11:05:16.485 22566-26389 MeshReposi...geReceived com.scmessenger.android              D  Delivery receipt broadcast for 36bd0dae-19b3-4f71-bde6-45e291ed6d5e to 1234fb26580681ee66c6c760b270a944e5031c137c2bcaca90c9a2a04b525a3a
2026-02-19 11:05:16.492  1706-2278  ConnectivityService     system_server                        D  NetReassign [no changes] [c 1] [a 1] [i 2]
2026-02-19 11:05:16.550  1706-2328  Background...rolService system_server                        D  Package event received: 0
2026-02-19 11:05:16.556 27023-27040 DesktopExperienceFlags  com.google.android.apps.maps         D  Toggle override initialized to: false
2026-02-19 11:05:16.556 18280-24039 LocationHistory         com.google.android.gms               I  [GetLocationHistorySettingsOperation] Running GetLocationHistorySettingsOperation [CONTEXT service_id=314 ]
2026-02-19 11:05:16.565 10302-26355 NearbyMediums           com.google.android.gms.persistent    I  No BLE Fast/GATT advertisements found in the latest cycle.
2026-02-19 11:05:16.565 10302-26355 NearbyMediums           com.google.android.gms.persistent    I  Current Tracked Scanning Clients are : {NearbyConnections.EnvironmentMonitor, NearbySharing}
2026-02-19 11:05:16.578 10302-26992 HeterodyneSyncScheduler com.google.android.gms.persistent    I  (REDACTED) Scheduling Phenotype for a %s(%d, %s) one off with window [%d, %d] in seconds
2026-02-19 11:05:16.619 24228-24252 GH.CAR                  com...droid.projection.gearhead:car  I  gearheadCarServiceBinder in mainHandler: true
2026-02-19 11:05:16.630  1706-3127  CompatChangeReporter    system_server                        D  Compat change id reported: 343977174; UID 10162; state: ENABLED
2026-02-19 11:05:16.646 27023-27050 nativeloader            com.google.android.apps.maps         D  Load /data/app/~~yHivDsHbcCu7T7ntDw957g==/com.google.android.apps.maps-U5Npu8eyg92Com7c29dQ-g==/split_config.arm64_v8a.apk!/lib/arm64-v8a/libgmm-jni.so using class loader ns clns-9 (caller=/data/app/~~yHivDsHbcCu7T7ntDw957g==/com.google.android.apps.maps-U5Npu8eyg92Com7c29dQ-g==/base.apk): ok
2026-02-19 11:05:16.655 27023-27047 droid.apps.maps         com.google.android.apps.maps         W  ClassLoaderContext classpath size mismatch. expected=1, found=0 (DLC[];PCL[base.apk*3930705346]{PCL[/system/framework/org.apache.http.legacy.jar*3808638674]#PCL[/system/framework/com.android.location.provider.jar*1880069816]#PCL[/system/framework/com.android.media.remotedisplay.jar*1838754544]#PCL[/system_ext/framework/androidx.window.extensions.jar*27366443]#PCL[/system_ext/framework/androidx.window.sidecar.jar*3917221785]} | DLC[];PCL[])
2026-02-19 11:05:16.664  1706-1729  ConnectivityService     system_server                        D  requestNetwork for uid/pid:10160/27023 activeRequest: null callbackRequest: 14196 [NetworkRequest [ TRACK_DEFAULT id=14197, [ Capabilities: INTERNET&NOT_RESTRICTED&TRUSTED&NOT_VCN_MANAGED&NOT_BANDWIDTH_CONSTRAINED Uid: 10160 RequestorUid: 10160 RequestorPkg: com.google.android.apps.maps UnderlyingNetworks: Null] ], NetworkRequest [ REQUEST id=14198, [ Transports: SATELLITE Capabilities: INTERNET&NOT_RESTRICTED&TRUSTED&NOT_VCN_MANAGED Uid: 10160 RequestorUid: 10160 RequestorPkg: com.google.android.apps.maps UnderlyingNetworks: Null] ]] callback flags: 0 order: 2147483647 isUidTracked: false declaredMethods: AVAIL|LOST
2026-02-19 11:05:16.668 27023-27054 CompatChangeReporter    com.google.android.apps.maps         D  Compat change id reported: 386727721; UID 10160; state: ENABLED
2026-02-19 11:05:16.669  1706-2278  ConnectivityService     system_server                        D  NetReassign [14197 : null → 200] [c 0] [a 1] [i 3]
2026-02-19 11:05:16.673 10302-10302 BoundBrokerSvc          com.google.android.gms.persistent    D  onRebind: Intent { act=com.google.android.gms.common.telemetry.service.START dat=chimera-action:/... xflg=0x4 cmp=com.google.android.gms/.chimera.PersistentApiService }
2026-02-19 11:05:16.675 14572-14581 ehof                    com...oglequicksearchbox:interactor  I  (REDACTED) appOpsListener %s %s
2026-02-19 11:05:16.675 14572-14581 ehof                    com...oglequicksearchbox:interactor  I  (REDACTED) Ignoring irrelevant audio permission changes for package %s
2026-02-19 11:05:16.683 24228-24252 GH.CAR                  com...droid.projection.gearhead:car  I  Using GearheadCarServiceBinder in CarMessageService.
2026-02-19 11:05:16.684 24228-24252 GH.DelegateMngCarSvc    com...droid.projection.gearhead:car  I  Retries remaining initialized to 20
2026-02-19 11:05:16.684 24228-24252 GH.CAR                  com...droid.projection.gearhead:car  I  Using Gearhead for projection services. All aboard! 🚀
2026-02-19 11:05:16.684 24228-24252 GH.DelegateICarSupplier com...droid.projection.gearhead:car  I  Android is R+, so connecting to Gearhead car chimera service.
2026-02-19 11:05:16.684 24228-24252 GH.DelegateMngCarSvc    com...droid.projection.gearhead:car  I  Skipping delegate acquisition on init().
2026-02-19 11:05:16.685 27023-27047 System                  com.google.android.apps.maps         W  ClassLoader referenced unknown path: 
2026-02-19 11:05:16.685 27023-27047 nativeloader            com.google.android.apps.maps         D  Configuring clns-10 for other apk . target_sdk_version=36, uses_libraries=, library_path=/data/app/~~vXHuS51ZRbEfnjxc_Mv5mA==/com.google.android.gms-sz62IoCrbB09HPxttM8UvA==/lib/arm64:/data/app/~~vXHuS51ZRbEfnjxc_Mv5mA==/com.google.android.gms-sz62IoCrbB09HPxttM8UvA==/base.apk!/lib/arm64-v8a, permitted_path=/data:/mnt/expand:/data/user/0/com.google.android.gms
2026-02-19 11:05:16.687 24228-24252 GH.CarService           com...droid.projection.gearhead:car  I  Setting delegate: hmo@e2d198
2026-02-19 11:05:16.687 24228-24252 CAR.SERVICE             com...droid.projection.gearhead:car  I  Setting CSB delegate, previous value null updated to iog@fffbdf1
2026-02-19 11:05:16.687 24228-24252 GH.CAR                  com...droid.projection.gearhead:car  I  Setting validator car info suppliers
2026-02-19 11:05:16.687 24228-24252 GH.CAR                  com...droid.projection.gearhead:car  I  ICar delegate chain:
                                                                                                    	ipb@5297dd6
                                                                                                    	-> hmo@e2d198
                                                                                                    	-> iog@fffbdf1
2026-02-19 11:05:16.689 18280-18280 BoundBrokerSvc          com.google.android.gms               D  onBind: Intent { act=com.google.android.gms.mdisync.service.START dat=chimera-action:/... xflg=0x4 cmp=com.google.android.gms/.chimera.GmsApiService }
2026-02-19 11:05:16.689 18280-18280 BoundBrokerSvc          com.google.android.gms               D  Loading bound service for intent: Intent { act=com.google.android.gms.mdisync.service.START dat=chimera-action:/... xflg=0x4 cmp=com.google.android.gms/.chimera.GmsApiService }
2026-02-19 11:05:16.696 18280-28717 MdiSyncModule           com.google.android.gms               I  (REDACTED) Receiving API connection from package '%s'...
2026-02-19 11:05:16.699 18280-28717 MdiSyncModule           com.google.android.gms               I  API connection successful!
2026-02-19 11:05:16.702 24228-24252 DesktopExperienceFlags  com...droid.projection.gearhead:car  D  Toggle override initialized to: false
2026-02-19 11:05:16.716 18280-28717 MdiSyncModule           com.google.android.gms               I  (REDACTED) Receiving API connection from package '%s'...
2026-02-19 11:05:16.717 18280-28717 MdiSyncModule           com.google.android.gms               I  API connection successful!
2026-02-19 11:05:16.719 18280-28717 MdiSyncModule           com.google.android.gms               I  (REDACTED) Receiving API connection from package '%s'...
2026-02-19 11:05:16.720 18280-28717 MdiSyncModule           com.google.android.gms               I  API connection successful!
2026-02-19 11:05:16.722 18280-28717 MdiSyncModule           com.google.android.gms               I  (REDACTED) Receiving API connection from package '%s'...
2026-02-19 11:05:16.723 18280-28717 MdiSyncModule           com.google.android.gms               I  API connection successful!
2026-02-19 11:05:16.733 24228-24252 DynamiteModule          com...droid.projection.gearhead:car  W  Local module descriptor class for com.google.android.gms.googlecertificates not found.
2026-02-19 11:05:16.736  1706-2328  Background...rolService system_server                        D  Package event received: 0
2026-02-19 11:05:16.740 10302-10302 WearableService         com.google.android.gms.persistent    D  Creating wearable service asynchronously.
2026-02-19 11:05:16.752 27023-27051 nativeloader            com.google.android.apps.maps         D  Load /data/app/~~yHivDsHbcCu7T7ntDw957g==/com.google.android.apps.maps-U5Npu8eyg92Com7c29dQ-g==/split_config.arm64_v8a.apk!/lib/arm64-v8a/libxf_flagging_post_startup_flags_native.so using class loader ns clns-9 (caller=/data/app/~~yHivDsHbcCu7T7ntDw957g==/com.google.android.apps.maps-U5Npu8eyg92Com7c29dQ-g==/base.apk!classes2.dex): ok
2026-02-19 11:05:16.767 10302-11597 WearableService         com.google.android.gms.persistent    D  onGetService: waiting for onCreate to be completed.
2026-02-19 11:05:16.800 10302-10324 Wear_Controller         com.google.android.gms.persistent    I  Wearable module requires a companion app to be installed.
2026-02-19 11:05:16.800 10302-10324 WearableService         com.google.android.gms.persistent    I  onCreate: Wearable Services not starting. Wear is not available on this device.
2026-02-19 11:05:16.800 10302-11597 WearableService         com.google.android.gms.persistent    W  onGetService: Wear is not available on this device.
2026-02-19 11:05:16.809 24228-24252 on.gearhead:car         com...droid.projection.gearhead:car  W  ClassLoaderContext classpath size mismatch. expected=1, found=0 (DLC[];PCL[base.apk*3930705346]{PCL[/system/framework/org.apache.http.legacy.jar*3808638674]#PCL[/system/framework/com.android.location.provider.jar*1880069816]#PCL[/system/framework/com.android.media.remotedisplay.jar*1838754544]#PCL[/system_ext/framework/androidx.window.extensions.jar*27366443]#PCL[/system_ext/framework/androidx.window.sidecar.jar*3917221785]} | DLC[];PCL[])
2026-02-19 11:05:16.810 27023-27047 droid.apps.maps         com.google.android.apps.maps         W  ClassLoaderContext classpath element checksum mismatch. expected=3930705346, found=1966624047 (DLC[];PCL[base.apk*3930705346]{PCL[/system/framework/org.apache.http.legacy.jar*3808638674]#PCL[/system/framework/com.android.location.provider.jar*1880069816]#PCL[/system/framework/com.android.media.remotedisplay.jar*1838754544]#PCL[/system_ext/framework/androidx.window.extensions.jar*27366443]#PCL[/system_ext/framework/androidx.window.sidecar.jar*3917221785]} | DLC[];PCL[/data/app/~~yHivDsHbcCu7T7ntDw957g==/com.google.android.apps.maps-U5Npu8eyg92Com7c29dQ-g==/base.apk*1966624047]{PCL[/system_ext/framework/androidx.window.extensions.jar*27366443]#PCL[/system_ext/framework/androidx.window.sidecar.jar*3917221785]})
2026-02-19 11:05:16.817 24228-24252 DynamiteModule          com...droid.projection.gearhead:car  I  Considering local module com.google.android.gms.googlecertificates:0 and remote module com.google.android.gms.googlecertificates:7
2026-02-19 11:05:16.817 24228-24252 DynamiteModule          com...droid.projection.gearhead:car  I  Selected remote version of com.google.android.gms.googlecertificates, version >= 7
2026-02-19 11:05:16.817 24228-24252 DynamiteModule          com...droid.projection.gearhead:car  V  Dynamite loader version >= 2, using loadModule2NoCrashUtils
2026-02-19 11:05:16.834 24228-24252 System                  com...droid.projection.gearhead:car  W  ClassLoader referenced unknown path: 
2026-02-19 11:05:16.835 24228-24252 nativeloader            com...droid.projection.gearhead:car  D  Configuring clns-10 for other apk . target_sdk_version=36, uses_libraries=, library_path=/data/app/~~vXHuS51ZRbEfnjxc_Mv5mA==/com.google.android.gms-sz62IoCrbB09HPxttM8UvA==/lib/arm64:/data/app/~~vXHuS51ZRbEfnjxc_Mv5mA==/com.google.android.gms-sz62IoCrbB09HPxttM8UvA==/base.apk!/lib/arm64-v8a, permitted_path=/data:/mnt/expand:/data/user/0/com.google.android.gms
2026-02-19 11:05:16.836 22566-22848 MeshReposi...eshService com.scmessenger.android              I  Message from 1234fb26580681ee66c6c760b270a944e5031c137c2bcaca90c9a2a04b525a3a: dd059efd-fd35-43e8-be36-07be85482c1c
2026-02-19 11:05:16.843 22566-22566 Conversati...adMessages com.scmessenger.android              D  Loaded 63 messages
2026-02-19 11:05:16.845 22566-22566 Conversati...adMessages com.scmessenger.android              D  Loaded 63 messages
2026-02-19 11:05:16.849 24096-24116 bt_btm_pm               com.google.android.bluetooth         I  system/stack/acl/btm_pm.cc:259 BTM_SetPowerMode: Setting power mode for peer:xx:xx:xx:xx:42:46 current_mode:immediate:active[0] new_mode:forced:sniff[2]
2026-02-19 11:05:16.850 24096-24116 bt_btm_pm               com.google.android.bluetooth         I  system/stack/acl/btm_pm.cc:550 btm_pm_snd_md_req: Switching from immediate:active[0x00] to immediate:sniff[0x02]
2026-02-19 11:05:16.852  1706-3127  NotificationService     system_server                        E  Package has already posted or enqueued 50 notifications.  Not showing more.  package=com.scmessenger.android
2026-02-19 11:05:16.852 24228-24252 on.gearhead:car         com...droid.projection.gearhead:car  W  ClassLoaderContext classpath element checksum mismatch. expected=3930705346, found=1319184263 (DLC[];PCL[base.apk*3930705346]{PCL[/system/framework/org.apache.http.legacy.jar*3808638674]#PCL[/system/framework/com.android.location.provider.jar*1880069816]#PCL[/system/framework/com.android.media.remotedisplay.jar*1838754544]#PCL[/system_ext/framework/androidx.window.extensions.jar*27366443]#PCL[/system_ext/framework/androidx.window.sidecar.jar*3917221785]} | DLC[];PCL[/data/app/~~LIJfNpNAf9PFaADmyoQiqQ==/com.google.android.projection.gearhead-7AHfAfWaLfiELesisMEzag==/base.apk*1319184263]{PCL[/system_ext/framework/androidx.window.extensions.jar*27366443]#PCL[/system_ext/framework/androidx.window.sidecar.jar*3917221785]})
2026-02-19 11:05:16.891 18743-18756 oid.apps.photos         com.google.android.apps.photos       W  Reducing the number of considered missed Gc histogram windows from 120 to 100
2026-02-19 11:05:16.936  1706-2328  Background...rolService system_server                        D  Package event received: 0
2026-02-19 11:05:16.949 10302-11597 WearableService         com.google.android.gms.persistent    W  onGetService: Wear is not available on this device.
2026-02-19 11:05:16.964  1706-7161  ParceledListSlice       system_server                        W  Element #25 is 21568 bytes.
2026-02-19 11:05:16.964  1706-7161  ParceledListSlice       system_server                        W  Element #30 is 29840 bytes.
2026-02-19 11:05:16.973  1706-7161  ParceledListSlice       system_server                        W  Element #160 is 25792 bytes.
2026-02-19 11:05:16.973  1706-7161  ParceledListSlice       system_server                        W  Overly large reply size: 91012
2026-02-19 11:05:16.976  1706-7161  ParceledListSlice       system_server                        W  Element #196 is 19304 bytes.
2026-02-19 11:05:16.984 24096-24116 bt_btm_pm               com.google.android.bluetooth         I  system/stack/acl/btm_pm.cc:696 btm_pm_proc_mode_change: Power mode switched from immediate:pending[5] to immediate:sniff[2]
2026-02-19 11:05:16.986 22566-22791 MeshReposi...geReceived com.scmessenger.android              D  Delivery receipt broadcast for dd059efd-fd35-43e8-be36-07be85482c1c to 1234fb26580681ee66c6c760b270a944e5031c137c2bcaca90c9a2a04b525a3a
2026-02-19 11:05:17.003 10302-10320 GoogleSignatureVerifier com.google.android.gms.persistent    I  package info is not set correctly
2026-02-19 11:05:17.070  1706-2969  JobScheduler            system_server                        W  Job didn't exist in JobStore: 30028ae #u0a162/1034 com.google.android.apps.photos/com.google.android.libraries.social.mediamonitor.MediaMonitorJobSchedulerService
2026-02-19 11:05:17.205  1513-1513  AOC                     aocd                                 D  A3:MSG: vsc_controller.cc, 532: VSC: [Step Counter] requestSensorEvents: sensor 0x20002, period=18446744073709 latency=
2026-02-19 11:05:17.205  1513-1513  AOC                     aocd                                 D  A3:MSG: usf_sensor.cc, 1573: USF: Received start sampling request for LSM6DSR Motion Detect (active:3).
2026-02-19 11:05:17.208  1513-1513  AOC                     aocd                                 D  A3:MSG: vsc_controller.cc, 550: VSC: [Step Counter] stopSensorEvents: sensor 0x10001
2026-02-19 11:05:17.208  1513-1513  AOC                     aocd                                 D  A3:MSG: usf_sensor.cc, 1581: USF: Received stop sampling request for LSM6DSR Accelerometer (active:6).
2026-02-19 11:05:17.208  1513-1513  AOC                     aocd                                 D  A3:MSG: usf_sensor_client.cc, 430: USF: Stopping stale sample stream with sampling ID: 33141
2026-02-19 11:05:17.208  1513-1513  AOC                     aocd                                 D  A3:MSG: usf_sensor.cc, 1581: USF: Received stop sampling request for LSM6DSR Accelerometer (active:5).
2026-02-19 11:05:17.208  1513-1513  AOC                     aocd                                 D  A3:MSG: usf_sensor.cc, 2037: USF: Sampling configuration 33141 not found.
2026-02-19 11:05:17.209  1706-3128  JobInfo                 system_server                        W  Job 'com.google.android.apps.photos/com.google.android.libraries.social.async.BackgroundTaskJobService#1043' has a deadline with no functional constraints. The deadline won't improve job execution latency. Consider removing the deadline.
2026-02-19 11:05:17.216 22566-22848 MeshReposi...eshService com.scmessenger.android              I  Message from 1234fb26580681ee66c6c760b270a944e5031c137c2bcaca90c9a2a04b525a3a: 4cacd2c9-7b2a-42a2-9702-f699ebb634df
2026-02-19 11:05:17.232 22566-22566 Conversati...adMessages com.scmessenger.android              D  Loaded 64 messages
2026-02-19 11:05:17.234 22566-22566 Conversati...adMessages com.scmessenger.android              D  Loaded 64 messages
2026-02-19 11:05:17.235  1706-2969  NotificationService     system_server                        E  Package has already posted or enqueued 50 notifications.  Not showing more.  package=com.scmessenger.android
2026-02-19 11:05:17.255 18743-27097 JobInfo                 com.google.android.apps.photos       W  Requested important-while-foreground flag for job555136404 is ignored and takes no effect
2026-02-19 11:05:17.283  1706-7161  ConnectivityService     system_server                        D  requestNetwork for uid/pid:10162/18743 activeRequest: null callbackRequest: 14199 [NetworkRequest [ REQUEST id=14200, [ Capabilities: INTERNET&NOT_RESTRICTED&TRUSTED&NOT_VCN_MANAGED&NOT_BANDWIDTH_CONSTRAINED Uid: 10162 RequestorUid: 10162 RequestorPkg: com.google.android.apps.photos UnderlyingNetworks: Null] ]] callback flags: 0 order: 2147483647 isUidTracked: false declaredMethods: AVAIL|LOST|NC|BLK
2026-02-19 11:05:17.289  1706-2271  OemPaidWif...orkFactory system_server                        D  got request NetworkRequest [ REQUEST id=14200, [ Capabilities: INTERNET&NOT_RESTRICTED&TRUSTED&NOT_VCN_MANAGED&NOT_BANDWIDTH_CONSTRAINED Uid: 10162 RequestorUid: 10162 RequestorPkg: com.google.android.apps.photos UnderlyingNetworks: Null] ]
2026-02-19 11:05:17.290  1706-2271  MultiInter...orkFactory system_server                        D  got request NetworkRequest [ REQUEST id=14200, [ Capabilities: INTERNET&NOT_RESTRICTED&TRUSTED&NOT_VCN_MANAGED&NOT_BANDWIDTH_CONSTRAINED Uid: 10162 RequestorUid: 10162 RequestorPkg: com.google.android.apps.photos UnderlyingNetworks: Null] ]
2026-02-19 11:05:17.291  1706-2271  WifiNetworkFactory      system_server                        D  got request NetworkRequest [ REQUEST id=14200, [ Capabilities: INTERNET&NOT_RESTRICTED&TRUSTED&NOT_VCN_MANAGED&NOT_BANDWIDTH_CONSTRAINED Uid: 10162 RequestorUid: 10162 RequestorPkg: com.google.android.apps.photos UnderlyingNetworks: Null] ]
2026-02-19 11:05:17.291  1706-2271  UntrustedW...orkFactory system_server                        D  got request NetworkRequest [ REQUEST id=14200, [ Capabilities: INTERNET&NOT_RESTRICTED&TRUSTED&NOT_VCN_MANAGED&NOT_BANDWIDTH_CONSTRAINED Uid: 10162 RequestorUid: 10162 RequestorPkg: com.google.android.apps.photos UnderlyingNetworks: Null] ]
2026-02-19 11:05:17.291  1706-2278  ConnectivityService     system_server                        D  NetReassign [14200 : null → 200] [c 0] [a 2] [i 6]
2026-02-19 11:05:17.391 22566-22793 MeshReposi...geReceived com.scmessenger.android              D  Delivery receipt broadcast for 4cacd2c9-7b2a-42a2-9702-f699ebb634df to 1234fb26580681ee66c6c760b270a944e5031c137c2bcaca90c9a2a04b525a3a
2026-02-19 11:05:17.476 14572-14581 ehof                    com...oglequicksearchbox:interactor  I  (REDACTED) appOpsListener %s %s
2026-02-19 11:05:17.476 14572-14581 ehof                    com...oglequicksearchbox:interactor  I  (REDACTED) Ignoring irrelevant audio permission changes for package %s
2026-02-19 11:05:17.514 14572-14581 ehof                    com...oglequicksearchbox:interactor  I  (REDACTED) appOpsListener %s %s
2026-02-19 11:05:17.514 14572-14581 ehof                    com...oglequicksearchbox:interactor  I  (REDACTED) Ignoring irrelevant audio permission changes for package %s
2026-02-19 11:05:17.523 22566-22848 MeshReposi...eshService com.scmessenger.android              I  Message from 1234fb26580681ee66c6c760b270a944e5031c137c2bcaca90c9a2a04b525a3a: 7565e719-c466-432d-9847-97b9e1c62e3f
2026-02-19 11:05:17.545 22566-22566 Conversati...adMessages com.scmessenger.android              D  Loaded 65 messages
2026-02-19 11:05:17.547 22566-22566 Conversati...adMessages com.scmessenger.android              D  Loaded 65 messages
2026-02-19 11:05:17.550  1706-2969  NotificationService     system_server                        E  Package has already posted or enqueued 50 notifications.  Not showing more.  package=com.scmessenger.android
2026-02-19 11:05:17.772 22566-22791 MeshReposi...geReceived com.scmessenger.android              D  Delivery receipt broadcast for 7565e719-c466-432d-9847-97b9e1c62e3f to 1234fb26580681ee66c6c760b270a944e5031c137c2bcaca90c9a2a04b525a3a
2026-02-19 11:05:17.853 22566-22848 MeshReposi...eshService com.scmessenger.android              I  Message from 1234fb26580681ee66c6c760b270a944e5031c137c2bcaca90c9a2a04b525a3a: 30beee58-aa1e-424b-bf9d-26f75c10193b
2026-02-19 11:05:17.868  1271-1294  CHRE                    and...re.contexthub-service.generic  D  @ 214186.243: [ActivityPlatform] type 6, confidence 41
2026-02-19 11:05:17.876 22566-22566 Conversati...adMessages com.scmessenger.android              D  Loaded 66 messages
2026-02-19 11:05:17.879 22566-22566 Conversati...adMessages com.scmessenger.android              D  Loaded 66 messages
2026-02-19 11:05:17.880  1706-3128  NotificationService     system_server                        E  Package has already posted or enqueued 50 notifications.  Not showing more.  package=com.scmessenger.android
2026-02-19 11:05:18.020 22566-22793 MeshReposi...geReceived com.scmessenger.android              D  Delivery receipt broadcast for 30beee58-aa1e-424b-bf9d-26f75c10193b to 1234fb26580681ee66c6c760b270a944e5031c137c2bcaca90c9a2a04b525a3a
2026-02-19 11:05:18.100 22566-22848 MeshReposi...eshService com.scmessenger.android              I  Message from 1234fb26580681ee66c6c760b270a944e5031c137c2bcaca90c9a2a04b525a3a: c10c78d8-009d-4048-8993-1187a3f67dfa
2026-02-19 11:05:18.114 22566-22566 Conversati...adMessages com.scmessenger.android              D  Loaded 67 messages
2026-02-19 11:05:18.115 18743-27080 XmpUtil                 com.google.android.apps.photos       I  XMP parse: only JPEG file is supported
2026-02-19 11:05:18.117 22566-22566 Conversati...adMessages com.scmessenger.android              D  Loaded 67 messages
2026-02-19 11:05:18.118  1706-2969  NotificationService     system_server                        E  Package has already posted or enqueued 50 notifications.  Not showing more.  package=com.scmessenger.android
2026-02-19 11:05:18.175  1448-20474 AidlBufferPool          mediaserver                          D  bufferpool2 0xf1004778 : 0(0 size) total buffers - 0(0 size) used buffers - 23/31 (recycle/alloc) - 8/56 (fetch/transfer)
2026-02-19 11:05:18.175  1448-20474 AidlBufferPoolAcc       mediaserver                          D  evictor expired: 1, evicted: 1
2026-02-19 11:05:18.176  1498-2400  AidlBufferPool          media.swcodec                        D  bufferpool2 0xb4000079d4486768 : 0(0 size) total buffers - 0(0 size) used buffers - 22/26 (recycle/alloc) - 4/25 (fetch/transfer)
2026-02-19 11:05:18.176  1498-2400  AidlBufferPoolAcc       media.swcodec                        D  evictor expired: 2, evicted: 1
2026-02-19 11:05:18.264  1315-1315  WifiHAL                 ven...oogle.wifi_ext-service-vendor  I  Creating message to get link statistics; iface = 47
2026-02-19 11:05:18.278  1706-2935  ConnectivityService     system_server                        D  Returning BLOCKED NetworkInfo to uid=10396
2026-02-19 11:05:18.325  1706-1792  KernelCpuU...TimeReader system_server                        D  Removing uids 99157-99157
2026-02-19 11:05:18.328  1706-1792  KernelCpuU...TimeReader system_server                        D  Removing uids 99156-99156
2026-02-19 11:05:18.328  1706-2203  ActivityManager         system_server                        D  freezing 30128 com.alibaba.intl.android.apps.poseidon:channel
2026-02-19 11:05:18.330  1706-2203  ActivityManager         system_server                        D  freezing 18897 com.alibaba.intl.android.apps.poseidon
2026-02-19 11:05:18.336  1706-2203  ActivityManager         system_server                        D  freezing 19672 com.alibaba.intl.android.apps.poseidon:normal_render_proc0
2026-02-19 11:05:18.345  1706-2278  InetDiagMessage         system_server                        D  Destroyed 0 sockets, proto=IPPROTO_TCP, family=AF_INET, states=14
2026-02-19 11:05:18.348  1706-2278  InetDiagMessage         system_server                        D  Destroyed 0 sockets, proto=IPPROTO_TCP, family=AF_INET6, states=14
2026-02-19 11:05:18.348  1706-2278  InetDiagMessage         system_server                        D  Destroyed live tcp sockets for uids={10398} in 10ms
2026-02-19 11:05:18.361 22566-22851 MeshReposi...geReceived com.scmessenger.android              D  Delivery receipt broadcast for c10c78d8-009d-4048-8993-1187a3f67dfa to 1234fb26580681ee66c6c760b270a944e5031c137c2bcaca90c9a2a04b525a3a
2026-02-19 11:05:18.385 20543-20556 SQLiteLog               com.alibaba.aliexpresshd:channel     W  (28) double-quoted string literal: "mtopsdk"
2026-02-19 11:05:18.386 20543-20556 SQLiteLog               com.alibaba.aliexpresshd:channel     W  (28) double-quoted string literal: "mtopStats"
2026-02-19 11:05:18.445  1706-2935  TelephonyManager        system_server                        D  requestModemActivityInfo: Sending result to app: ModemActivityInfo{ mTimestamp=214225047 mSleepTimeMs=188971416 mIdleTimeMs=13711426 mActivityStatsTechSpecificInfo=[{mRat=UNKNOWN,mFrequencyRange=UNKNOWN,mTxTimeMs[]=[15937, 5236, 1968, 14425, 8128],mRxTimeMs=10960082}]}
2026-02-19 11:05:18.465 22566-22848 MeshReposi...eshService com.scmessenger.android              I  Message from 1234fb26580681ee66c6c760b270a944e5031c137c2bcaca90c9a2a04b525a3a: 835b357e-c7e5-454d-ad91-a57016fa433d
