2026-02-19 11:05:08.023 26581-26597 nativeloader            com.alibaba.aliexpresshd             D  Load /data/app/~~fqHqOKglohvfvwGAW-LATw==/com.alibaba.aliexpresshd-WruJ2kiAfbTxCi-OBNWL8g==/lib/arm64/libshadowhook.so using class loader ns clns-9 (caller=/data/app/~~fqHqOKglohvfvwGAW-LATw==/com.alibaba.aliexpresshd-WruJ2kiAfbTxCi-OBNWL8g==/base.apk!classes4.dex): ok
2026-02-19 11:05:08.027 26581-26597 shadowhook_tag          com.alibaba.aliexpresshd             E  shadowhook version 1.0.10: shadowhook init(mode: UNIQUE, debuggable: false), return: 0, real-init: yes
2026-02-19 11:05:08.040 26581-26581 DesktopExperienceFlags  com.alibaba.aliexpresshd             D  Toggle override initialized to: false
2026-02-19 11:05:08.041 26581-26581 CompatChangeReporter    com.alibaba.aliexpresshd             D  Compat change id reported: 312399441; UID 10396; state: ENABLED
2026-02-19 11:05:08.069 26581-26581 System.out              com.alibaba.aliexpresshd             I  PerfLogger useNewLaunchOptimize true
2026-02-19 11:05:08.072 26581-26581 System.err              com.alibaba.aliexpresshd             W  java.lang.IllegalArgumentException: field android.view.ViewConfiguration.sConfigurations has type android.util.LongSparseArray, got ay.b
2026-02-19 11:05:08.072 26581-26581 System.err              com.alibaba.aliexpresshd             W  	at java.lang.reflect.Field.set(Native Method)
2026-02-19 11:05:08.072 26581-26581 System.err              com.alibaba.aliexpresshd             W  	at ay.a.a(SourceFile:42)
2026-02-19 11:05:08.072 26581-26581 System.err              com.alibaba.aliexpresshd             W  	at zx.g.a(SourceFile:441)
2026-02-19 11:05:08.072 26581-26581 System.err              com.alibaba.aliexpresshd             W  	at com.aliexpress.app.launch.a.d(SourceFile:54)
2026-02-19 11:05:08.072 26581-26581 System.err              com.alibaba.aliexpresshd             W  	at wx.c.handleMessage(SourceFile:41)
2026-02-19 11:05:08.072 26581-26581 System.err              com.alibaba.aliexpresshd             W  	at android.os.Handler.dispatchMessage(Handler.java:128)
2026-02-19 11:05:08.072 26581-26581 System.err              com.alibaba.aliexpresshd             W  	at android.os.Looper.dispatchMessage(Looper.java:333)
2026-02-19 11:05:08.072 26581-26581 System.err              com.alibaba.aliexpresshd             W  	at android.os.Looper.loopOnce(Looper.java:263)
2026-02-19 11:05:08.072 26581-26581 System.err              com.alibaba.aliexpresshd             W  	at android.os.Looper.loop(Looper.java:367)
2026-02-19 11:05:08.072 26581-26581 System.err              com.alibaba.aliexpresshd             W  	at android.app.ActivityThread.main(ActivityThread.java:9287)
2026-02-19 11:05:08.072 26581-26581 System.err              com.alibaba.aliexpresshd             W  	at java.lang.reflect.Method.invoke(Native Method)
2026-02-19 11:05:08.072 26581-26581 System.err              com.alibaba.aliexpresshd             W  	at com.android.internal.os.RuntimeInit$MethodAndArgsCaller.run(RuntimeInit.java:566)
2026-02-19 11:05:08.073 26581-26581 System.err              com.alibaba.aliexpresshd             W  	at com.android.internal.os.ZygoteInit.main(ZygoteInit.java:929)
2026-02-19 11:05:08.078 26581-26597 PerfOptimize            com.alibaba.aliexpresshd             E   [!] ProxyRenderSetStopped, proxy_set_stopped, hook _ZN7android10uirenderer12renderthread11RenderProxy10setStoppedEb success.
2026-02-19 11:05:08.078 26581-26597 System.out              com.alibaba.aliexpresshd             I  LauncherPerfEnhance: proxyRenderProxySetStopped success: true
2026-02-19 11:05:08.079 26581-26581 ba.aliexpresshd         com.alibaba.aliexpresshd             E  Invalid resource ID 0x00000000.
2026-02-19 11:05:08.080 26581-26581 ba.aliexpresshd         com.alibaba.aliexpresshd             W  type=1400 audit(0.0:44583): avc:  denied  { setattr } for  name="libsgmain.so" dev="dm-58" ino=1984692 scontext=u:r:untrusted_app:s0:c140,c257,c512,c768 tcontext=u:object_r:apk_data_file:s0 tclass=file permissive=0 app=com.alibaba.aliexpresshd
2026-02-19 11:05:08.090 26581-26581 nativeloader            com.alibaba.aliexpresshd             D  Configuring clns-10 for other apk . target_sdk_version=35, uses_libraries=ALL, library_path=/data/app/~~fqHqOKglohvfvwGAW-LATw==/com.alibaba.aliexpresshd-WruJ2kiAfbTxCi-OBNWL8g==/lib/arm64:/data/user/0/com.alibaba.aliexpresshd/app_SGLib/app_1770463834/main, permitted_path=/data:/mnt/expand
2026-02-19 11:05:08.093 26581-26581 nativeloader            com.alibaba.aliexpresshd             D  Load /data/app/~~fqHqOKglohvfvwGAW-LATw==/com.alibaba.aliexpresshd-WruJ2kiAfbTxCi-OBNWL8g==/lib/arm64/libsgmainso-6.6.240604.so using isolated ns clns-10 (caller=/data/app/~~fqHqOKglohvfvwGAW-LATw==/com.alibaba.aliexpresshd-WruJ2kiAfbTxCi-OBNWL8g==/lib/arm64/libsgmain.so): ok
2026-02-19 11:05:08.100 26581-26581 ba.aliexpresshd         com.alibaba.aliexpresshd             E  Invalid resource ID 0x00000000.
2026-02-19 11:05:08.106  1706-2328  Background...rolService system_server                        D  Package event received: 0
2026-02-19 11:05:08.107  1706-1706  NotificationHistory     system_server                        V  Attempted to add notif for locked/gone/disabled user 0
2026-02-19 11:05:08.111  4322-5027  AiAiEcho                com.google.android.as                I  SmartspaceNotificationPredictor no parser can handle this notification or notification is invalid
2026-02-19 11:05:08.129 26581-26617 System.out              com.alibaba.aliexpresshd             I  AeTaggedTask start: SecurityManager
2026-02-19 11:05:08.129 26581-26616 System.out              com.alibaba.aliexpresshd             I  AeTaggedTask start: InitCrashReport
2026-02-19 11:05:08.129 26581-26619 System.out              com.alibaba.aliexpresshd             I  AeTaggedTask start: InitNetworkStrategy
2026-02-19 11:05:08.129 26581-26618 System.out              com.alibaba.aliexpresshd             I  AeTaggedTask start: InitTNet
2026-02-19 11:05:08.129 26581-26623 System.out              com.alibaba.aliexpresshd             I  AeTaggedTask start: InitPainterCombine
2026-02-19 11:05:08.129 26581-26617 System.out              com.alibaba.aliexpresshd             I  AeTaggedTask start: SecurityCoreComponent
2026-02-19 11:05:08.129 26581-26620 System.out              com.alibaba.aliexpresshd             I  AeTaggedTask start: InitSessionCenter
2026-02-19 11:05:08.129 26581-26621 System.out              com.alibaba.aliexpresshd             I  AeTaggedTask start: InitNetworkSDK
2026-02-19 11:05:08.129 26581-26623 System.out              com.alibaba.aliexpresshd             I  AeTaggedTask start: Painter
2026-02-19 11:05:08.129 26581-26622 System.out              com.alibaba.aliexpresshd             I  AeTaggedTask start: InitNetworkCombine
2026-02-19 11:05:08.129 26581-26624 System.out              com.alibaba.aliexpresshd             I  AeTaggedTask start: InitUTCombine
2026-02-19 11:05:08.130 26581-26626 System.out              com.alibaba.aliexpresshd             I  AeTaggedTask start: InitGABTest
2026-02-19 11:05:08.130 26581-26622 System.out              com.alibaba.aliexpresshd             I  AeTaggedTask start: Network
2026-02-19 11:05:08.130 26581-26621 System.out              com.alibaba.aliexpresshd             I  AeTaggedTask start: InitTbNetworkSdk
2026-02-19 11:05:08.130 26581-26624 System.out              com.alibaba.aliexpresshd             I  AeTaggedTask start: UTAnalytics
2026-02-19 11:05:08.131 26581-26627 System.out              com.alibaba.aliexpresshd             I  AeTaggedTask start: InitAHE
2026-02-19 11:05:08.132 26581-26630 System.out              com.alibaba.aliexpresshd             I  AeTaggedTask start: InitSplitCompatNew
2026-02-19 11:05:08.133 26581-26629 System.out              com.alibaba.aliexpresshd             I  AeTaggedTask start: Poplayer
2026-02-19 11:05:08.135 26581-26628 System.out              com.alibaba.aliexpresshd             I  AeTaggedTask start: InitApm
2026-02-19 11:05:08.136 26581-26631 System.out              com.alibaba.aliexpresshd             I  AeTaggedTask start: InitHighPriorityTaskCombine
2026-02-19 11:05:08.136 26581-26631 System.out              com.alibaba.aliexpresshd             I  AeTaggedTask start: InitPagePreload
2026-02-19 11:05:08.136 26581-26631 System.out              com.alibaba.aliexpresshd             I  AeTaggedTask start: Ripper
2026-02-19 11:05:08.138 26581-26631 System.out              com.alibaba.aliexpresshd             I  AeTaggedTask start: InitSurgeon
2026-02-19 11:05:08.138 26581-26636 System.err              com.alibaba.aliexpresshd             W  java.io.FileNotFoundException: /system/etc/Aliexpress.prop: open failed: ENOENT (No such file or directory)
2026-02-19 11:05:08.138 26581-26636 System.err              com.alibaba.aliexpresshd             W  	at libcore.io.IoBridge.open(IoBridge.java:574)
2026-02-19 11:05:08.138 26581-26636 System.err              com.alibaba.aliexpresshd             W  	at java.io.FileInputStream.<init>(FileInputStream.java:179)
2026-02-19 11:05:08.138 26581-26636 System.err              com.alibaba.aliexpresshd             W  	at java.io.FileInputStream.<init>(FileInputStream.java:133)
2026-02-19 11:05:08.138 26581-26636 System.err              com.alibaba.aliexpresshd             W  	at java.io.FileReader.<init>(FileReader.java:60)
2026-02-19 11:05:08.138 26581-26636 System.err              com.alibaba.aliexpresshd             W  	at com.aliexpress.common.channel.y.f(SourceFile:28)
2026-02-19 11:05:08.138 26581-26636 System.err              com.alibaba.aliexpresshd             W  	at com.aliexpress.common.channel.y.b(SourceFile:85)
2026-02-19 11:05:08.138 26581-26636 System.err              com.alibaba.aliexpresshd             W  	at com.aliexpress.common.channel.s.c(SourceFile:36)
2026-02-19 11:05:08.138 26581-26636 System.err              com.alibaba.aliexpresshd             W  	at com.aliexpress.common.channel.PreInstalledUtil.b(SourceFile:67)
2026-02-19 11:05:08.138 26581-26636 System.err              com.alibaba.aliexpresshd             W  	at com.aliexpress.common.channel.m.run(SourceFile:36)
2026-02-19 11:05:08.138 26581-26636 System.err              com.alibaba.aliexpresshd             W  Caused by: android.system.ErrnoException: open failed: ENOENT (No such file or directory)
2026-02-19 11:05:08.138 26581-26636 System.err              com.alibaba.aliexpresshd             W  	at libcore.io.Linux.open(Native Method)
2026-02-19 11:05:08.138 26581-26636 System.err              com.alibaba.aliexpresshd             W  	at libcore.io.ForwardingOs.open(ForwardingOs.java:574)
2026-02-19 11:05:08.138 26581-26636 System.err              com.alibaba.aliexpresshd             W  	at libcore.io.BlockGuardOs.open(BlockGuardOs.java:274)
2026-02-19 11:05:08.138 26581-26636 System.err              com.alibaba.aliexpresshd             W  	at libcore.io.ForwardingOs.open(ForwardingOs.java:574)
2026-02-19 11:05:08.138 26581-26636 System.err              com.alibaba.aliexpresshd             W  	at android.app.AndroidForwardingOs.open(AndroidForwardingOs.java:120)
2026-02-19 11:05:08.138 26581-26636 System.err              com.alibaba.aliexpresshd             W  	at libcore.io.IoBridge.open(IoBridge.java:560)
2026-02-19 11:05:08.138 26581-26636 System.err              com.alibaba.aliexpresshd             W  	... 8 more
2026-02-19 11:05:08.139 26581-26638 System.out              com.alibaba.aliexpresshd             I  AeTaggedTask start: InitHighPriorityTaskCombineStage2
2026-02-19 11:05:08.140 26581-26638 System.out              com.alibaba.aliexpresshd             I  AeTaggedTask start: InitLanguageConfig
2026-02-19 11:05:08.142 26581-26638 System.out              com.alibaba.aliexpresshd             I  AeTaggedTask start: InitFonTask
2026-02-19 11:05:08.140 26581-26581 priority-thread         com.alibaba.aliexpresshd             W  type=1400 audit(0.0:44584): avc:  denied  { setattr } for  name="libsgsecuritybody.so" dev="dm-58" ino=1985224 scontext=u:r:untrusted_app:s0:c140,c257,c512,c768 tcontext=u:object_r:apk_data_file:s0 tclass=file permissive=0 app=com.alibaba.aliexpresshd
2026-02-19 11:05:08.145 26581-26631 System.out              com.alibaba.aliexpresshd             I  AeTaggedTask start: InitANRHacker
2026-02-19 11:05:08.149 26581-26631 System.out              com.alibaba.aliexpresshd             I  AeTaggedTask start: OrangeMainThread
2026-02-19 11:05:08.155 26581-26646 System.out              com.alibaba.aliexpresshd             I  AeTaggedTask start: InitCombinedTaskStage1
2026-02-19 11:05:08.156 26581-26638 HWUI                    com.alibaba.aliexpresshd             I  Using FreeType backend (prop=Auto)
2026-02-19 11:05:08.156 26581-26646 System.out              com.alibaba.aliexpresshd             I  AeTaggedTask start: Nav
2026-02-19 11:05:08.157 26581-26649 System.out              com.alibaba.aliexpresshd             I  AeTaggedTask start: InitCombinedTaskStage3
2026-02-19 11:05:08.157 26581-26649 System.out              com.alibaba.aliexpresshd             I  AeTaggedTask start: Sky
2026-02-19 11:05:08.159 26581-26648 System.out              com.alibaba.aliexpresshd             I  AeTaggedTask start: InitCombinedTaskStage2
2026-02-19 11:05:08.159 26581-26648 System.out              com.alibaba.aliexpresshd             I  AeTaggedTask start: TrafficSdk
2026-02-19 11:05:08.163 26581-26652 System.out              com.alibaba.aliexpresshd             I  AeTaggedTask start: SecurityBridge
2026-02-19 11:05:08.163 26581-26652 System.out              com.alibaba.aliexpresshd             I  StartupHelper, isDeviceMatched, config: *,*,30;ZTE,ZTE Blade A54,33;TECLAST,M40(N9H3),*;KYOCERA,E6810,*;samsung,SM-M135FU,*;TECNO,TECNO KG5j,*;samsung,SM-F926N,*;xiaomi,Redmi Note 8,28;Redmi,22041219G,31;TECLAST,M40_ROW,29;Redmi,23124RA7EO,33;DOOGEE,S41 Max,33;Blackview,BV9300 Pro,33
2026-02-19 11:05:08.164 26581-26652 System.out              com.alibaba.aliexpresshd             I  StartupHelper, isSingleDeviceMatched, config: *,*,30
2026-02-19 11:05:08.164 26581-26652 System.out              com.alibaba.aliexpresshd             I  StartupHelper, isSingleDeviceMatched, brand is google match *, continue compare
2026-02-19 11:05:08.164 26581-26652 System.out              com.alibaba.aliexpresshd             I  StartupHelper, isSingleDeviceMatched, brand: google, model: Pixel 6a, api: 36, r: false
2026-02-19 11:05:08.164 26581-26652 System.out              com.alibaba.aliexpresshd             I  StartupHelper, isSingleDeviceMatched, config: ZTE,ZTE Blade A54,33
2026-02-19 11:05:08.164 26581-26652 System.out              com.alibaba.aliexpresshd             I  StartupHelper, isSingleDeviceMatched, brand is google not match, return false
2026-02-19 11:05:08.164 26581-26652 System.out              com.alibaba.aliexpresshd             I  StartupHelper, isSingleDeviceMatched, config: TECLAST,M40(N9H3),*
2026-02-19 11:05:08.164 26581-26652 System.out              com.alibaba.aliexpresshd             I  StartupHelper, isSingleDeviceMatched, brand is google not match, return false
2026-02-19 11:05:08.164 26581-26652 System.out              com.alibaba.aliexpresshd             I  StartupHelper, isSingleDeviceMatched, config: KYOCERA,E6810,*
2026-02-19 11:05:08.164 26581-26652 System.out              com.alibaba.aliexpresshd             I  StartupHelper, isSingleDeviceMatched, brand is google not match, return false
2026-02-19 11:05:08.164 26581-26652 System.out              com.alibaba.aliexpresshd             I  StartupHelper, isSingleDeviceMatched, config: samsung,SM-M135FU,*
2026-02-19 11:05:08.164 26581-26652 System.out              com.alibaba.aliexpresshd             I  StartupHelper, isSingleDeviceMatched, brand is google not match, return false
2026-02-19 11:05:08.164 26581-26652 System.out              com.alibaba.aliexpresshd             I  StartupHelper, isSingleDeviceMatched, config: TECNO,TECNO KG5j,*
2026-02-19 11:05:08.164 26581-26652 System.out              com.alibaba.aliexpresshd             I  StartupHelper, isSingleDeviceMatched, brand is google not match, return false
2026-02-19 11:05:08.164 26581-26652 System.out              com.alibaba.aliexpresshd             I  StartupHelper, isSingleDeviceMatched, config: samsung,SM-F926N,*
2026-02-19 11:05:08.164 26581-26652 System.out              com.alibaba.aliexpresshd             I  StartupHelper, isSingleDeviceMatched, brand is google not match, return false
2026-02-19 11:05:08.164 26581-26652 System.out              com.alibaba.aliexpresshd             I  StartupHelper, isSingleDeviceMatched, config: xiaomi,Redmi Note 8,28
2026-02-19 11:05:08.164 26581-26652 System.out              com.alibaba.aliexpresshd             I  StartupHelper, isSingleDeviceMatched, brand is google not match, return false
2026-02-19 11:05:08.164 26581-26652 System.out              com.alibaba.aliexpresshd             I  StartupHelper, isSingleDeviceMatched, config: Redmi,22041219G,31
2026-02-19 11:05:08.164 26581-26652 System.out              com.alibaba.aliexpresshd             I  StartupHelper, isSingleDeviceMatched, brand is google not match, return false
2026-02-19 11:05:08.164 26581-26652 System.out              com.alibaba.aliexpresshd             I  StartupHelper, isSingleDeviceMatched, config: TECLAST,M40_ROW,29
2026-02-19 11:05:08.164 26581-26652 System.out              com.alibaba.aliexpresshd             I  StartupHelper, isSingleDeviceMatched, brand is google not match, return false
2026-02-19 11:05:08.164 26581-26652 System.out              com.alibaba.aliexpresshd             I  StartupHelper, isSingleDeviceMatched, config: Redmi,23124RA7EO,33
2026-02-19 11:05:08.164 26581-26652 System.out              com.alibaba.aliexpresshd             I  StartupHelper, isSingleDeviceMatched, brand is google not match, return false
2026-02-19 11:05:08.164 26581-26652 System.out              com.alibaba.aliexpresshd             I  StartupHelper, isSingleDeviceMatched, config: DOOGEE,S41 Max,33
2026-02-19 11:05:08.164 26581-26652 System.out              com.alibaba.aliexpresshd             I  StartupHelper, isSingleDeviceMatched, brand is google not match, return false
2026-02-19 11:05:08.164 26581-26652 System.out              com.alibaba.aliexpresshd             I  StartupHelper, isSingleDeviceMatched, config: Blackview,BV9300 Pro,33
2026-02-19 11:05:08.164 26581-26652 System.out              com.alibaba.aliexpresshd             I  StartupHelper, isSingleDeviceMatched, brand is google not match, return false
2026-02-19 11:05:08.164 26581-26652 System.out              com.alibaba.aliexpresshd             I  StartupHelper, isDeviceMatched, brand: google, model: Pixel 6a, api: 36, r: false
2026-02-19 11:05:08.164 26581-26653 System.out              com.alibaba.aliexpresshd             I  AeTaggedTask start: InitBasis
2026-02-19 11:05:08.165 26581-26646 System.out              com.alibaba.aliexpresshd             I  AeTaggedTask start: initRefreshToken
2026-02-19 11:05:08.165 26581-26653 System.out              com.alibaba.aliexpresshd             I  AeTaggedTask start: InitDeviceId
2026-02-19 11:05:08.165 26581-26646 System.out              com.alibaba.aliexpresshd             I  AeTaggedTask start: InitAVFS
2026-02-19 11:05:08.165 26581-26653 System.out              com.alibaba.aliexpresshd             I  AeTaggedTask start: CurrencyStage0
2026-02-19 11:05:08.166 26581-26653 System.out              com.alibaba.aliexpresshd             I  AeTaggedTask start: InitCountryManagerStage1Opt
2026-02-19 11:05:08.166 26581-26646 System.out              com.alibaba.aliexpresshd             I  AeTaggedTask start: InitLegacyAEKernelLogic
2026-02-19 11:05:08.167 26581-26649 System.out              com.alibaba.aliexpresshd             I  AeTaggedTask start: InitPageEnd2EndMonitorUniqueId
2026-02-19 11:05:08.167 26581-26648 System.out              com.alibaba.aliexpresshd             I  AeTaggedTask start: InitRipperModule
2026-02-19 11:05:08.168 26581-26658 ashmem                  com.alibaba.aliexpresshd             E  Pinning is deprecated since Android Q. Please use trim or other methods.
2026-02-19 11:05:08.169 26581-26649 System.out              com.alibaba.aliexpresshd             I  AeTaggedTask start: InitFoldConfig
2026-02-19 11:05:08.169 26581-26649 System.out              com.alibaba.aliexpresshd             I  AeTaggedTask start: InitUserGrowthLifeCycleListener
2026-02-19 11:05:08.170 26581-26649 System.out              com.alibaba.aliexpresshd             I  AeTaggedTask start: InitNativeWhiteDetect
2026-02-19 11:05:08.170 26581-26622 System.out              com.alibaba.aliexpresshd             I  AeTaggedTask start: InitNetworkCallback
2026-02-19 11:05:08.171  1706-2208  AlarmManager            system_server                        E  Attempt to decrement existing alarm count 0 by 1 for uid 1000
2026-02-19 11:05:08.171  1706-1781  Grammatica...ctionUtils system_server                        V  AttributionSource: android.content.AttributionSource@32cbdac2 does not have READ_SYSTEM_GRAMMATICAL_GENDER permission.
2026-02-19 11:05:08.178  1706-2193  ActivityManager         system_server                        D  sync unfroze 30128 com.alibaba.intl.android.apps.poseidon:channel for 6
2026-02-19 11:05:08.179 26581-26648 System.out              com.alibaba.aliexpresshd             I  AeTaggedTask start: InitAgooForeBackManager
2026-02-19 11:05:08.181 26581-26623 System.out              com.alibaba.aliexpresshd             I  PreFetchExecutor.init() - 开关关闭，退出初始化
2026-02-19 11:05:08.184 18897-18897 CrashSDKBkgdHan         com...ba.intl.android.apps.poseidon  W  type=1400 audit(0.0:44585): avc:  denied  { read } for  name="loadavg" dev="proc" ino=4026532001 scontext=u:r:untrusted_app:s0:c142,c257,c512,c768 tcontext=u:object_r:proc_loadavg:s0 tclass=file permissive=0 app=com.alibaba.intl.android.apps.poseidon
2026-02-19 11:05:08.181 26581-26623 System.out              com.alibaba.aliexpresshd             I  AeTaggedTask start: InitPainterCallback
2026-02-19 11:05:08.181 26581-26623 System.out              com.alibaba.aliexpresshd             I  AeTaggedTask start: InitPainterExtra
2026-02-19 11:05:08.182 18897-19684 u4native                com...ba.intl.android.apps.poseidon  E  [InfoLevelMessage] [INFO:not_a_file.cc(0)] BrowserIOThread heartbeat, pid/tid: 18897/19684, interval/index: 30s/6, ucCoreSoImplVersion: 5.18.9.0_250713225318
2026-02-19 11:05:08.182  1706-2193  ActivityManager         system_server                        D  sync unfroze 18897 com.alibaba.intl.android.apps.poseidon for 6
2026-02-19 11:05:08.182 18897-19725 u4native                com...ba.intl.android.apps.poseidon  E  [InfoLevelMessage] [INFO:not_a_file.cc(0)] NetworkServiceThread heartbeat, pid/tid: 18897/19725, interval/index: 30s/6
2026-02-19 11:05:08.182  1706-2193  ActivityManager         system_server                        D  sync unfroze 19672 com.alibaba.intl.android.apps.poseidon:normal_render_proc0 for 6
2026-02-19 11:05:08.190 26581-26618 nativeloader            com.alibaba.aliexpresshd             D  Load /data/app/~~fqHqOKglohvfvwGAW-LATw==/com.alibaba.aliexpresshd-WruJ2kiAfbTxCi-OBNWL8g==/lib/arm64/libtnet-4.0.0.so using class loader ns clns-9 (caller=/data/app/~~fqHqOKglohvfvwGAW-LATw==/com.alibaba.aliexpresshd-WruJ2kiAfbTxCi-OBNWL8g==/base.apk!classes5.dex): ok
2026-02-19 11:05:08.191  1706-2193  JobServiceContext       system_server                        W  Sending onNetworkChanged for a job that isn't started. JobStatus{4e9d400 #u0a398/2050 com.alibaba.intl.android.apps.poseidon/com.taobao.accs.internal.AccsJobService u=0 s=10398 TIME=-24ms:-24ms NET READY}
2026-02-19 11:05:08.195 26581-26616 nativeloader            com.alibaba.aliexpresshd             D  Load /data/app/~~fqHqOKglohvfvwGAW-LATw==/com.alibaba.aliexpresshd-WruJ2kiAfbTxCi-OBNWL8g==/lib/arm64/libcrashsdk.so using class loader ns clns-9 (caller=/data/app/~~fqHqOKglohvfvwGAW-LATw==/com.alibaba.aliexpresshd-WruJ2kiAfbTxCi-OBNWL8g==/base.apk!classes4.dex): ok
2026-02-19 11:05:08.195 26581-26616 crashsdk                com.alibaba.aliexpresshd             I  libcrashsdk.so is loaded. version: 3.5.2.1/nativeseq: 230821205034/arch: arm64-v8a/target: release
2026-02-19 11:05:08.196 26581-26625 nativeloader            com.alibaba.aliexpresshd             D  Configuring clns-11 for other apk . target_sdk_version=35, uses_libraries=ALL, library_path=/data/app/~~fqHqOKglohvfvwGAW-LATw==/com.alibaba.aliexpresshd-WruJ2kiAfbTxCi-OBNWL8g==/lib/arm64:/data/user/0/com.alibaba.aliexpresshd/app_SGLib/app_1770463834/main, permitted_path=/data:/mnt/expand
2026-02-19 11:05:08.197 26581-26616 crashsdk                com.alibaba.aliexpresshd             I  start init crashsdk. version: 3.5.2.1, javaseq: 230821205034, target: release
2026-02-19 11:05:08.200  1271-1294  CHRE.HAL                and...re.contexthub-service.generic  D  Received a nanoapp message from 0x476f6f676c00100b endpoint 0x1f: Type 0x401 size 197 
2026-02-19 11:05:08.200  1271-1294  CHRE                    and...re.contexthub-service.generic  D  @ 214176.576: Parsed nanoapp message from host: app ID 0x476f6f676c00100b endpoint 0x1f msgType 112 payload size 10
2026-02-19 11:05:08.200  1271-1294  CHRE                    and...re.contexthub-service.generic  I  @ 214176.576: [NanoMinion] received MSG Type 0x70, Version 1, 6 bytes
2026-02-19 11:05:08.200  1271-1294  CHRE                    and...re.contexthub-service.generic  I  @ 214176.576: [AR] request.flush
2026-02-19 11:05:08.200  1271-1294  CHRE                    and...re.contexthub-service.generic  I  @ 214176.576: [AR] send to host, reason=3, sampleSize=11, transitionSize=0, lastAccelTime = 214211746, lastAudioTime = 0 
2026-02-19 11:05:08.200  1271-1294  CHRE                    and...re.contexthub-service.generic  I  @ 214176.576: [NanoMinion] sent MSG Type 0x72, Version 0, 189 bytes, MessageId 95
2026-02-19 11:05:08.203 26581-26644 System.out              com.alibaba.aliexpresshd             I  surgeon, Finish class: com.aliexpress.module.shippingaddress.anc.v2.vm.b
2026-02-19 11:05:08.203 26581-26644 System.out              com.alibaba.aliexpresshd             I  a_a, surgeon, apply p success.
2026-02-19 11:05:08.204  1233-1233  Zygote                  zygote64                             D  Forked child process 26665
2026-02-19 11:05:08.205  1706-1782  ActivityManager         system_server                        I  Start proc 26665:com.google.android.apps.weather/u0a343 for broadcast {com.google.android.apps.weather/com.google.android.apps.weather.widget.FullForecastWidgetReceiver}
2026-02-19 11:05:08.211 26581-26669 System.out              com.alibaba.aliexpresshd             I  AeTaggedTask start: InitCookieManager
2026-02-19 11:05:08.213 26581-26670 System.out              com.alibaba.aliexpresshd             I  AeTaggedTask start: InitMessageSDK
2026-02-19 11:05:08.217  4303-4574  MediaProvider           com...ndroid.providers.media.module  E  Creating or writing to a non-default top level directory is not allowed!
2026-02-19 11:05:08.218 26665-26665 zygote64                zygote64                             W  Activation of cgroup controller +memory failed in path /sys/fs/cgroup/apps/uid_10343: Invalid argument
2026-02-19 11:05:08.220 26581-26669 WebViewFactory          com.alibaba.aliexpresshd             I  Loading com.google.android.webview version 144.0.7559.132 (code 755913203)
2026-02-19 11:05:08.222 26581-26669 ResourcesManager        com.alibaba.aliexpresshd             V  The following library key has been added: ResourcesKey{ mHash=a412df60 mResDir=null mSplitDirs=[] mOverlayDirs=[] mLibDirs=[/data/app/~~RPbmaKjzsikNvZAQEEaDlw==/com.google.android.webview-5J88iNW5uAgh_6bnXQtroQ==/base.apk,/system/framework/android.test.base.jar,/system_ext/framework/androidx.window.extensions.jar] mDisplayId=0 mOverrideConfig=v36 mCompatInfo={420dpi always-compat} mLoaders=[]}
2026-02-19 11:05:08.223 26581-26669 ApplicationLoaders      com.alibaba.aliexpresshd             D  Returning zygote-cached class loader: /system/framework/android.test.base.jar
2026-02-19 11:05:08.223 26581-26669 ApplicationLoaders      com.alibaba.aliexpresshd             D  Returning zygote-cached class loader: /system_ext/framework/androidx.window.extensions.jar
2026-02-19 11:05:08.223  4303-22468 MediaProvider           com...ndroid.providers.media.module  E  Creating or writing to a non-default top level directory is not allowed!
2026-02-19 11:05:08.223 26581-26625 nativeloader            com.alibaba.aliexpresshd             D  Load /data/app/~~fqHqOKglohvfvwGAW-LATw==/com.alibaba.aliexpresshd-WruJ2kiAfbTxCi-OBNWL8g==/lib/arm64/libsgsecuritybodyso-6.6.240604.so using isolated ns clns-11 (caller=/data/app/~~fqHqOKglohvfvwGAW-LATw==/com.alibaba.aliexpresshd-WruJ2kiAfbTxCi-OBNWL8g==/lib/arm64/libsgsecuritybody.so): ok
2026-02-19 11:05:08.226  1706-3127  CompatChangeReporter    system_server                        D  Compat change id reported: 319212206; UID 10396; state: ENABLED
2026-02-19 11:05:08.226  1706-3127  ConnectivityService     system_server                        D  requestNetwork for uid/pid:10396/26581 activeRequest: null callbackRequest: 14184 [NetworkRequest [ REQUEST id=14184, [ Transports: CELLULAR Capabilities: INTERNET&NOT_RESTRICTED&TRUSTED&NOT_VPN&NOT_VCN_MANAGED&NOT_BANDWIDTH_CONSTRAINED Uid: 10396 RequestorUid: 10396 RequestorPkg: com.alibaba.aliexpresshd UnderlyingNetworks: Null] ]] callback flags: 0 order: 2147483647 isUidTracked: false declaredMethods: AVAIL|LOST
2026-02-19 11:05:08.226 26581-26625 ba.aliexpresshd         com.alibaba.aliexpresshd             E  Invalid resource ID 0x00000000.
2026-02-19 11:05:08.228  1706-2278  ConnectivityService     system_server                        D  NetReassign [14184 : null → 198] [c 0] [a 0] [i 2]
2026-02-19 11:05:08.229 26665-26665 Zygote                  <pre-initialized>                    I  Process 26665 created for com.google.android.apps.weather
2026-02-19 11:05:08.229 26665-26665 id.apps.weather         <pre-initialized>                    I  Using CollectorTypeCMC GC.
2026-02-19 11:05:08.229  1706-3127  DatabaseUtils           system_server                        E  Writing exception to parcel (Fix with AI)
                                                                                                    java.lang.SecurityException: com.alibaba.aliexpresshd was not granted  this permission: android.permission.WRITE_SETTINGS.
                                                                                                    	at android.provider.Settings.isCallingPackageAllowedToPerformAppOpsProtectedOperation(Settings.java:22633)
                                                                                                    	at android.provider.Settings.checkAndNoteWriteSettingsOperation(Settings.java:22521)
                                                                                                    	at com.android.providers.settings.SettingsProvider.mutateSystemSetting(SettingsProvider.java:2081)
                                                                                                    	at com.android.providers.settings.SettingsProvider.insertSystemSetting(SettingsProvider.java:2034)
                                                                                                    	at com.android.providers.settings.SettingsProvider.call(SettingsProvider.java:510)
                                                                                                    	at android.content.ContentProvider.call(ContentProvider.java:2746)
                                                                                                    	at android.content.ContentProvider$Transport.call(ContentProvider.java:640)
                                                                                                    	at android.content.ContentProviderNative.onTransact(ContentProviderNative.java:307)
                                                                                                    	at android.os.Binder.execTransactInternal(Binder.java:1473)
                                                                                                    	at android.os.Binder.execTransact(Binder.java:1418)
2026-02-19 11:05:08.230  1706-3127  ActivityManager         system_server                        W  Unable to start service Intent { act=mtopsdk.xstate.aidl.IXState cat=[android.intent.category.DEFAULT] xflg=0x4 pkg=com.alibaba.aliexpresshd cmp=com.alibaba.aliexpresshd/mtopsdk.xstate.XStateService } U=0: not found
2026-02-19 11:05:08.232 26581-26669 nativeloader            com.alibaba.aliexpresshd             D  Configuring clns-12 for other apk /data/app/~~RPbmaKjzsikNvZAQEEaDlw==/com.google.android.webview-5J88iNW5uAgh_6bnXQtroQ==/base.apk. target_sdk_version=36, uses_libraries=, library_path=/data/app/~~RPbmaKjzsikNvZAQEEaDlw==/com.google.android.webview-5J88iNW5uAgh_6bnXQtroQ==/lib/arm64:/data/app/~~RPbmaKjzsikNvZAQEEaDlw==/com.google.android.webview-5J88iNW5uAgh_6bnXQtroQ==/base.apk!/lib/arm64-v8a, permitted_path=/data:/mnt/expand
2026-02-19 11:05:08.235  1706-7161  ConnectivityService     system_server                        D  requestNetwork for uid/pid:10396/26581 activeRequest: null callbackRequest: 14185 [NetworkRequest [ REQUEST id=14185, [ Transports: WIFI Capabilities: INTERNET&NOT_RESTRICTED&TRUSTED&NOT_VPN&NOT_VCN_MANAGED&NOT_BANDWIDTH_CONSTRAINED Uid: 10396 RequestorUid: 10396 RequestorPkg: com.alibaba.aliexpresshd UnderlyingNetworks: Null] ]] callback flags: 0 order: 2147483647 isUidTracked: false declaredMethods: AVAIL|LOST
2026-02-19 11:05:08.236 26581-26581 System.out              com.alibaba.aliexpresshd             I  FeatureManagerPrefetchInit, init, ucSoInstalled: true
2026-02-19 11:05:08.237 26665-26665 nativeloader            <pre-initialized>                    D  Load libframework-connectivity-tiramisu-jni.so using APEX ns com_android_tethering for caller /apex/com.android.tethering/javalib/framework-connectivity-t.jar: ok
2026-02-19 11:05:08.239  1706-2969  ConnectivityService     system_server                        D  requestNetwork for uid/pid:10396/26581 activeRequest: null callbackRequest: 14186 [NetworkRequest [ REQUEST id=14187, [ Capabilities: INTERNET&NOT_RESTRICTED&TRUSTED&NOT_VCN_MANAGED&NOT_BANDWIDTH_CONSTRAINED Uid: 10396 RequestorUid: 10396 RequestorPkg: com.alibaba.aliexpresshd UnderlyingNetworks: Null] ]] callback flags: 0 order: 2147483647 isUidTracked: false declaredMethods: AVAIL|LOST|LP
2026-02-19 11:05:08.240  1706-2271  OemPaidWif...orkFactory system_server                        D  got request NetworkRequest [ REQUEST id=14185, [ Transports: WIFI Capabilities: INTERNET&NOT_RESTRICTED&TRUSTED&NOT_VPN&NOT_VCN_MANAGED&NOT_BANDWIDTH_CONSTRAINED Uid: 10396 RequestorUid: 10396 RequestorPkg: com.alibaba.aliexpresshd UnderlyingNetworks: Null] ]
2026-02-19 11:05:08.240  1706-2271  MultiInter...orkFactory system_server                        D  got request NetworkRequest [ REQUEST id=14185, [ Transports: WIFI Capabilities: INTERNET&NOT_RESTRICTED&TRUSTED&NOT_VPN&NOT_VCN_MANAGED&NOT_BANDWIDTH_CONSTRAINED Uid: 10396 RequestorUid: 10396 RequestorPkg: com.alibaba.aliexpresshd UnderlyingNetworks: Null] ]
2026-02-19 11:05:08.241  1706-2271  WifiNetworkFactory      system_server                        D  got request NetworkRequest [ REQUEST id=14185, [ Transports: WIFI Capabilities: INTERNET&NOT_RESTRICTED&TRUSTED&NOT_VPN&NOT_VCN_MANAGED&NOT_BANDWIDTH_CONSTRAINED Uid: 10396 RequestorUid: 10396 RequestorPkg: com.alibaba.aliexpresshd UnderlyingNetworks: Null] ]
2026-02-19 11:05:08.241  1706-2271  UntrustedW...orkFactory system_server                        D  got request NetworkRequest [ REQUEST id=14185, [ Transports: WIFI Capabilities: INTERNET&NOT_RESTRICTED&TRUSTED&NOT_VPN&NOT_VCN_MANAGED&NOT_BANDWIDTH_CONSTRAINED Uid: 10396 RequestorUid: 10396 RequestorPkg: com.alibaba.aliexpresshd UnderlyingNetworks: Null] ]
2026-02-19 11:05:08.241  1706-2278  ConnectivityService     system_server                        D  NetReassign [14185 : null → 200] [c 0] [a 2] [i 3]
2026-02-19 11:05:08.242 26581-26692 System.out              com.alibaba.aliexpresshd             I  PreloadClassInfoCache name: androidx.lifecycle.v
2026-02-19 11:05:08.242 26581-26692 System.out              com.alibaba.aliexpresshd             I  PreloadClassInfoCache success name: androidx.lifecycle.v
2026-02-19 11:05:08.242 26581-26692 System.out              com.alibaba.aliexpresshd             I  PreloadClassInfoCache name: androidx.lifecycle.w
2026-02-19 11:05:08.243 26581-26692 System.out              com.alibaba.aliexpresshd             I  PreloadClassInfoCache success name: androidx.lifecycle.w
2026-02-19 11:05:08.243 26581-26692 System.out              com.alibaba.aliexpresshd             I  PreloadClassInfoCache name: android.view.ViewParent
2026-02-19 11:05:08.244 26581-26692 System.out              com.alibaba.aliexpresshd             I  PreloadClassInfoCache success name: android.view.ViewParent
2026-02-19 11:05:08.244 26581-26692 System.out              com.alibaba.aliexpresshd             I  PreloadClassInfoCache name: android.view.ViewManager
2026-02-19 11:05:08.244 26581-26692 System.out              com.alibaba.aliexpresshd             I  PreloadClassInfoCache success name: android.view.ViewManager
2026-02-19 11:05:08.244 26581-26692 System.out              com.alibaba.aliexpresshd             I  PreloadClassInfoCache name: android.view.ViewGroup
2026-02-19 11:05:08.246  1706-2271  OemPaidWif...orkFactory system_server                        D  got request NetworkRequest [ REQUEST id=14187, [ Capabilities: INTERNET&NOT_RESTRICTED&TRUSTED&NOT_VCN_MANAGED&NOT_BANDWIDTH_CONSTRAINED Uid: 10396 RequestorUid: 10396 RequestorPkg: com.alibaba.aliexpresshd UnderlyingNetworks: Null] ]
2026-02-19 11:05:08.247  1706-2271  MultiInter...orkFactory system_server                        D  got request NetworkRequest [ REQUEST id=14187, [ Capabilities: INTERNET&NOT_RESTRICTED&TRUSTED&NOT_VCN_MANAGED&NOT_BANDWIDTH_CONSTRAINED Uid: 10396 RequestorUid: 10396 RequestorPkg: com.alibaba.aliexpresshd UnderlyingNetworks: Null] ]
2026-02-19 11:05:08.247  1706-2271  WifiNetworkFactory      system_server                        D  got request NetworkRequest [ REQUEST id=14187, [ Capabilities: INTERNET&NOT_RESTRICTED&TRUSTED&NOT_VCN_MANAGED&NOT_BANDWIDTH_CONSTRAINED Uid: 10396 RequestorUid: 10396 RequestorPkg: com.alibaba.aliexpresshd UnderlyingNetworks: Null] ]
2026-02-19 11:05:08.247  1706-2278  ConnectivityService     system_server                        D  NetReassign [14187 : null → 200] [c 0] [a 3] [i 1]
2026-02-19 11:05:08.247  1706-2271  UntrustedW...orkFactory system_server                        D  got request NetworkRequest [ REQUEST id=14187, [ Capabilities: INTERNET&NOT_RESTRICTED&TRUSTED&NOT_VCN_MANAGED&NOT_BANDWIDTH_CONSTRAINED Uid: 10396 RequestorUid: 10396 RequestorPkg: com.alibaba.aliexpresshd UnderlyingNetworks: Null] ]
2026-02-19 11:05:08.248 26581-26621 System.out              com.alibaba.aliexpresshd             I  AeTaggedTask start: InitNetworkStatusHelper
2026-02-19 11:05:08.248 26581-26692 System.out              com.alibaba.aliexpresshd             I  PreloadClassInfoCache success name: android.view.ViewGroup
2026-02-19 11:05:08.248 26581-26692 System.out              com.alibaba.aliexpresshd             I  PreloadClassInfoCache name: android.view.View
2026-02-19 11:05:08.257 26581-26692 System.out              com.alibaba.aliexpresshd             I  PreloadClassInfoCache success name: android.view.View
2026-02-19 11:05:08.257 26581-26692 System.out              com.alibaba.aliexpresshd             I  PreloadClassInfoCache name: androidx.core.view.n0
2026-02-19 11:05:08.257 26581-26692 System.out              com.alibaba.aliexpresshd             I  PreloadClassInfoCache success name: androidx.core.view.n0
2026-02-19 11:05:08.257 26581-26692 System.out              com.alibaba.aliexpresshd             I  PreloadClassInfoCache name: androidx.core.view.r0
2026-02-19 11:05:08.257 26581-26692 System.out              com.alibaba.aliexpresshd             I  PreloadClassInfoCache success name: androidx.core.view.r0
2026-02-19 11:05:08.257 26581-26692 System.out              com.alibaba.aliexpresshd             I  PreloadClassInfoCache name: androidx.swiperefreshlayout.widget.SwipeRefreshLayout
2026-02-19 11:05:08.257 26581-26692 System.out              com.alibaba.aliexpresshd             I  PreloadClassInfoCache success name: androidx.swiperefreshlayout.widget.SwipeRefreshLayout
2026-02-19 11:05:08.257 26581-26692 System.out              com.alibaba.aliexpresshd             I  PreloadClassInfoCache name: android.graphics.drawable.Drawable$Callback
2026-02-19 11:05:08.257 26581-26692 System.out              com.alibaba.aliexpresshd             I  PreloadClassInfoCache success name: android.graphics.drawable.Drawable$Callback
2026-02-19 11:05:08.257 26581-26692 System.out              com.alibaba.aliexpresshd             I  PreloadClassInfoCache name: android.view.accessibility.AccessibilityEventSource
2026-02-19 11:05:08.257 26581-26692 System.out              com.alibaba.aliexpresshd             I  PreloadClassInfoCache success name: android.view.accessibility.AccessibilityEventSource
2026-02-19 11:05:08.262 26665-26665 ApplicationLoaders      com.google.android.apps.weather      D  Returning zygote-cached class loader: /system/framework/org.apache.http.legacy.jar
2026-02-19 11:05:08.262 26665-26665 ApplicationLoaders      com.google.android.apps.weather      D  Returning zygote-cached class loader: /system_ext/framework/androidx.window.extensions.jar
2026-02-19 11:05:08.262 26665-26665 ApplicationLoaders      com.google.android.apps.weather      D  Returning zygote-cached class loader: /system_ext/framework/androidx.window.sidecar.jar
2026-02-19 11:05:08.272 26581-26581 high_priority_1         com.alibaba.aliexpresshd             W  type=1400 audit(0.0:44586): avc:  denied  { read } for  name="version" dev="proc" ino=4026532005 scontext=u:r:untrusted_app:s0:c140,c257,c512,c768 tcontext=u:object_r:proc_version:s0 tclass=file permissive=0 app=com.alibaba.aliexpresshd
2026-02-19 11:05:08.275 26581-26662 nativeloader            com.alibaba.aliexpresshd             D  Load /data/app/~~fqHqOKglohvfvwGAW-LATw==/com.alibaba.aliexpresshd-WruJ2kiAfbTxCi-OBNWL8g==/lib/arm64/libAPSE_5.0.6.so using class loader ns clns-9 (caller=/data/app/~~fqHqOKglohvfvwGAW-LATw==/com.alibaba.aliexpresshd-WruJ2kiAfbTxCi-OBNWL8g==/base.apk!classes4.dex): ok
2026-02-19 11:05:08.279 26581-26669 cr_WVCFactoryProvider   com.alibaba.aliexpresshd             I  version=144.0.7559.132 (755913203) minSdkVersion=29 multiprocess=true packageId=2 splits=aeocr,aeocr.config.arm64_v8a,aeocr.config.xxhdpi,aiFoundation,aiFoundation.config.arm64_v8a,config.arm64_v8a,config.xxhdpi,push,ucSo,ucSo.config.arm64_v8a,ugc,ugc.config.arm64_v8a,ugc.config.xxhdpi,wallet,wallet.config.arm64_v8a,wallet.config.xxhdpi,widget,widget.config.xxhdpi
2026-02-19 11:05:08.280 26581-26616 crashsdk                com.alibaba.aliexpresshd             I  LibcMalloc detail: disabled.
2026-02-19 11:05:08.283 26581-26669 nativeloader            com.alibaba.aliexpresshd             D  Load /data/app/~~RPbmaKjzsikNvZAQEEaDlw==/com.google.android.webview-5J88iNW5uAgh_6bnXQtroQ==/base.apk!/lib/arm64-v8a/libwebviewchromium.so using class loader ns clns-12 (caller=/data/app/~~RPbmaKjzsikNvZAQEEaDlw==/com.google.android.webview-5J88iNW5uAgh_6bnXQtroQ==/base.apk): ok
2026-02-19 11:05:08.285 26581-26616 System.out              com.alibaba.aliexpresshd             I  _whyLaunch: StartupContext{packageName='null', processName='null', referrer='null', intent=null, launchSource='CreateServiceData{token=android.os.BinderProxy@494d9da className=com.taobao.accs.data.MsgDistributeService packageName=com.alibaba.aliexpresshd intent=null}'}
2026-02-19 11:05:08.288 26581-26581 pool-9-thread-1         com.alibaba.aliexpresshd             W  type=1400 audit(0.0:44587): avc:  denied  { search } for  name="net" dev="sysfs" ino=27048 scontext=u:r:untrusted_app:s0:c140,c257,c512,c768 tcontext=u:object_r:sysfs_net:s0 tclass=dir permissive=0 app=com.alibaba.aliexpresshd
2026-02-19 11:05:08.294  1706-2969  AppOps                  system_server                        W  Noting op not finished: uid 10133 pkg com.google.android.gms code 79 startTime of in progress event=1771534813053
2026-02-19 11:05:08.296 26581-26669 nativeloader            com.alibaba.aliexpresshd             D  Load /system/lib64/libwebviewchromium_plat_support.so using class loader ns clns-12 (caller=/data/app/~~RPbmaKjzsikNvZAQEEaDlw==/com.google.android.webview-5J88iNW5uAgh_6bnXQtroQ==/base.apk): ok
2026-02-19 11:05:08.306 26665-26665 id.apps.weather         com.google.android.apps.weather      W  Failed to find entry 'classes.dex': Entry not found
2026-02-19 11:05:08.306  1271-1294  CHRE                    and...re.contexthub-service.generic  I  @ 214176.682: [AR] walking: 77.647054
2026-02-19 11:05:08.306  1271-1294  CHRE                    and...re.contexthub-service.generic  D  @ 214176.682: [ActivityPlatform] type 2, confidence 77
2026-02-19 11:05:08.310 26665-26665 id.apps.weather         com.google.android.apps.weather      W  Failed to find entry 'classes.dex': Entry not found
2026-02-19 11:05:08.311  1706-7161  AppOps                  system_server                        W  Noting op not finished: uid 10133 pkg com.google.android.gms code 113 startTime of in progress event=1771534813053
2026-02-19 11:05:08.312 26665-26665 nativeloader            com.google.android.apps.weather      D  Configuring clns-9 for other apk /data/app/~~AUqch4r5NhjOtmNC6SLtTA==/com.google.android.apps.weather-5Fzu0YK6uohloLfoLQvpjw==/base.apk:/data/app/~~AUqch4r5NhjOtmNC6SLtTA==/com.google.android.apps.weather-5Fzu0YK6uohloLfoLQvpjw==/split_config.arm64_v8a.apk:/data/app/~~AUqch4r5NhjOtmNC6SLtTA==/com.google.android.apps.weather-5Fzu0YK6uohloLfoLQvpjw==/split_config.xxhdpi.apk. target_sdk_version=36, uses_libraries=, library_path=/data/app/~~AUqch4r5NhjOtmNC6SLtTA==/com.google.android.apps.weather-5Fzu0YK6uohloLfoLQvpjw==/lib/arm64:/data/app/~~AUqch4r5NhjOtmNC6SLtTA==/com.google.android.apps.weather-5Fzu0YK6uohloLfoLQvpjw==/base.apk!/lib/arm64-v8a:/data/app/~~AUqch4r5NhjOtmNC6SLtTA==/com.google.android.apps.weather-5Fzu0YK6uohloLfoLQvpjw==/split_config.arm64_v8a.apk!/lib/arm64-v8a:/data/app/~~AUqch4r5NhjOtmNC6SLtTA==/com.google.android.apps.weather-5Fzu0YK6uohloLfoLQvpjw==/split_config.xxhdpi.apk!/lib/arm64-v8a, permitted_path=/data:/mnt/expand:/data/user/0/com.google.android.apps.weather
2026-02-19 11:05:08.317 26581-26714 chromium                com.alibaba.aliexpresshd             E  [0219/110508.315205:ERROR:android_webview/browser/variations/variations_seed_loader.cc:39] Seed missing signature.
2026-02-19 11:05:08.338 26665-26665 GraphicsEnvironment     com.google.android.apps.weather      V  Currently set values for:
2026-02-19 11:05:08.338 26665-26665 GraphicsEnvironment     com.google.android.apps.weather      V    angle_gl_driver_selection_pkgs=[com.android.angle, com.google.android.apps.tachyon]
2026-02-19 11:05:08.338 26665-26665 GraphicsEnvironment     com.google.android.apps.weather      V    angle_gl_driver_selection_values=[angle, native]
2026-02-19 11:05:08.338 26665-26665 GraphicsEnvironment     com.google.android.apps.weather      V  com.google.android.apps.weather is not listed in per-application setting
2026-02-19 11:05:08.338 26665-26665 GraphicsEnvironment     com.google.android.apps.weather      V  ANGLE allowlist from config: 
2026-02-19 11:05:08.338 26665-26665 GraphicsEnvironment     com.google.android.apps.weather      V  No special selections for ANGLE, returning default driver choice
2026-02-19 11:05:08.338 26665-26665 GraphicsEnvironment     com.google.android.apps.weather      V  Neither updatable production driver nor prerelease driver is supported.
2026-02-19 11:05:08.343  1706-1729  AppOps                  system_server                        W  Noting op not finished: uid 10074 pkg com.life360.android.safetymapd code 79 startTime of in progress event=1771534819582
2026-02-19 11:05:08.347  1706-1729  AppOps                  system_server                        W  Noting op not finished: uid 10133 pkg com.google.android.gms code 113 startTime of in progress event=1771534813053
2026-02-19 11:05:08.349 26665-26665 MultiDex                com.google.android.apps.weather      I  VM with version 2.1.0 has multidex support
2026-02-19 11:05:08.349 26665-26665 MultiDex                com.google.android.apps.weather      I  Installing application
2026-02-19 11:05:08.349 26665-26665 MultiDex                com.google.android.apps.weather      I  VM has multidex support, MultiDex support library is disabled.
2026-02-19 11:05:08.369  1706-1729  AppOps                  system_server                        W  Noting op not finished: uid 10133 pkg com.google.android.gms code 79 startTime of in progress event=1771534841280
2026-02-19 11:05:08.395  1706-1729  AppOps                  system_server                        W  Noting op not finished: uid 10074 pkg com.life360.android.safetymapd code 79 startTime of in progress event=1771534819582
2026-02-19 11:05:08.408  2375-2375  NotifRow                com.android.systemui                 W  cancelAppearDrawing childKey: 0|com.scmessenger.android|-1337912016|null|10349 wasDrawing:false
2026-02-19 11:05:08.410 20543-20753 Settings                com.alibaba.aliexpresshd:channel     W  Setting adb_enabled has moved from android.provider.Settings.Secure to android.provider.Settings.Global.
2026-02-19 11:05:08.415  2375-2462  PluginActi..._MENU_ROW] com.android.systemui                 I  Found 0 plugins
