2026-02-17 19:08:45.324 2375-2398 WindowManagerShell com.android.systemui V Delegate animation for (#602) to null
2026-02-17 19:08:45.324 2375-2398 WindowManagerShell com.android.systemui V start default transition animation, info = {id=602 t=OPEN f=0x0 trk=0 r=[0@Point(0, 0)] c=[{m=OPEN f=NONE leash=Surface(name=Task=108#7083)/@0x43a3583 sb=Rect(0, 0 - 1080, 2400) eb=Rect(0, 0 - 1080, 2400) epz=Point(1080, 2400) d=0 taskParent=-1 winMode=1 userId=0},{m=TO_BACK f=SHOW_WALLPAPER leash=Surface(name=Task=1#44)/@0xf68e300 sb=Rect(0, 0 - 1080, 2400) eb=Rect(0, 0 - 1080, 2400) epz=Point(1080, 2400) d=0 taskParent=-1 winMode=1 userId=0},{m=TO_BACK f=IS_WALLPAPER leash=Surface(name=WallpaperWindowToken{48e47ac}#61)/@0x6d2d739 sb=Rect(0, 0 - 1080, 2400) eb=Rect(0, 0 - 1080, 2400) epz=Point(1080, 2400) d=0}]}
2026-02-17 19:08:45.324 2375-2398 WindowManagerShell com.android.systemui V loadAnimation: anim=android.view.animation.AnimationSet@c80adf5 animAttr=0x13 type=OPEN isEntrance=false
2026-02-17 19:08:45.325 2375-2398 WindowManagerShell com.android.systemui V loadAnimation: anim=android.view.animation.AnimationSet@afb3471 animAttr=0x12 type=OPEN isEntrance=true
2026-02-17 19:08:45.325 2375-2398 WindowManagerShell com.android.systemui V animated by com.android.wm.shell.transition.DefaultTransitionHandler@e16277c
2026-02-17 19:08:45.334 17634-17634 BaseActivity com...le.android.apps.nexuslauncher D Launcher flags updated: [state_started] -[state_window_focused]
2026-02-17 19:08:45.341 32156-32156 ssenger.android com.scmessenger.android I Using CollectorTypeCMC GC.
2026-02-17 19:08:45.346 1546-1592 adbd adbd I jdwp connection from 32156
2026-02-17 19:08:45.352 32156-32156 nativeloader com.scmessenger.android D Load libframework-connectivity-tiramisu-jni.so using APEX ns com*android_tethering for caller /apex/com.android.tethering/javalib/framework-connectivity-t.jar: ok
2026-02-17 19:08:45.364 1706-2328 Background...rolService system_server D Package event received: 0
2026-02-17 19:08:45.372 32156-32156 nativeloader com.scmessenger.android D Load /data/user/0/com.scmessenger.android/code_cache/startup_agents/3fc68f17-agent.so using system ns (caller=<unknown>): ok
2026-02-17 19:08:45.376 32156-32156 ssenger.android com.scmessenger.android W hiddenapi: DexFile /data/data/com.scmessenger.android/code_cache/.studio/instruments-c9b0d10a.jar is in boot class path but is not in a known location
2026-02-17 19:08:45.400 17634-17634 b/417220811 com...le.android.apps.nexuslauncher D invalidateLoadedTasks - previous requestLoadId: -1
2026-02-17 19:08:45.440 32156-32156 ssenger.android com.scmessenger.android W Redefining intrinsic method java.lang.Thread java.lang.Thread.currentThread(). This may cause the unexpected use of the original definition of java.lang.Thread java.lang.Thread.currentThread()in methods that have already been compiled.
2026-02-17 19:08:45.440 32156-32156 ssenger.android com.scmessenger.android W Redefining intrinsic method boolean java.lang.Thread.interrupted(). This may cause the unexpected use of the original definition of boolean java.lang.Thread.interrupted()in methods that have already been compiled.
2026-02-17 19:08:45.443 32156-32156 CompatChangeReporter com.scmessenger.android D Compat change id reported: 242716250; UID 10349; state: ENABLED
2026-02-17 19:08:45.632 2375-2398 WindowManagerShell com.android.systemui V Transition animation finished (aborted=false), notifying core (#602) android.os.BinderProxy@291f682@0
2026-02-17 19:08:45.633 1706-1764 WindowManager system_server V Finish Transition (#602): created at 02-17 19:08:45.288 collect-started=0.087ms request-sent=7.49ms started=8.462ms ready=32.227ms sent=33.022ms commit=10.427ms finished=344.366ms
2026-02-17 19:08:45.633 17634-17634 VRI[NexusL...rActivity] com...le.android.apps.nexuslauncher D visibilityChanged oldVisibility=true newVisibility=false
2026-02-17 19:08:45.634 2375-2398 WindowManagerShell com.android.systemui V Track 0 became idle
2026-02-17 19:08:45.634 2375-2398 WindowManagerShell com.android.systemui V All active transition animations finished
2026-02-17 19:08:45.634 2375-2866 WallpaperService com.android.systemui D onVisibilityChanged(false): com.android.systemui.wallpapers.ImageWallpaper$CanvasEngine@64627ee
2026-02-17 19:08:45.648 17634-17634 NexusLaunc...elDelegate com...le.android.apps.nexuslauncher  D  notifySmartspaceEvent: SmartspaceTargetEvent{mSmartspaceTarget=null, mSmartspaceActionId='null', mEventType=7}
2026-02-17 19:08:45.649  4322-4729  AiAiEcho                com.google.android.as                I  (REDACTED) %s No tracked ambient data found for ID: %s; for event type: %d, skipping event processing.
2026-02-17 19:08:45.649  2375-2398  Bubbles                 com.android.systemui                 D  onLocusVisibilityChanged=Overview|ENABLED visible=false taskId=1
2026-02-17 19:08:45.725 32156-32156 nativeloader            com.scmessenger.android              D  Configuring clns-9 for other apk /data/app/~~G9t5p29J0Zr8YNmb0oiLXQ==/com.scmessenger.android-Yl_zpcJFOQ5QOdVe1n39pw==/base.apk. target_sdk_version=34, uses_libraries=, library_path=/data/app/~~G9t5p29J0Zr8YNmb0oiLXQ==/com.scmessenger.android-Yl_zpcJFOQ5QOdVe1n39pw==/lib/arm64:/data/app/~~G9t5p29J0Zr8YNmb0oiLXQ==/com.scmessenger.android-Yl_zpcJFOQ5QOdVe1n39pw==/base.apk!/lib/arm64-v8a, permitted_path=/data:/mnt/expand:/data/user/0/com.scmessenger.android
2026-02-17 19:08:45.731 32156-32156 GraphicsEnvironment     com.scmessenger.android              V  Currently set values for:
2026-02-17 19:08:45.731 32156-32156 GraphicsEnvironment     com.scmessenger.android              V    angle_gl_driver_selection_pkgs=[com.android.angle, com.google.android.apps.tachyon]
2026-02-17 19:08:45.731 32156-32156 GraphicsEnvironment     com.scmessenger.android              V    angle_gl_driver_selection_values=[angle, native]
2026-02-17 19:08:45.731 32156-32156 GraphicsEnvironment     com.scmessenger.android              V  com.scmessenger.android is not listed in per-application setting
2026-02-17 19:08:45.731 32156-32156 GraphicsEnvironment     com.scmessenger.android              V  ANGLE allowlist from config: 
2026-02-17 19:08:45.731 32156-32156 GraphicsEnvironment     com.scmessenger.android              V  No special selections for ANGLE, returning default driver choice
2026-02-17 19:08:45.731 32156-32156 GraphicsEnvironment     com.scmessenger.android              V  Neither updatable production driver nor prerelease driver is supported.
2026-02-17 19:08:45.741 32156-32156 WM-WrkMgrInitializer    com.scmessenger.android              D  Initializing WorkManager with default configuration.
2026-02-17 19:08:45.758 32156-32171 ashmem                  com.scmessenger.android              E  Pinning is deprecated since Android Q. Please use trim or other methods.
2026-02-17 19:08:45.758 32156-32156 MeshApplication         com.scmessenger.android              I  SCMessenger application started
2026-02-17 19:08:45.761  1706-2328  Background...rolService system_server                        D  Package event received: 0
2026-02-17 19:08:45.761  1706-2328  Background...rolService system_server                        D  Package event received: 0
2026-02-17 19:08:45.776 32156-32156 BootReceiver            com.scmessenger.android              I  Boot completed, checking auto-start preference
2026-02-17 19:08:45.778  1706-2188  BroadcastQueue          system_server                        I  BOOT_COMPLETED_BROADCAST_COMPLETION_LATENCY_REPORTED action:android.intent.action.BOOT_COMPLETED dispatchLatency:1 completeLatency:412 dispatchRealLatency:1 completeRealLatency:413 receiversSize:1 userId:0 userType:android.os.usertype.full.SYSTEM
2026-02-17 19:08:45.779 32156-32173 DisplayManager          com.scmessenger.android              I  Choreographer implicitly registered for the refresh rate.
2026-02-17 19:08:45.781 32156-32173 vulkan                  com.scmessenger.android              D  searching for layers in '/data/app/~~G9t5p29J0Zr8YNmb0oiLXQ==/com.scmessenger.android-Yl_zpcJFOQ5QOdVe1n39pw==/lib/arm64'
2026-02-17 19:08:45.781 32156-32173 vulkan                  com.scmessenger.android              D  searching for layers in '/data/app/~~G9t5p29J0Zr8YNmb0oiLXQ==/com.scmessenger.android-Yl_zpcJFOQ5QOdVe1n39pw==/base.apk!/lib/arm64-v8a'
2026-02-17 19:08:45.785 32156-32156 DesktopExperienceFlags  com.scmessenger.android              D  Toggle override initialized to: false
2026-02-17 19:08:45.785 32156-32173 DMABUFHEAPS             com.scmessenger.android              I  Using DMA-BUF heap named: vframe-secure
2026-02-17 19:08:45.790 32156-32156 MainActivity            com.scmessenger.android              D  MainActivity created
2026-02-17 19:08:45.796 32156-32156 DesktopModeFlags        com.scmessenger.android              D  Toggle override initialized to: OVERRIDE_UNSET
2026-02-17 19:08:45.806 32156-32156 ContentCaptureHelper    com.scmessenger.android              I  Setting logging level to OFF
2026-02-17 19:08:45.811 32156-32156 MainActivity            com.scmessenger.android              D  MainActivity resumed
2026-02-17 19:08:45.876 32156-32156 ssenger.android         com.scmessenger.android              W  Method java.lang.Object androidx.compose.runtime.snapshots.SnapshotStateMap.mutate(kotlin.jvm.functions.Function1) failed lock verification and will run slower.
                                                                                                    Common causes for lock verification issues are non-optimized dex code
                                                                                                    and incorrect proguard optimizations.
2026-02-17 19:08:45.877 32156-32156 ssenger.android         com.scmessenger.android              W  Method void androidx.compose.runtime.snapshots.SnapshotStateMap.update(kotlin.jvm.functions.Function1) failed lock verification and will run slower.
2026-02-17 19:08:45.877 32156-32156 ssenger.android         com.scmessenger.android              W  Method boolean androidx.compose.runtime.snapshots.SnapshotStateMap.removeIf$runtime_release(kotlin.jvm.functions.Function1) failed lock verification and will run slower.
2026-02-17 19:08:45.915 32156-32156 MeshRepository com.scmessenger.android D MeshRepository initialized with storage: /data/user/0/com.scmessenger.android/files
2026-02-17 19:08:45.921 32156-32156 nativeloader com.scmessenger.android D Load /data/app/~~G9t5p29J0Zr8YNmb0oiLXQ==/com.scmessenger.android-Yl_zpcJFOQ5QOdVe1n39pw==/lib/arm64/libjnidispatch.so using class loader ns clns-9 (caller=/data/app/~~G9t5p29J0Zr8YNmb0oiLXQ==/com.scmessenger.android-Yl_zpcJFOQ5QOdVe1n39pw==/base.apk!classes15.dex): ok
2026-02-17 19:08:45.951 32156-32156 MeshRepository com.scmessenger.android I All managers initialized successfully
2026-02-17 19:08:45.952 32156-32156 MeshRepository com.scmessenger.android D Lazy starting MeshService for Identity access...
2026-02-17 19:08:45.953 32156-32156 MeshRepository com.scmessenger.android D Starting MeshService...
2026-02-17 19:08:45.962 32156-32156 CompatChangeReporter com.scmessenger.android D Compat change id reported: 263076149; UID 10349; state: ENABLED
2026-02-17 19:08:45.966 32156-32156 BluetoothAdapter com.scmessenger.android D isLeEnabled(): ON
2026-02-17 19:08:45.967 17562-17665 bt_shim_scanner com.google.android.bluetooth I system/main/shim/le_scanning_manager.cc:138 RegisterScanner: in shim layer, UUID=1e163756-239d-45b7-b59d-34225b2707f5
2026-02-17 19:08:45.967 32156-32168 BluetoothLeScanner com.scmessenger.android D onScannerRegistered() - status=0 scannerId=3 mScannerId=0
2026-02-17 19:08:45.969 32156-32156 BleScanner com.scmessenger.android I BLE Scanning started (background=false)
2026-02-17 19:08:45.970 32156-32156 BleScanner com.scmessenger.android D Duty cycle started: 10000ms scan / 30000ms interval
2026-02-17 19:08:45.970 17562-17604 bt_shim_scanner com.google.android.bluetooth I system/main/shim/le_scanning_manager.cc:243 ScanFilterEnable: in shim layer
2026-02-17 19:08:45.970 17562-17604 bt_shim_scanner com.google.android.bluetooth I system/main/shim/le_scanning_manager.cc:220 ScanFilterAdd: in shim layer
2026-02-17 19:08:45.970 17562-17604 bt_shim_scanner com.google.android.bluetooth I system/main/shim/le_scanning_manager.cc:187 ScanFilterParamSetup: in shim layer, clientIf=3
2026-02-17 19:08:45.970 32156-32156 AdvertiseSettings com.scmessenger.android D setTxPowerLevel: 2
2026-02-17 19:08:45.970 32156-32156 BluetoothAdapter com.scmessenger.android D isLeEnabled(): ON
2026-02-17 19:08:45.971 17562-17604 bt_shim_scanner com.google.android.bluetooth I system/main/shim/le_scanning_manager.cc:150 Scan: in shim layer stopped
2026-02-17 19:08:45.971 17562-17586 bluetooth com.google.android.bluetooth I system/gd/hci/le_address_manager.cc:277 unregister_client: Client unregistered
2026-02-17 19:08:45.971 17562-17586 bluetooth com.google.android.bluetooth I system/gd/hci/le_address_manager.cc:292 unregister_client: Cancelled address rotation alarm
2026-02-17 19:08:45.971 32156-32156 BluetoothLeAdvertiser com.scmessenger.android D TxPower == ADVERTISE_TX_POWER_MEDIUM
2026-02-17 19:08:45.971 17562-17604 bt_shim_scanner com.google.android.bluetooth I system/main/shim/le_scanning_manager.cc:319 SetScanParameters: in shim layer, scannerId1m=3, scannerIdCoded=0
2026-02-17 19:08:45.971 17562-17604 bt_shim_scanner com.google.android.bluetooth I system/main/shim/le_scanning_manager.cc:150 Scan: in shim layer started
2026-02-17 19:08:45.971 32156-32156 BluetoothAdapter com.scmessenger.android D isLeEnabled(): ON
2026-02-17 19:08:45.971 17562-17586 bluetooth com.google.android.bluetooth I system/gd/hci/le_scanning_manager_impl.cc:623 stop_scan: Scanning already stopped, return!
2026-02-17 19:08:45.971 17562-17586 bluetooth com.google.android.bluetooth I system/gd/hci/le_address_manager.cc:581 GetNextPrivateAddressIntervalRange: client=LeAddressManager, nonwake=7m18s, wake=13m26s
2026-02-17 19:08:45.971 17562-17586 bluetooth com.google.android.bluetooth I system/gd/hci/le_address_manager.cc:258 register_client: Scheduled address rotation for first client registered
2026-02-17 19:08:45.971 17562-17586 bluetooth com.google.android.bluetooth I system/gd/hci/le_address_manager.cc:262 register_client: Client registered
2026-02-17 19:08:45.972 1261-1293 bthal.activity and....bluetooth-service.bcmbtlinux I LogActivities: Disable LE Scanning, 0x2042
2026-02-17 19:08:45.972 1261-1484 bthal.debug_central and....bluetooth-service.bcmbtlinux I Command Complete Event of LE_SET_EXTENDED_SCAN_ENABLE, opcode:2042
2026-02-17 19:08:45.972 1261-1484 bthal.flowcontrol and....bluetooth-service.bcmbtlinux I HciEventPreProcess: HCI Event 0xe Opcode 0x2042 Length 6 unhandled by LeSetExtentedScanEnableEvent
2026-02-17 19:08:45.973 1261-1293 bthal.activity and....bluetooth-service.bcmbtlinux I LogActivities: LOW_LATENCY ScanMode
2026-02-17 19:08:45.973 17562-17608 bt_shim_advertiser com.google.android.bluetooth I system/main/shim/le_advertising_manager.cc:161 StartAdvertisingSet: in shim layer
2026-02-17 19:08:45.973 17562-17608 bt_shim_advertiser com.google.android.bluetooth I system/main/shim/le_advertising_manager.cc:188 StartAdvertisingSet: create advertising set, client_id:255, reg_id:-6
2026-02-17 19:08:45.973 17562-17586 bluetooth com.google.android.bluetooth I system/gd/hci/le_advertising_manager_impl.cc:701 create_extended_advertiser_with_id: Scheduling address rotation for advertiser_id=0
2026-02-17 19:08:45.973 17562-17586 bluetooth com.google.android.bluetooth I system/gd/hci/le_address_manager.cc:581 GetNextPrivateAddressIntervalRange: client=advertising_set_0, nonwake=7m17s, wake=14m9s
2026-02-17 19:08:45.973 17562-17586 bluetooth com.google.android.bluetooth I system/gd/hci/le_address_manager.cc:262 register_client: Client registered
2026-02-17 19:08:45.973 1261-1293 bthal.activity and....bluetooth-service.bcmbtlinux I LogActivities: Enable LE Scanning, 0x2042
2026-02-17 19:08:45.974 1261-1484 bthal.debug_central and....bluetooth-service.bcmbtlinux I Command Complete Event of LE_SET_EXTENDED_SCAN_ENABLE, opcode:2042
2026-02-17 19:08:45.974 1261-1484 bthal.flowcontrol and....bluetooth-service.bcmbtlinux I HciEventPreProcess: HCI Event 0xe Opcode 0x2042 Length 6 unhandled by LeSetExtentedScanEnableEvent
2026-02-17 19:08:45.975 17562-17586 bluetooth com.google.android.bluetooth I system/gd/hci/le_advertising_manager_impl.cc:1775 on_set_advertising_set_random_address_complete: update random address for advertising set 0 : xx:xx:xx:xx:b9:11
2026-02-17 19:08:45.976 32156-32156 WifiTransportManager com.scmessenger.android D WifiTransportManager initialized
2026-02-17 19:08:45.976 1706-2271 WifiP2pService system_server D Update WorkSource UID=10349 active=true
2026-02-17 19:08:45.976 1706-2271 WifiP2pService system_server D Requestor WorkSource: WorkSource{10349 com.scmessenger.android}
2026-02-17 19:08:45.976 1706-2271 WifiP2pService system_server D Requestor WorkSource: WorkSource{10349 com.scmessenger.android}
2026-02-17 19:08:45.977 1706-2271 WifiP2pNative system_server D Setup P2P interface
2026-02-17 19:08:45.979 32156-32156 MeshRepository com.scmessenger.android E Failed to initialize Swarm transport
2026-02-17 19:08:45.979 32156-32156 MeshRepository com.scmessenger.android E uniffi.api.InternalException: there is no reactor running, must be called from the context of a Tokio 1.x runtime
2026-02-17 19:08:45.979 32156-32156 MeshRepository com.scmessenger.android E at uniffi.api.ApiKt.uniffiCheckCallStatus(api.kt:268)
2026-02-17 19:08:45.979 32156-32156 MeshRepository com.scmessenger.android E at uniffi.api.ApiKt.access$uniffiCheckCallStatus(api.kt:1)
2026-02-17 19:08:45.979 32156-32156 MeshRepository          com.scmessenger.android              E  	at uniffi.api.MeshService.startSwarm(api.kt:6379)
2026-02-17 19:08:45.979 32156-32156 MeshRepository          com.scmessenger.android              E  	at com.scmessenger.android.data.MeshRepository.initializeAndStartSwarm(MeshRepository.kt:250)
2026-02-17 19:08:45.979 32156-32156 MeshRepository          com.scmessenger.android              E  	at com.scmessenger.android.data.MeshRepository.startMeshService(MeshRepository.kt:179)
2026-02-17 19:08:45.980 32156-32156 MeshRepository          com.scmessenger.android              E  	at com.scmessenger.android.data.MeshRepository.ensureServiceInitialized(MeshRepository.kt:493)
2026-02-17 19:08:45.980 32156-32156 MeshRepository          com.scmessenger.android              E  	at com.scmessenger.android.data.MeshRepository.isIdentityInitialized(MeshRepository.kt:460)
2026-02-17 19:08:45.980 32156-32156 MeshRepository          com.scmessenger.android              E  	at com.scmessenger.android.ui.viewmodels.MainViewModel$checkIdentity$1.invokeSuspend(MainViewModel.kt:26)
2026-02-17 19:08:45.980 32156-32156 MeshRepository          com.scmessenger.android              E  	at kotlin.coroutines.jvm.internal.BaseContinuationImpl.resumeWith(ContinuationImpl.kt:33)
2026-02-17 19:08:45.980 32156-32156 MeshRepository          com.scmessenger.android              E  	at kotlinx.coroutines.internal.DispatchedContinuationKt.resumeCancellableWith(DispatchedContinuation.kt:367)
2026-02-17 19:08:45.980 32156-32156 MeshRepository          com.scmessenger.android              E  	at kotlinx.coroutines.intrinsics.CancellableKt.startCoroutineCancellable(Cancellable.kt:30)
2026-02-17 19:08:45.980 32156-32156 MeshRepository          com.scmessenger.android              E  	at kotlinx.coroutines.intrinsics.CancellableKt.startCoroutineCancellable$default(Cancellable.kt:25)
2026-02-17 19:08:45.980 32156-32156 MeshRepository com.scmessenger.android E at kotlinx.coroutines.CoroutineStart.invoke(CoroutineStart.kt:110)
2026-02-17 19:08:45.980 32156-32156 MeshRepository com.scmessenger.android E at kotlinx.coroutines.AbstractCoroutine.start(AbstractCoroutine.kt:126)
2026-02-17 19:08:45.980 32156-32156 MeshRepository com.scmessenger.android E at kotlinx.coroutines.BuildersKt**Builders_commonKt.launch(Builders.common.kt:56)
2026-02-17 19:08:45.980 32156-32156 MeshRepository com.scmessenger.android E at kotlinx.coroutines.BuildersKt.launch(Unknown Source:1)
2026-02-17 19:08:45.980 32156-32156 MeshRepository com.scmessenger.android E at kotlinx.coroutines.BuildersKt**Builders_commonKt.launch$default(Builders.common.kt:47)
2026-02-17 19:08:45.980 32156-32156 MeshRepository          com.scmessenger.android              E  	at kotlinx.coroutines.BuildersKt.launch$default(Unknown Source:1)
2026-02-17 19:08:45.980 32156-32156 MeshRepository com.scmessenger.android E at com.scmessenger.android.ui.viewmodels.MainViewModel.checkIdentity(MainViewModel.kt:25)
2026-02-17 19:08:45.980 32156-32156 MeshRepository com.scmessenger.android E at com.scmessenger.android.ui.viewmodels.MainViewModel.<init>(MainViewModel.kt:21)
2026-02-17 19:08:45.980 32156-32156 MeshRepository com.scmessenger.android E at com.scmessenger.android.DaggerMeshApplication_HiltComponents_SingletonC$ViewModelCImpl$SwitchingProvider.get(DaggerMeshApplication_HiltComponents_SingletonC.java:504)
2026-02-17 19:08:45.980 32156-32156 MeshRepository com.scmessenger.android E at dagger.hilt.android.internal.lifecycle.HiltViewModelFactory$2.createViewModel(HiltViewModelFactory.java:133)
2026-02-17 19:08:45.980 32156-32156 MeshRepository          com.scmessenger.android              E  	at dagger.hilt.android.internal.lifecycle.HiltViewModelFactory$2.create(HiltViewModelFactory.java:104)
2026-02-17 19:08:45.980 32156-32156 MeshRepository          com.scmessenger.android              E  	at dagger.hilt.android.internal.lifecycle.HiltViewModelFactory.create(HiltViewModelFactory.java:171)
2026-02-17 19:08:45.980 32156-32156 MeshRepository          com.scmessenger.android              E  	at androidx.lifecycle.ViewModelProvider.get(ViewModelProvider.kt:187)
2026-02-17 19:08:45.980 32156-32156 MeshRepository          com.scmessenger.android              E  	at androidx.lifecycle.ViewModelProvider.get(ViewModelProvider.kt:153)
2026-02-17 19:08:45.980 32156-32156 MeshRepository          com.scmessenger.android              E  	at androidx.lifecycle.viewmodel.compose.ViewModelKt.get(ViewModel.kt:215)
2026-02-17 19:08:45.980 32156-32156 MeshRepository          com.scmessenger.android              E  	at androidx.lifecycle.viewmodel.compose.ViewModelKt.viewModel(ViewModel.kt:156)
2026-02-17 19:08:45.980 32156-32156 MeshRepository          com.scmessenger.android              E  	at com.scmessenger.android.ui.MeshAppKt.MeshApp(MeshApp.kt:161)
2026-02-17 19:08:45.980 32156-32156 MeshRepository          com.scmessenger.android              E  	at com.scmessenger.android.ui.ComposableSingletons$MainActivityKt$lambda-1$1.invoke(MainActivity.kt:33)
2026-02-17 19:08:45.980 32156-32156 MeshRepository          com.scmessenger.android              E  	at com.scmessenger.android.ui.ComposableSingletons$MainActivityKt$lambda-1$1.invoke(MainActivity.kt:32)
2026-02-17 19:08:45.980 32156-32156 MeshRepository          com.scmessenger.android              E  	at androidx.compose.runtime.internal.ComposableLambdaImpl.invoke(ComposableLambda.jvm.kt:108)
2026-02-17 19:08:45.980 32156-32156 MeshRepository          com.scmessenger.android              E  	at androidx.compose.runtime.internal.ComposableLambdaImpl.invoke(ComposableLambda.jvm.kt:35)
2026-02-17 19:08:45.980 32156-32156 MeshRepository          com.scmessenger.android              E  	at androidx.compose.material3.SurfaceKt$Surface$1.invoke(Surface.kt:132)
2026-02-17 19:08:45.980 32156-32156 MeshRepository          com.scmessenger.android              E  	at androidx.compose.material3.SurfaceKt$Surface$1.invoke(Surface.kt:114)
2026-02-17 19:08:45.980 32156-32156 MeshRepository          com.scmessenger.android              E  	at androidx.compose.runtime.internal.ComposableLambdaImpl.invoke(ComposableLambda.jvm.kt:108)
2026-02-17 19:08:45.980 32156-32156 MeshRepository          com.scmessenger.android              E  	at androidx.compose.runtime.internal.ComposableLambdaImpl.invoke(ComposableLambda.jvm.kt:35)
2026-02-17 19:08:45.980 32156-32156 MeshRepository          com.scmessenger.android              E  	at androidx.compose.runtime.CompositionLocalKt.CompositionLocalProvider(CompositionLocal.kt:228)
2026-02-17 19:08:45.980 32156-32156 MeshRepository          com.scmessenger.android              E  	at androidx.compose.material3.SurfaceKt.Surface-T9BRK9s(Surface.kt:111)
2026-02-17 19:08:45.980 32156-32156 MeshRepository          com.scmessenger.android              E  	at com.scmessenger.android.ui.ComposableSingletons$MainActivityKt$lambda-2$1.invoke(MainActivity.kt:29)
2026-02-17 19:08:45.980 32156-32156 MeshRepository          com.scmessenger.android              E  	at com.scmessenger.android.ui.ComposableSingletons$MainActivityKt$lambda-2$1.invoke(MainActivity.kt:28)
2026-02-17 19:08:45.980 32156-32156 MeshRepository          com.scmessenger.android              E  	at androidx.compose.runtime.internal.ComposableLambdaImpl.invoke(ComposableLambda.jvm.kt:108)
2026-02-17 19:08:45.980 32156-32156 MeshRepository          com.scmessenger.android              E  	at androidx.compose.runtime.internal.ComposableLambdaImpl.invoke(ComposableLambda.jvm.kt:35)
2026-02-17 19:08:45.980 32156-32156 MeshRepository          com.scmessenger.android              E  	at androidx.compose.runtime.CompositionLocalKt.CompositionLocalProvider(CompositionLocal.kt:228)
2026-02-17 19:08:45.980 32156-32156 MeshRepository          com.scmessenger.android              E  	at androidx.compose.material3.TextKt.ProvideTextStyle(Text.kt:360)
2026-02-17 19:08:45.980 32156-32156 MeshRepository          com.scmessenger.android              E  	at androidx.compose.material3.MaterialThemeKt$MaterialTheme$1.invoke(MaterialTheme.kt:81)
2026-02-17 19:08:45.980 32156-32156 MeshRepository          com.scmessenger.android              E  	at androidx.compose.material3.MaterialThemeKt$MaterialTheme$1.invoke(MaterialTheme.kt:80)
2026-02-17 19:08:45.980 32156-32156 MeshRepository          com.scmessenger.android              E  	at androidx.compose.runtime.internal.ComposableLambdaImpl.invoke(ComposableLambda.jvm.kt:108)
2026-02-17 19:08:45.980 32156-32156 MeshRepository          com.scmessenger.android              E  	at androidx.compose.runtime.internal.ComposableLambdaImpl.invoke(ComposableLambda.jvm.kt:35)
2026-02-17 19:08:45.980 32156-32156 MeshRepository          com.scmessenger.android              E  	at androidx.compose.runtime.CompositionLocalKt.CompositionLocalProvider(CompositionLocal.kt:228)
2026-02-17 19:08:45.980 32156-32156 MeshRepository          com.scmessenger.android              E  	at androidx.compose.material3.MaterialThemeKt.MaterialTheme(MaterialTheme.kt:73)
2026-02-17 19:08:45.980 32156-32156 MeshRepository          com.scmessenger.android              E  	at com.scmessenger.android.ui.theme.ThemeKt.SCMessengerTheme(Theme.kt:51)
2026-02-17 19:08:45.980 32156-32156 MeshRepository          com.scmessenger.android              E  	at com.scmessenger.android.ui.ComposableSingletons$MainActivityKt$lambda-3$1.invoke(MainActivity.kt:28)
2026-02-17 19:08:45.980 32156-32156 MeshRepository          com.scmessenger.android              E  	at com.scmessenger.android.ui.ComposableSingletons$MainActivityKt$lambda-3$1.invoke(MainActivity.kt:27)
2026-02-17 19:08:45.980 32156-32156 MeshRepository          com.scmessenger.android              E  	at androidx.compose.runtime.internal.ComposableLambdaImpl.invoke(ComposableLambda.jvm.kt:108)
2026-02-17 19:08:45.980 32156-32156 MeshRepository          com.scmessenger.android              E  	at androidx.compose.runtime.internal.ComposableLambdaImpl.invoke(ComposableLambda.jvm.kt:35)
2026-02-17 19:08:45.980 32156-32156 MeshRepository          com.scmessenger.android              E  	at androidx.compose.ui.platform.ComposeView.Content(ComposeView.android.kt:428)
2026-02-17 19:08:45.980 32156-32156 MeshRepository          com.scmessenger.android              E  	at androidx.compose.ui.platform.AbstractComposeView$ensureCompositionCreated$1.invoke(ComposeView.android.kt:252)
2026-02-17 19:08:45.980 32156-32156 MeshRepository          com.scmessenger.android              E  	at androidx.compose.ui.platform.AbstractComposeView$ensureCompositionCreated$1.invoke(ComposeView.android.kt:251)
2026-02-17 19:08:45.980 32156-32156 MeshRepository          com.scmessenger.android              E  	at androidx.compose.runtime.internal.ComposableLambdaImpl.invoke(ComposableLambda.jvm.kt:108)
2026-02-17 19:08:45.980 32156-32156 MeshRepository          com.scmessenger.android              E  	at androidx.compose.runtime.internal.ComposableLambdaImpl.invoke(ComposableLambda.jvm.kt:35)
2026-02-17 19:08:45.980 32156-32156 MeshRepository          com.scmessenger.android              E  	at androidx.compose.runtime.CompositionLocalKt.CompositionLocalProvider(CompositionLocal.kt:228)
2026-02-17 19:08:45.980 32156-32156 MeshRepository          com.scmessenger.android              E  	at androidx.compose.ui.platform.CompositionLocalsKt.ProvideCommonCompositionLocals(CompositionLocals.kt:195)
2026-02-17 19:08:45.980 32156-32156 MeshRepository          com.scmessenger.android              E  	at androidx.compose.ui.platform.AndroidCompositionLocals_androidKt$ProvideAndroidCompositionLocals$3.invoke(AndroidCompositionLocals.android.kt:119)
2026-02-17 19:08:45.980 32156-32156 MeshRepository          com.scmessenger.android              E  	at androidx.compose.ui.platform.AndroidCompositionLocals_androidKt$ProvideAndroidCompositionLocals$3.invoke(AndroidCompositionLocals.android.kt:118)
2026-02-17 19:08:45.980 32156-32156 MeshRepository          com.scmessenger.android              E  	at androidx.compose.runtime.internal.ComposableLambdaImpl.invoke(ComposableLambda.jvm.kt:108)
2026-02-17 19:08:45.980 32156-32156 MeshRepository          com.scmessenger.android              E  	at androidx.compose.runtime.internal.ComposableLambdaImpl.invoke(ComposableLambda.jvm.kt:35)
2026-02-17 19:08:45.980 32156-32156 MeshRepository          com.scmessenger.android              E  	at androidx.compose.runtime.CompositionLocalKt.CompositionLocalProvider(CompositionLocal.kt:228)
2026-02-17 19:08:45.980 32156-32156 MeshRepository          com.scmessenger.android              E  	at androidx.compose.ui.platform.AndroidCompositionLocals_androidKt.ProvideAndroidCompositionLocals(AndroidCompositionLocals.android.kt:110)
2026-02-17 19:08:45.980 32156-32156 MeshRepository          com.scmessenger.android              E  	at androidx.compose.ui.platform.WrappedComposition$setContent$1$1$2.invoke(Wrapper.android.kt:158)
2026-02-17 19:08:45.980 32156-32156 MeshRepository          com.scmessenger.android              E  	at androidx.compose.ui.platform.WrappedComposition$setContent$1$1$2.invoke(Wrapper.android.kt:157)
2026-02-17 19:08:45.980 32156-32156 MeshRepository          com.scmessenger.android              E  	at androidx.compose.runtime.internal.ComposableLambdaImpl.invoke(ComposableLambda.jvm.kt:108)
2026-02-17 19:08:45.980 32156-32156 MeshRepository          com.scmessenger.android              E  	at androidx.compose.runtime.internal.ComposableLambdaImpl.invoke(ComposableLambda.jvm.kt:35)
2026-02-17 19:08:45.980 32156-32156 MeshRepository          com.scmessenger.android              E  	at androidx.compose.runtime.CompositionLocalKt.CompositionLocalProvider(CompositionLocal.kt:228)
2026-02-17 19:08:45.980 32156-32156 MeshRepository          com.scmessenger.android              E  	at androidx.compose.ui.platform.WrappedComposition$setContent$1$1.invoke(Wrapper.android.kt:157)
2026-02-17 19:08:45.980 32156-32156 MeshRepository          com.scmessenger.android              E  	at androidx.compose.ui.platform.WrappedComposition$setContent$1$1.invoke(Wrapper.android.kt:142)
2026-02-17 19:08:45.980 32156-32156 MeshRepository          com.scmessenger.android              E  	at androidx.compose.runtime.internal.ComposableLambdaImpl.invoke(ComposableLambda.jvm.kt:108)
2026-02-17 19:08:45.980 32156-32156 MeshRepository          com.scmessenger.android              E  	at androidx.compose.runtime.internal.ComposableLambdaImpl.invoke(ComposableLambda.jvm.kt:35)
2026-02-17 19:08:45.980 32156-32156 MeshRepository          com.scmessenger.android              E  	at androidx.compose.runtime.ActualJvm_jvmKt.invokeComposable(ActualJvm.jvm.kt:78)
2026-02-17 19:08:45.980 32156-32156 MeshRepository          com.scmessenger.android              E  	at androidx.compose.runtime.ComposerImpl.doCompose(Composer.kt:3340)
2026-02-17 19:08:45.980 32156-32156 MeshRepository          com.scmessenger.android              E  	at androidx.compose.runtime.ComposerImpl.composeContent$runtime_release(Composer.kt:3273)
2026-02-17 19:08:45.980 32156-32156 MeshRepository com.scmessenger.android E at androidx.compose.runtime.CompositionImpl.composeContent(Composition.kt:588)
2026-02-17 19:08:45.980 32156-32156 MeshRepository com.scmessenger.android E at androidx.compose.runtime.Recomposer.composeInitial$runtime_release(Recomposer.kt:1013)
2026-02-17 19:08:45.980 32156-32156 MeshRepository          com.scmessenger.android              E  	at androidx.compose.runtime.CompositionImpl.setContent(Composition.kt:520)
2026-02-17 19:08:45.980 32156-32156 MeshRepository          com.scmessenger.android              E  	at androidx.compose.ui.platform.WrappedComposition$setContent$1.invoke(Wrapper.android.kt:142)
2026-02-17 19:08:45.980 32156-32156 MeshRepository          com.scmessenger.android              E  	at androidx.compose.ui.platform.WrappedComposition$setContent$1.invoke(Wrapper.android.kt:133)
2026-02-17 19:08:45.980 32156-32156 MeshRepository          com.scmessenger.android              E  	at androidx.compose.ui.platform.AndroidComposeView.setOnViewTreeOwnersAvailable(AndroidComposeView.android.kt:1191)
2026-02-17 19:08:45.980 32156-32156 MeshRepository          com.scmessenger.android              E  	at androidx.compose.ui.platform.WrappedComposition.setContent(Wrapper.android.kt:133)
2026-02-17 19:08:45.980 32156-32156 MeshRepository          com.scmessenger.android              E  	at androidx.compose.ui.platform.WrappedComposition.onStateChanged(Wrapper.android.kt:183)
2026-02-17 19:08:45.980 32156-32156 MeshRepository          com.scmessenger.android              E  	at androidx.lifecycle.LifecycleRegistry$ObserverWithState.dispatchEvent(LifecycleRegistry.kt:314)
2026-02-17 19:08:45.980 32156-32156 MeshRepository com.scmessenger.android E at androidx.lifecycle.LifecycleRegistry.addObserver(LifecycleRegistry.kt:192)
2026-02-17 19:08:45.980 32156-32156 MeshRepository com.scmessenger.android E at androidx.compose.ui.platform.WrappedComposition$setContent$1.invoke(Wrapper.android.kt:140)
2026-02-17 19:08:45.980 32156-32156 MeshRepository          com.scmessenger.android              E  	at androidx.compose.ui.platform.WrappedComposition$setContent$1.invoke(Wrapper.android.kt:133)
2026-02-17 19:08:45.980 32156-32156 MeshRepository          com.scmessenger.android              E  	at androidx.compose.ui.platform.AndroidComposeView.onAttachedToWindow(AndroidComposeView.android.kt:1266)
2026-02-17 19:08:45.980 32156-32156 MeshRepository          com.scmessenger.android              E  	at android.view.View.dispatchAttachedToWindow(View.java:23294)
2026-02-17 19:08:45.980 32156-32156 MeshRepository          com.scmessenger.android              E  	at android.view.ViewGroup.dispatchAttachedToWindow(ViewGroup.java:3517)
2026-02-17 19:08:45.980 32156-32156 MeshRepository          com.scmessenger.android              E  	at android.view.ViewGroup.dispatchAttachedToWindow(ViewGroup.java:3524)
2026-02-17 19:08:45.980 32156-32156 MeshRepository          com.scmessenger.android              E  	at android.view.ViewGroup.dispatchAttachedToWindow(ViewGroup.java:3524)
2026-02-17 19:08:45.980 32156-32156 MeshRepository          com.scmessenger.android              E  	at android.view.ViewGroup.dispatchAttachedToWindow(ViewGroup.java:3524)
2026-02-17 19:08:45.980 32156-32156 MeshRepository          com.scmessenger.android              E  	at android.view.ViewGroup.dispatchAttachedToWindow(ViewGroup.java:3524)
2026-02-17 19:08:45.980 32156-32156 MeshRepository          com.scmessenger.android              E  	at android.view.ViewRootImpl.performTraversals(ViewRootImpl.java:3667)
2026-02-17 19:08:45.981 32156-32156 MeshRepository          com.scmessenger.android              E  	at android.view.ViewRootImpl.doTraversal(ViewRootImpl.java:3127)
2026-02-17 19:08:45.981 32156-32156 MeshRepository          com.scmessenger.android              E  	at android.view.ViewRootImpl$TraversalRunnable.run(ViewRootImpl.java:10807)
2026-02-17 19:08:45.981 32156-32156 MeshRepository com.scmessenger.android E at android.view.Choreographer$CallbackRecord.run(Choreographer.java:1630)
2026-02-17 19:08:45.981 32156-32156 MeshRepository          com.scmessenger.android              E  	at android.view.Choreographer$CallbackRecord.run(Choreographer.java:1639)
2026-02-17 19:08:45.981 32156-32156 MeshRepository com.scmessenger.android E at android.view.Choreographer.doCallbacks(Choreographer.java:1235)
2026-02-17 19:08:45.981 32156-32156 MeshRepository com.scmessenger.android E at android.view.Choreographer.doFrame(Choreographer.java:1164)
2026-02-17 19:08:45.981 32156-32156 MeshRepository com.scmessenger.android E at android.view.Choreographer$FrameDisplayEventReceiver.run(Choreographer.java:1613)
2026-02-17 19:08:45.981 32156-32156 MeshRepository          com.scmessenger.android              E  	at android.os.Handler.handleCallback(Handler.java:1070)
2026-02-17 19:08:45.981 32156-32156 MeshRepository          com.scmessenger.android              E  	at android.os.Handler.dispatchMessage(Handler.java:125)
2026-02-17 19:08:45.981 32156-32156 MeshRepository          com.scmessenger.android              E  	at android.os.Looper.dispatchMessage(Looper.java:333)
2026-02-17 19:08:45.981 32156-32156 MeshRepository          com.scmessenger.android              E  	at android.os.Looper.loopOnce(Looper.java:263)
2026-02-17 19:08:45.981 32156-32156 MeshRepository          com.scmessenger.android              E  	at android.os.Looper.loop(Looper.java:367)
2026-02-17 19:08:45.981 32156-32156 MeshRepository          com.scmessenger.android              E  	at android.app.ActivityThread.main(ActivityThread.java:9287)
2026-02-17 19:08:45.981 32156-32156 MeshRepository          com.scmessenger.android              E  	at java.lang.reflect.Method.invoke(Native Method)
2026-02-17 19:08:45.981 32156-32156 MeshRepository          com.scmessenger.android              E  	at com.android.internal.os.RuntimeInit$MethodAndArgsCaller.run(RuntimeInit.java:566)
2026-02-17 19:08:45.981 32156-32156 MeshRepository com.scmessenger.android E at com.android.internal.os.ZygoteInit.main(ZygoteInit.java:929)
2026-02-17 19:08:45.981 1315-1385 WifiHAL ven...oogle.wifi_ext-service-vendor D Start debug command: mType GET_FEATURE
2026-02-17 19:08:45.981 1315-1385 WifiHAL ven...oogle.wifi_ext-service-vendor I CreateRequest mType = GET_FEATURE
2026-02-17 19:08:45.981 1315-1385 WifiHAL ven...oogle.wifi_ext-service-vendor D In DebugCommand::handleResponse, mType:GET_FEATURE
2026-02-17 19:08:45.981 1315-1385 WifiHAL ven...oogle.wifi_ext-service-vendor D len = 4, expected len = 4
2026-02-17 19:08:45.981 1706-2271 HalDevMgr system_server I currentModeId=3, requestModeId=3, currentModeIdValid=true
2026-02-17 19:08:45.981 1315-1385 vendor.goo...ice-vendor ven...oogle.wifi_ext-service-vendor I update the p2p device interface name to p2p-dev-wlan1
2026-02-17 19:08:45.982 9542-9542 wpa_supplicant wpa_supplicant I Config file already exists at /data/vendor/wifi/wpa/p2p_supplicant.conf
2026-02-17 19:08:45.983 32156-32156 MeshRepository com.scmessenger.android E Failed to get service stats
2026-02-17 19:08:45.983 32156-32156 MeshRepository com.scmessenger.android E uniffi.api.InternalException: called `Result::unwrap()` on an `Err` value: PoisonError { .. }
2026-02-17 19:08:45.983 32156-32156 MeshRepository com.scmessenger.android E at uniffi.api.ApiKt.uniffiCheckCallStatus(api.kt:268)
2026-02-17 19:08:45.983 32156-32156 MeshRepository com.scmessenger.android E at uniffi.api.ApiKt.access$uniffiCheckCallStatus(api.kt:1)
2026-02-17 19:08:45.983 32156-32156 MeshRepository          com.scmessenger.android              E  	at uniffi.api.MeshService.getStats(api.kt:6183)
2026-02-17 19:08:45.983 32156-32156 MeshRepository          com.scmessenger.android              E  	at com.scmessenger.android.data.MeshRepository.updateStats(MeshRepository.kt:321)
2026-02-17 19:08:45.983 32156-32156 MeshRepository          com.scmessenger.android              E  	at com.scmessenger.android.data.MeshRepository.startMeshService(MeshRepository.kt:183)
2026-02-17 19:08:45.983 32156-32156 MeshRepository          com.scmessenger.android              E  	at com.scmessenger.android.data.MeshRepository.ensureServiceInitialized(MeshRepository.kt:493)
2026-02-17 19:08:45.983 32156-32156 MeshRepository          com.scmessenger.android              E  	at com.scmessenger.android.data.MeshRepository.isIdentityInitialized(MeshRepository.kt:460)
2026-02-17 19:08:45.983 32156-32156 MeshRepository          com.scmessenger.android              E  	at com.scmessenger.android.ui.viewmodels.MainViewModel$checkIdentity$1.invokeSuspend(MainViewModel.kt:26)
2026-02-17 19:08:45.983 32156-32156 MeshRepository          com.scmessenger.android              E  	at kotlin.coroutines.jvm.internal.BaseContinuationImpl.resumeWith(ContinuationImpl.kt:33)
2026-02-17 19:08:45.983 32156-32156 MeshRepository          com.scmessenger.android              E  	at kotlinx.coroutines.internal.DispatchedContinuationKt.resumeCancellableWith(DispatchedContinuation.kt:367)
2026-02-17 19:08:45.983 32156-32156 MeshRepository          com.scmessenger.android              E  	at kotlinx.coroutines.intrinsics.CancellableKt.startCoroutineCancellable(Cancellable.kt:30)
2026-02-17 19:08:45.983 32156-32156 MeshRepository          com.scmessenger.android              E  	at kotlinx.coroutines.intrinsics.CancellableKt.startCoroutineCancellable$default(Cancellable.kt:25)
2026-02-17 19:08:45.983 32156-32156 MeshRepository com.scmessenger.android E at kotlinx.coroutines.CoroutineStart.invoke(CoroutineStart.kt:110)
2026-02-17 19:08:45.983 32156-32156 MeshRepository com.scmessenger.android E at kotlinx.coroutines.AbstractCoroutine.start(AbstractCoroutine.kt:126)
2026-02-17 19:08:45.983 32156-32156 MeshRepository com.scmessenger.android E at kotlinx.coroutines.BuildersKt**Builders_commonKt.launch(Builders.common.kt:56)
2026-02-17 19:08:45.983 32156-32156 MeshRepository com.scmessenger.android E at kotlinx.coroutines.BuildersKt.launch(Unknown Source:1)
2026-02-17 19:08:45.983 32156-32156 MeshRepository com.scmessenger.android E at kotlinx.coroutines.BuildersKt**Builders_commonKt.launch$default(Builders.common.kt:47)
2026-02-17 19:08:45.983 32156-32156 MeshRepository          com.scmessenger.android              E  	at kotlinx.coroutines.BuildersKt.launch$default(Unknown Source:1)
2026-02-17 19:08:45.983 32156-32156 MeshRepository com.scmessenger.android E at com.scmessenger.android.ui.viewmodels.MainViewModel.checkIdentity(MainViewModel.kt:25)
2026-02-17 19:08:45.983 32156-32156 MeshRepository com.scmessenger.android E at com.scmessenger.android.ui.viewmodels.MainViewModel.<init>(MainViewModel.kt:21)
2026-02-17 19:08:45.983 32156-32156 MeshRepository com.scmessenger.android E at com.scmessenger.android.DaggerMeshApplication_HiltComponents_SingletonC$ViewModelCImpl$SwitchingProvider.get(DaggerMeshApplication_HiltComponents_SingletonC.java:504)
2026-02-17 19:08:45.983 32156-32156 MeshRepository com.scmessenger.android E at dagger.hilt.android.internal.lifecycle.HiltViewModelFactory$2.createViewModel(HiltViewModelFactory.java:133)
2026-02-17 19:08:45.983 32156-32156 MeshRepository          com.scmessenger.android              E  	at dagger.hilt.android.internal.lifecycle.HiltViewModelFactory$2.create(HiltViewModelFactory.java:104)
2026-02-17 19:08:45.983 32156-32156 MeshRepository          com.scmessenger.android              E  	at dagger.hilt.android.internal.lifecycle.HiltViewModelFactory.create(HiltViewModelFactory.java:171)
2026-02-17 19:08:45.983 32156-32156 MeshRepository          com.scmessenger.android              E  	at androidx.lifecycle.ViewModelProvider.get(ViewModelProvider.kt:187)
2026-02-17 19:08:45.983 32156-32156 MeshRepository          com.scmessenger.android              E  	at androidx.lifecycle.ViewModelProvider.get(ViewModelProvider.kt:153)
2026-02-17 19:08:45.983 32156-32156 MeshRepository          com.scmessenger.android              E  	at androidx.lifecycle.viewmodel.compose.ViewModelKt.get(ViewModel.kt:215)
2026-02-17 19:08:45.983 32156-32156 MeshRepository          com.scmessenger.android              E  	at androidx.lifecycle.viewmodel.compose.ViewModelKt.viewModel(ViewModel.kt:156)
2026-02-17 19:08:45.983 32156-32156 MeshRepository          com.scmessenger.android              E  	at com.scmessenger.android.ui.MeshAppKt.MeshApp(MeshApp.kt:161)
2026-02-17 19:08:45.983 32156-32156 MeshRepository          com.scmessenger.android              E  	at com.scmessenger.android.ui.ComposableSingletons$MainActivityKt$lambda-1$1.invoke(MainActivity.kt:33)
2026-02-17 19:08:45.983 32156-32156 MeshRepository          com.scmessenger.android              E  	at com.scmessenger.android.ui.ComposableSingletons$MainActivityKt$lambda-1$1.invoke(MainActivity.kt:32)
2026-02-17 19:08:45.983 32156-32156 MeshRepository          com.scmessenger.android              E  	at androidx.compose.runtime.internal.ComposableLambdaImpl.invoke(ComposableLambda.jvm.kt:108)
2026-02-17 19:08:45.983 32156-32156 MeshRepository          com.scmessenger.android              E  	at androidx.compose.runtime.internal.ComposableLambdaImpl.invoke(ComposableLambda.jvm.kt:35)
2026-02-17 19:08:45.983 32156-32156 MeshRepository          com.scmessenger.android              E  	at androidx.compose.material3.SurfaceKt$Surface$1.invoke(Surface.kt:132)
2026-02-17 19:08:45.983 32156-32156 MeshRepository          com.scmessenger.android              E  	at androidx.compose.material3.SurfaceKt$Surface$1.invoke(Surface.kt:114)
2026-02-17 19:08:45.983 32156-32156 MeshRepository          com.scmessenger.android              E  	at androidx.compose.runtime.internal.ComposableLambdaImpl.invoke(ComposableLambda.jvm.kt:108)
2026-02-17 19:08:45.983 32156-32156 MeshRepository          com.scmessenger.android              E  	at androidx.compose.runtime.internal.ComposableLambdaImpl.invoke(ComposableLambda.jvm.kt:35)
2026-02-17 19:08:45.983 32156-32156 MeshRepository          com.scmessenger.android              E  	at androidx.compose.runtime.CompositionLocalKt.CompositionLocalProvider(CompositionLocal.kt:228)
2026-02-17 19:08:45.983 32156-32156 MeshRepository          com.scmessenger.android              E  	at androidx.compose.material3.SurfaceKt.Surface-T9BRK9s(Surface.kt:111)
2026-02-17 19:08:45.983 32156-32156 MeshRepository          com.scmessenger.android              E  	at com.scmessenger.android.ui.ComposableSingletons$MainActivityKt$lambda-2$1.invoke(MainActivity.kt:29)
2026-02-17 19:08:45.983 32156-32156 MeshRepository          com.scmessenger.android              E  	at com.scmessenger.android.ui.ComposableSingletons$MainActivityKt$lambda-2$1.invoke(MainActivity.kt:28)
2026-02-17 19:08:45.983 32156-32156 MeshRepository          com.scmessenger.android              E  	at androidx.compose.runtime.internal.ComposableLambdaImpl.invoke(ComposableLambda.jvm.kt:108)
2026-02-17 19:08:45.983 32156-32156 MeshRepository          com.scmessenger.android              E  	at androidx.compose.runtime.internal.ComposableLambdaImpl.invoke(ComposableLambda.jvm.kt:35)
2026-02-17 19:08:45.983 32156-32156 MeshRepository          com.scmessenger.android              E  	at androidx.compose.runtime.CompositionLocalKt.CompositionLocalProvider(CompositionLocal.kt:228)
2026-02-17 19:08:45.983 32156-32156 MeshRepository          com.scmessenger.android              E  	at androidx.compose.material3.TextKt.ProvideTextStyle(Text.kt:360)
2026-02-17 19:08:45.983 32156-32156 MeshRepository          com.scmessenger.android              E  	at androidx.compose.material3.MaterialThemeKt$MaterialTheme$1.invoke(MaterialTheme.kt:81)
2026-02-17 19:08:45.983 32156-32156 MeshRepository          com.scmessenger.android              E  	at androidx.compose.material3.MaterialThemeKt$MaterialTheme$1.invoke(MaterialTheme.kt:80)
2026-02-17 19:08:45.984 32156-32156 MeshRepository          com.scmessenger.android              E  	at androidx.compose.runtime.internal.ComposableLambdaImpl.invoke(ComposableLambda.jvm.kt:108)
2026-02-17 19:08:45.984 32156-32156 MeshRepository          com.scmessenger.android              E  	at androidx.compose.runtime.internal.ComposableLambdaImpl.invoke(ComposableLambda.jvm.kt:35)
2026-02-17 19:08:45.984 32156-32156 MeshRepository          com.scmessenger.android              E  	at androidx.compose.runtime.CompositionLocalKt.CompositionLocalProvider(CompositionLocal.kt:228)
2026-02-17 19:08:45.984 32156-32156 MeshRepository          com.scmessenger.android              E  	at androidx.compose.material3.MaterialThemeKt.MaterialTheme(MaterialTheme.kt:73)
2026-02-17 19:08:45.984 32156-32156 MeshRepository          com.scmessenger.android              E  	at com.scmessenger.android.ui.theme.ThemeKt.SCMessengerTheme(Theme.kt:51)
2026-02-17 19:08:45.984 32156-32156 MeshRepository          com.scmessenger.android              E  	at com.scmessenger.android.ui.ComposableSingletons$MainActivityKt$lambda-3$1.invoke(MainActivity.kt:28)
