2026-02-17 19:08:59.909  2568-3635  TemperatureStateSource  com...le.android.pixelsystemservice  D  sequence=6920 waitTime=10000
2026-02-17 19:08:59.909  2568-2633  BusinessScope           com...le.android.pixelsystemservice  D  Start running the #13888 block
2026-02-17 19:08:59.911  2036-2036  pixel-thermal           and...ardware.thermal-service.pixel  I  VIRTUAL-SKIN:33.3815 raw data: VIRTUAL-SKIN:33381.5 
2026-02-17 19:08:59.911  2568-2633  TemperatureStateSource  com...le.android.pixelsystemservice  I  temperature was set
2026-02-17 19:08:59.911  2568-2633  BusinessScope           com...le.android.pixelsystemservice  D  Enqueuing the block
2026-02-17 19:08:59.911  2568-2633  ImpulseStateSource      com...le.android.pixelsystemservice  D  Notify clients: 6943
2026-02-17 19:08:59.912  2568-2633  BusinessScope           com...le.android.pixelsystemservice  D  Finish running the #13888 block
2026-02-17 19:08:59.912  2568-2633  BusinessScope           com...le.android.pixelsystemservice  D  Start running the #13889 block
2026-02-17 19:08:59.912  2568-2633  BusinessScope           com...le.android.pixelsystemservice  D  Finish running the #13889 block
2026-02-17 19:08:59.914  2980-3013  IwlanDataService        com.google.android.iwlan             D  onCapabilitiesChanged: 146 [ Transports: WIFI Capabilities: NOT_METERED&INTERNET&NOT_RESTRICTED&TRUSTED&NOT_VPN&VALIDATED&NOT_ROAMING&FOREGROUND&NOT_CONGESTED&NOT_SUSPENDED&NOT_VCN_MANAGED&NOT_BANDWIDTH_CONSTRAINED LinkUpBandwidth>=36456Kbps LinkDnBandwidth>=45840Kbps TransportInfo: <SSID: "KanaG", BSSID: ae:29:48:c9:c0:b1, MAC: 12:6d:f2:af:15:6b, IP: /192.168.1.71, Security type: 4, Supplicant state: COMPLETED, Wi-Fi standard: 11ax, RSSI: -71, Link speed: 136Mbps, Tx Link speed: 136Mbps, Max Supported Tx Link speed: 1200Mbps, Rx Link speed: 288Mbps, Max Supported Rx Link speed: 1200Mbps, Frequency: 5745MHz, Net ID: 157, Metered hint: false, score: 60, isUsable: true, CarrierMerged: false, SubscriptionId: -1, IsPrimary: 1, Trusted: true, Restricted: false, Ephemeral: false, OEM paid: false, OEM private: false, OSU AP: false, FQDN: <none>, Provider friendly name: <none>, Requesting package name: <none>"KanaG"wpa3-saeMLO Information: , Is TID-To-Link negotiation supported by the AP: false, AP MLD Address: <none>, AP MLO Link Id: <none>, AP MLO Affiliated links: <none>, Vendor Data: <none>> SignalStrength: -71 OwnerUid: 1000 AdminUids: [1000] SSID: "KanaG" UnderlyingNetworks: Null]
2026-02-17 19:08:59.914  2980-3013  IwlanDataService        com.google.android.iwlan             D  Network 146 connected using transport WIFI
2026-02-17 19:08:59.917  3295-3390  DeviceStateHelper       com.google.android.apps.scone        D  Wifi freq: 5745
2026-02-17 19:08:59.917  2980-3220  IwlanNetworkService     com.google.android.iwlan             D  onCapabilitiesChanged: 146
2026-02-17 19:08:59.919  2645-3602  SHANNON_RCS             com.shannon.rcsservice               D  6033 [1][PROX][TELE] onCapabilitiesChanged, Network: 146, NetworkCapabilities: [ Transports: WIFI Capabilities: NOT_METERED&INTERNET&NOT_RESTRICTED&TRUSTED&NOT_VPN&VALIDATED&NOT_ROAMING&FOREGROUND&NOT_CONGESTED&NOT_SUSPENDED&NOT_VCN_MANAGED&NOT_BANDWIDTH_CONSTRAINED LinkUpBandwidth>=36456Kbps LinkDnBandwidth>=45840Kbps TransportInfo: <SSID: <unknown ssid>, BSSID: 02:00:00:00:00:00, MAC: 02:00:00:00:00:00, IP: /192.168.1.71, Security type: 4, Supplicant state: COMPLETED, Wi-Fi standard: 11ax, RSSI: -71, Link speed: 136Mbps, Tx Link speed: 136Mbps, Max Supported Tx Link speed: 1200Mbps, Rx Link speed: 288Mbps, Max Supported Rx Link speed: 1200Mbps, Frequency: 5745MHz, Net ID: -1, Metered hint: false, score: 60, isUsable: true, CarrierMerged: false, SubscriptionId: -1, IsPrimary: -1, Trusted: true, Restricted: false, Ephemeral: false, OEM paid: false, OEM private: false, OSU AP: false, FQDN: <none>, Provider friendly name: <none>, Requesting package name: <none><none>MLO Information: , Is TID-To-Link negotiation supported by the AP: false, AP MLD Address: <none>, AP MLO Link Id: <none>, AP MLO Affiliated links: <none>, Vendor Data: <none>> SignalStrength: -71 UnderlyingNetworks: Null] (DefaultNetworkCallback%onCapabilitiesChanged:76)
2026-02-17 19:08:59.919  2669-3708  SHANNON_IMS             com.shannon.imsservice               W  5673 [CONN] NetworkSpecifier and TransportInfo are not valid (DefaultNetworkCallback%updateSubscriptionId:121)
2026-02-17 19:08:59.919  2669-3708  SHANNON_IMS             com.shannon.imsservice               I  5674 [CONN] network:146 WIFI connected, subId: -1 [SLID:1] (DefaultNetworkCallback%onCapabilitiesChanged:76)
2026-02-17 19:08:59.921  4346-4923  BugleRcsEngine          com...le.android.apps.messaging:rcs  I  handleMessage processing message:[NOTIFY_UPTIME_IGNORE_STATE_CHANGED] with [non-null]:RcsEngineImpl reference [CONTEXT log_prefix="RcsEngineImpl[DUAL_REG]:[eb1761c7-6afe]>Handler" thread_id=68 ]
2026-02-17 19:08:59.922  4346-4737  BugleRcsEngine          com...le.android.apps.messaging:rcs  I  Connected state: [1], networkType: [WIFI] [CONTEXT thread_id=57 ]
2026-02-17 19:08:59.922  4346-4923  BugleRcsEngine          com...le.android.apps.messaging:rcs  I  Cannot use CS.apk as it's battery optimized [CONTEXT thread_id=68 ]
2026-02-17 19:08:59.925  7328-29252 Turbo.Devi...anagerImpl com.google.android.apps.turbo        W  applyLeversWithMaintenanceWindow: ignore the same request
2026-02-17 19:08:59.927  1706-2328  Background...rolService system_server                        D  Package event received: 0
2026-02-17 19:08:59.930 20975-21006 NullBinder              com.google.android.gms.persistent    I  NullBinder for android.net.action.RECOMMEND_NETWORKS triggering remote TransactionTooLargeException due to Service without Chimera impl, calling uid: 1000, calling pid: 0
2026-02-17 19:08:59.930 20975-21006 libbinder.Binder        com.google.android.gms.persistent    W  Large reply transaction of 1056768 bytes, interface descriptor , code 1, flags 17
2026-02-17 19:08:59.931  4346-4923  BugleRcsEngine          com...le.android.apps.messaging:rcs  I  Rcs is enabled from user settings: true [CONTEXT log_prefix="ProvisioningEngineDataRetriever" thread_id=68 ]
2026-02-17 19:08:59.937 25835-25876 WM-NetworkStateTracker  com.google.android.apps.messaging    D  Network capabilities changed: [ Transports: WIFI Capabilities: NOT_METERED&INTERNET&NOT_RESTRICTED&TRUSTED&NOT_VPN&VALIDATED&NOT_ROAMING&FOREGROUND&NOT_CONGESTED&NOT_SUSPENDED&NOT_VCN_MANAGED&NOT_BANDWIDTH_CONSTRAINED LinkUpBandwidth>=36456Kbps LinkDnBandwidth>=45840Kbps TransportInfo: <SSID: <unknown ssid>, BSSID: 02:00:00:00:00:00, MAC: 02:00:00:00:00:00, IP: /192.168.1.71, Security type: 4, Supplicant state: COMPLETED, Wi-Fi standard: 11ax, RSSI: -71, Link speed: 136Mbps, Tx Link speed: 136Mbps, Max Supported Tx Link speed: 1200Mbps, Rx Link speed: 288Mbps, Max Supported Rx Link speed: 1200Mbps, Frequency: 5745MHz, Net ID: -1, Metered hint: false, score: 60, isUsable: true, CarrierMerged: false, SubscriptionId: -1, IsPrimary: -1, Trusted: true, Restricted: false, Ephemeral: false, OEM paid: false, OEM private: false, OSU AP: false, FQDN: <none>, Provider friendly name: <none>, Requesting package name: <none><none>MLO Information: , Is TID-To-Link negotiation supported by the AP: false, AP MLD Address: <none>, AP MLO Link Id: <none>, AP MLO Affiliated links: <none>, Vendor Data: <none>> SignalStrength: -71 UnderlyingNetworks: Null]
2026-02-17 19:08:59.940  1271-1294  CHRE                    and...re.contexthub-service.generic  D  @ 70408.315: Parsed nanoapp message from host: app ID 0x476f6f676c00100b endpoint 0xf msgType 112 payload size 14
2026-02-17 19:08:59.940  1271-1294  CHRE                    and...re.contexthub-service.generic  I  @ 70408.315: [NanoMinion] received MSG Type 0x70, Version 1, 10 bytes
2026-02-17 19:08:59.940  1271-1294  CHRE                    and...re.contexthub-service.generic  I  @ 70408.315: [AR] context-signal: has_bt=0, bt=0, has_wifi=1, wifi=1
2026-02-17 19:08:59.944  1706-2278  ConnectivityService     system_server                        D  NetReassign [no changes] [c 1] [a 1] [i 3]
2026-02-17 19:09:00.289  1450-1450  wificond                wificond                             E  Failed to get interface index from scan result notification
2026-02-17 19:09:00.439 20975-31985 NearbySharing           com.google.android.gms.persistent    I  Network state changed: NetworkState(isRestricted=false, isOnline=true, isCongested=false, isMetered=false, isWifiConnected=true)
2026-02-17 19:09:00.495  1271-1294  CHRE                    and...re.contexthub-service.generic  D  @ 70408.867: [ActivityPlatform] type 4, confidence 46
2026-02-17 19:09:00.636  1513-1513  AOC                     aocd                                 D  A3:MSG: usf_vsc_log.cc, 53: USF: [WO] Change detected: previous_rotation: 0, proposed_rotation: 2
2026-02-17 19:09:00.637  1513-1513  AOC                     aocd                                 D  A3:MSG: usf_vsc_log.cc, 53: USF: [WO] Last acceleration 1393 ms ago > threshold.
2026-02-17 19:09:00.637  1513-1513  AOC                     aocd                                 D  A3:MSG: usf_vsc_log.cc, 53: USF: [WO] z-axis rotation: 0
2026-02-17 19:09:00.637  1513-1513  AOC                     aocd                                 D  A3:MSG: usf_vsc_log.cc, 53: USF: [WO] Last flat 299 ms ago < threshold.
2026-02-17 19:09:00.637  1513-1513  AOC                     aocd                                 D  A3:MSG: usf_vsc_log.cc, 53: USF: [WO] Last swinging 1005 ms ago > threshold.
2026-02-17 19:09:00.637  1513-1513  AOC                     aocd                                 D  A3:MSG: usf_vsc_log.cc, 53: USF: [WO] Tilt angle 53 Orientation angle 216
2026-02-17 19:09:00.638  1513-1513  AOC                     aocd                                 D  A3:MSG: usf_vsc_log.cc, 53: USF: [WO] Changed rotation to 2 at ts 70408938 ms, IMU 0
2026-02-17 19:09:00.638  1706-5980  ProcessStats            system_server                        W  Tracking association SourceState{7bec209 com.google.android.gms/10133 Service #127831} whose proc state 8 is better than process ProcessState{d2515e com.google.android.webview:sandboxed_process0:org.chromium.content.app.SandboxedProcessService0:0/10133 pkg=com.google.android.gms} proc state 14 (18 skipped)
2026-02-17 19:09:01.189  1706-7615  ActivityManager         system_server                        I  Force stopping com.scmessenger.android appid=10349 user=0: from pid 32247
2026-02-17 19:09:01.191  1706-7615  ActivityManager         system_server                        I  Killing 32156:com.scmessenger.android/u0a349 (adj 0): stop com.scmessenger.android due to from pid 32247
2026-02-17 19:09:01.191  1706-1764  HintManagerService      system_server                        D  Uid gone for 10349
2026-02-17 19:09:01.192   750-750   powerhal-libperfmgr     and...ower-service.pixel-libperfmgr  W  sched_setattr failed for thread 32189, err=3
2026-02-17 19:09:01.192   750-750   powerhal-libperfmgr     and...ower-service.pixel-libperfmgr  W  sched_setattr failed for thread 32190, err=3
2026-02-17 19:09:01.192   750-750   powerhal-libperfmgr     and...ower-service.pixel-libperfmgr  W  sched_setattr failed for thread 32173, err=3
2026-02-17 19:09:01.193  1706-7615  Foreground...ggerModule system_server                        W  Logger should be tracking FGS types correctly for UID 10349 in package com.scmessenger.android
2026-02-17 19:09:01.193  1706-7615  Foreground...ggerModule system_server                        W  Logger should be tracking FGS types correctly for UID 10349 in package com.scmessenger.android
2026-02-17 19:09:01.193  1706-7615  Foreground...ggerModule system_server                        W  Logger should be tracking FGS types correctly for UID 10349 in package com.scmessenger.android
2026-02-17 19:09:01.193  1706-7615  Foreground...ggerModule system_server                        W  Logger should be tracking FGS types correctly for UID 10349 in package com.scmessenger.android
2026-02-17 19:09:01.193  1706-7615  ActivityTaskManager     system_server                        W  Force removing ActivityRecord{242575319 u0 com.scmessenger.android/.ui.MainActivity t108 f}}: app died, no saved state
2026-02-17 19:09:01.195  1706-2278  InetDiagMessage         system_server                        D  Destroyed 0 sockets, proto=IPPROTO_TCP, family=AF_INET, states=14
2026-02-17 19:09:01.196  1706-2278  InetDiagMessage         system_server                        D  Destroyed 0 sockets, proto=IPPROTO_TCP, family=AF_INET6, states=14
2026-02-17 19:09:01.196  1706-2278  InetDiagMessage         system_server                        D  Destroyed live tcp sockets for uids={10349} in 2ms
2026-02-17 19:09:01.196  2375-2398  WindowManagerShell      com.android.systemui                 V  Transition requested (#603): android.os.BinderProxy@461bbf7 TransitionRequestInfo { type = CLOSE, triggerTask = TaskInfo{userId=0 taskId=108 effectiveUid=10349 displayId=0 isRunning=false baseIntent=Intent { act=android.intent.action.MAIN cat=[android.intent.category.LAUNCHER] flg=0x10000000 cmp=com.scmessenger.android/.ui.MainActivity } baseActivity=null topActivity=null origActivity=null realActivity=ComponentInfo{com.scmessenger.android/com.scmessenger.android.ui.MainActivity} numActivities=0 lastActiveTime=70432364 supportsMultiWindow=true resizeMode=1 isResizeable=true minWidth=-1 minHeight=-1 defaultMinSize=220 token=WCT{android.os.BinderProxy@bcdc193} topActivityType=1 pictureInPictureParams=null shouldDockBigOverlays=false launchIntoPipHostTaskId=-1 lastParentTaskIdBeforePip=-1 displayCutoutSafeInsets=Rect(0, 0 - 0, 0) topActivityInfo=null launchCookies=[] positionInParent=Point(0, 0) parentTaskId=-1 isFocused=true isVisible=true isVisibleRequested=true isTopActivityNoDisplay=false isSleeping=false locusId=null displayAreaFeatureId=1 isTopActivityTransparent=false isActivityStackTransparent=true lastNonFullscreenBounds=Rect(276, 694 - 804, 1774) capturedLink=null capturedLinkTimestamp=0 requestedVisibleTypes=503 topActivityRequestOpenInBrowserEducationTimestamp=0 appCompatTaskInfo=AppCompatTaskInfo { topActivityInSizeCompat=false isLeafTask= true eligibleForLetterboxEducation= false isLetterboxEducationEnabled= false isLetterboxDoubleTapEnabled= false eligibleForUserAspectRatioButton= false topActivityBoundsLetterboxed= false isFromLetterboxDoubleTap= false topActivityLetterboxVerticalPosition= -1 topActivityLetterboxHorizontalPosition= -1 topActivityLetterboxWidth=-1 topActivityLetterboxHeight=-1 topActivityAppBounds=Rect(0, 0 - 0, 0) isUserFullscreenOverrideEnabled=false isSystemFullscreenOverrideEnabled=false hasMinAspectRatioOverride=false topActivityLetterboxBounds=null cameraCompatTaskInfo=CameraCompatTaskInfo { cameraCompatMode=undefinedundefined} topNonResizableActivityAspectRatio=-1.0} topActivityMainWindowFrame=null isAppBubble=false}, pipChange = null, remoteTransition = null, displayChange = null, requestedLocation = null, userChange = null, windowingLayerChange = null, flags = 0, debugId = 603 }
2026-02-17 19:09:01.197  1706-7615  WindowManager           system_server                        V  Defer transition id=603 for TaskFragmentTransaction=android.os.Binder@4a4e44b
2026-02-17 19:09:01.197  1706-2328  Background...rolService system_server                        D  Package event received: 0
2026-02-17 19:09:01.197  1706-2328  Background...rolService system_server                        D  Package event received: 0
2026-02-17 19:09:01.197  1706-2278  InetDiagMessage         system_server                        D  Destroyed 0 sockets, proto=IPPROTO_TCP, family=AF_INET, states=14
2026-02-17 19:09:01.197  1706-7615  WindowManager           system_server                        V  deferTransitionReady deferReadyDepth=1 stack=com.android.server.wm.TransitionController.deferTransitionReady:1061 com.android.server.wm.TaskFragmentOrganizerController$TaskFragmentOrganizerState.dispatchTransaction:517 com.android.server.wm.TaskFragmentOrganizerController.dispatchPendingEvents:1259 com.android.server.wm.TaskFragmentOrganizerController.dispatchPendingEvents:1228 com.android.server.wm.RootWindowContainer.performSurfacePlacement:777 
2026-02-17 19:09:01.197 17634-17634 ViewRootImpl            com...le.android.apps.nexuslauncher  D  Skipping stats log for color mode
2026-02-17 19:09:01.197   588-2859  libbinder.BpBinder      surfaceflinger                       I  onLastStrongRef automatically unlinking death recipients for descriptor: '(not cached)'
2026-02-17 19:09:01.198 17634-17634 BaseActivity            com...le.android.apps.nexuslauncher  D  Launcher flags updated: [state_started] +[state_started]
2026-02-17 19:09:01.198  1706-2278  InetDiagMessage         system_server                        D  Destroyed 0 sockets, proto=IPPROTO_TCP, family=AF_INET6, states=14
2026-02-17 19:09:01.198  1706-2278  InetDiagMessage         system_server                        D  Destroyed live tcp sockets for uids={20349} in 1ms
2026-02-17 19:09:01.198 17634-17634 BaseActivity            com...le.android.apps.nexuslauncher  D  Launcher flags updated: [state_started|state_resumed|state_user_active] +[state_resumed|state_user_active]
2026-02-17 19:09:01.199 17634-17634 BaseActivity            com...le.android.apps.nexuslauncher  D  Launcher flags updated: [state_started|state_resumed|state_deferred_resumed|state_user_active] +[state_deferred_resumed]
2026-02-17 19:09:01.199 17634-17634 StatsLog                com...le.android.apps.nexuslauncher  D  LAUNCHER_ONRESUME
2026-02-17 19:09:01.200  1706-7615  AppsFilter              system_server                        I  interaction: PackageSetting{b0b19c4 com.google.android.microdroid.empty_payload/10324} -> PackageSetting{4c63e28 com.scmessenger.android/10349} BLOCKED
2026-02-17 19:09:01.200 17634-17634 NexusLaunc...elDelegate com...le.android.apps.nexuslauncher  D  notifySmartspaceEvent: SmartspaceTargetEvent{mSmartspaceTarget=null, mSmartspaceActionId='null', mEventType=6}
2026-02-17 19:09:01.200  1706-2188  WindowManager           system_server                        V  Continue transition id=603 for TaskFragmentTransaction=android.os.Binder@4a4e44b
2026-02-17 19:09:01.200  1706-2188  WindowManager           system_server                        V  continueTransitionReady deferReadyDepth=0 stack=com.android.server.wm.TransitionController.continueTransitionReady:1071 com.android.server.wm.TaskFragmentOrganizerController$TaskFragmentOrganizerState.onTransactionFinished:546 com.android.server.wm.TaskFragmentOrganizerController.onTransactionHandled:740 android.window.ITaskFragmentOrganizerController$Stub.onTransact:225 android.os.Binder.execTransactInternal:1473 
2026-02-17 19:09:01.202  1706-2328  Background...rolService system_server                        D  Package event received: 0
2026-02-17 19:09:01.202  1706-2328  Background...rolService system_server                        D  Package event received: 0
2026-02-17 19:09:01.202 17634-17672 QuickstepModelDelegate  com...le.android.apps.nexuslauncher  D  notifyAppTargetEvent action=1 launchLocation=workspace/0/[-1,-1]/[1,1]
2026-02-17 19:09:01.204 17634-17634 BaseDepthController     com...le.android.apps.nexuslauncher  D  setSurface:
                                                                                                    	mWaitingOnSurfaceValidity: false
                                                                                                    	mBaseSurface: Surface(name=com.google.android.apps.nexuslauncher/com.google.android.apps.nexuslauncher.NexusLauncherActivity#7098)/@0x7cdfb0d
2026-02-17 19:09:01.204 17634-17634 BaseDepthController     com...le.android.apps.nexuslauncher  V  Applying blur: 0 to Surface(name=com.google.android.apps.nexuslauncher/com.google.android.apps.nexuslauncher.NexusLauncherActivity#7098)/@0x7cdfb0d applyImmediately: false
2026-02-17 19:09:01.204 17634-17634 BaseDepthController     com...le.android.apps.nexuslauncher  D  shouldBlurWorkspace: false targetState: Normal currentStableState: Normal mCurrentBlur: 0 mLauncher.getDepthBlurTargets(): [com.android.launcher3.Workspace{1e1f460 V.ED..... .......D 0,0-1080,2400 #7f0a049d app:id/workspace}, com.android.launcher3.Hotseat{7ea7d19 V.ED..... .......D 0,1905-1080,2400 #7f0a01ee app:id/hotseat}]
2026-02-17 19:09:01.205  2375-2398  WindowManagerShell      com.android.systemui                 D  setLauncherKeepClearAreaHeight: visible=true, height=495
2026-02-17 19:09:01.207  2375-2866  WallpaperService        com.android.systemui                 D  onVisibilityChanged(true): com.android.systemui.wallpapers.ImageWallpaper$CanvasEngine@64627ee
2026-02-17 19:09:01.210  1706-7161  ActivityManager         system_server                        I  Force stopping com.scmessenger.android appid=10349 user=0: from pid 32252
2026-02-17 19:09:01.210  1706-7161  WindowManager           system_server                        I    Force removing ActivityRecord{242575319 u0 com.scmessenger.android/.ui.MainActivity t108 f} isExiting}
2026-02-17 19:09:01.210  1706-7161  WindowManager           system_server                        W  removeAppToken: Attempted to remove non-existing token: Token{68903ad ActivityRecord{242575319 u0 com.scmessenger.android/.ui.MainActivity t108 f} isExiting}}
2026-02-17 19:09:01.212  2036-2036  pixel-thermal           and...ardware.thermal-service.pixel  I  VIRTUAL-SKIN:33.3815 raw data: VIRTUAL-SKIN:33381.5 
2026-02-17 19:09:01.213 17634-17634 b/417220811             com...le.android.apps.nexuslauncher  D  invalidateLoadedTasks - previous requestLoadId: -1
2026-02-17 19:09:01.214  2728-2728  CarrierSvcBindHelper    com.android.phone                    D  onHandleForceStop: [com.scmessenger.android]
2026-02-17 19:09:01.214  2728-2938  EuiccConnector          com.android.phone                    D  handleMessage: E msg.what=1
2026-02-17 19:09:01.214  2728-2938  EuiccConnector          com.android.phone                    D  processMsg: ConnectedState
2026-02-17 19:09:01.215  2728-2938  EuiccConnector          com.android.phone                    D  processMsg: DisconnectedState
2026-02-17 19:09:01.215  2728-2938  EuiccConnector          com.android.phone                    D  handleMessage: X
2026-02-17 19:09:01.215  2728-2728  CarrierSvcBindHelper    com.android.phone                    D  No carrier app for: 0
2026-02-17 19:09:01.216  2728-2728  CarrierSvcBindHelper    com.android.phone                    D  No carrier app for: 1
2026-02-17 19:09:01.219  2375-3053  WindowManagerShell      com.android.systemui                 V  onTransitionReady(transaction=7327214284066)
2026-02-17 19:09:01.220  2375-2398  WindowManagerShell      com.android.systemui                 V  onTransitionReady (#603) android.os.BinderProxy@461bbf7: {id=603 t=CLOSE f=0x0 trk=0 r=[0@Point(0, 0)] c=[
                                                                                                            {m=TO_FRONT f=SHOW_WALLPAPER|MOVE_TO_TOP leash=Surface(name=Task=1#44)/@0xb52c4cd sb=Rect(0, 0 - 1080, 2400) eb=Rect(0, 0 - 1080, 2400) epz=Point(1080, 2400) d=0 taskParent=-1 winMode=1 userId=0},
                                                                                                            {m=CLOSE f=NONE leash=Surface(name=Task=108#7083)/@0xdc27182 sb=Rect(0, 0 - 1080, 2400) eb=Rect(0, 0 - 1080, 2400) epz=Point(1080, 2400) d=0 taskParent=-1 winMode=1 userId=0},
                                                                                                            {m=TO_FRONT f=IS_WALLPAPER leash=Surface(name=WallpaperWindowToken{48e47ac}#61)/@0x6ec2093 sb=Rect(0, 0 - 1080, 2400) eb=Rect(0, 0 - 1080, 2400) epz=Point(1080, 2400) d=0}
                                                                                                        ]}
2026-02-17 19:09:01.220  2375-2398  WindowManagerShell      com.android.systemui                 V  Playing animation for (#603) android.os.BinderProxy@461bbf7@0
2026-02-17 19:09:01.220  2375-2398  ShellRecents            com.android.systemui                 V  RecentsTransitionHandler.startAnimation: no controller found
2026-02-17 19:09:01.220  2375-2398  WindowManagerShell      com.android.systemui                 V  Transition doesn't have explicit remote, search filters for match for {id=603 t=CLOSE f=0x0 trk=0 r=[0@Point(0, 0)] c=[{m=TO_FRONT f=SHOW_WALLPAPER|MOVE_TO_TOP leash=Surface(name=Task=1#44)/@0xb52c4cd sb=Rect(0, 0 - 1080, 2400) eb=Rect(0, 0 - 1080, 2400) epz=Point(1080, 2400) d=0 taskParent=-1 winMode=1 userId=0},{m=CLOSE f=NONE leash=Surface(name=Task=108#7083)/@0xdc27182 sb=Rect(0, 0 - 1080, 2400) eb=Rect(0, 0 - 1080, 2400) epz=Point(1080, 2400) d=0 taskParent=-1 winMode=1 userId=0},{m=TO_FRONT f=IS_WALLPAPER leash=Surface(name=WallpaperWindowToken{48e47ac}#61)/@0x6ec2093 sb=Rect(0, 0 - 1080, 2400) eb=Rect(0, 0 - 1080, 2400) epz=Point(1080, 2400) d=0}]}
2026-02-17 19:09:01.220  2375-2398  WindowManagerShell      com.android.systemui                 V   Checking filter Pair{{types=[] flags=0x0] notFlags=0x0 checks=[{atype=undefined independent=true modes=[CLOSE,TO_BACK] flags=IN_TASK_WITH_EMBEDDED_ACTIVITY mustBeTask=false order=ANY topActivity=null launchCookie=null taskFragmentToken=android.os.BinderProxy@90563fe windowingMode=undefined isCrossDisplayMove=false}]} RemoteTransition { remoteTransition = android.window.IRemoteTransition$Stub$Proxy@37275f, appThread = android.app.IApplicationThread$Stub$Proxy@7f4e5ac, debugName = overlayBackTransition }}
2026-02-17 19:09:01.221  2375-2398  WindowManagerShell      com.android.systemui                 V   Checking filter Pair{{types=[] flags=0x0] notFlags=0x0 checks=[{atype=dream independent=true modes=[OPEN,TO_FRONT] flags=NONE mustBeTask=false order=ANY topActivity=null launchCookie=null windowingMode=undefined isCrossDisplayMove=false},{atype=home independent=true modes=[CLOSE,TO_BACK] flags=NONE mustBeTask=false order=ANY topActivity=null launchCookie=null windowingMode=undefined isCrossDisplayMove=false}]} RemoteTransition { remoteTransition = android.window.IRemoteTransition$Stub$Proxy@486275, appThread = android.app.IApplicationThread$Stub$Proxy@84fc20a, debugName = LauncherToDream }}
2026-02-17 19:09:01.221  2375-2398  WindowManagerShell      com.android.systemui                 V   Checking filter Pair{{types=[] flags=0x0] notFlags=0x100 checks=[{atype=home independent=true modes=[OPEN,TO_FRONT] flags=NONE mustBeTask=false order=TOP topActivity=ComponentInfo{com.google.android.apps.nexuslauncher/com.google.android.apps.nexuslauncher.NexusLauncherActivity} launchCookie=null windowingMode=undefined isCrossDisplayMove=false},{atype=standard independent=true modes=[CLOSE,TO_BACK] flags=NONE mustBeTask=false order=ANY topActivity=null launchCookie=null windowingMode=undefined isCrossDisplayMove=false},{NOT atype=undefined independent=true modes=[] flags=NONE mustBeTask=true order=ANY topActivity=null launchCookie=null customAnim=true windowingMode=undefined isCrossDisplayMove=false}]} RemoteTransition { remoteTransition = android.window.IRemoteTransition$Stub$Proxy@4d0da7b, appThread = android.app.IApplicationThread$Stub$Proxy@5a0b098, debugName = QuickstepLaunchHome }}
2026-02-17 19:09:01.221  2375-2398  RemoteTransitionHandler com.android.systemui                 D  Found filterPair{{types=[] flags=0x0] notFlags=0x100 checks=[{atype=home independent=true modes=[OPEN,TO_FRONT] flags=NONE mustBeTask=false order=TOP topActivity=ComponentInfo{com.google.android.apps.nexuslauncher/com.google.android.apps.nexuslauncher.NexusLauncherActivity} launchCookie=null windowingMode=undefined isCrossDisplayMove=false},{atype=standard independent=true modes=[CLOSE,TO_BACK] flags=NONE mustBeTask=false order=ANY topActivity=null launchCookie=null windowingMode=undefined isCrossDisplayMove=false},{NOT atype=undefined independent=true modes=[] flags=NONE mustBeTask=true order=ANY topActivity=null launchCookie=null customAnim=true windowingMode=undefined isCrossDisplayMove=false}]} RemoteTransition { remoteTransition = android.window.IRemoteTransition$Stub$Proxy@4d0da7b, appThread = android.app.IApplicationThread$Stub$Proxy@5a0b098, debugName = QuickstepLaunchHome }}
2026-02-17 19:09:01.221  2375-2398  WindowManagerShell      com.android.systemui                 V   Delegate animation for (#603) to RemoteTransition { remoteTransition = android.window.IRemoteTransition$Stub$Proxy@4d0da7b, appThread = android.app.IApplicationThread$Stub$Proxy@5a0b098, debugName = QuickstepLaunchHome }
2026-02-17 19:09:01.223  1706-1764  WindowManager           system_server                        V  Sent Transition (#603) createdAt=02-17 19:09:01.193 via request=TransitionRequestInfo { type = CLOSE, triggerTask = TaskInfo{userId=0 taskId=108 effectiveUid=10349 displayId=0 isRunning=false baseIntent=Intent { act=android.intent.action.MAIN cat=[android.intent.category.LAUNCHER] flg=0x10000000 cmp=com.scmessenger.android/.ui.MainActivity } baseActivity=null topActivity=null origActivity=null realActivity=ComponentInfo{com.scmessenger.android/com.scmessenger.android.ui.MainActivity} numActivities=0 lastActiveTime=70432364 supportsMultiWindow=true resizeMode=1 isResizeable=true minWidth=-1 minHeight=-1 defaultMinSize=220 token=WCT{RemoteToken{1549d78 Task{4eae8c4 #108 type=standard A=10349:com.scmessenger.android}}} topActivityType=1 pictureInPictureParams=null shouldDockBigOverlays=false launchIntoPipHostTaskId=-1 lastParentTaskIdBeforePip=-1 displayCutoutSafeInsets=Rect(0, 0 - 0, 0) topActivityInfo=null launchCookies=[] positionInParent=Point(0, 0) parentTaskId=-1 isFocused=true isVisible=true isVisibleRequested=true isTopActivityNoDisplay=false isSleeping=false locusId=null displayAreaFeatureId=1 isTopActivityTransparent=false isActivityStackTransparent=true lastNonFullscreenBounds=Rect(276, 694 - 804, 1774) capturedLink=null capturedLinkTimestamp=0 requestedVisibleTypes=503 topActivityRequestOpenInBrowserEducationTimestamp=0 appCompatTaskInfo=AppCompatTaskInfo { topActivityInSizeCompat=false isLeafTask= true eligibleForLetterboxEducation= false isLetterboxEducationEnabled= false isLetterboxDoubleTapEnabled= false eligibleForUserAspectRatioButton= false topActivityBoundsLetterboxed= false isFromLetterboxDoubleTap= false topActivityLetterboxVerticalPosition= -1 topActivityLetterboxHorizontalPosition= -1 topActivityLetterboxWidth=-1 topActivityLetterboxHeight=-1 topActivityAppBounds=Rect(0, 0 - 0, 0) isUserFullscreenOverrideEnabled=false isSystemFullscreenOverrideEnabled=false hasMinAspectRatioOverride=false topActivityLetterboxBounds=null cameraCompatTaskInfo=CameraCompatTaskInfo { cameraCompatMode=undefinedundefined} topNonResizableActivityAspectRatio=-1.0} topActivityMainWindowFrame=null isAppBubble=false}, pipChange = null, remoteTransition = null, displayChange = null, requestedLocation = null, userChange = null, windowingLayerChange = null, flags = 0, debugId = 603 }
2026-02-17 19:09:01.223  1706-1764  WindowManager           system_server                        V      startWCT=WindowContainerTransaction { changes= {} hops= [] errorCallbackToken=null taskFragmentOrganizer=null }
2026-02-17 19:09:01.223  1706-1764  WindowManager           system_server                        V      info={id=603 t=CLOSE f=0x0 trk=0 r=[0@Point(0, 0)] c=[
                                                                                                            {WCT{RemoteToken{3856327 Task{99efa2a #1 type=home}}} m=TO_FRONT f=SHOW_WALLPAPER|MOVE_TO_TOP leash=Surface(name=Task=1#44)/@0x51f334c sb=Rect(0, 0 - 1080, 2400) eb=Rect(0, 0 - 1080, 2400) epz=Point(1080, 2400) d=0 taskParent=-1 winMode=1 userId=0},
                                                                                                            {WCT{RemoteToken{1549d78 Task{4eae8c4 #108 type=standard A=10349:com.scmessenger.android}}} m=CLOSE f=NONE leash=Surface(name=Task=108#7083)/@0x689c48c sb=Rect(0, 0 - 1080, 2400) eb=Rect(0, 0 - 1080, 2400) epz=Point(1080, 2400) d=0 taskParent=-1 winMode=1 userId=0},
                                                                                                            {m=TO_FRONT f=IS_WALLPAPER leash=Surface(name=WallpaperWindowToken{48e47ac}#61)/@0x1c7e39a sb=Rect(0, 0 - 1080, 2400) eb=Rect(0, 0 - 1080, 2400) epz=Point(1080, 2400) d=0}
                                                                                                        ]}
2026-02-17 19:09:01.224  1706-7161  AppsFilter              system_server                        I  interaction: PackageSetting{b0b19c4 com.google.android.microdroid.empty_payload/10324} -> PackageSetting{4c63e28 com.scmessenger.android/10349} BLOCKED
2026-02-17 19:09:01.224  2375-2398  WindowManagerShell      com.android.systemui                 V   animated by com.android.wm.shell.transition.RemoteTransitionHandler@aacb842
2026-02-17 19:09:01.224  2375-2398  Bubbles                 com.android.systemui                 D  onLocusVisibilityChanged=Overview|DISABLED visible=true taskId=1
2026-02-17 19:09:01.226 17634-17634 LauncherStateManager    com...le.android.apps.nexuslauncher  D  StateManager.cancelAnimation: animation ongoing: false, partial trace: (Ask Gemini)
                                                                                                    	at com.android.launcher3.statemanager.StateManager.setCurrentAnimation(go/retraceme f3a19d912c87c27267cfbc05ba0bc7b202ab72a6648bd76225f5f7e128d94583:18)
                                                                                                    	at com.android.launcher3.QuickstepTransitionManager.createWallpaperOpenAnimations(go/retraceme f3a19d912c87c27267cfbc05ba0bc7b202ab72a6648bd76225f5f7e128d94583:646)
                                                                                                    	at com.android.launcher3.QuickstepTransitionManager$WallpaperOpenLauncherAnimationRunner.onAnimationStart(go/retraceme f3a19d912c87c27267cfbc05ba0bc7b202ab72a6648bd76225f5f7e128d94583:96)
2026-02-17 19:09:01.226 17634-17634 LauncherStateManager    com...le.android.apps.nexuslauncher  D  StateManager.createAtomicAnimation: fromState: Normal, toState: Normal, partial trace: (Ask Gemini)
                                                                                                    	at com.android.quickstep.util.WorkspaceRevealAnim.prepareToAnimate(go/retraceme f3a19d912c87c27267cfbc05ba0bc7b202ab72a6648bd76225f5f7e128d94583:20)
                                                                                                    	at com.android.quickstep.util.WorkspaceRevealAnim.<init>(go/retraceme f3a19d912c87c27267cfbc05ba0bc7b202ab72a6648bd76225f5f7e128d94583:11)
                                                                                                    	at com.android.launcher3.QuickstepTransitionManager.createWallpaperOpenAnimations(go/retraceme f3a19d912c87c27267cfbc05ba0bc7b202ab72a6648bd76225f5f7e128d94583:683)
2026-02-17 19:09:01.226 17634-17634 AllAppsTra...Controller com...le.android.apps.nexuslauncher  D  shouldProtectHeader: false skipScrim: true state: Normal stateManager.getState(): Normal
2026-02-17 19:09:01.226 17634-17634 KeyboardInsetsHandler   com...le.android.apps.nexuslauncher  D  removePendingImeController: pendingImeController=null
2026-02-17 19:09:01.227 17634-17634 b/311077782             com...le.android.apps.nexuslauncher  D  LauncherAnimationRunner.setAnimation
2026-02-17 19:09:01.231  2728-2728  CarrierSvcBindHelper    com.android.phone                    D  onHandleForceStop: [com.scmessenger.android]
2026-02-17 19:09:01.231  2728-2728  CarrierSvcBindHelper    com.android.phone                    D  No carrier app for: 0
2026-02-17 19:09:01.231  2728-2728  CarrierSvcBindHelper    com.android.phone                    D  No carrier app for: 1
2026-02-17 19:09:01.232 17634-17634 BaseActivity            com...le.android.apps.nexuslauncher  D  Launcher flags updated: [state_started|state_resumed|state_deferred_resumed|state_window_focused|state_user_active] +[state_window_focused]
2026-02-17 19:09:01.232  2728-2938  EuiccConnector          com.android.phone                    D  handleMessage: E msg.what=1
2026-02-17 19:09:01.232  2728-2938  EuiccConnector          com.android.phone                    D  processMsg: ConnectedState
2026-02-17 19:09:01.232  2728-2938  EuiccConnector          com.android.phone                    D  processMsg: DisconnectedState
2026-02-17 19:09:01.233  1706-2224  ImeTracker              system_server                        I  com.google.android.apps.nexuslauncher:23c03345: onRequestHide at ORIGIN_SERVER reason HIDE_UNSPECIFIED_WINDOW fromUser false
2026-02-17 19:09:01.233 17634-17634 InsetsController        com...le.android.apps.nexuslauncher  D  hide(ime())
2026-02-17 19:09:01.233 17634-17634 ImeTracker              com...le.android.apps.nexuslauncher  I  com.google.android.apps.nexuslauncher:23c03345: onCancelled at PHASE_CLIENT_ALREADY_HIDDEN
2026-02-17 19:09:01.234  2728-2938  EuiccConnector          com.android.phone                    D  handleMessage: X
2026-02-17 19:09:01.234  3936-3936  GoogleInpu...hodService com...gle.android.inputmethod.latin  I  GoogleInputMethodService.onFinishInput():2113 
2026-02-17 19:09:01.234  3936-3936  Module                  com...gle.android.inputmethod.latin  I  DeviceLockedStatusModuleProvider$Module.updateDeviceLockedStatus():103 repeatCheckTimes = 0, locked = false
2026-02-17 19:09:01.234  3936-3936  GoogleInpu...hodService com...gle.android.inputmethod.latin  I  GoogleInputMethodService.onStartInput():1384 onStartInput(EditorInfo{EditorInfo{packageName=com.google.android.apps.nexuslauncher, inputType=0, inputTypeString=NULL, enableLearning=false, autoCorrection=false, autoComplete=false, imeOptions=0, privateImeOptions=null, actionName=UNSPECIFIED, actionLabel=null, initialSelStart=-1, initialSelEnd=-1, initialCapsMode=0, label=null, fieldId=0, fieldName=null, extras=null, hintText=null, hintLocales=[]}}, false)
2026-02-17 19:09:01.235  1706-1729  ImeTracker              system_server                        I  system_server:a7799ce6: onRequestHide at ORIGIN_SERVER reason IME_REQUESTED_CHANGED_LISTENER fromUser false
2026-02-17 19:09:01.235  3936-3936  Module                  com...gle.android.inputmethod.latin  I  DeviceLockedStatusModuleProvider$Module.updateDeviceLockedStatus():103 repeatCheckTimes = 1, locked = false
2026-02-17 19:09:01.235  1706-7161  PackageConfigPersister  system_server                        W  App-specific configuration not found for packageName: com.google.android.apps.nexuslauncher and userId: 0
2026-02-17 19:09:01.235  1706-1769  ImeTracker              system_server                        I  system_server:a7799ce6: onCancelled at PHASE_SERVER_SHOULD_HIDE
2026-02-17 19:09:01.238  1450-1450  wificond                wificond                             E  Failed to get interface index from scan result notification
2026-02-17 19:09:01.254  1706-2188  WifiP2pService          system_server                        D  close binder:android.os.BinderProxy@9e40e8f from mDeathDataByBinder:{android.os.BinderProxy@9e40e8f=mUid=10349, deathRecipient=com.android.server.wifi.p2p.WifiP2pServiceImpl$$ExternalSyntheticLambda0@df08bb8, messenger=android.os.Messenger@d64882a, worksource=WorkSource{10349 com.scmessenger.android}, displayId=0}
2026-02-17 19:09:01.254 1706-2271 WifiP2pService system_server D Client:com.scmessenger.android is removed
2026-02-17 19:09:01.254 1706-2271 WifiP2pService system_server D Requestor WorkSource: WorkSource{10349 com.scmessenger.android}
2026-02-17 19:09:01.254 1546-1546 adbd adbd I Remote process closed the socket (on MSG_PEEK)
2026-02-17 19:09:01.254 17562-17608 bt_shim_advertiser com.google.android.bluetooth I system/main/shim/le_advertising_manager.cc:80 Unregister: in shim layer
2026-02-17 19:09:01.254 17562-17607 bluetooth com.google.android.bluetooth I bluetooth_core::gatt::server::isolation_manager: removing server (if any) associated with advertiser AdvertiserId(0)
2026-02-17 19:09:01.254 1706-2969 ActivityManager system_server V Got obituary of 32156:com.scmessenger.android
2026-02-17 19:09:01.254 1706-5251 WindowManager system_server I WIN DEATH: Window{1c6ee16 u0 com.scmessenger.android/com.scmessenger.android.ui.MainActivity}
2026-02-17 19:09:01.254 17562-17608 BtGatt.AdvertiseManager com.google.android.bluetooth I error sending onAdvertisingSetStopped callback (Ask Gemini)
android.os.DeadObjectException
at android.os.BinderProxy.transactNative(Native Method)
at android.os.BinderProxy.transact(BinderProxy.java:599)
at android.bluetooth.le.IAdvertisingSetCallback$Stub$Proxy.onAdvertisingSetStopped(IAdvertisingSetCallback.java:317)
at com.android.bluetooth.gatt.AdvertiseManager.stopAdvertisingSet(AdvertiseManager.java:434)
at com.android.bluetooth.gatt.AdvertiseManager$AdvertisingSetDeathRecipient.lambda$binderDied$0(AdvertiseManager.java:140)
                                                                                                    	at com.android.bluetooth.gatt.AdvertiseManager$AdvertisingSetDeathRecipient.$r8$lambda$Bu3nM4VlegY50u5ZP_eC0nrMFho(AdvertiseManager.java:0)
                                                                                                    	at com.android.bluetooth.gatt.AdvertiseManager$AdvertisingSetDeathRecipient$$ExternalSyntheticLambda0.run(R8$$SyntheticClass:0)
at com.android.bluetooth.gatt.AdvertiseManager.lambda$doOnAdvertiseThread$13(AdvertiseManager.java:720)
                                                                                                    	at com.android.bluetooth.gatt.AdvertiseManager.$r8$lambda$amCJ2zfE4B4ZZnU2sfNBRlVntno(AdvertiseManager.java:0)
at com.android.bluetooth.gatt.AdvertiseManager$$ExternalSyntheticLambda7.run(R8$$SyntheticClass:0)
at android.os.Handler.handleCallback(Handler.java:1070)
at android.os.Handler.dispatchMessage(Handler.java:125)
at android.os.Looper.dispatchMessage(Looper.java:333)
at android.os.Looper.loopOnce(Looper.java:263)
at android.os.Looper.loop(Looper.java:367)
at android.os.HandlerThread.run(HandlerThread.java:139)
2026-02-17 19:09:01.255 1706-2271 WifiP2pService system_server D Detach approvers for android.os.BinderProxy@9e40e8f
2026-02-17 19:09:01.256 1706-15253 ActivityManager system_server W pid 17562 com.google.android.bluetooth sent binder code 3 with flags 1 and got error -32
2026-02-17 19:09:01.256 1233-1233 Zygote zygote64 I Process 32156 exited due to signal 9 (Killed)
2026-02-17 19:09:01.256 1706-2271 WifiP2pNative system_server D Teardown P2P interface:p2p-dev-wlan1
2026-02-17 19:09:01.256 1706-1783 libprocessgroup system_server I Removed cgroup /sys/fs/cgroup/apps/uid_10349/pid_32156
2026-02-17 19:09:01.257 1706-2271 WifiP2pNative system_server D P2P InterfaceDestroyedListener p2p-dev-wlan1
2026-02-17 19:09:01.257 1706-1769 ActivityManager system_server W setHasOverlayUi called on unknown pid: 32156
2026-02-17 19:09:01.263 9542-9542 wpa_supplicant wpa_supplicant I p2p-dev-wlan1: CTRL-EVENT-DSCP-POLICY clear_all
2026-02-17 19:09:01.263 9542-9542 wpa_supplicant wpa_supplicant I Deinit sm=0xb400007465fec450
2026-02-17 19:09:01.265 17562-17586 bluetooth com.google.android.bluetooth I system/gd/hci/le_address_manager.cc:277 unregister_client: Client unregistered
2026-02-17 19:09:01.266 590-644 hwc-display and...graphics.composer@2.4-service E [PrimaryDisplay] resetColorMappingInfoForClientComp:: resetColorMappingInfo() idx=2 error(-22)
2026-02-17 19:09:01.266 590-644 hwc-display and...graphics.composer@2.4-service E Fail to open file /data/vendor/log/hwc/PrimaryDisplay_hwc_error_log0.txt, error: Permission denied
2026-02-17 19:09:01.266 590-644 hwc-display and...graphics.composer@2.4-service E Fail to open file /data/log/PrimaryDisplay_hwc_error_log0.txt, error: No such file or directory
2026-02-17 19:09:01.266 590-644 hwc-display and...graphics.composer@2.4-service E Unable to open log file for PrimaryDisplay_hwc_error_log0.txt
2026-02-17 19:09:01.262 590-590 HwBinder:590_1 and...graphics.composer@2.4-service W type=1400 audit(0.0:12259): avc: denied { search } for name="log" dev="dm-58" ino=236 scontext=u:r:hal_graphics_composer_default:s0 tcontext=u:object_r:vendor_log_file:s0 tclass=dir permissive=0
2026-02-17 19:09:01.262 590-590 HwBinder:590_1 and...graphics.composer@2.4-service W type=1400 audit(0.0:12260): avc: denied { search } for name="log" dev="dm-58" ino=236 scontext=u:r:hal_graphics_composer_default:s0 tcontext=u:object_r:vendor_log_file:s0 tclass=dir permissive=0
2026-02-17 19:09:01.267 9542-9542 wpa_supplicant wpa_supplicant I p2p-dev-wlan1: CTRL-EVENT-DSCP-POLICY clear_all
2026-02-17 19:09:01.267 9542-9542 wpa_supplicant wpa_supplicant I P2P-FIND-STOPPED
2026-02-17 19:09:01.267 9542-9542 wpa_supplicant wpa_supplicant I nl80211: deinit ifname=p2p-dev-wlan1 disabled_11b_rates=0
2026-02-17 19:09:01.268 4322-4729 AiAiEcho com.google.android.as I (REDACTED) Predicting[%d]: %s
2026-02-17 19:09:01.268 4322-4729 AiAiEcho com.google.android.as I (REDACTED) EchoTargets: %s
Filtered by AiAi flag check: %s
2026-02-17 19:09:01.268 4322-4729 AiAiEcho com.google.android.as I (REDACTED) #weatherSubItemsTwiddler: Weather removes SubtitleSupplementalItem in surface: %s
2026-02-17 19:09:01.269 4322-4729 AiAiEcho com.google.android.as I #remoteViewsTwiddler: feature disabled.
2026-02-17 19:09:01.269 4322-4729 AiAiEcho com.google.android.as I (REDACTED) %s No tracked ambient data found for ID: %s; for event type: %d, skipping event processing.
2026-02-17 19:09:01.272 4322-4729 AiAiEcho com.google.android.as I (REDACTED) #postPredictionTargets: Sending updates to UISurface %s with targets# %s (types=[%s])
2026-02-17 19:09:01.284 9542-9542 libbinder.BpBinder wpa_supplicant I onLastStrongRef automatically unlinking death recipients for descriptor: 'android.hardware.wifi.supplicant.ISupplicantP2pIfaceCallback'
2026-02-17 19:09:01.284 1706-2271 WifiP2pNative system_server I teardownAndInvalidate is completed
2026-02-17 19:09:01.284 1706-2271 WifiP2pService system_server D Wifi enabled=true, P2P disallowed by admin=false, D2D allowed when infra sta is disabled=false
2026-02-17 19:09:01.284 1706-2271 WifiP2pNative system_server I P2P interface teardown completed
2026-02-17 19:09:01.285 1706-2271 TetheringManager system_server I unregisterTetheringEventCallback caller:android
2026-02-17 19:09:01.286 1706-2271 ContextImpl system_server W Calling a method in the system process without a qualified user: android.app.ContextImpl.sendBroadcast:1407 com.android.server.wifi.p2p.WifiP2pServiceImpl$P2pStateMachine.sendBroadcastWithExcludedPermissions:6127 com.android.server.wifi.p2p.WifiP2pServiceImpl$P2pStateMachine.sendThisDeviceChangedBroadcast:6161 com.android.server.wifi.p2p.WifiP2pServiceImpl$P2pStateMachine.updateThisDevice:7811 com.android.server.wifi.p2p.WifiP2pServiceImpl$P2pStateMachine.-$$Nest$mupdateThisDevice:0 
2026-02-17 19:09:01.287  1706-2271  ContextImpl             system_server                        W  Calling a method in the system process without a qualified user: android.app.ContextImpl.sendBroadcast:1407 com.android.server.wifi.p2p.WifiP2pServiceImpl$P2pStateMachine.sendBroadcastWithExcludedPermissions:6150 com.android.server.wifi.p2p.WifiP2pServiceImpl$P2pStateMachine.sendThisDeviceChangedBroadcast:6161 com.android.server.wifi.p2p.WifiP2pServiceImpl$P2pStateMachine.updateThisDevice:7811 com.android.server.wifi.p2p.WifiP2pServiceImpl$P2pStateMachine.-$$Nest$mupdateThisDevice:0 
2026-02-17 19:09:01.295 17634-17634 SsBaseTemplateCard      com...le.android.apps.nexuslauncher  D  Passed-in item info is null
2026-02-17 19:09:01.295 17634-17634 SsBaseTemplateCard      com...le.android.apps.nexuslauncher  I  setFormattedContentDescription: text=69F, iconDescription=Partly cloudy, contentDescription=Partly cloudy, 69F
2026-02-17 19:09:01.295 17634-17634 SsBaseTemplateCard      com...le.android.apps.nexuslauncher  D  Passed-in item info is null
2026-02-17 19:09:01.295 17634-17634 SsBaseTemplateCard      com...le.android.apps.nexuslauncher  D  Passed-in item info is null
2026-02-17 19:09:01.295 17634-17634 SsBaseTemplateCard      com...le.android.apps.nexuslauncher  I  Secondary card pane is null
2026-02-17 19:09:01.307 32260-32260 libbinder....iceManager pid-32260                            W  Thread Pool max thread count is 0. Cannot cache binder as linkToDeath cannot be implemented. serviceName: DockObserver
2026-02-17 19:09:01.307 32260-32260 libbinder.Parcel        pid-32260                            E  Reading a NULL string not supported here.
2026-02-17 19:09:01.307 32260-32260 libbinder....iceManager pid-32260                            W  Thread Pool max thread count is 0. Cannot cache binder as linkToDeath cannot be implemented. serviceName: SurfaceFlinger
2026-02-17 19:09:01.307 32260-32260 libbinder....iceManager pid-32260                            W  Thread Pool max thread count is 0. Cannot cache binder as linkToDeath cannot be implemented. serviceName: SurfaceFlingerAIDL
2026-02-17 19:09:01.307 32260-32260 libbinder....iceManager pid-32260                            W  Thread Pool max thread count is 0. Cannot cache binder as linkToDeath cannot be implemented. serviceName: accessibility
2026-02-17 19:09:01.308 32260-32260 libbinder....iceManager pid-32260                            W  Thread Pool max thread count is 0. Cannot cache binder as linkToDeath cannot be implemented. serviceName: account
2026-02-17 19:09:01.308 32260-32260 libbinder....iceManager pid-32260                            W  Thread Pool max thread count is 0. Cannot cache binder as linkToDeath cannot be implemented. serviceName: activity
