2026-02-17 19:09:01.677 32285-32285 libbinder....iceManager pid-32285 W Thread Pool max thread count is 0. Cannot cache binder as linkToDeath cannot be implemented. serviceName: protolog_configuration
2026-02-17 19:09:01.677 32285-32285 libbinder....iceManager pid-32285 W Thread Pool max thread count is 0. Cannot cache binder as linkToDeath cannot be implemented. serviceName: ranging
2026-02-17 19:09:01.677 32285-32285 libbinder....iceManager pid-32285 W Thread Pool max thread count is 0. Cannot cache binder as linkToDeath cannot be implemented. serviceName: reboot_readiness
2026-02-17 19:09:01.678 32285-32285 libbinder....iceManager pid-32285 W Thread Pool max thread count is 0. Cannot cache binder as linkToDeath cannot be implemented. serviceName: recovery
2026-02-17 19:09:01.678 32285-32285 libbinder....iceManager pid-32285 W Thread Pool max thread count is 0. Cannot cache binder as linkToDeath cannot be implemented. serviceName: remote_provisioning
2026-02-17 19:09:01.678 32285-32285 libbinder....iceManager pid-32285 W Thread Pool max thread count is 0. Cannot cache binder as linkToDeath cannot be implemented. serviceName: resolver
2026-02-17 19:09:01.678 32285-32285 libbinder.Parcel pid-32285 E Reading a NULL string not supported here.
2026-02-17 19:09:01.678 32285-32285 libbinder....iceManager pid-32285 W Thread Pool max thread count is 0. Cannot cache binder as linkToDeath cannot be implemented. serviceName: resources
2026-02-17 19:09:01.678 32285-32285 libbinder....iceManager pid-32285 W Thread Pool max thread count is 0. Cannot cache binder as linkToDeath cannot be implemented. serviceName: restrictions
2026-02-17 19:09:01.678 32285-32285 libbinder....iceManager pid-32285 W Thread Pool max thread count is 0. Cannot cache binder as linkToDeath cannot be implemented. serviceName: rlsservice
2026-02-17 19:09:01.678 32285-32285 libbinder....hreadState pid-32285 E Binder transaction failure. id: 14401282, cmd: BR_FAILED_REPLY (29201), error: -1 (Operation not permitted)
2026-02-17 19:09:01.679 32285-32285 libbinder....iceManager pid-32285 W Thread Pool max thread count is 0. Cannot cache binder as linkToDeath cannot be implemented. serviceName: role
2026-02-17 19:09:01.679 32285-32285 libbinder....iceManager pid-32285 W Thread Pool max thread count is 0. Cannot cache binder as linkToDeath cannot be implemented. serviceName: rollback
2026-02-17 19:09:01.679 32285-32285 libbinder....iceManager pid-32285 W Thread Pool max thread count is 0. Cannot cache binder as linkToDeath cannot be implemented. serviceName: runtime
2026-02-17 19:09:01.679 32285-32285 libbinder.Parcel pid-32285 E Reading a NULL string not supported here.
2026-02-17 19:09:01.679 32285-32285 libbinder....iceManager pid-32285 W Thread Pool max thread count is 0. Cannot cache binder as linkToDeath cannot be implemented. serviceName: safety_center
2026-02-17 19:09:01.679 32285-32285 libbinder....iceManager pid-32285 W Thread Pool max thread count is 0. Cannot cache binder as linkToDeath cannot be implemented. serviceName: scheduling_policy
2026-02-17 19:09:01.679 32285-32285 libbinder....iceManager pid-32285 W Thread Pool max thread count is 0. Cannot cache binder as linkToDeath cannot be implemented. serviceName: sdk_sandbox
2026-02-17 19:09:01.679 32285-32285 libbinder....iceManager pid-32285 W Thread Pool max thread count is 0. Cannot cache binder as linkToDeath cannot be implemented. serviceName: search
2026-02-17 19:09:01.680 32285-32285 libbinder....iceManager pid-32285 W Thread Pool max thread count is 0. Cannot cache binder as linkToDeath cannot be implemented. serviceName: search_ui
2026-02-17 19:09:01.680 32285-32285 libbinder....iceManager pid-32285 W Thread Pool max thread count is 0. Cannot cache binder as linkToDeath cannot be implemented. serviceName: sec_key_att_app_id_provider
2026-02-17 19:09:01.680 32285-32285 libbinder....iceManager pid-32285 W Thread Pool max thread count is 0. Cannot cache binder as linkToDeath cannot be implemented. serviceName: secure_element
2026-02-17 19:09:01.680 32285-32285 libbinder....iceManager pid-32285 W Thread Pool max thread count is 0. Cannot cache binder as linkToDeath cannot be implemented. serviceName: security_state
2026-02-17 19:09:01.680 32285-32285 libbinder....iceManager pid-32285 W Thread Pool max thread count is 0. Cannot cache binder as linkToDeath cannot be implemented. serviceName: selection_toolbar
2026-02-17 19:09:01.681 32285-32285 libbinder....iceManager pid-32285 W Thread Pool max thread count is 0. Cannot cache binder as linkToDeath cannot be implemented. serviceName: sensitive_content_protection_service
2026-02-17 19:09:01.681 32285-32285 libbinder....iceManager pid-32285 W Thread Pool max thread count is 0. Cannot cache binder as linkToDeath cannot be implemented. serviceName: sensor_privacy
2026-02-17 19:09:01.681 32285-32285 libbinder....iceManager pid-32285 W Thread Pool max thread count is 0. Cannot cache binder as linkToDeath cannot be implemented. serviceName: sensorservice
2026-02-17 19:09:01.681 32285-32285 libbinder....iceManager pid-32285 W Thread Pool max thread count is 0. Cannot cache binder as linkToDeath cannot be implemented. serviceName: serial
2026-02-17 19:09:01.681 32285-32285 libbinder....iceManager pid-32285 W Thread Pool max thread count is 0. Cannot cache binder as linkToDeath cannot be implemented. serviceName: servicediscovery
2026-02-17 19:09:01.682 32285-32285 libbinder....iceManager pid-32285 W Thread Pool max thread count is 0. Cannot cache binder as linkToDeath cannot be implemented. serviceName: settings
2026-02-17 19:09:01.682 32285-32285 libbinder.Parcel pid-32285 E Reading a NULL string not supported here.
2026-02-17 19:09:01.682 32285-32285 libbinder....iceManager pid-32285 W Thread Pool max thread count is 0. Cannot cache binder as linkToDeath cannot be implemented. serviceName: shortcut
2026-02-17 19:09:01.682 32285-32285 libbinder....iceManager pid-32285 W Thread Pool max thread count is 0. Cannot cache binder as linkToDeath cannot be implemented. serviceName: simphonebook
2026-02-17 19:09:01.682 32285-32285 libbinder....iceManager pid-32285 W Thread Pool max thread count is 0. Cannot cache binder as linkToDeath cannot be implemented. serviceName: slice
2026-02-17 19:09:01.682 32285-32285 libbinder....iceManager pid-32285 W Thread Pool max thread count is 0. Cannot cache binder as linkToDeath cannot be implemented. serviceName: smartspace
2026-02-17 19:09:01.683 32285-32285 libbinder....iceManager pid-32285 W Thread Pool max thread count is 0. Cannot cache binder as linkToDeath cannot be implemented. serviceName: soundtrigger
2026-02-17 19:09:01.683 32285-32285 libbinder....iceManager pid-32285 W Thread Pool max thread count is 0. Cannot cache binder as linkToDeath cannot be implemented. serviceName: soundtrigger_middleware
2026-02-17 19:09:01.683 32285-32285 libbinder....iceManager pid-32285 W Thread Pool max thread count is 0. Cannot cache binder as linkToDeath cannot be implemented. serviceName: speech_recognition
2026-02-17 19:09:01.683 32285-32285 libbinder....iceManager pid-32285 W Thread Pool max thread count is 0. Cannot cache binder as linkToDeath cannot be implemented. serviceName: stats
2026-02-17 19:09:01.683 32285-32285 libbinder....iceManager pid-32285 W Thread Pool max thread count is 0. Cannot cache binder as linkToDeath cannot be implemented. serviceName: statsbootstrap
2026-02-17 19:09:01.683 32285-32285 libbinder....iceManager pid-32285 W Thread Pool max thread count is 0. Cannot cache binder as linkToDeath cannot be implemented. serviceName: statscompanion
2026-02-17 19:09:01.684 32285-32285 libbinder....iceManager pid-32285 W Thread Pool max thread count is 0. Cannot cache binder as linkToDeath cannot be implemented. serviceName: statsmanager
2026-02-17 19:09:01.684 32285-32285 libbinder....iceManager pid-32285 W Thread Pool max thread count is 0. Cannot cache binder as linkToDeath cannot be implemented. serviceName: statusbar
2026-02-17 19:09:01.684 32285-32285 libbinder....iceManager pid-32285 W Thread Pool max thread count is 0. Cannot cache binder as linkToDeath cannot be implemented. serviceName: storaged
2026-02-17 19:09:01.684 32285-32285 libbinder....iceManager pid-32285 W Thread Pool max thread count is 0. Cannot cache binder as linkToDeath cannot be implemented. serviceName: storaged_pri
2026-02-17 19:09:01.685 32285-32285 libbinder....iceManager pid-32285 W Thread Pool max thread count is 0. Cannot cache binder as linkToDeath cannot be implemented. serviceName: storagestats
2026-02-17 19:09:01.685 32285-32285 libbinder....iceManager pid-32285 W Thread Pool max thread count is 0. Cannot cache binder as linkToDeath cannot be implemented. serviceName: supervision
2026-02-17 19:09:01.685 32285-32285 libbinder....iceManager pid-32285 W Thread Pool max thread count is 0. Cannot cache binder as linkToDeath cannot be implemented. serviceName: system_config
2026-02-17 19:09:01.685 32285-32285 libbinder....iceManager pid-32285 W Thread Pool max thread count is 0. Cannot cache binder as linkToDeath cannot be implemented. serviceName: system_server_dumper
2026-02-17 19:09:01.686 32285-32285 libbinder.Parcel pid-32285 E Reading a NULL string not supported here.
2026-02-17 19:09:01.686 32285-32285 libbinder....iceManager pid-32285 W Thread Pool max thread count is 0. Cannot cache binder as linkToDeath cannot be implemented. serviceName: system_update
2026-02-17 19:09:01.686 32285-32285 libbinder....iceManager pid-32285 W Thread Pool max thread count is 0. Cannot cache binder as linkToDeath cannot be implemented. serviceName: telecom
2026-02-17 19:09:01.686 32285-32285 libbinder....iceManager pid-32285 W Thread Pool max thread count is 0. Cannot cache binder as linkToDeath cannot be implemented. serviceName: telephony.oem.oemrilhook
2026-02-17 19:09:01.686 32285-32285 libbinder....iceManager pid-32285 W Thread Pool max thread count is 0. Cannot cache binder as linkToDeath cannot be implemented. serviceName: telephony.registry
2026-02-17 19:09:01.686 32285-32285 libbinder....iceManager pid-32285 W Thread Pool max thread count is 0. Cannot cache binder as linkToDeath cannot be implemented. serviceName: telephony_ims
2026-02-17 19:09:01.686 32285-32285 libbinder....iceManager pid-32285 W Thread Pool max thread count is 0. Cannot cache binder as linkToDeath cannot be implemented. serviceName: telephony_phone_number
2026-02-17 19:09:01.687 32285-32285 libbinder....iceManager pid-32285 W Thread Pool max thread count is 0. Cannot cache binder as linkToDeath cannot be implemented. serviceName: testharness
2026-02-17 19:09:01.687 32285-32285 libbinder.Parcel pid-32285 E Reading a NULL string not supported here.
2026-02-17 19:09:01.687 32285-32285 libbinder....iceManager pid-32285 W Thread Pool max thread count is 0. Cannot cache binder as linkToDeath cannot be implemented. serviceName: tethering
2026-02-17 19:09:01.687 32285-32285 libbinder....iceManager pid-32285 W Thread Pool max thread count is 0. Cannot cache binder as linkToDeath cannot be implemented. serviceName: textclassification
2026-02-17 19:09:01.687 32285-32285 libbinder....iceManager pid-32285 W Thread Pool max thread count is 0. Cannot cache binder as linkToDeath cannot be implemented. serviceName: textservices
2026-02-17 19:09:01.687 32285-32285 libbinder....iceManager pid-32285 W Thread Pool max thread count is 0. Cannot cache binder as linkToDeath cannot be implemented. serviceName: texttospeech
2026-02-17 19:09:01.687 32285-32285 libbinder....iceManager pid-32285 W Thread Pool max thread count is 0. Cannot cache binder as linkToDeath cannot be implemented. serviceName: thermalservice
2026-02-17 19:09:01.688 32285-32285 libbinder....iceManager pid-32285 W Thread Pool max thread count is 0. Cannot cache binder as linkToDeath cannot be implemented. serviceName: time_detector
2026-02-17 19:09:01.688 32285-32285 libbinder....iceManager pid-32285 W Thread Pool max thread count is 0. Cannot cache binder as linkToDeath cannot be implemented. serviceName: time_zone_detector
2026-02-17 19:09:01.688 32285-32285 libbinder....iceManager pid-32285 W Thread Pool max thread count is 0. Cannot cache binder as linkToDeath cannot be implemented. serviceName: tracing.proxy
2026-02-17 19:09:01.688 32285-32285 libbinder....iceManager pid-32285 W Thread Pool max thread count is 0. Cannot cache binder as linkToDeath cannot be implemented. serviceName: tradeinmode
2026-02-17 19:09:01.688 32285-32285 libbinder....iceManager pid-32285 W Thread Pool max thread count is 0. Cannot cache binder as linkToDeath cannot be implemented. serviceName: translation
2026-02-17 19:09:01.688 32285-32285 libbinder....iceManager pid-32285 W Thread Pool max thread count is 0. Cannot cache binder as linkToDeath cannot be implemented. serviceName: transparency
2026-02-17 19:09:01.689 32285-32285 libbinder....iceManager pid-32285 W Thread Pool max thread count is 0. Cannot cache binder as linkToDeath cannot be implemented. serviceName: trust
2026-02-17 19:09:01.689 32285-32285 libbinder....iceManager pid-32285 W Thread Pool max thread count is 0. Cannot cache binder as linkToDeath cannot be implemented. serviceName: uimode
2026-02-17 19:09:01.689 32285-32285 libbinder....iceManager pid-32285 W Thread Pool max thread count is 0. Cannot cache binder as linkToDeath cannot be implemented. serviceName: updatelock
2026-02-17 19:09:01.689 32285-32285 libbinder....iceManager pid-32285 W Thread Pool max thread count is 0. Cannot cache binder as linkToDeath cannot be implemented. serviceName: uri_grants
2026-02-17 19:09:01.689 32285-32285 libbinder....iceManager pid-32285 W Thread Pool max thread count is 0. Cannot cache binder as linkToDeath cannot be implemented. serviceName: usagestats
2026-02-17 19:09:01.689 32285-32285 libbinder....iceManager pid-32285 W Thread Pool max thread count is 0. Cannot cache binder as linkToDeath cannot be implemented. serviceName: usb
2026-02-17 19:09:01.689 32285-32285 libbinder....iceManager pid-32285 W Thread Pool max thread count is 0. Cannot cache binder as linkToDeath cannot be implemented. serviceName: user
2026-02-17 19:09:01.690 32285-32285 libbinder....iceManager pid-32285 W Thread Pool max thread count is 0. Cannot cache binder as linkToDeath cannot be implemented. serviceName: vcn_management
2026-02-17 19:09:01.690 32285-32285 libbinder....iceManager pid-32285 W Thread Pool max thread count is 0. Cannot cache binder as linkToDeath cannot be implemented. serviceName: vendor.google.battery_mitigation.IBatteryMitigation/default
2026-02-17 19:09:01.690 32285-32285 libbinder....hreadState pid-32285 E Binder transaction failure. id: 14401600, cmd: BR_FAILED_REPLY (29201), error: -1 (Operation not permitted)
2026-02-17 19:09:01.690 32285-32285 libbinder....iceManager pid-32285 W Thread Pool max thread count is 0. Cannot cache binder as linkToDeath cannot be implemented. serviceName: vendor.google.bluetooth_ext.IBTChannelAvoidance/default
2026-02-17 19:09:01.690 32285-32285 libbinder....hreadState pid-32285 E Binder transaction failure. id: 14401604, cmd: BR_FAILED_REPLY (29201), error: -1 (Operation not permitted)
2026-02-17 19:09:01.690 32285-32285 libbinder....iceManager pid-32285 W Thread Pool max thread count is 0. Cannot cache binder as linkToDeath cannot be implemented. serviceName: vendor.google.bluetooth_ext.IBluetoothCcc/default
2026-02-17 19:09:01.691 32285-32285 libbinder....hreadState pid-32285 E Binder transaction failure. id: 14401608, cmd: BR_FAILED_REPLY (29201), error: -1 (Operation not permitted)
2026-02-17 19:09:01.691 32285-32285 libbinder....iceManager pid-32285 W Thread Pool max thread count is 0. Cannot cache binder as linkToDeath cannot be implemented. serviceName: vendor.google.bluetooth_ext.IBluetoothCco/default
2026-02-17 19:09:01.691 32285-32285 libbinder....hreadState pid-32285 E Binder transaction failure. id: 14401612, cmd: BR_FAILED_REPLY (29201), error: -1 (Operation not permitted)
2026-02-17 19:09:01.691 32285-32285 libbinder....iceManager pid-32285 W Thread Pool max thread count is 0. Cannot cache binder as linkToDeath cannot be implemented. serviceName: vendor.google.bluetooth_ext.IBluetoothEwp/default
2026-02-17 19:09:01.691 32285-32285 libbinder....hreadState pid-32285 E Binder transaction failure. id: 14401616, cmd: BR_FAILED_REPLY (29201), error: -1 (Operation not permitted)
2026-02-17 19:09:01.691 32285-32285 libbinder....iceManager pid-32285 W Thread Pool max thread count is 0. Cannot cache binder as linkToDeath cannot be implemented. serviceName: vendor.google.bluetooth_ext.IBluetoothExt/default
2026-02-17 19:09:01.691 32285-32285 libbinder....hreadState pid-32285 E Binder transaction failure. id: 14401620, cmd: BR_FAILED_REPLY (29201), error: -1 (Operation not permitted)
2026-02-17 19:09:01.692 32285-32285 libbinder....iceManager pid-32285 W Thread Pool max thread count is 0. Cannot cache binder as linkToDeath cannot be implemented. serviceName: vendor.google.bluetooth_ext.IBluetoothFinder/default
2026-02-17 19:09:01.692 32285-32285 libbinder....hreadState pid-32285 E Binder transaction failure. id: 14401624, cmd: BR_FAILED_REPLY (29201), error: -1 (Operation not permitted)
2026-02-17 19:09:01.692 32285-32285 libbinder....iceManager pid-32285 W Thread Pool max thread count is 0. Cannot cache binder as linkToDeath cannot be implemented. serviceName: vendor.google.bluetooth_ext.IBluetoothSar/default
2026-02-17 19:09:01.692 32285-32285 libbinder....hreadState pid-32285 E Binder transaction failure. id: 14401628, cmd: BR_FAILED_REPLY (29201), error: -1 (Operation not permitted)
2026-02-17 19:09:01.692 32285-32285 libbinder....iceManager pid-32285 W Thread Pool max thread count is 0. Cannot cache binder as linkToDeath cannot be implemented. serviceName: vendor.google.google_battery.IGoogleBattery/default
2026-02-17 19:09:01.692 32285-32285 libbinder....hreadState pid-32285 E Binder transaction failure. id: 14401632, cmd: BR_FAILED_REPLY (29201), error: -1 (Operation not permitted)
2026-02-17 19:09:01.692 32285-32285 libbinder....iceManager pid-32285 W Thread Pool max thread count is 0. Cannot cache binder as linkToDeath cannot be implemented. serviceName: vendor.google.wifi_ext.IWifiExt/default
2026-02-17 19:09:01.692 32285-32285 libbinder....hreadState pid-32285 E Binder transaction failure. id: 14401636, cmd: BR_FAILED_REPLY (29201), error: -1 (Operation not permitted)
2026-02-17 19:09:01.692 32285-32285 libbinder....iceManager pid-32285 W Thread Pool max thread count is 0. Cannot cache binder as linkToDeath cannot be implemented. serviceName: vibrator_manager
2026-02-17 19:09:01.693 32285-32285 libbinder....iceManager pid-32285 W Thread Pool max thread count is 0. Cannot cache binder as linkToDeath cannot be implemented. serviceName: virtualdevice
2026-02-17 19:09:01.693 32285-32285 libbinder....iceManager pid-32285 W Thread Pool max thread count is 0. Cannot cache binder as linkToDeath cannot be implemented. serviceName: virtualdevice_native
2026-02-17 19:09:01.693 32285-32285 libbinder....iceManager pid-32285 W Thread Pool max thread count is 0. Cannot cache binder as linkToDeath cannot be implemented. serviceName: voiceinteraction
2026-02-17 19:09:01.693 32285-32285 libbinder....iceManager pid-32285 W Thread Pool max thread count is 0. Cannot cache binder as linkToDeath cannot be implemented. serviceName: vpn_management
2026-02-17 19:09:01.693 32285-32285 libbinder....iceManager pid-32285 W Thread Pool max thread count is 0. Cannot cache binder as linkToDeath cannot be implemented. serviceName: wallpaper
2026-02-17 19:09:01.694 32285-32285 libbinder....iceManager pid-32285 W Thread Pool max thread count is 0. Cannot cache binder as linkToDeath cannot be implemented. serviceName: wallpaper_effects_generation
2026-02-17 19:09:01.694 32285-32285 libbinder....iceManager pid-32285 W Thread Pool max thread count is 0. Cannot cache binder as linkToDeath cannot be implemented. serviceName: wearable_sensing
2026-02-17 19:09:01.694 32285-32285 libbinder....iceManager pid-32285 W Thread Pool max thread count is 0. Cannot cache binder as linkToDeath cannot be implemented. serviceName: webviewupdate
2026-02-17 19:09:01.694 32285-32285 libbinder....iceManager pid-32285 W Thread Pool max thread count is 0. Cannot cache binder as linkToDeath cannot be implemented. serviceName: wifi
2026-02-17 19:09:01.694 32285-32285 libbinder....iceManager pid-32285 W Thread Pool max thread count is 0. Cannot cache binder as linkToDeath cannot be implemented. serviceName: wifiaware
2026-02-17 19:09:01.694 32285-32285 libbinder....iceManager pid-32285 W Thread Pool max thread count is 0. Cannot cache binder as linkToDeath cannot be implemented. serviceName: wifinl80211
2026-02-17 19:09:01.694 32285-32285 libbinder....hreadState pid-32285 E Binder transaction failure. id: 14401697, cmd: BR_FAILED_REPLY (29201), error: -1 (Operation not permitted)
2026-02-17 19:09:01.695 32285-32285 libbinder....iceManager pid-32285 W Thread Pool max thread count is 0. Cannot cache binder as linkToDeath cannot be implemented. serviceName: wifip2p
2026-02-17 19:09:01.695 32285-32285 libbinder....iceManager pid-32285 W Thread Pool max thread count is 0. Cannot cache binder as linkToDeath cannot be implemented. serviceName: wifirtt
2026-02-17 19:09:01.695 32285-32285 libbinder....iceManager pid-32285 W Thread Pool max thread count is 0. Cannot cache binder as linkToDeath cannot be implemented. serviceName: wifiscanner
2026-02-17 19:09:01.695 32285-32285 libbinder....iceManager pid-32285 W Thread Pool max thread count is 0. Cannot cache binder as linkToDeath cannot be implemented. serviceName: window
2026-02-17 19:09:01.843 1706-1769 ActivityManager system_server I Force stopping com.scmessenger.android appid=10349 user=-1: set debug app
2026-02-17 19:09:01.848 1706-2527 ActivityTaskManager system_server W callingPackage for (uid=2000, pid=32289) has no WPC
2026-02-17 19:09:01.848 1706-2527 WindowManager system_server V DesktopModeLaunchParamsModifier: phase= 0 task=null activity=null desktop mode is not enabled, skipping
2026-02-17 19:09:01.849 1706-2527 WindowManager system_server V TaskLaunchParamsModifier:phase=0 task=null activity=null display-area-from-current-params=null display-area-from-default-fallback=DefaultTaskDisplayArea@235449377 display-id=0 task-display-area-windowing-mode=1 suggested-display-area=DefaultTaskDisplayArea@235449377
2026-02-17 19:09:01.850 1706-2527 Grammatica...ctionUtils system_server V AttributionSource: android.content.AttributionSource@3d08ee7c does not have READ_SYSTEM_GRAMMATICAL_GENDER permission.
2026-02-17 19:09:01.850 1706-2527 WindowManager system_server V DesktopModeLaunchParamsModifier: phase= 0 task=null activity=ActivityRecord{121810780 u0 com.scmessenger.android/.ui.MainActivity desktop mode is not enabled, skipping
2026-02-17 19:09:01.851 1706-2527 WindowManager system_server V TaskLaunchParamsModifier:phase=0 task=null activity=ActivityRecord{121810780 u0 com.scmessenger.android/.ui.MainActivity t-1} display-area-from-current-params=null display-area-from-default-fallback=DefaultTaskDisplayArea@235449377 display-id=0 task-display-area-windowing-mode=1 suggested-display-area=DefaultTaskDisplayArea@235449377
2026-02-17 19:09:01.851 1706-2527 WindowManager system_server V DesktopModeLaunchParamsModifier: phase= 3 task=null activity=ActivityRecord{121810780 u0 com.scmessenger.android/.ui.MainActivity t-1} desktop mode is not enabled, skipping
2026-02-17 19:09:01.851 1706-2527 WindowManager system_server V TaskLaunchParamsModifier:phase=3 task=null activity=ActivityRecord{121810780 u0 com.scmessenger.android/.ui.MainActivity t-1} display-area-from-current-params=null display-area-from-default-fallback=DefaultTaskDisplayArea@235449377 display-id=0 task-display-area-windowing-mode=1 suggested-display-area=DefaultTaskDisplayArea@235449377 non-freeform-task-display-area display-area=DefaultTaskDisplayArea@235449377 default-portrait freeform-size-mismatch=Rect(276, 694 - 804, 1774)
2026-02-17 19:09:01.853 1706-2527 WindowManager system_server V DesktopModeLaunchParamsModifier: phase= 3 task=Task{5fae265 #109 type=standard A=10349:com.scmessenger.android} activity=ActivityRecord{121810780 u0 com.scmessenger.android/.ui.MainActivity t-1} desktop mode is not enabled, skipping
2026-02-17 19:09:01.853 1706-2527 WindowManager system_server V TaskLaunchParamsModifier:phase=3 task=Task{5fae265 #109 type=standard A=10349:com.scmessenger.android} activity=ActivityRecord{121810780 u0 com.scmessenger.android/.ui.MainActivity t-1} display-from-task=0 display-id=0 task-display-area-windowing-mode=1 suggested-display-area=DefaultTaskDisplayArea@235449377 inherit-from-task=fullscreen non-freeform-task-display-area display-area=DefaultTaskDisplayArea@235449377 default-portrait freeform-size-mismatch=Rect(276, 694 - 804, 1774)
2026-02-17 19:09:01.855 588-632 libbinder.BpBinder surfaceflinger I onLastStrongRef automatically unlinking death recipients for descriptor: '(not cached)'
2026-02-17 19:09:01.856 1706-2527 ActivityTaskManager system_server I START u0 {act=android.intent.action.MAIN cat=[android.intent.category.LAUNCHER] flg=0x10000000 xflg=0x4 cmp=com.scmessenger.android/.ui.MainActivity} with LAUNCH_MULTIPLE from uid 2000 (com.android.shell) (BAL_ALLOW_PERMISSION) result code=0
2026-02-17 19:09:01.856 2375-2398 WindowManagerShell com.android.systemui V Transition requested (#604): android.os.BinderProxy@84390e7 TransitionRequestInfo { type = OPEN, triggerTask = TaskInfo{userId=0 taskId=109 effectiveUid=10349 displayId=0 isRunning=true baseIntent=Intent { act=android.intent.action.MAIN cat=[android.intent.category.LAUNCHER] flg=0x10000000 cmp=com.scmessenger.android/.ui.MainActivity } baseActivity=ComponentInfo{com.scmessenger.android/com.scmessenger.android.ui.MainActivity} topActivity=ComponentInfo{com.scmessenger.android/com.scmessenger.android.ui.MainActivity} origActivity=null realActivity=ComponentInfo{com.scmessenger.android/com.scmessenger.android.ui.MainActivity} numActivities=1 lastActiveTime=70448460 supportsMultiWindow=true resizeMode=1 isResizeable=true minWidth=-1 minHeight=-1 defaultMinSize=220 token=WCT{android.os.BinderProxy@4954494} topActivityType=1 pictureInPictureParams=null shouldDockBigOverlays=false launchIntoPipHostTaskId=-1 lastParentTaskIdBeforePip=-1 displayCutoutSafeInsets=Rect(0, 132 - 0, 0) topActivityInfo=ActivityInfo{ceb7b3d com.scmessenger.android.ui.MainActivity} launchCookies=[] positionInParent=Point(0, 0) parentTaskId=-1 isFocused=false isVisible=false isVisibleRequested=false isTopActivityNoDisplay=false isSleeping=false locusId=null displayAreaFeatureId=1 isTopActivityTransparent=false isActivityStackTransparent=false lastNonFullscreenBounds=Rect(276, 694 - 804, 1774) capturedLink=null capturedLinkTimestamp=0 requestedVisibleTypes=503 topActivityRequestOpenInBrowserEducationTimestamp=0 appCompatTaskInfo=AppCompatTaskInfo { topActivityInSizeCompat=false isLeafTask= true eligibleForLetterboxEducation= false isLetterboxEducationEnabled= false isLetterboxDoubleTapEnabled= false eligibleForUserAspectRatioButton= false topActivityBoundsLetterboxed= false isFromLetterboxDoubleTap= false topActivityLetterboxVerticalPosition= -1 topActivityLetterboxHorizontalPosition= -1 topActivityLetterboxWidth=-1 topActivityLetterboxHeight=-1 topActivityAppBounds=Rect(0, 132 - 1080, 2337) isUserFullscreenOverrideEnabled=false isSystemFullscreenOverrideEnabled=false hasMinAspectRatioOverride=false topActivityLetterboxBounds=null cameraCompatTaskInfo=CameraCompatTaskInfo { cameraCompatMode=undefinedundefined} topNonResizableActivityAspectRatio=-1.0} topActivityMainWindowFrame=null isAppBubble=false}, pipChange = null, remoteTransition = null, displayChange = null, requestedLocation = null, userChange = null, windowingLayerChange = null, flags = 0, debugId = 604 }
2026-02-17 19:09:01.856 2375-2398 ShellSplitScreen com.android.systemui D logExit: no-op, mLoggerSessionId is null
2026-02-17 19:09:01.856 17634-17634 BaseActivity com...le.android.apps.nexuslauncher D Launcher flags updated: [state_started|state_resumed|state_deferred_resumed|state_window_focused] -[state_user_active]
2026-02-17 19:09:01.856 17634-17634 BaseActivity com...le.android.apps.nexuslauncher D Launcher flags updated: [state_started|state_window_focused] -[state_resumed|state_deferred_resumed]
2026-02-17 19:09:01.857 17634-17634 SplitSelectStateCtor com...le.android.apps.nexuslauncher W Missing session instanceIds
2026-02-17 19:09:01.857 17634-17634 StatsLog com...le.android.apps.nexuslauncher D LAUNCHER_SPLIT_SELECTION_EXIT_INTERRUPTED
2026-02-17 19:09:01.857 2375-2398 WindowManagerShell com.android.systemui D setLauncherKeepClearAreaHeight: visible=false, height=495
2026-02-17 19:09:01.860 1706-2112 AppsFilter system_server I interaction: PackageSetting{b0b19c4 com.google.android.microdroid.empty_payload/10324} -> PackageSetting{6bc3fe1 com.scmessenger.android/10349} BLOCKED
2026-02-17 19:09:01.861 1706-2112 WindowManager system_server V Defer transition id=604 for TaskFragmentTransaction=android.os.Binder@2a3f106
2026-02-17 19:09:01.861 1706-2112 WindowManager system_server V deferTransitionReady deferReadyDepth=1 stack=com.android.server.wm.TransitionController.deferTransitionReady:1061 com.android.server.wm.TaskFragmentOrganizerController$TaskFragmentOrganizerState.dispatchTransaction:517 com.android.server.wm.TaskFragmentOrganizerController.dispatchPendingEvents:1259 com.android.server.wm.TaskFragmentOrganizerController.dispatchPendingEvents:1228 com.android.server.wm.RootWindowContainer.performSurfacePlacement:777 
2026-02-17 19:09:01.862 17634-17634 RecentsView             com...le.android.apps.nexuslauncher  D  onTaskDisplayChanged: 109, new displayId = 0
2026-02-17 19:09:01.863  1706-1769  Grammatica...ctionUtils system_server                        V  AttributionSource: android.content.AttributionSource@3d08ee7c does not have READ_SYSTEM_GRAMMATICAL_GENDER permission.
2026-02-17 19:09:01.864  2375-2412  WindowOnBackDispatcher  com.android.systemui                 D  setTopOnBackInvokedCallback (unwrapped): android.view.ViewRootImpl$$ExternalSyntheticLambda12@fcbd0fb
2026-02-17 19:09:01.865 17634-17634 b/417220811             com...le.android.apps.nexuslauncher  D  invalidateLoadedTasks - previous requestLoadId: -1
2026-02-17 19:09:01.865 17634-17634 b/417220811             com...le.android.apps.nexuslauncher  D  invalidateLoadedTasks - previous requestLoadId: -1
2026-02-17 19:09:01.866  1706-5251  CoreBackPreview         system_server                        D  Window{9e38df4 u0 Splash Screen com.scmessenger.android}: Setting back callback OnBackInvokedCallbackInfo{mCallback=android.window.IOnBackInvokedCallback$Stub$Proxy@14ab563, mPriority=0, mIsAnimationCallback=false, mOverrideBehavior=0}
2026-02-17 19:09:01.870  1706-2112  WindowManager           system_server                        V  Continue transition id=604 for TaskFragmentTransaction=android.os.Binder@2a3f106
2026-02-17 19:09:01.870  1706-2112  WindowManager           system_server                        V  continueTransitionReady deferReadyDepth=0 stack=com.android.server.wm.TransitionController.continueTransitionReady:1071 com.android.server.wm.TaskFragmentOrganizerController$TaskFragmentOrganizerState.onTransactionFinished:546 com.android.server.wm.TaskFragmentOrganizerController.onTransactionHandled:740 android.window.ITaskFragmentOrganizerController$Stub.onTransact:225 android.os.Binder.execTransactInternal:1473 
2026-02-17 19:09:01.872  1706-2328  Background...rolService system_server                        D  Package event received: 0
2026-02-17 19:09:01.876  1233-1233  Zygote                  zygote64                             D  Forked child process 32293
2026-02-17 19:09:01.876  1706-1782  ActivityManager         system_server                        I  Start proc 32293:com.scmessenger.android/u0a349 for next-top-activity {com.scmessenger.android/com.scmessenger.android.ui.MainActivity}
2026-02-17 19:09:01.878  1706-1764  WindowManager           system_server                        V  Sent Transition (#604) createdAt=02-17 19:09:01.850 via request=TransitionRequestInfo { type = OPEN, triggerTask = TaskInfo{userId=0 taskId=109 effectiveUid=10349 displayId=0 isRunning=true baseIntent=Intent { act=android.intent.action.MAIN cat=[android.intent.category.LAUNCHER] flg=0x10000000 cmp=com.scmessenger.android/.ui.MainActivity } baseActivity=ComponentInfo{com.scmessenger.android/com.scmessenger.android.ui.MainActivity} topActivity=ComponentInfo{com.scmessenger.android/com.scmessenger.android.ui.MainActivity} origActivity=null realActivity=ComponentInfo{com.scmessenger.android/com.scmessenger.android.ui.MainActivity} numActivities=1 lastActiveTime=70448460 supportsMultiWindow=true resizeMode=1 isResizeable=true minWidth=-1 minHeight=-1 defaultMinSize=220 token=WCT{RemoteToken{ab78942 Task{5fae265 #109 type=standard A=10349:com.scmessenger.android}}} topActivityType=1 pictureInPictureParams=null shouldDockBigOverlays=false launchIntoPipHostTaskId=-1 lastParentTaskIdBeforePip=-1 displayCutoutSafeInsets=Rect(0, 132 - 0, 0) topActivityInfo=ActivityInfo{703bd53 com.scmessenger.android.ui.MainActivity} launchCookies=[] positionInParent=Point(0, 0) parentTaskId=-1 isFocused=false isVisible=false isVisibleRequested=false isTopActivityNoDisplay=false isSleeping=false locusId=null displayAreaFeatureId=1 isTopActivityTransparent=false isActivityStackTransparent=false lastNonFullscreenBounds=Rect(276, 694 - 804, 1774) capturedLink=null capturedLinkTimestamp=0 requestedVisibleTypes=503 topActivityRequestOpenInBrowserEducationTimestamp=0 appCompatTaskInfo=AppCompatTaskInfo { topActivityInSizeCompat=false isLeafTask= true eligibleForLetterboxEducation= false isLetterboxEducationEnabled= false isLetterboxDoubleTapEnabled= false eligibleForUserAspectRatioButton= false topActivityBoundsLetterboxed= false isFromLetterboxDoubleTap= false topActivityLetterboxVerticalPosition= -1 topActivityLetterboxHorizontalPosition= -1 topActivityLetterboxWidth=-1 topActivityLetterboxHeight=-1 topActivityAppBounds=Rect(0, 132 - 1080, 2337) isUserFullscreenOverrideEnabled=false isSystemFullscreenOverrideEnabled=false hasMinAspectRatioOverride=false topActivityLetterboxBounds=null cameraCompatTaskInfo=CameraCompatTaskInfo { cameraCompatMode=undefinedundefined} topNonResizableActivityAspectRatio=-1.0} topActivityMainWindowFrame=null isAppBubble=false}, pipChange = null, remoteTransition = null, displayChange = null, requestedLocation = null, userChange = null, windowingLayerChange = null, flags = 0, debugId = 604 }
2026-02-17 19:09:01.878  1706-1764  WindowManager           system_server                        V      startWCT=WindowContainerTransaction { changes= {} hops= [] errorCallbackToken=null taskFragmentOrganizer=null }
2026-02-17 19:09:01.878  1706-1764  WindowManager           system_server                        V      info={id=604 t=OPEN f=0x0 trk=0 r=[0@Point(0, 0)] c=[
                                                                                                            {WCT{RemoteToken{ab78942 Task{5fae265 #109 type=standard A=10349:com.scmessenger.android}}} m=OPEN f=NONE leash=Surface(name=Task=109#7107)/@0x4805c24 sb=Rect(0, 0 - 1080, 2400) eb=Rect(0, 0 - 1080, 2400) epz=Point(1080, 2400) d=0 taskParent=-1 winMode=1 userId=0},
                                                                                                            {WCT{RemoteToken{3856327 Task{99efa2a #1 type=home}}} m=TO_BACK f=SHOW_WALLPAPER leash=Surface(name=Task=1#44)/@0x51f334c sb=Rect(0, 0 - 1080, 2400) eb=Rect(0, 0 - 1080, 2400) epz=Point(1080, 2400) d=0 taskParent=-1 winMode=1 userId=0},
                                                                                                            {m=TO_BACK f=IS_WALLPAPER leash=Surface(name=WallpaperWindowToken{48e47ac}#61)/@0x1c7e39a sb=Rect(0, 0 - 1080, 2400) eb=Rect(0, 0 - 1080, 2400) epz=Point(1080, 2400) d=0}
                                                                                                        ]}
2026-02-17 19:09:01.880  2375-3174  WindowManagerShell      com.android.systemui                 V  onTransitionReady(transaction=7327214284111)
2026-02-17 19:09:01.880  2375-2398  ShellTaskOrganizer      com.android.systemui                 V  Task appeared taskId=109 listener=FullscreenTaskListener
2026-02-17 19:09:01.880  2375-2398  ShellTaskOrganizer      com.android.systemui                 V  Fullscreen Task Appeared: #109
2026-02-17 19:09:01.881 17634-17634 b/417220811             com...le.android.apps.nexuslauncher  D  invalidateLoadedTasks - previous requestLoadId: -1
2026-02-17 19:09:01.881  2375-2398  WindowManagerShell      com.android.systemui                 V  onTransitionReady (#604) android.os.BinderProxy@84390e7: {id=604 t=OPEN f=0x0 trk=0 r=[0@Point(0, 0)] c=[
                                                                                                            {m=OPEN f=NONE leash=Surface(name=Task=109#7107)/@0xf60d8e2 sb=Rect(0, 0 - 1080, 2400) eb=Rect(0, 0 - 1080, 2400) epz=Point(1080, 2400) d=0 taskParent=-1 winMode=1 userId=0},
                                                                                                            {m=TO_BACK f=SHOW_WALLPAPER leash=Surface(name=Task=1#44)/@0xf1d6473 sb=Rect(0, 0 - 1080, 2400) eb=Rect(0, 0 - 1080, 2400) epz=Point(1080, 2400) d=0 taskParent=-1 winMode=1 userId=0},
                                                                                                            {m=TO_BACK f=IS_WALLPAPER leash=Surface(name=WallpaperWindowToken{48e47ac}#61)/@0x810ff30 sb=Rect(0, 0 - 1080, 2400) eb=Rect(0, 0 - 1080, 2400) epz=Point(1080, 2400) d=0}
                                                                                                        ]}
2026-02-17 19:09:01.881  2375-2398  WindowManagerShell      com.android.systemui                 V  Playing animation for (#604) android.os.BinderProxy@84390e7@0
2026-02-17 19:09:01.881  2375-2398  ShellRecents            com.android.systemui                 V  RecentsTransitionHandler.startAnimation: no controller found
2026-02-17 19:09:01.881  2375-2398  WindowManagerShell      com.android.systemui                 V  Transition doesn't have explicit remote, search filters for match for {id=604 t=OPEN f=0x0 trk=0 r=[0@Point(0, 0)] c=[{m=OPEN f=NONE leash=Surface(name=Task=109#7107)/@0xf60d8e2 sb=Rect(0, 0 - 1080, 2400) eb=Rect(0, 0 - 1080, 2400) epz=Point(1080, 2400) d=0 taskParent=-1 winMode=1 userId=0},{m=TO_BACK f=SHOW_WALLPAPER leash=Surface(name=Task=1#44)/@0xf1d6473 sb=Rect(0, 0 - 1080, 2400) eb=Rect(0, 0 - 1080, 2400) epz=Point(1080, 2400) d=0 taskParent=-1 winMode=1 userId=0},{m=TO_BACK f=IS_WALLPAPER leash=Surface(name=WallpaperWindowToken{48e47ac}#61)/@0x810ff30 sb=Rect(0, 0 - 1080, 2400) eb=Rect(0, 0 - 1080, 2400) epz=Point(1080, 2400) d=0}]}
2026-02-17 19:09:01.882  2375-2398  WindowManagerShell      com.android.systemui                 V   Checking filter Pair{{types=[] flags=0x0] notFlags=0x0 checks=[{atype=undefined independent=true modes=[CLOSE,TO_BACK] flags=IN_TASK_WITH_EMBEDDED_ACTIVITY mustBeTask=false order=ANY topActivity=null launchCookie=null taskFragmentToken=android.os.BinderProxy@90563fe windowingMode=undefined isCrossDisplayMove=false}]} RemoteTransition { remoteTransition = android.window.IRemoteTransition$Stub$Proxy@37275f, appThread = android.app.IApplicationThread$Stub$Proxy@7f4e5ac, debugName = overlayBackTransition }}
2026-02-17 19:09:01.882  2375-2398  WindowManagerShell      com.android.systemui                 V   Checking filter Pair{{types=[] flags=0x0] notFlags=0x0 checks=[{atype=dream independent=true modes=[OPEN,TO_FRONT] flags=NONE mustBeTask=false order=ANY topActivity=null launchCookie=null windowingMode=undefined isCrossDisplayMove=false},{atype=home independent=true modes=[CLOSE,TO_BACK] flags=NONE mustBeTask=false order=ANY topActivity=null launchCookie=null windowingMode=undefined isCrossDisplayMove=false}]} RemoteTransition { remoteTransition = android.window.IRemoteTransition$Stub$Proxy@486275, appThread = android.app.IApplicationThread$Stub$Proxy@84fc20a, debugName = LauncherToDream }}
2026-02-17 19:09:01.882  2375-2398  WindowManagerShell      com.android.systemui                 V   Checking filter Pair{{types=[] flags=0x0] notFlags=0x100 checks=[{atype=home independent=true modes=[OPEN,TO_FRONT] flags=NONE mustBeTask=false order=TOP topActivity=ComponentInfo{com.google.android.apps.nexuslauncher/com.google.android.apps.nexuslauncher.NexusLauncherActivity} launchCookie=null windowingMode=undefined isCrossDisplayMove=false},{atype=standard independent=true modes=[CLOSE,TO_BACK] flags=NONE mustBeTask=false order=ANY topActivity=null launchCookie=null windowingMode=undefined isCrossDisplayMove=false},{NOT atype=undefined independent=true modes=[] flags=NONE mustBeTask=true order=ANY topActivity=null launchCookie=null customAnim=true windowingMode=undefined isCrossDisplayMove=false}]} RemoteTransition { remoteTransition = android.window.IRemoteTransition$Stub$Proxy@4d0da7b, appThread = android.app.IApplicationThread$Stub$Proxy@5a0b098, debugName = QuickstepLaunchHome }}
2026-02-17 19:09:01.882  2375-2398  WindowManagerShell      com.android.systemui                 V   Delegate animation for (#604) to null
2026-02-17 19:09:01.882  2375-2398  WindowManagerShell      com.android.systemui                 V  start default transition animation, info = {id=604 t=OPEN f=0x0 trk=0 r=[0@Point(0, 0)] c=[{m=OPEN f=NONE leash=Surface(name=Task=109#7107)/@0xf60d8e2 sb=Rect(0, 0 - 1080, 2400) eb=Rect(0, 0 - 1080, 2400) epz=Point(1080, 2400) d=0 taskParent=-1 winMode=1 userId=0},{m=TO_BACK f=SHOW_WALLPAPER leash=Surface(name=Task=1#44)/@0xf1d6473 sb=Rect(0, 0 - 1080, 2400) eb=Rect(0, 0 - 1080, 2400) epz=Point(1080, 2400) d=0 taskParent=-1 winMode=1 userId=0},{m=TO_BACK f=IS_WALLPAPER leash=Surface(name=WallpaperWindowToken{48e47ac}#61)/@0x810ff30 sb=Rect(0, 0 - 1080, 2400) eb=Rect(0, 0 - 1080, 2400) epz=Point(1080, 2400) d=0}]}
2026-02-17 19:09:01.882  2375-2398  WindowManagerShell      com.android.systemui                 V  loadAnimation: anim=android.view.animation.AnimationSet@dfd4cf animAttr=0x13 type=OPEN isEntrance=false
2026-02-17 19:09:01.882 17634-17634 BaseActivity            com...le.android.apps.nexuslauncher  D  Launcher flags updated: [state_started] -[state_window_focused]
2026-02-17 19:09:01.883  2375-2398  WindowManagerShell      com.android.systemui                 V  loadAnimation: anim=android.view.animation.AnimationSet@93ede5c animAttr=0x12 type=OPEN isEntrance=true
2026-02-17 19:09:01.884  2375-2398  WindowManagerShell      com.android.systemui                 V   animated by com.android.wm.shell.transition.DefaultTransitionHandler@e16277c
2026-02-17 19:09:01.884 32293-32293 zygote64                com.scmessenger.android              W  Activation of cgroup controller +memory failed in path /sys/fs/cgroup/apps/uid_10349: Invalid argument
2026-02-17 19:09:01.899 32293-32293 Zygote                  com.scmessenger.android              I  Process 32293 created for com.scmessenger.android
2026-02-17 19:09:01.900 32293-32293 ssenger.android         com.scmessenger.android              I  Late-enabling -Xcheck:jni
2026-02-17 19:09:01.938 32293-32293 ssenger.android         com.scmessenger.android              I  Using CollectorTypeCMC GC.
2026-02-17 19:09:01.942  1546-1592  adbd                    adbd                                 I  jdwp connection from 32293
2026-02-17 19:09:01.946 32293-32293 nativeloader            com.scmessenger.android              D  Load libframework-connectivity-tiramisu-jni.so using APEX ns com_android_tethering for caller /apex/com.android.tethering/javalib/framework-connectivity-t.jar: ok
2026-02-17 19:09:01.955  1706-2328  Background...rolService system_server                        D  Package event received: 0
2026-02-17 19:09:01.961 17634-17634 b/417220811             com...le.android.apps.nexuslauncher  D  invalidateLoadedTasks - previous requestLoadId: -1
2026-02-17 19:09:01.962 32293-32293 nativeloader            com.scmessenger.android              D  Load /data/user/0/com.scmessenger.android/code_cache/startup_agents/3fc68f17-agent.so using system ns (caller=<unknown>): ok
2026-02-17 19:09:01.968 32293-32293 ssenger.android         com.scmessenger.android              W  hiddenapi: DexFile /data/data/com.scmessenger.android/code_cache/.studio/instruments-c9b0d10a.jar is in boot class path but is not in a known location
2026-02-17 19:09:02.076 32293-32293 ssenger.android         com.scmessenger.android              W  Redefining intrinsic method java.lang.Thread java.lang.Thread.currentThread(). This may cause the unexpected use of the original definition of java.lang.Thread java.lang.Thread.currentThread()in methods that have already been compiled.
2026-02-17 19:09:02.076 32293-32293 ssenger.android         com.scmessenger.android              W  Redefining intrinsic method boolean java.lang.Thread.interrupted(). This may cause the unexpected use of the original definition of boolean java.lang.Thread.interrupted()in methods that have already been compiled.
2026-02-17 19:09:02.082 32293-32293 CompatChangeReporter    com.scmessenger.android              D  Compat change id reported: 242716250; UID 10349; state: ENABLED
2026-02-17 19:09:02.197  2375-2398  WindowManagerShell      com.android.systemui                 V  Transition animation finished (aborted=false), notifying core (#604) android.os.BinderProxy@84390e7@0
2026-02-17 19:09:02.200  1706-1764  WindowManager           system_server                        V  Finish Transition (#604): created at 02-17 19:09:01.850 collect-started=0.027ms request-sent=5.119ms started=6.244ms ready=22.335ms sent=25.22ms commit=21.548ms finished=349.221ms
2026-02-17 19:09:02.200  2375-2866  WallpaperService        com.android.systemui                 D  onVisibilityChanged(false): com.android.systemui.wallpapers.ImageWallpaper$CanvasEngine@64627ee
2026-02-17 19:09:02.200 17634-17634 VRI[NexusL...rActivity] com...le.android.apps.nexuslauncher D visibilityChanged oldVisibility=true newVisibility=false
2026-02-17 19:09:02.200 2375-2398 WindowManagerShell com.android.systemui V Track 0 became idle
2026-02-17 19:09:02.200 2375-2398 WindowManagerShell com.android.systemui V All active transition animations finished
2026-02-17 19:09:02.213 17634-17634 NexusLaunc...elDelegate com...le.android.apps.nexuslauncher D notifySmartspaceEvent: SmartspaceTargetEvent{mSmartspaceTarget=null, mSmartspaceActionId='null', mEventType=7}
2026-02-17 19:09:02.215 4322-4729 AiAiEcho com.google.android.as I (REDACTED) %s No tracked ambient data found for ID: %s; for event type: %d, skipping event processing.
2026-02-17 19:09:02.215 2375-2398 Bubbles com.android.systemui D onLocusVisibilityChanged=Overview|DISABLED visible=false taskId=1
2026-02-17 19:09:02.380 32293-32293 nativeloader com.scmessenger.android D Configuring clns-9 for other apk /data/app/~~G9t5p29J0Zr8YNmb0oiLXQ==/com.scmessenger.android-Yl_zpcJFOQ5QOdVe1n39pw==/base.apk. target_sdk_version=34, uses_libraries=, library_path=/data/app/~~G9t5p29J0Zr8YNmb0oiLXQ==/com.scmessenger.android-Yl_zpcJFOQ5QOdVe1n39pw==/lib/arm64:/data/app/~~G9t5p29J0Zr8YNmb0oiLXQ==/com.scmessenger.android-Yl_zpcJFOQ5QOdVe1n39pw==/base.apk!/lib/arm64-v8a, permitted_path=/data:/mnt/expand:/data/user/0/com.scmessenger.android
2026-02-17 19:09:02.385 32293-32293 GraphicsEnvironment com.scmessenger.android V Currently set values for:
2026-02-17 19:09:02.385 32293-32293 GraphicsEnvironment com.scmessenger.android V angle_gl_driver_selection_pkgs=[com.android.angle, com.google.android.apps.tachyon]
2026-02-17 19:09:02.385 32293-32293 GraphicsEnvironment com.scmessenger.android V angle_gl_driver_selection_values=[angle, native]
2026-02-17 19:09:02.385 32293-32293 GraphicsEnvironment com.scmessenger.android V com.scmessenger.android is not listed in per-application setting
2026-02-17 19:09:02.386 32293-32293 GraphicsEnvironment com.scmessenger.android V ANGLE allowlist from config:
2026-02-17 19:09:02.386 32293-32293 GraphicsEnvironment com.scmessenger.android V No special selections for ANGLE, returning default driver choice
2026-02-17 19:09:02.386 32293-32293 GraphicsEnvironment com.scmessenger.android V Neither updatable production driver nor prerelease driver is supported.
2026-02-17 19:09:02.386 32293-32293 ActivityThread com.scmessenger.android W Application com.scmessenger.android is suspending. Debugger needs to resume to continue.
2026-02-17 19:09:02.387 32293-32293 System.out com.scmessenger.android I Sending WAIT chunk
2026-02-17 19:09:02.387 32293-32293 System.out com.scmessenger.android I Waiting for debugger first packet
2026-02-17 19:09:02.403 1706-1767 WindowOnBackDispatcher system_server D setTopOnBackInvokedCallback (unwrapped): android.app.Dialog$$ExternalSyntheticLambda2@29df7d9
2026-02-17 19:09:02.404  1706-1767  CoreBackPreview         system_server                        D  Window{98bd1fa u0 Waiting For Debugger: com.scmessenger.android}: Setting back callback OnBackInvokedCallbackInfo{mCallback=android.window.WindowOnBackInvokedDispatcher$OnBackInvokedCallbackWrapper@99cd59e, mPriority=-1, mIsAnimationCallback=false, mOverrideBehavior=0}
2026-02-17 19:09:02.458 2036-2040 pixel-thermal and...ardware.thermal-service.pixel I cellular-emergency:33.3883 raw data: VIRTUAL-NEUTRAL:33388.3 VIRTUAL-NEUTRAL-SKIN2:32778.6 VIRTUAL-QUIET-NEUTRAL:31355.8 VIRTUAL-SKIN:33388.3 cellular-emergency:33388.3 disp_therm:30882 gnss_tcxo_therm:34799 neutral_therm:32151 quiet_therm:31015 skin_therm1:34755 skin_therm2:34243
2026-02-17 19:09:02.458 2036-2040 pixel-thermal and...ardware.thermal-service.pixel I VIRTUAL-SKIN-CPU:33.3883 raw data: VIRTUAL-SKIN:33388.3 VIRTUAL-SKIN-CPU:33388.3
